Run: https://github.com/toki866/ApexTraderAI/actions/runs/22248695422
SHA: 7a9ad1f9f59ca1f96230ac69bffec64d5989432f
Attempt: 1
Conclusion: failure

==== TAILS (each file last 200 lines) ====

----- FILE: actions_logs/0_run.txt -----
2026-02-21T02:34:29.1344855Z [36;1m$oneTapDest = Join-Path $runFolder 'ONE_TAP_ERROR_REPORT.txt'[0m
2026-02-21T02:34:29.1345472Z [36;1mif (Test-Path $oneTapSource) {[0m
2026-02-21T02:34:29.1345873Z [36;1m  Copy-Item -Path $oneTapSource -Destination $oneTapDest -Force[0m
2026-02-21T02:34:29.1346234Z [36;1m} else {[0m
2026-02-21T02:34:29.1346406Z [36;1m  @([0m
2026-02-21T02:34:29.1346712Z [36;1m    '[WARN] ONE_TAP_ERROR_REPORT.txt was not found in workspace temp.',[0m
2026-02-21T02:34:29.1347271Z [36;1m    ('timestamp={0}' -f (Get-Date -Format 'yyyy-MM-dd HH:mm:ss zzz')),[0m
2026-02-21T02:34:29.1347683Z [36;1m    ('repo=toki866/ApexTraderAI'),[0m
2026-02-21T02:34:29.1347962Z [36;1m    ('run_id=22248695422'),[0m
2026-02-21T02:34:29.1348210Z [36;1m    ('run_attempt=1')[0m
2026-02-21T02:34:29.1348509Z [36;1m  ) | Set-Content -Path $oneTapDest -Encoding UTF8[0m
2026-02-21T02:34:29.1348821Z [36;1m}[0m
2026-02-21T02:34:29.1348980Z [36;1m[0m
2026-02-21T02:34:29.1349241Z [36;1m$latestMdPath = Join-Path $runsDir 'LATEST.md'[0m
2026-02-21T02:34:29.1349556Z [36;1m@([0m
2026-02-21T02:34:29.1349746Z [36;1m  '# Latest ONE_TAP report',[0m
2026-02-21T02:34:29.1349997Z [36;1m  '',[0m
2026-02-21T02:34:29.1350189Z [36;1m  "- folder: $runFolderName",[0m
2026-02-21T02:34:29.1350540Z [36;1m  "- report: ./runs/$runFolderName/ONE_TAP_ERROR_REPORT.txt"[0m
2026-02-21T02:34:29.1350990Z [36;1m) -join "`r`n" | Set-Content -Path $latestMdPath -Encoding UTF8[0m
2026-02-21T02:34:29.1351343Z [36;1m[0m
2026-02-21T02:34:29.1351501Z [36;1mgit add runs[0m
2026-02-21T02:34:29.1351793Z [36;1mif (git diff --cached --quiet) {[0m
2026-02-21T02:34:29.1353679Z [36;1m  Write-Host 'No diagnostics changes to commit.'[0m
2026-02-21T02:34:29.1354090Z [36;1m  exit 0[0m
2026-02-21T02:34:29.1354300Z [36;1m}[0m
2026-02-21T02:34:29.1354460Z [36;1m[0m
2026-02-21T02:34:29.1354740Z [36;1mgit commit -m "diag: add one_tap report $runFolderName"[0m
2026-02-21T02:34:29.1355090Z [36;1mgit push origin diag-logs[0m
2026-02-21T02:34:29.1355358Z [36;1mif ($LASTEXITCODE -ne 0) {[0m
2026-02-21T02:34:29.1355737Z [36;1m  Write-Warning 'Failed to push ONE_TAP report to diag-logs branch.'[0m
2026-02-21T02:34:29.1356342Z [36;1m  Write-Warning 'Enable Settings > Actions > Workflow permissions: Read and write permissions'[0m
2026-02-21T02:34:29.1356845Z [36;1m  exit $LASTEXITCODE[0m
2026-02-21T02:34:29.1357061Z [36;1m}[0m
2026-02-21T02:34:29.1374449Z shell: C:\Windows\System32\WindowsPowerShell\v1.0\powershell.EXE -NoProfile -ExecutionPolicy Bypass -Command "{0}"
2026-02-21T02:34:29.1374970Z env:
2026-02-21T02:34:29.1375186Z   REPO_ROOT: C:\work\apex_repo_cache\ApexTraderAI
2026-02-21T02:34:29.1375463Z ##[endgroup]
2026-02-21T02:34:29.3718454Z Initialized empty Git repository in C:/Users/becky/OneDrive/ãƒ‡ã‚¹ã‚¯ãƒˆãƒƒãƒ—/Python/apex-trader-ai/actions-runner/_work/_temp/diag_repo/.git/
2026-02-21T02:34:31.0518629Z git : From https://github.com/toki866/ApexTraderAI
2026-02-21T02:34:31.0519474Z At C:\Users\becky\OneDrive\ãƒ‡ã‚¹ã‚¯ãƒˆãƒƒãƒ—\Python\apex-trader-ai\actions-runner\_work\_temp\15728d21-dd63-4784-93af-2e6a9729f4bd
2026-02-21T02:34:31.0520095Z .ps1:14 char:1
2026-02-21T02:34:31.0520401Z + git fetch origin diag-logs --depth 1 2>$null
2026-02-21T02:34:31.0520750Z + ~~~~~~~~~~~~~~~~~~~~~~~~~~~~~~~~~~~~~~~~~~~~
2026-02-21T02:34:31.0521324Z     + CategoryInfo          : NotSpecified: (From https://gi...66/ApexTraderAI:String) [], RemoteException
2026-02-21T02:34:31.0521878Z     + FullyQualifiedErrorId : NativeCommandError
2026-02-21T02:34:31.0522188Z  
2026-02-21T02:34:31.0645130Z ##[error]Process completed with exit code 1.
2026-02-21T02:34:31.1001891Z ##[group]Run $ErrorActionPreference = 'Stop'
2026-02-21T02:34:31.1004397Z [36;1m$ErrorActionPreference = 'Stop'[0m
2026-02-21T02:34:31.1004683Z [36;1m[0m
2026-02-21T02:34:31.1006885Z [36;1mfunction Mask-Secrets {[0m
2026-02-21T02:34:31.1007261Z [36;1m  param([string]$Text)[0m
2026-02-21T02:34:31.1009359Z [36;1m[0m
2026-02-21T02:34:31.1009579Z [36;1m  if ([string]::IsNullOrEmpty($Text)) { return $Text }[0m
2026-02-21T02:34:31.1011759Z [36;1m[0m
2026-02-21T02:34:31.1011911Z [36;1m  $masked = $Text[0m
2026-02-21T02:34:31.1014207Z [36;1m  $masked = [regex]::Replace($masked, 'github_pat_[A-Za-z0-9_]{20,}', 'github_pat_***MASKED***')[0m
2026-02-21T02:34:31.1016733Z [36;1m  $masked = [regex]::Replace($masked, 'gh[pousr]_[A-Za-z0-9_]{20,}', 'gh***_***MASKED***')[0m
2026-02-21T02:34:31.1021153Z [36;1m  $masked = [regex]::Replace($masked, '(?im)\b(token|password|secret)\b\s*[:=]\s*\S+', '$1=***MASKED***')[0m
2026-02-21T02:34:31.1023541Z [36;1m  return $masked[0m
2026-02-21T02:34:31.1023744Z [36;1m}[0m
2026-02-21T02:34:31.1025753Z [36;1m[0m
2026-02-21T02:34:31.1025916Z [36;1mfunction Get-MaskedTail {[0m
2026-02-21T02:34:31.1028011Z [36;1m  param([0m
2026-02-21T02:34:31.1028195Z [36;1m    [string]$Path,[0m
2026-02-21T02:34:31.1028404Z [36;1m    [int]$Tail = 200[0m
2026-02-21T02:34:31.1030472Z [36;1m  )[0m
2026-02-21T02:34:31.1030621Z [36;1m[0m
2026-02-21T02:34:31.1032733Z [36;1m  if (-not (Test-Path $Path)) { return "(not found) $Path" }[0m
2026-02-21T02:34:31.1035143Z [36;1m  $raw = (Get-Content -Path $Path -Tail $Tail -ErrorAction SilentlyContinue) -join "`r`n"[0m
2026-02-21T02:34:31.1037484Z [36;1m  return (Mask-Secrets -Text $raw)[0m
2026-02-21T02:34:31.1037735Z [36;1m}[0m
2026-02-21T02:34:31.1039778Z [36;1m[0m
2026-02-21T02:34:31.1039990Z [36;1m$diagOut = Join-Path $env:RUNNER_TEMP 'diag_out'[0m
2026-02-21T02:34:31.1042261Z [36;1m$null = New-Item -Path $diagOut -ItemType Directory -Force[0m
2026-02-21T02:34:31.1044465Z [36;1m[0m
2026-02-21T02:34:31.1044626Z [36;1m$ws = $env:GITHUB_WORKSPACE[0m
2026-02-21T02:34:31.1046833Z [36;1m$runnerRoot = (Resolve-Path (Join-Path $ws '..\..\..')).Path[0m
2026-02-21T02:34:31.1049120Z [36;1m$runnerDiag = Join-Path $runnerRoot '_diag'[0m
2026-02-21T02:34:31.1049412Z [36;1m$runId = '22248695422'[0m
2026-02-21T02:34:31.1051504Z [36;1m$runAttempt = '1'[0m
2026-02-21T02:34:31.1051777Z [36;1m$sha = '7a9ad1f9f59ca1f96230ac69bffec64d5989432f'[0m
2026-02-21T02:34:31.1053949Z [36;1m$branch = 'main'[0m
2026-02-21T02:34:31.1054167Z [36;1m$repo = 'toki866/ApexTraderAI'[0m
2026-02-21T02:34:31.1056344Z [36;1m$artifactName = "diag_full_${runId}_${runAttempt}"[0m
2026-02-21T02:34:31.1058505Z [36;1m[0m
2026-02-21T02:34:31.1058673Z [36;1m$latestRunnerLog = $null[0m
2026-02-21T02:34:31.1060911Z [36;1m$latestWorkerLog = $null[0m
2026-02-21T02:34:31.1061158Z [36;1mif (Test-Path $runnerDiag) {[0m
2026-02-21T02:34:31.1065710Z [36;1m  $latestRunnerLog = Get-ChildItem -Path $runnerDiag -Filter 'Runner_*.log' -File -ErrorAction SilentlyContinue | Sort-Object LastWriteTime -Descending | Select-Object -First 1[0m
2026-02-21T02:34:31.1072814Z [36;1m  $latestWorkerLog = Get-ChildItem -Path $runnerDiag -Filter 'Worker_*.log' -File -ErrorAction SilentlyContinue | Sort-Object LastWriteTime -Descending | Select-Object -First 1[0m
2026-02-21T02:34:31.1077354Z [36;1m}[0m
2026-02-21T02:34:31.1077503Z [36;1m[0m
2026-02-21T02:34:31.1079712Z [36;1m$workflowLog = Join-Path $env:RUNNER_TEMP 'run_all_local_then_copy_console.log'[0m
2026-02-21T02:34:31.1082166Z [36;1m$runLogPath = 'C:\work\apex_work\runs\20260221_113256\logs\run_20260221_113256.log'[0m
2026-02-21T02:34:31.1084573Z [36;1m$stepSummaryGlob = Join-Path $env:RUNNER_TEMP 'step_summary_*'[0m
2026-02-21T02:34:31.1087024Z [36;1m$oneTapReportWorkspace = Join-Path $env:GITHUB_WORKSPACE 'temp\ONE_TAP_ERROR_REPORT.txt'[0m
2026-02-21T02:34:31.1089396Z [36;1m[0m
2026-02-21T02:34:31.1098447Z [36;1mif ($latestRunnerLog) { Copy-Item -Path $latestRunnerLog.FullName -Destination (Join-Path $diagOut $latestRunnerLog.Name) -Force }[0m
2026-02-21T02:34:31.1103419Z [36;1mif ($latestWorkerLog) { Copy-Item -Path $latestWorkerLog.FullName -Destination (Join-Path $diagOut $latestWorkerLog.Name) -Force }[0m
2026-02-21T02:34:31.1108150Z [36;1mif (Test-Path $workflowLog) { Copy-Item -Path $workflowLog -Destination (Join-Path $diagOut 'workflow_console.log') -Force }[0m
2026-02-21T02:34:31.1114810Z [36;1mif ($runLogPath -and (Test-Path $runLogPath)) { Copy-Item -Path $runLogPath -Destination (Join-Path $diagOut (Split-Path $runLogPath -Leaf)) -Force }[0m
2026-02-21T02:34:31.1119727Z [36;1mif (Test-Path $oneTapReportWorkspace) { Copy-Item -Path $oneTapReportWorkspace -Destination (Join-Path $diagOut 'ONE_TAP_ERROR_REPORT.txt') -Force }[0m
2026-02-21T02:34:31.1124417Z [36;1mGet-ChildItem -Path $stepSummaryGlob -File -ErrorAction SilentlyContinue | ForEach-Object {[0m
2026-02-21T02:34:31.1128837Z [36;1m  Copy-Item -Path $_.FullName -Destination (Join-Path $diagOut $_.Name) -Force[0m
2026-02-21T02:34:31.1129272Z [36;1m}[0m
2026-02-21T02:34:31.1131279Z [36;1m[0m
2026-02-21T02:34:31.1131474Z [36;1mforeach ($subDir in @('pages', 'blocks')) {[0m
2026-02-21T02:34:31.1133657Z [36;1m  $src = Join-Path $runnerDiag $subDir[0m
2026-02-21T02:34:31.1133940Z [36;1m  if (Test-Path $src) {[0m
2026-02-21T02:34:31.1136196Z [36;1m    Copy-Item -Path $src -Destination (Join-Path $diagOut $subDir) -Recurse -Force[0m
2026-02-21T02:34:31.1138481Z [36;1m  }[0m
2026-02-21T02:34:31.1138663Z [36;1m}[0m
2026-02-21T02:34:31.1140809Z [36;1m[0m
2026-02-21T02:34:31.1143271Z [36;1m$runnerTailText = if ($latestRunnerLog) { Get-MaskedTail -Path $latestRunnerLog.FullName -Tail 200 } else { '(runner diag not found)' }[0m
2026-02-21T02:34:31.1148219Z [36;1m$workflowTailText = if (Test-Path $workflowLog) { Get-MaskedTail -Path $workflowLog -Tail 200 } else { '(workflow log not found)' }[0m
2026-02-21T02:34:31.1152579Z [36;1m[0m
2026-02-21T02:34:31.1152797Z [36;1m$summaryPath = Join-Path $diagOut 'summary.md'[0m
2026-02-21T02:34:31.1154942Z [36;1m$summary = @([0m
2026-02-21T02:34:31.1155155Z [36;1m  '# Diagnostics Summary',[0m
2026-02-21T02:34:31.1157244Z [36;1m  '',[0m
2026-02-21T02:34:31.1157412Z [36;1m  "- repo: $repo",[0m
2026-02-21T02:34:31.1157625Z [36;1m  "- branch: $branch",[0m
2026-02-21T02:34:31.1159719Z [36;1m  "- sha: $sha",[0m
2026-02-21T02:34:31.1159919Z [36;1m  "- run_id: $runId",[0m
2026-02-21T02:34:31.1162013Z [36;1m  "- attempt: $runAttempt",[0m
2026-02-21T02:34:31.1162285Z [36;1m  "- failing_step: $env:FAILING_STEP",[0m
2026-02-21T02:34:31.1164439Z [36;1m  "- artifact_name: $artifactName",[0m
2026-02-21T02:34:31.1166632Z [36;1m  '- one_tap_report: See ONE_TAP_ERROR_REPORT.txt',[0m
2026-02-21T02:34:31.1166935Z [36;1m  '',[0m
2026-02-21T02:34:31.1169008Z [36;1m  '## runner_diag_tail (last 200 lines)',[0m
2026-02-21T02:34:31.1169278Z [36;1m  '```text',[0m
2026-02-21T02:34:31.1171344Z [36;1m  $runnerTailText,[0m
2026-02-21T02:34:31.1171551Z [36;1m  '```',[0m
2026-02-21T02:34:31.1171704Z [36;1m  '',[0m
2026-02-21T02:34:31.1173761Z [36;1m  '## workflow_tail (last 200 lines)',[0m
2026-02-21T02:34:31.1174021Z [36;1m  '```text',[0m
2026-02-21T02:34:31.1176354Z [36;1m  $workflowTailText,[0m
2026-02-21T02:34:31.1176662Z [36;1m  '```'[0m
2026-02-21T02:34:31.1178835Z [36;1m) -join "`r`n"[0m
2026-02-21T02:34:31.1179065Z [36;1m$summary = Mask-Secrets -Text $summary[0m
2026-02-21T02:34:31.1181326Z [36;1mSet-Content -Path $summaryPath -Value $summary -Encoding UTF8[0m
2026-02-21T02:34:31.1183550Z [36;1m[0m
2026-02-21T02:34:31.1183816Z [36;1m$runnerTailPath = Join-Path $diagOut 'runner_diag_tail.txt'[0m
2026-02-21T02:34:31.1186188Z [36;1mSet-Content -Path $runnerTailPath -Value $runnerTailText -Encoding UTF8[0m
2026-02-21T02:34:31.1190464Z [36;1m$workflowTailPath = Join-Path $diagOut 'workflow_tail.txt'[0m
2026-02-21T02:34:31.1195314Z [36;1mSet-Content -Path $workflowTailPath -Value $workflowTailText -Encoding UTF8[0m
2026-02-21T02:34:31.1197632Z [36;1m[0m
2026-02-21T02:34:31.1197916Z [36;1m$fullZip = Join-Path $env:RUNNER_TEMP ("{0}.zip" -f $artifactName)[0m
2026-02-21T02:34:31.1200261Z [36;1mif (Test-Path $fullZip) { Remove-Item $fullZip -Force }[0m
2026-02-21T02:34:31.1204513Z [36;1mCompress-Archive -Path (Join-Path $diagOut '*') -DestinationPath $fullZip -Force[0m
2026-02-21T02:34:31.1206798Z [36;1m[0m
2026-02-21T02:34:31.1207140Z [36;1m"diag_out=$diagOut" | Out-File -FilePath $env:GITHUB_OUTPUT -Encoding utf8 -Append[0m
2026-02-21T02:34:31.1211526Z [36;1m"diag_summary=$summaryPath" | Out-File -FilePath $env:GITHUB_OUTPUT -Encoding utf8 -Append[0m
2026-02-21T02:34:31.1214114Z [36;1m"diag_runner_tail=$runnerTailPath" | Out-File -FilePath $env:GITHUB_OUTPUT -Encoding utf8 -Append[0m
2026-02-21T02:34:31.1218911Z [36;1m"diag_workflow_tail=$workflowTailPath" | Out-File -FilePath $env:GITHUB_OUTPUT -Encoding utf8 -Append[0m
2026-02-21T02:34:31.1223395Z [36;1m"diag_zip=$fullZip" | Out-File -FilePath $env:GITHUB_OUTPUT -Encoding utf8 -Append[0m
2026-02-21T02:34:31.1226131Z [36;1m"diag_artifact_name=$artifactName" | Out-File -FilePath $env:GITHUB_OUTPUT -Encoding utf8 -Append[0m
2026-02-21T02:34:31.1303293Z shell: C:\Windows\System32\WindowsPowerShell\v1.0\powershell.EXE -NoProfile -ExecutionPolicy Bypass -Command "{0}"
2026-02-21T02:34:31.1305708Z env:
2026-02-21T02:34:31.1305909Z   REPO_ROOT: C:\work\apex_repo_cache\ApexTraderAI
2026-02-21T02:34:31.1308065Z   FAILING_STEP: Run desktop BAT
2026-02-21T02:34:31.1310166Z ##[endgroup]
2026-02-21T02:34:32.2508942Z ##[group]Run actions/upload-artifact@v4
2026-02-21T02:34:32.2509560Z with:
2026-02-21T02:34:32.2509809Z   name: diag_full_22248695422_1
2026-02-21T02:34:32.2510039Z   if-no-files-found: warn
2026-02-21T02:34:32.2510241Z   retention-days: 7
2026-02-21T02:34:32.2510879Z   path: C:\Users\becky\OneDrive\ãƒ‡ã‚¹ã‚¯ãƒˆãƒƒãƒ—\Python\apex-trader-ai\actions-runner\_work\_temp\diag_full_22248695422_1.zip
2026-02-21T02:34:32.2511567Z   compression-level: 6
2026-02-21T02:34:32.2511759Z   overwrite: false
2026-02-21T02:34:32.2511949Z   include-hidden-files: false
2026-02-21T02:34:32.2512151Z env:
2026-02-21T02:34:32.2512428Z   REPO_ROOT: C:\work\apex_repo_cache\ApexTraderAI
2026-02-21T02:34:32.2512711Z ##[endgroup]
2026-02-21T02:34:32.5365209Z With the provided path, there will be 1 file uploaded
2026-02-21T02:34:32.5371448Z Artifact name is valid!
2026-02-21T02:34:32.5374420Z Root directory input is valid!
2026-02-21T02:34:33.1233933Z Beginning upload of artifact content to blob storage
2026-02-21T02:34:34.2219200Z Uploaded bytes 88704
2026-02-21T02:34:34.4170215Z Finished uploading artifact content to blob storage!
2026-02-21T02:34:34.4173297Z SHA256 digest of uploaded artifact zip is c63475abb0d2158df0e7e9931f82a059d63b02543ef57427b4cca57e68160d8f
2026-02-21T02:34:34.4175187Z Finalizing artifact upload
2026-02-21T02:34:34.6458704Z Artifact diag_full_22248695422_1.zip successfully finalized. Artifact ID 5598930797
2026-02-21T02:34:34.6459731Z Artifact diag_full_22248695422_1 has been successfully uploaded! Final size is 88704 bytes. Artifact ID is 5598930797
2026-02-21T02:34:34.6473507Z Artifact download URL: https://github.com/toki866/ApexTraderAI/actions/runs/22248695422/artifacts/5598930797
2026-02-21T02:34:34.6805894Z ##[group]Run actions/upload-artifact@v4
2026-02-21T02:34:34.6806645Z with:
2026-02-21T02:34:34.6806841Z   name: diagnostics
2026-02-21T02:34:34.6807048Z   if-no-files-found: warn
2026-02-21T02:34:34.6807277Z   path: _diagnostics/**/*
2026-02-21T02:34:34.6807493Z   compression-level: 6
2026-02-21T02:34:34.6807698Z   overwrite: false
2026-02-21T02:34:34.6807907Z   include-hidden-files: false
2026-02-21T02:34:34.6808145Z env:
2026-02-21T02:34:34.6808354Z   REPO_ROOT: C:\work\apex_repo_cache\ApexTraderAI
2026-02-21T02:34:34.6808665Z ##[endgroup]
2026-02-21T02:34:34.9556982Z ##[warning]No files were found with the provided path: _diagnostics/**/*. No artifacts will be uploaded.
2026-02-21T02:34:34.9676910Z Cleaning up orphan processes

----- FILE: actions_logs/run/10_Stage console log in workspace.txt -----
ï»¿2026-02-21T02:34:18.3437163Z ##[group]Run $workspaceTemp = Join-Path $env:GITHUB_WORKSPACE 'temp'
2026-02-21T02:34:18.3438178Z [36;1m$workspaceTemp = Join-Path $env:GITHUB_WORKSPACE 'temp'[0m
2026-02-21T02:34:18.3439048Z [36;1m$null = New-Item -Path $workspaceTemp -ItemType Directory -Force[0m
2026-02-21T02:34:18.3439854Z [36;1m$consoleLog = Join-Path $env:RUNNER_TEMP 'run_all_local_then_copy_console.log'[0m
2026-02-21T02:34:18.3440850Z [36;1m$workspaceConsoleLog = Join-Path $workspaceTemp 'run_all_local_then_copy_console.log'[0m
2026-02-21T02:34:18.3441602Z [36;1mif (Test-Path $consoleLog) {[0m
2026-02-21T02:34:18.3442309Z [36;1m  Copy-Item -Path $consoleLog -Destination $workspaceConsoleLog -Force[0m
2026-02-21T02:34:18.3443275Z [36;1m  Write-Host "Staged console log: $workspaceConsoleLog"[0m
2026-02-21T02:34:18.3443830Z [36;1m} else {[0m
2026-02-21T02:34:18.3444241Z [36;1m  Write-Warning "Console log not found at: $consoleLog"[0m
2026-02-21T02:34:18.3444750Z [36;1m  @([0m
2026-02-21T02:34:18.3445198Z [36;1m    '[WARN] Console log was not generated by BAT execution.',[0m
2026-02-21T02:34:18.3446190Z [36;1m    '[WARN] Never finish a workflow run without leaving a readable log artifact.',[0m
2026-02-21T02:34:18.3447178Z [36;1m    ('[WARN] generated_at={0}' -f (Get-Date -Format 'yyyy-MM-dd HH:mm:ss zzz'))[0m
2026-02-21T02:34:18.3448108Z [36;1m  ) | Set-Content -Path $workspaceConsoleLog -Encoding UTF8[0m
2026-02-21T02:34:18.3448932Z [36;1m  Write-Host "Created fallback console log: $workspaceConsoleLog"[0m
2026-02-21T02:34:18.3449889Z [36;1m}[0m
2026-02-21T02:34:18.3477702Z shell: C:\Windows\System32\WindowsPowerShell\v1.0\powershell.EXE -NoProfile -ExecutionPolicy Bypass -Command "{0}"
2026-02-21T02:34:18.3478690Z env:
2026-02-21T02:34:18.3479039Z   REPO_ROOT: C:\work\apex_repo_cache\ApexTraderAI
2026-02-21T02:34:18.3479583Z ##[endgroup]
2026-02-21T02:34:18.6628843Z Staged console log: C:\Users\becky\OneDrive\ãƒ‡ã‚¹ã‚¯ãƒˆãƒƒãƒ—\Python\apex-trader-ai\actions-runner\_work\ApexTraderAI\ApexTraderAI\temp\run_all_local_then_copy_console.log

----- FILE: actions_logs/run/11_Append error tails to ONE_TAP (always).txt -----
ï»¿2026-02-21T02:34:18.7293945Z ##[group]Run $ErrorActionPreference = 'Continue'
2026-02-21T02:34:18.7296445Z [36;1m$ErrorActionPreference = 'Continue'[0m
2026-02-21T02:34:18.7296697Z [36;1m[0m
2026-02-21T02:34:18.7298848Z [36;1m$report = Join-Path $env:GITHUB_WORKSPACE 'temp\ONE_TAP_ERROR_REPORT.txt'[0m
2026-02-21T02:34:18.7301103Z [36;1mif (!(Test-Path $report)) {[0m
2026-02-21T02:34:18.7303370Z [36;1m  New-Item -Path (Split-Path $report -Parent) -ItemType Directory -Force | Out-Null[0m
2026-02-21T02:34:18.7305861Z [36;1m  '[WARN] ONE_TAP report missing; created.' | Set-Content -Path $report -Encoding UTF8[0m
2026-02-21T02:34:18.7308113Z [36;1m}[0m
2026-02-21T02:34:18.7308265Z [36;1m[0m
2026-02-21T02:34:18.7308422Z [36;1mAdd-Content $report ""[0m
2026-02-21T02:34:18.7310571Z [36;1mAdd-Content $report "[STEP] append_error_tails"[0m
2026-02-21T02:34:18.7312894Z [36;1mAdd-Content $report ("timestamp={0}" -f (Get-Date -Format 'yyyy-MM-dd HH:mm:ss zzz'))[0m
2026-02-21T02:34:18.7315226Z [36;1m[0m
2026-02-21T02:34:18.7315488Z [36;1m# python env snapshot (to compare with local)[0m
2026-02-21T02:34:18.7317661Z [36;1mAdd-Content $report "---- python_env ----"[0m
2026-02-21T02:34:18.7317994Z [36;1m(cmd /c "where python" 2>&1) | Add-Content $report[0m
2026-02-21T02:34:18.7320213Z [36;1m(cmd /c "python --version" 2>&1) | Add-Content $report[0m
2026-02-21T02:34:18.7322538Z [36;1m(cmd /c "python -c \"\"import sys; print(sys.executable)\"\"" 2>&1) | Add-Content $report[0m
2026-02-21T02:34:18.7324821Z [36;1m[0m
2026-02-21T02:34:18.7324992Z [36;1m# console log tail[0m
2026-02-21T02:34:18.7327198Z [36;1m$consoleLog = Join-Path $env:RUNNER_TEMP 'run_all_local_then_copy_console.log'[0m
2026-02-21T02:34:18.7329554Z [36;1mAdd-Content $report ("[INFO] console_log={0}" -f $consoleLog)[0m
2026-02-21T02:34:18.7331757Z [36;1mif (Test-Path $consoleLog) {[0m
2026-02-21T02:34:18.7332106Z [36;1m  Add-Content $report "---- console_log_tail (last 350 lines) ----"[0m
2026-02-21T02:34:18.7334522Z [36;1m  (Get-Content $consoleLog -Tail 350 -ErrorAction SilentlyContinue) | Add-Content $report[0m
2026-02-21T02:34:18.7336799Z [36;1m} else {[0m
2026-02-21T02:34:18.7338901Z [36;1m  Add-Content $report "[WARN] console log not found"[0m
2026-02-21T02:34:18.7339182Z [36;1m}[0m
2026-02-21T02:34:18.7341194Z [36;1m[0m
2026-02-21T02:34:18.7377100Z [36;1m# run_*.log tail (best effort)[0m
2026-02-21T02:34:18.7377454Z [36;1m$workRoot = 'C:\work\apex_work\runs'[0m
2026-02-21T02:34:18.7379794Z [36;1m$latestRunDir = Get-ChildItem -Path $workRoot -Directory -ErrorAction SilentlyContinue |[0m
2026-02-21T02:34:18.7382227Z [36;1m  Sort-Object LastWriteTime -Descending | Select-Object -First 1[0m
2026-02-21T02:34:18.7384553Z [36;1mAdd-Content $report ("[INFO] work_root={0}" -f $workRoot)[0m
2026-02-21T02:34:18.7386757Z [36;1mif ($latestRunDir) {[0m
2026-02-21T02:34:18.7387109Z [36;1m  Add-Content $report ("[INFO] latest_run_dir={0}" -f $latestRunDir.FullName)[0m
2026-02-21T02:34:18.7391704Z [36;1m  $latestRunLog = Get-ChildItem -Path (Join-Path $latestRunDir.FullName 'logs') -Filter 'run_*.log' -File -ErrorAction SilentlyContinue |[0m
2026-02-21T02:34:18.7396142Z [36;1m    Sort-Object LastWriteTime -Descending | Select-Object -First 1[0m
2026-02-21T02:34:18.7396491Z [36;1m  if ($latestRunLog) {[0m
2026-02-21T02:34:18.7398679Z [36;1m    Add-Content $report ("[INFO] run_log={0}" -f $latestRunLog.FullName)[0m
2026-02-21T02:34:18.7401193Z [36;1m    Add-Content $report "---- run_log_tail (last 350 lines) ----"[0m
2026-02-21T02:34:18.7403593Z [36;1m    (Get-Content $latestRunLog.FullName -Tail 350 -ErrorAction SilentlyContinue) | Add-Content $report[0m
2026-02-21T02:34:18.7405925Z [36;1m  } else {[0m
2026-02-21T02:34:18.7408088Z [36;1m    Add-Content $report "[WARN] run_*.log not found under latest_run_dir\logs"[0m
2026-02-21T02:34:18.7410299Z [36;1m  }[0m
2026-02-21T02:34:18.7410440Z [36;1m} else {[0m
2026-02-21T02:34:18.7412555Z [36;1m  Add-Content $report "[WARN] no run_dir found under work_root"[0m
2026-02-21T02:34:18.7419701Z [36;1m}[0m
2026-02-21T02:34:18.7502517Z shell: C:\Windows\System32\WindowsPowerShell\v1.0\powershell.EXE -NoProfile -ExecutionPolicy Bypass -Command "{0}"
2026-02-21T02:34:18.7504915Z env:
2026-02-21T02:34:18.7505105Z   REPO_ROOT: C:\work\apex_repo_cache\ApexTraderAI
2026-02-21T02:34:18.7507373Z ##[endgroup]
2026-02-21T02:34:19.6116335Z ##[error]Process completed with exit code 1.

----- FILE: actions_logs/run/12_Package diagnostics to OneDrive (always).txt -----
ï»¿2026-02-21T02:34:19.6259112Z ##[group]Run $ErrorActionPreference = 'Stop'
2026-02-21T02:34:19.6259604Z [36;1m$ErrorActionPreference = 'Stop'[0m
2026-02-21T02:34:19.6260077Z [36;1m$diagScript = Join-Path $env:REPO_ROOT 'scripts\package_diagnostics_to_onedrive.ps1'[0m
2026-02-21T02:34:19.6260717Z [36;1m$reportPath = Join-Path $env:GITHUB_WORKSPACE 'temp\ONE_TAP_ERROR_REPORT.txt'[0m
2026-02-21T02:34:19.6261177Z [36;1m[0m
2026-02-21T02:34:19.6261426Z [36;1mAdd-Content -Path $reportPath -Value @([0m
2026-02-21T02:34:19.6261761Z [36;1m  '[STEP] package_diagnostics_to_onedrive',[0m
2026-02-21T02:34:19.6262095Z [36;1m  ('[INFO] diag_script={0}' -f $diagScript)[0m
2026-02-21T02:34:19.6262367Z [36;1m)[0m
2026-02-21T02:34:19.6262615Z [36;1mWrite-Host "Diagnostics script path: $diagScript"[0m
2026-02-21T02:34:19.6262915Z [36;1m[0m
2026-02-21T02:34:19.6263094Z [36;1m$diagDirCandidates = @()[0m
2026-02-21T02:34:19.6263376Z [36;1mif ($env:OneDrive) {[0m
2026-02-21T02:34:19.6263824Z [36;1m  $diagDirCandidates += (Join-Path $env:OneDrive 'ApexTraderAI\diagnostics')[0m
2026-02-21T02:34:19.6264274Z [36;1m}[0m
2026-02-21T02:34:19.6264455Z [36;1mif ($env:USERPROFILE) {[0m
2026-02-21T02:34:19.6264887Z [36;1m  $diagDirCandidates += (Join-Path $env:USERPROFILE 'OneDrive\ApexTraderAI\diagnostics')[0m
2026-02-21T02:34:19.6265341Z [36;1m}[0m
2026-02-21T02:34:19.6265669Z [36;1m$diagDirCandidates += (Join-Path $env:RUNNER_TEMP 'ApexTraderAI\diagnostics')[0m
2026-02-21T02:34:19.6266155Z [36;1m[0m
2026-02-21T02:34:19.6266337Z [36;1m$selectedDiagDir = $null[0m
2026-02-21T02:34:19.6266634Z [36;1mforeach ($candidate in $diagDirCandidates) {[0m
2026-02-21T02:34:19.6266931Z [36;1m  try {[0m
2026-02-21T02:34:19.6267289Z [36;1m    $null = New-Item -Path $candidate -ItemType Directory -Force -ErrorAction Stop[0m
2026-02-21T02:34:19.6267749Z [36;1m    $selectedDiagDir = $candidate[0m
2026-02-21T02:34:19.6268012Z [36;1m    break[0m
2026-02-21T02:34:19.6268259Z [36;1m  } catch {[0m
2026-02-21T02:34:19.6268724Z [36;1m    Write-Warning "Diagnostics dir candidate unavailable: $candidate ($($_.Exception.Message))"[0m
2026-02-21T02:34:19.6269204Z [36;1m  }[0m
2026-02-21T02:34:19.6269367Z [36;1m}[0m
2026-02-21T02:34:19.6269518Z [36;1m[0m
2026-02-21T02:34:19.6269697Z [36;1mif (-not $selectedDiagDir) {[0m
2026-02-21T02:34:19.6270002Z [36;1m  Add-Content -Path $reportPath -Value @([0m
2026-02-21T02:34:19.6270362Z [36;1m    '[NG] package_diagnostics_to_onedrive',[0m
2026-02-21T02:34:19.6270745Z [36;1m    '[NG] selected diagnostics dir unavailable',[0m
2026-02-21T02:34:19.6271075Z [36;1m    ''[0m
2026-02-21T02:34:19.6271249Z [36;1m  )[0m
2026-02-21T02:34:19.6271813Z [36;1m  throw 'Unable to resolve diagnostics output directory from OneDrive/USERPROFILE/RUNNER_TEMP candidates.'[0m
2026-02-21T02:34:19.6272409Z [36;1m}[0m
2026-02-21T02:34:19.6272565Z [36;1m[0m
2026-02-21T02:34:19.6272852Z [36;1mWrite-Host "Selected diagnostics output dir: $selectedDiagDir"[0m
2026-02-21T02:34:19.6274398Z [36;1m"diag_dir=$selectedDiagDir" | Out-File -FilePath $env:GITHUB_OUTPUT -Encoding utf8 -Append[0m
2026-02-21T02:34:19.6274852Z [36;1m[0m
2026-02-21T02:34:19.6275045Z [36;1mif (Test-Path $diagScript) {[0m
2026-02-21T02:34:19.6275565Z [36;1m  powershell -NoProfile -ExecutionPolicy Bypass -File $diagScript -DiagDir "$selectedDiagDir"[0m
2026-02-21T02:34:19.6276096Z [36;1m  if ($LASTEXITCODE -ne 0) {[0m
2026-02-21T02:34:19.6276394Z [36;1m    Add-Content -Path $reportPath -Value @([0m
2026-02-21T02:34:19.6276740Z [36;1m      '[NG] package_diagnostics_to_onedrive',[0m
2026-02-21T02:34:19.6277082Z [36;1m      ('[NG] exit_code={0}' -f $LASTEXITCODE),[0m
2026-02-21T02:34:19.6277362Z [36;1m      ''[0m
2026-02-21T02:34:19.6277547Z [36;1m    )[0m
2026-02-21T02:34:19.6277845Z [36;1m    Write-Error "Diagnostics script exited with code $LASTEXITCODE"[0m
2026-02-21T02:34:19.6278299Z [36;1m    exit $LASTEXITCODE[0m
2026-02-21T02:34:19.6278537Z [36;1m  }[0m
2026-02-21T02:34:19.6280135Z [36;1m  Add-Content -Path $reportPath -Value @([0m
2026-02-21T02:34:19.6280527Z [36;1m    '[OK] package_diagnostics_to_onedrive',[0m
2026-02-21T02:34:19.6280907Z [36;1m    ('[OK] diag_dir={0}' -f $selectedDiagDir),[0m
2026-02-21T02:34:19.6281199Z [36;1m    ''[0m
2026-02-21T02:34:19.6281369Z [36;1m  )[0m
2026-02-21T02:34:19.6281533Z [36;1m} else {[0m
2026-02-21T02:34:19.6281775Z [36;1m  Add-Content -Path $reportPath -Value @([0m
2026-02-21T02:34:19.6282114Z [36;1m    '[NG] package_diagnostics_to_onedrive',[0m
2026-02-21T02:34:19.6282428Z [36;1m    '[NG] diagnostics script not found',[0m
2026-02-21T02:34:19.6282723Z [36;1m    ''[0m
2026-02-21T02:34:19.6282925Z [36;1m  )[0m
2026-02-21T02:34:19.6283261Z [36;1m  Write-Error "Diagnostics script not found: $diagScript"[0m
2026-02-21T02:34:19.6283598Z [36;1m  exit 1[0m
2026-02-21T02:34:19.6283776Z [36;1m}[0m
2026-02-21T02:34:19.6283945Z [36;1m[0m
2026-02-21T02:34:19.6284181Z [36;1mif ((Get-Item $reportPath).Length -gt 60000) {[0m
2026-02-21T02:34:19.6284553Z [36;1m  $tail = Get-Content -Path $reportPath -Raw[0m
2026-02-21T02:34:19.6284959Z [36;1m  $tail = $tail.Substring([Math]::Max(0, $tail.Length - 60000))[0m
2026-02-21T02:34:19.6285510Z [36;1m  Set-Content -Path $reportPath -Value $tail -Encoding UTF8[0m
2026-02-21T02:34:19.6285854Z [36;1m}[0m
2026-02-21T02:34:19.6325283Z shell: C:\Windows\System32\WindowsPowerShell\v1.0\powershell.EXE -NoProfile -ExecutionPolicy Bypass -Command "{0}"
2026-02-21T02:34:19.6326312Z env:
2026-02-21T02:34:19.6326927Z   REPO_ROOT: C:\work\apex_repo_cache\ApexTraderAI
2026-02-21T02:34:19.6327921Z ##[endgroup]
2026-02-21T02:34:19.9314395Z Diagnostics script path: C:\work\apex_repo_cache\ApexTraderAI\scripts\package_diagnostics_to_onedrive.ps1
2026-02-21T02:34:19.9403329Z Selected diagnostics output dir: C:\Users\becky\OneDrive\ApexTraderAI\diagnostics
2026-02-21T02:34:20.2110030Z runnerDiag=C:\Users\becky\OneDrive\ãƒ‡ã‚¹ã‚¯ãƒˆãƒƒãƒ—\Python\apex-trader-ai\actions-runner\_diag
2026-02-21T02:34:20.2115899Z diagDir=C:\Users\becky\OneDrive\ApexTraderAI\diagnostics
2026-02-21T02:34:20.6619560Z WARNING: Primary diagnostics archive failed: The process cannot access the file 
2026-02-21T02:34:20.6620867Z 'C:\Users\becky\OneDrive\ãƒ‡ã‚¹ã‚¯ãƒˆãƒƒãƒ—\Python\apex-trader-ai\actions-runner\_diag\blocks\1d98203c-1126-4e5f-923b-a9fdffa57f04_
2026-02-21T02:34:20.6621834Z ab06f374-02af-5a10-87d1-ae291ebc7219.1' because it is being used by another process.
2026-02-21T02:34:20.7177503Z zipPath=C:\Users\becky\OneDrive\ApexTraderAI\diagnostics\diag_22248695422_1_20260221_113420.zip
2026-02-21T02:34:20.7402490Z 
2026-02-21T02:34:20.7403030Z 
2026-02-21T02:34:20.7404578Z     ãƒ‡ã‚£ãƒ¬ã‚¯ãƒˆãƒª: C:\Users\becky\OneDrive\ApexTraderAI\diagnostics
2026-02-21T02:34:20.7404930Z 
2026-02-21T02:34:20.7404938Z 
2026-02-21T02:34:20.7408908Z Mode                 LastWriteTime         Length Name                                                                 
2026-02-21T02:34:20.7410739Z ----                 -------------         ------ ----                                                                 
2026-02-21T02:34:20.7413859Z -a----        2026/02/21     11:34           4944 diag_22248695422_1_20260221_113420.zip                               
2026-02-21T02:34:20.7422886Z -a----        2026/02/21     11:09           4759 diag_22248308415_1_20260221_110900.zip                               
2026-02-21T02:34:20.7429900Z -a----        2026/02/21     10:51           4964 diag_22248046183_1_20260221_105148.zip                               
2026-02-21T02:34:20.7430422Z 
2026-02-21T02:34:20.7430560Z 

----- FILE: actions_logs/run/13_Verify diagnostics directory content.txt -----
ï»¿2026-02-21T02:34:20.7928670Z ##[group]Run $ErrorActionPreference = 'Stop'
2026-02-21T02:34:20.7929315Z [36;1m$ErrorActionPreference = 'Stop'[0m
2026-02-21T02:34:20.7929946Z [36;1m$diagDir = 'C:\Users\becky\OneDrive\ApexTraderAI\diagnostics'[0m
2026-02-21T02:34:20.7930379Z [36;1mif (-not $diagDir) {[0m
2026-02-21T02:34:20.7930713Z [36;1m  $diagDir = Join-Path $env:RUNNER_TEMP 'ApexTraderAI\diagnostics'[0m
2026-02-21T02:34:20.7931331Z [36;1m}[0m
2026-02-21T02:34:20.7931559Z [36;1mWrite-Host '=== diagnostics dir listing ==='[0m
2026-02-21T02:34:20.7931871Z [36;1mif (Test-Path $diagDir) {[0m
2026-02-21T02:34:20.7932119Z [36;1m  dir $diagDir[0m
2026-02-21T02:34:20.7932323Z [36;1m} else {[0m
2026-02-21T02:34:20.7932609Z [36;1m  Write-Warning "Diagnostics directory not found: $diagDir"[0m
2026-02-21T02:34:20.7932961Z [36;1m}[0m
2026-02-21T02:34:20.7933117Z [36;1m[0m
2026-02-21T02:34:20.7933566Z [36;1m$latestZip = Get-ChildItem -Path $diagDir -File -Filter 'diag_*.zip' -ErrorAction SilentlyContinue |[0m
2026-02-21T02:34:20.7934216Z [36;1m  Sort-Object LastWriteTime -Descending |[0m
2026-02-21T02:34:20.7934536Z [36;1m  Select-Object -First 1[0m
2026-02-21T02:34:20.7934765Z [36;1m[0m
2026-02-21T02:34:20.7934939Z [36;1mif (-not $latestZip) {[0m
2026-02-21T02:34:20.7935223Z [36;1m  Write-Warning "diag zip missing in $diagDir"[0m
2026-02-21T02:34:20.7936045Z [36;1m  Write-Host 'Hint: package diagnostics step uses OneDrive -> USERPROFILE\\OneDrive -> RUNNER_TEMP fallback. Check step logs for selected path and creation errors.'[0m
2026-02-21T02:34:20.7936810Z [36;1m  exit 0[0m
2026-02-21T02:34:20.7936992Z [36;1m}[0m
2026-02-21T02:34:20.7937149Z [36;1m[0m
2026-02-21T02:34:20.7937390Z [36;1mWrite-Host "latestDiagZip=$($latestZip.FullName)"[0m
2026-02-21T02:34:20.7957109Z shell: C:\Windows\System32\WindowsPowerShell\v1.0\powershell.EXE -NoProfile -ExecutionPolicy Bypass -Command "{0}"
2026-02-21T02:34:20.7957643Z env:
2026-02-21T02:34:20.7957841Z   REPO_ROOT: C:\work\apex_repo_cache\ApexTraderAI
2026-02-21T02:34:20.7958146Z ##[endgroup]
2026-02-21T02:34:21.0017812Z === diagnostics dir listing ===
2026-02-21T02:34:21.0485251Z 
2026-02-21T02:34:21.0485718Z 
2026-02-21T02:34:21.0487845Z     ãƒ‡ã‚£ãƒ¬ã‚¯ãƒˆãƒª: C:\Users\becky\OneDrive\ApexTraderAI\diagnostics
2026-02-21T02:34:21.0488123Z 
2026-02-21T02:34:21.0488160Z 
2026-02-21T02:34:21.0491852Z Mode                 LastWriteTime         Length Name                                                                 
2026-02-21T02:34:21.0492956Z ----                 -------------         ------ ----                                                                 
2026-02-21T02:34:21.0496311Z -a----        2026/02/21     10:51           4964 diag_22248046183_1_20260221_105148.zip                               
2026-02-21T02:34:21.0505941Z -a----        2026/02/21     11:09           4759 diag_22248308415_1_20260221_110900.zip                               
2026-02-21T02:34:21.0513831Z -a----        2026/02/21     11:34           4944 diag_22248695422_1_20260221_113420.zip                               
2026-02-21T02:34:21.0620629Z latestDiagZip=C:\Users\becky\OneDrive\ApexTraderAI\diagnostics\diag_22248695422_1_20260221_113420.zip
2026-02-21T02:34:21.0626699Z 
2026-02-21T02:34:21.0626750Z 

----- FILE: actions_logs/run/14_Tail latest run log on failure.txt -----
2026-02-21T02:34:21.4063733Z 100%  
2026-02-21T02:34:21.4064744Z 	    New File  		    4680	stepB_daily_pred_mamba_periodic_h20_SOXL_2022_02_01.csv
2026-02-21T02:34:21.4065459Z 100%  
2026-02-21T02:34:21.4066304Z 	    New File  		    4686	stepB_daily_pred_mamba_periodic_h20_SOXL_2022_02_02.csv
2026-02-21T02:34:21.4066998Z 100%  
2026-02-21T02:34:21.4067771Z 	    New File  		    4712	stepB_daily_pred_mamba_periodic_h20_SOXL_2022_02_03.csv
2026-02-21T02:34:21.4068468Z 100%  
2026-02-21T02:34:21.4069301Z 	    New File  		    4717	stepB_daily_pred_mamba_periodic_h20_SOXL_2022_02_04.csv
2026-02-21T02:34:21.4070016Z 100%  
2026-02-21T02:34:21.4070794Z 	    New File  		    4697	stepB_daily_pred_mamba_periodic_h20_SOXL_2022_02_07.csv
2026-02-21T02:34:21.4071556Z 100%  
2026-02-21T02:34:21.4072419Z 	    New File  		    4727	stepB_daily_pred_mamba_periodic_h20_SOXL_2022_02_08.csv
2026-02-21T02:34:21.4072873Z 100%  
2026-02-21T02:34:21.4074038Z 	    New File  		    4681	stepB_daily_pred_mamba_periodic_h20_SOXL_2022_02_09.csv
2026-02-21T02:34:21.4074676Z 100%  
2026-02-21T02:34:21.4075432Z 	    New File  		    4689	stepB_daily_pred_mamba_periodic_h20_SOXL_2022_02_10.csv
2026-02-21T02:34:21.4075892Z 100%  
2026-02-21T02:34:21.4077123Z 	    New File  		    4703	stepB_daily_pred_mamba_periodic_h20_SOXL_2022_02_11.csv
2026-02-21T02:34:21.4077724Z 100%  
2026-02-21T02:34:21.4078235Z 	    New File  		    4680	stepB_daily_pred_mamba_periodic_h20_SOXL_2022_02_14.csv
2026-02-21T02:34:21.4078841Z 100%  
2026-02-21T02:34:21.4079471Z 	    New File  		    4662	stepB_daily_pred_mamba_periodic_h20_SOXL_2022_02_15.csv
2026-02-21T02:34:21.4081751Z 100%  
2026-02-21T02:34:21.4082227Z 	    New File  		    4704	stepB_daily_pred_mamba_periodic_h20_SOXL_2022_02_16.csv
2026-02-21T02:34:21.4082737Z 100%  
2026-02-21T02:34:21.4083435Z 	    New File  		    4706	stepB_daily_pred_mamba_periodic_h20_SOXL_2022_02_17.csv
2026-02-21T02:34:21.4084125Z 100%  
2026-02-21T02:34:21.4084652Z 	    New File  		    4698	stepB_daily_pred_mamba_periodic_h20_SOXL_2022_02_18.csv
2026-02-21T02:34:21.4085171Z 100%  
2026-02-21T02:34:21.4085652Z 	    New File  		    4682	stepB_daily_pred_mamba_periodic_h20_SOXL_2022_02_22.csv
2026-02-21T02:34:21.4086352Z 100%  
2026-02-21T02:34:21.4087012Z 	    New File  		    4699	stepB_daily_pred_mamba_periodic_h20_SOXL_2022_02_23.csv
2026-02-21T02:34:21.4087615Z 100%  
2026-02-21T02:34:21.4088266Z 	    New File  		    4697	stepB_daily_pred_mamba_periodic_h20_SOXL_2022_02_24.csv
2026-02-21T02:34:21.4088765Z 100%  
2026-02-21T02:34:21.4092161Z 	    New File  		    4719	stepB_daily_pred_mamba_periodic_h20_SOXL_2022_02_25.csv
2026-02-21T02:34:21.4092861Z 100%  
2026-02-21T02:34:21.4093267Z 	    New File  		    4663	stepB_daily_pred_mamba_periodic_h20_SOXL_2022_02_28.csv
2026-02-21T02:34:21.4094147Z 100%  
2026-02-21T02:34:21.4094612Z 	    New File  		    4673	stepB_daily_pred_mamba_periodic_h20_SOXL_2022_03_01.csv
2026-02-21T02:34:21.4094982Z 100%  
2026-02-21T02:34:21.4095305Z 	    New File  		    4710	stepB_daily_pred_mamba_periodic_h20_SOXL_2022_03_02.csv
2026-02-21T02:34:21.4095698Z 100%  
2026-02-21T02:34:21.4096553Z 	    New File  		    4683	stepB_daily_pred_mamba_periodic_h20_SOXL_2022_03_03.csv
2026-02-21T02:34:21.4097035Z 100%  
2026-02-21T02:34:21.4097401Z 	    New File  		    4689	stepB_daily_pred_mamba_periodic_h20_SOXL_2022_03_04.csv
2026-02-21T02:34:21.4097836Z 100%  
2026-02-21T02:34:21.4098265Z 	    New File  		    4680	stepB_daily_pred_mamba_periodic_h20_SOXL_2022_03_07.csv
2026-02-21T02:34:21.4098915Z 100%  
2026-02-21T02:34:21.4099536Z 	    New File  		    4651	stepB_daily_pred_mamba_periodic_h20_SOXL_2022_03_08.csv
2026-02-21T02:34:21.4100011Z 100%  
2026-02-21T02:34:21.4100648Z 	    New File  		    4660	stepB_daily_pred_mamba_periodic_h20_SOXL_2022_03_09.csv
2026-02-21T02:34:21.4101616Z 100%  
2026-02-21T02:34:21.4102394Z 	    New File  		    4416	stepB_daily_pred_mamba_periodic_h20_SOXL_2022_03_10.csv
2026-02-21T02:34:21.4102848Z 100%  
2026-02-21T02:34:21.4104312Z 	    New File  		    4678	stepB_daily_pred_mamba_periodic_h20_SOXL_2022_03_11.csv
2026-02-21T02:34:21.4105072Z 100%  
2026-02-21T02:34:21.4105843Z 	    New File  		    4680	stepB_daily_pred_mamba_periodic_h20_SOXL_2022_03_14.csv
2026-02-21T02:34:21.4106610Z 100%  
2026-02-21T02:34:21.4107288Z 	    New File  		    4701	stepB_daily_pred_mamba_periodic_h20_SOXL_2022_03_15.csv
2026-02-21T02:34:21.4107990Z 100%  
2026-02-21T02:34:21.4108640Z 	    New File  		    4668	stepB_daily_pred_mamba_periodic_h20_SOXL_2022_03_16.csv
2026-02-21T02:34:21.4109333Z 100%  
2026-02-21T02:34:21.4109915Z 	    New File  		    4662	stepB_daily_pred_mamba_periodic_h20_SOXL_2022_03_17.csv
2026-02-21T02:34:21.4110592Z 100%  
2026-02-21T02:34:21.4111348Z 	    New File  		    4654	stepB_daily_pred_mamba_periodic_h20_SOXL_2022_03_18.csv
2026-02-21T02:34:21.4113839Z 100%  
2026-02-21T02:34:21.4114358Z 	    New File  		    4402	stepB_daily_pred_mamba_periodic_h20_SOXL_2022_03_21.csv
2026-02-21T02:34:21.4117878Z 100%  
2026-02-21T02:34:21.4119653Z 	    New File  		    4656	stepB_daily_pred_mamba_periodic_h20_SOXL_2022_03_22.csv
2026-02-21T02:34:21.4120365Z 100%  
2026-02-21T02:34:21.4120949Z 	    New File  		    4699	stepB_daily_pred_mamba_periodic_h20_SOXL_2022_03_23.csv
2026-02-21T02:34:21.4121816Z 100%  
2026-02-21T02:34:21.4123943Z 	    New File  		    4669	stepB_daily_pred_mamba_periodic_h20_SOXL_2022_03_24.csv
2026-02-21T02:34:21.4126680Z 100%  
2026-02-21T02:34:21.4129804Z 	    New File  		    4647	stepB_daily_pred_mamba_periodic_h20_SOXL_2022_03_25.csv
2026-02-21T02:34:21.4130328Z 100%  
2026-02-21T02:34:21.4130840Z 	    New File  		    4695	stepB_daily_pred_mamba_periodic_h20_SOXL_2022_03_28.csv
2026-02-21T02:34:21.4131379Z 100%  
2026-02-21T02:34:21.4131926Z 	    New File  		    4661	stepB_daily_pred_mamba_periodic_h20_SOXL_2022_03_29.csv
2026-02-21T02:34:21.4132510Z 100%  
2026-02-21T02:34:21.4132928Z 	    New File  		    4687	stepB_daily_pred_mamba_periodic_h20_SOXL_2022_03_30.csv
2026-02-21T02:34:21.4133438Z 100%  
2026-02-21T02:34:21.4133970Z 	    New File  		    4676	stepB_daily_pred_mamba_periodic_h20_SOXL_2022_03_31.csv
2026-02-21T02:34:21.4134468Z 100%  
2026-02-21T02:34:21.4134989Z 	  New Dir          5	C:\work\apex_work\runs\20260221_113256\output\stepB\sim\models\
2026-02-21T02:34:21.4135806Z 	    New File  		  222831	mamba_h01.pt
2026-02-21T02:34:21.4136101Z  58%  
2026-02-21T02:34:21.4136291Z 100%  
2026-02-21T02:34:21.4136554Z 	    New File  		  224367	mamba_h05.pt
2026-02-21T02:34:21.4136971Z  58%  
2026-02-21T02:34:21.4139072Z 100%  
2026-02-21T02:34:21.4139525Z 	    New File  		  226287	mamba_h10.pt
2026-02-21T02:34:21.4139914Z  57%  
2026-02-21T02:34:21.4140174Z 100%  
2026-02-21T02:34:21.4140532Z 	    New File  		  230191	mamba_h20.pt
2026-02-21T02:34:21.4141167Z  56%  
2026-02-21T02:34:21.4141475Z 100%  
2026-02-21T02:34:21.4141958Z 	    New File  		  211858	mamba_periodic_h20.pt
2026-02-21T02:34:21.4142406Z  61%  
2026-02-21T02:34:21.4142626Z 100%  
2026-02-21T02:34:21.4142716Z 
2026-02-21T02:34:21.4146098Z ------------------------------------------------------------------------------
2026-02-21T02:34:21.4146656Z 
2026-02-21T02:34:21.4148473Z                Total    Copied   Skipped  Mismatch    FAILED    Extras
2026-02-21T02:34:21.4149289Z     Dirs :         9         9         0         0         0         0
2026-02-21T02:34:21.4149824Z    Files :       708       708         0         0         0         0
2026-02-21T02:34:21.4154910Z    Bytes :    7.55 m    7.55 m         0         0         0         0
2026-02-21T02:34:21.4158773Z    Times :   0:00:00   0:00:00                       0:00:00   0:00:00
2026-02-21T02:34:21.4161866Z 
2026-02-21T02:34:21.4161883Z 
2026-02-21T02:34:21.4164973Z    Speed :            17452878 Bytes/sec.
2026-02-21T02:34:21.4165654Z    Speed :             998.661 MegaBytes/min.
2026-02-21T02:34:21.4166183Z    Ended : 2026èŸ·ï½´2è­›ãƒ»1è­Œï½¥ 11:34:17
2026-02-21T02:34:21.4166450Z 
2026-02-21T02:34:21.4166620Z [RC] 
2026-02-21T02:34:21.4166743Z 
2026-02-21T02:34:21.4167609Z [CMD] robocopy "C:\work\apex_work\runs\20260221_113256\logs" "C:\Users\becky\OneDrive\ApexTraderAI\runs\20260221_113256\logs" /E /Z /R:2 /W:2
2026-02-21T02:34:21.4168431Z 
2026-02-21T02:34:21.4168783Z -------------------------------------------------------------------------------
2026-02-21T02:34:21.4169841Z    ROBOCOPY     ::     Robust File Copy for Windows                              
2026-02-21T02:34:21.4170569Z -------------------------------------------------------------------------------
2026-02-21T02:34:21.4171091Z 
2026-02-21T02:34:21.4171371Z   Started : 2026èŸ·ï½´2è­›ãƒ»1è­Œï½¥ 11:34:17
2026-02-21T02:34:21.4171973Z    Source : C:\work\apex_work\runs\20260221_113256\logs\
2026-02-21T02:34:21.4172644Z      Dest : C:\Users\becky\OneDrive\ApexTraderAI\runs\20260221_113256\logs\
2026-02-21T02:34:21.4173047Z 
2026-02-21T02:34:21.4173209Z     Files : *.*
2026-02-21T02:34:21.4173510Z 	    
2026-02-21T02:34:21.4174027Z   Options : *.* /S /E /DCOPY:DA /COPY:DAT /Z /R:2 /W:2 
2026-02-21T02:34:21.4174382Z 
2026-02-21T02:34:21.4174817Z ------------------------------------------------------------------------------
2026-02-21T02:34:21.4177707Z 
2026-02-21T02:34:21.4177995Z 	  New Dir          1	C:\work\apex_work\runs\20260221_113256\logs\
2026-02-21T02:34:21.4181143Z 	    New File  		   61514	run_20260221_113256.log
2026-02-21T02:34:21.4184261Z 100%  
2026-02-21T02:34:21.4184396Z 
2026-02-21T02:34:21.4184782Z ------------------------------------------------------------------------------
2026-02-21T02:34:21.4190513Z 
2026-02-21T02:34:21.4191068Z                Total    Copied   Skipped  Mismatch    FAILED    Extras
2026-02-21T02:34:21.4191906Z     Dirs :         1         1         0         0         0         0
2026-02-21T02:34:21.4192569Z    Files :         1         1         0         0         0         0
2026-02-21T02:34:21.4193297Z    Bytes :    60.0 k    60.0 k         0         0         0         0
2026-02-21T02:34:21.4194282Z    Times :   0:00:00   0:00:00                       0:00:00   0:00:00
2026-02-21T02:34:21.4194599Z 
2026-02-21T02:34:21.4194643Z 
2026-02-21T02:34:21.4194827Z    Speed :            61514000 Bytes/sec.
2026-02-21T02:34:21.4195208Z    Speed :            3519.859 MegaBytes/min.
2026-02-21T02:34:21.4195782Z    Ended : 2026èŸ·ï½´2è­›ãƒ»1è­Œï½¥ 11:34:17
2026-02-21T02:34:21.4196023Z 
2026-02-21T02:34:21.4196196Z [RC] 
2026-02-21T02:34:21.4196352Z 
2026-02-21T02:34:21.4197562Z [CMD] robocopy "C:\work\apex_work\runs\20260221_113256" "C:\Users\becky\OneDrive\ApexTraderAI\runs\20260221_113256" run_20260221_113256.zip /R:2 /W:2
2026-02-21T02:34:21.4198676Z 
2026-02-21T02:34:21.4198936Z -------------------------------------------------------------------------------
2026-02-21T02:34:21.4199636Z    ROBOCOPY     ::     Robust File Copy for Windows                              
2026-02-21T02:34:21.4200722Z -------------------------------------------------------------------------------
2026-02-21T02:34:21.4201085Z 
2026-02-21T02:34:21.4201239Z   Started : 2026èŸ·ï½´2è­›ãƒ»1è­Œï½¥ 11:34:17
2026-02-21T02:34:21.4201579Z    Source : C:\work\apex_work\runs\20260221_113256\
2026-02-21T02:34:21.4202033Z      Dest : C:\Users\becky\OneDrive\ApexTraderAI\runs\20260221_113256\
2026-02-21T02:34:21.4202300Z 
2026-02-21T02:34:21.4202451Z     Files : run_20260221_113256.zip
2026-02-21T02:34:21.4202736Z 	    
2026-02-21T02:34:21.4203115Z   Options : /DCOPY:DA /COPY:DAT /R:2 /W:2 
2026-02-21T02:34:21.4203650Z 
2026-02-21T02:34:21.4203986Z ------------------------------------------------------------------------------
2026-02-21T02:34:21.4204372Z 
2026-02-21T02:34:21.4204575Z 	                   1	C:\work\apex_work\runs\20260221_113256\
2026-02-21T02:34:21.4204945Z 	    New File  		   3.1 m	run_20260221_113256.zip
2026-02-21T02:34:21.4214187Z  15%  
2026-02-21T02:34:21.4214368Z  31%  
2026-02-21T02:34:21.4214534Z  47%  
2026-02-21T02:34:21.4214700Z  63%  
2026-02-21T02:34:21.4214852Z  78%  
2026-02-21T02:34:21.4217283Z  94%  
2026-02-21T02:34:21.4220292Z 100%  
2026-02-21T02:34:21.4223334Z 
2026-02-21T02:34:21.4227069Z ------------------------------------------------------------------------------
2026-02-21T02:34:21.4229676Z 
2026-02-21T02:34:21.4233542Z                Total    Copied   Skipped  Mismatch    FAILED    Extras
2026-02-21T02:34:21.4234348Z     Dirs :         1         0         1         0         0         0
2026-02-21T02:34:21.4236797Z    Files :         1         1         0         0         0         0
2026-02-21T02:34:21.4239850Z    Bytes :    3.17 m    3.17 m         0         0         0         0
2026-02-21T02:34:21.4243108Z    Times :   0:00:00   0:00:00                       0:00:00   0:00:00
2026-02-21T02:34:21.4245706Z 
2026-02-21T02:34:21.4248737Z 
2026-02-21T02:34:21.4252113Z    Speed :           3324798000 Bytes/sec.
2026-02-21T02:34:21.4255289Z    Speed :           190246.467 MegaBytes/min.
2026-02-21T02:34:21.4258290Z    Ended : 2026èŸ·ï½´2è­›ãƒ»1è­Œï½¥ 11:34:17
2026-02-21T02:34:21.4261267Z 
2026-02-21T02:34:21.4264594Z [RC] 
2026-02-21T02:34:21.4267358Z 
2026-02-21T02:34:21.4267812Z [CMD] mkdir "C:\Users\becky\OneDrive\ApexTraderAI\repo_snapshots"
2026-02-21T02:34:21.4278328Z A subdirectory or file C:\Users\becky\OneDrive\ApexTraderAI\repo_snapshots already exists.
2026-02-21T02:34:21.4281160Z [RC] 
2026-02-21T02:34:21.4284410Z [FAILED] command=mkdir "C:\Users\becky\OneDrive\ApexTraderAI\repo_snapshots"
2026-02-21T02:34:21.4289661Z [FAILED] exit_code=
2026-02-21T02:34:21.4292165Z [FAILED] run_id=20260221_113256
2026-02-21T02:34:21.4296784Z [FAILED] log=C:\work\apex_work\runs\20260221_113256\logs\run_20260221_113256.log

----- FILE: actions_logs/run/15_Resolve latest run artifacts.txt -----
ï»¿2026-02-21T02:34:21.4558486Z ##[group]Run $workRoot = 'C:\work\apex_work\runs'
2026-02-21T02:34:21.4559133Z [36;1m$workRoot = 'C:\work\apex_work\runs'[0m
2026-02-21T02:34:21.4559587Z [36;1m$consoleLog = Join-Path $env:RUNNER_TEMP 'run_all_local_then_copy_console.log'[0m
2026-02-21T02:34:21.4560166Z [36;1m$reportPath = Join-Path $env:GITHUB_WORKSPACE 'temp\ONE_TAP_ERROR_REPORT.txt'[0m
2026-02-21T02:34:21.4560567Z [36;1m[0m
2026-02-21T02:34:21.4560790Z [36;1mAdd-Content -Path $reportPath -Value @([0m
2026-02-21T02:34:21.4561138Z [36;1m  '[STEP] resolve_latest_run_artifacts',[0m
2026-02-21T02:34:21.4561489Z [36;1m  ('[INFO] work_root={0}' -f $workRoot)[0m
2026-02-21T02:34:21.4561788Z [36;1m)[0m
2026-02-21T02:34:21.4561953Z [36;1m[0m
2026-02-21T02:34:21.4562116Z [36;1m$runId = ''[0m
2026-02-21T02:34:21.4562341Z [36;1mif (Test-Path $consoleLog) {[0m
2026-02-21T02:34:21.4562840Z [36;1m  $runIdLine = Select-String -Path $consoleLog -Pattern '^\[OK\] run_id=' | Select-Object -Last 1[0m
2026-02-21T02:34:21.4563629Z [36;1m  if ($runIdLine) {[0m
2026-02-21T02:34:21.4564007Z [36;1m    $runId = ($runIdLine.Line -replace '^\[OK\] run_id=', '').Trim()[0m
2026-02-21T02:34:21.4564354Z [36;1m  }[0m
2026-02-21T02:34:21.4564520Z [36;1m}[0m
2026-02-21T02:34:21.4564673Z [36;1m[0m
2026-02-21T02:34:21.4564834Z [36;1m$runDir = $null[0m
2026-02-21T02:34:21.4565045Z [36;1mif ($runId) {[0m
2026-02-21T02:34:21.4565295Z [36;1m  $candidateDir = Join-Path $workRoot $runId[0m
2026-02-21T02:34:21.4565624Z [36;1m  if (Test-Path $candidateDir) {[0m
2026-02-21T02:34:21.4565911Z [36;1m    $runDir = Get-Item $candidateDir[0m
2026-02-21T02:34:21.4566188Z [36;1m  }[0m
2026-02-21T02:34:21.4566362Z [36;1m}[0m
2026-02-21T02:34:21.4566549Z [36;1m[0m
2026-02-21T02:34:21.4566776Z [36;1mif (-not $runDir -and (Test-Path $workRoot)) {[0m
2026-02-21T02:34:21.4567428Z [36;1m  $runDir = Get-ChildItem -Path $workRoot -Directory | Sort-Object LastWriteTime -Descending | Select-Object -First 1[0m
2026-02-21T02:34:21.4568050Z [36;1m  if ($runDir -and -not $runId) {[0m
2026-02-21T02:34:21.4568321Z [36;1m    $runId = $runDir.Name[0m
2026-02-21T02:34:21.4568552Z [36;1m  }[0m
2026-02-21T02:34:21.4568735Z [36;1m}[0m
2026-02-21T02:34:21.4568923Z [36;1m[0m
2026-02-21T02:34:21.4569075Z [36;1mif ($runId) {[0m
2026-02-21T02:34:21.4569448Z [36;1m  "run_id=$runId" | Out-File -FilePath $env:GITHUB_OUTPUT -Encoding utf8 -Append[0m
2026-02-21T02:34:21.4569917Z [36;1m  Write-Host "Resolved run_id=$runId"[0m
2026-02-21T02:34:21.4570179Z [36;1m} else {[0m
2026-02-21T02:34:21.4570588Z [36;1m  Add-Content -Path $reportPath -Value '[NG] resolve_latest_run_artifacts run_id unresolved'[0m
2026-02-21T02:34:21.4571249Z [36;1m  Write-Warning 'Failed to resolve run_id from console log and latest run folder.'[0m
2026-02-21T02:34:21.4571754Z [36;1m}[0m
2026-02-21T02:34:21.4571912Z [36;1m[0m
2026-02-21T02:34:21.4572076Z [36;1mif ($runDir) {[0m
2026-02-21T02:34:21.4572390Z [36;1m  $logGlob = Join-Path $runDir.FullName 'logs\run_*.log'[0m
2026-02-21T02:34:21.4572887Z [36;1m  $zipPath = Join-Path $runDir.FullName ("run_{0}.zip" -f $runDir.Name)[0m
2026-02-21T02:34:21.4573453Z [36;1m  $runLogPath = Join-Path $runDir.FullName ("logs\run_{0}.log" -f $runDir.Name)[0m
2026-02-21T02:34:21.4574101Z [36;1m  "log_glob=$logGlob" | Out-File -FilePath $env:GITHUB_OUTPUT -Encoding utf8 -Append[0m
2026-02-21T02:34:21.4574715Z [36;1m  "zip_path=$zipPath" | Out-File -FilePath $env:GITHUB_OUTPUT -Encoding utf8 -Append[0m
2026-02-21T02:34:21.4575351Z [36;1m  "run_log_path=$runLogPath" | Out-File -FilePath $env:GITHUB_OUTPUT -Encoding utf8 -Append[0m
2026-02-21T02:34:21.4576032Z [36;1m  "run_dir=$($runDir.FullName)" | Out-File -FilePath $env:GITHUB_OUTPUT -Encoding utf8 -Append[0m
2026-02-21T02:34:21.4576627Z [36;1m  Write-Host "Resolved run directory: $($runDir.FullName)"[0m
2026-02-21T02:34:21.4576988Z [36;1m}[0m
2026-02-21T02:34:21.4577156Z [36;1m[0m
2026-02-21T02:34:21.4577336Z [36;1mif ($runDir) {[0m
2026-02-21T02:34:21.4579155Z [36;1m  Add-Content -Path $reportPath -Value @([0m
2026-02-21T02:34:21.4579495Z [36;1m    '[OK] resolve_latest_run_artifacts',[0m
2026-02-21T02:34:21.4579819Z [36;1m    ('[OK] run_dir={0}' -f $runDir.FullName),[0m
2026-02-21T02:34:21.4580127Z [36;1m    ('[OK] run_id={0}' -f $runId),[0m
2026-02-21T02:34:21.4580369Z [36;1m    ''[0m
2026-02-21T02:34:21.4580539Z [36;1m  )[0m
2026-02-21T02:34:21.4580690Z [36;1m}[0m
2026-02-21T02:34:21.4580853Z [36;1m[0m
2026-02-21T02:34:21.4581077Z [36;1mif ((Get-Item $reportPath).Length -gt 60000) {[0m
2026-02-21T02:34:21.4581457Z [36;1m  $tail = Get-Content -Path $reportPath -Raw[0m
2026-02-21T02:34:21.4581876Z [36;1m  $tail = $tail.Substring([Math]::Max(0, $tail.Length - 60000))[0m
2026-02-21T02:34:21.4582349Z [36;1m  Set-Content -Path $reportPath -Value $tail -Encoding UTF8[0m
2026-02-21T02:34:21.4582689Z [36;1m}[0m
2026-02-21T02:34:21.4600563Z shell: C:\Windows\System32\WindowsPowerShell\v1.0\powershell.EXE -NoProfile -ExecutionPolicy Bypass -Command "{0}"
2026-02-21T02:34:21.4601506Z env:
2026-02-21T02:34:21.4601765Z   REPO_ROOT: C:\work\apex_repo_cache\ApexTraderAI
2026-02-21T02:34:21.4602045Z ##[endgroup]
2026-02-21T02:34:21.7477035Z Resolved run_id=20260221_113256
2026-02-21T02:34:21.7536880Z Resolved run directory: C:\work\apex_work\runs\20260221_113256

----- FILE: actions_logs/run/16_Trim ONE_TAP report size.txt -----
ï»¿2026-02-21T02:34:21.8089128Z ##[group]Run $reportPath = Join-Path $env:GITHUB_WORKSPACE 'temp\ONE_TAP_ERROR_REPORT.txt'
2026-02-21T02:34:21.8093781Z [36;1m$reportPath = Join-Path $env:GITHUB_WORKSPACE 'temp\ONE_TAP_ERROR_REPORT.txt'[0m
2026-02-21T02:34:21.8096103Z [36;1m$maxBytes = 60000[0m
2026-02-21T02:34:21.8096509Z [36;1mif ((Test-Path $reportPath) -and ((Get-Item $reportPath).Length -gt $maxBytes)) {[0m
2026-02-21T02:34:21.8098875Z [36;1m  $tail = Get-Content -Path $reportPath -Raw[0m
2026-02-21T02:34:21.8101153Z [36;1m  $tail = $tail.Substring([Math]::Max(0, $tail.Length - $maxBytes))[0m
2026-02-21T02:34:21.8103660Z [36;1m  Set-Content -Path $reportPath -Value $tail -Encoding UTF8[0m
2026-02-21T02:34:21.8105852Z [36;1m}[0m
2026-02-21T02:34:21.8187454Z shell: C:\Windows\System32\WindowsPowerShell\v1.0\powershell.EXE -NoProfile -ExecutionPolicy Bypass -Command "{0}"
2026-02-21T02:34:21.8190028Z env:
2026-02-21T02:34:21.8190218Z   REPO_ROOT: C:\work\apex_repo_cache\ApexTraderAI
2026-02-21T02:34:21.8192414Z ##[endgroup]

----- FILE: actions_logs/run/17_Stage run artifacts.txt -----
ï»¿2026-02-21T02:34:22.1365556Z ##[group]Run $artifactRoot = Join-Path $env:GITHUB_WORKSPACE 'temp\desktop_artifacts'
2026-02-21T02:34:22.1366287Z [36;1m$artifactRoot = Join-Path $env:GITHUB_WORKSPACE 'temp\desktop_artifacts'[0m
2026-02-21T02:34:22.1366900Z [36;1m$null = New-Item -Path $artifactRoot -ItemType Directory -Force[0m
2026-02-21T02:34:22.1367419Z [36;1m$workspaceLogRoot = Join-Path $env:GITHUB_WORKSPACE 'artifacts\logs'[0m
2026-02-21T02:34:22.1367937Z [36;1m$null = New-Item -Path $workspaceLogRoot -ItemType Directory -Force[0m
2026-02-21T02:34:22.1368338Z [36;1m[0m
2026-02-21T02:34:22.1368689Z [36;1m$reportSource = Join-Path $env:GITHUB_WORKSPACE 'temp\ONE_TAP_ERROR_REPORT.txt'[0m
2026-02-21T02:34:22.1369237Z [36;1m$reportDest = Join-Path $artifactRoot 'ONE_TAP_ERROR_REPORT.txt'[0m
2026-02-21T02:34:22.1369686Z [36;1mif (Test-Path $reportSource) {[0m
2026-02-21T02:34:22.1370076Z [36;1m  Copy-Item -Path $reportSource -Destination $reportDest -Force[0m
2026-02-21T02:34:22.1370454Z [36;1m} else {[0m
2026-02-21T02:34:22.1370673Z [36;1m  @([0m
2026-02-21T02:34:22.1370958Z [36;1m    '[WARN] ONE_TAP_ERROR_REPORT.txt was missing at stage time.',[0m
2026-02-21T02:34:22.1371434Z [36;1m    ('timestamp={0}' -f (Get-Date -Format 'yyyy-MM-dd HH:mm:ss zzz'))[0m
2026-02-21T02:34:22.1371985Z [36;1m  ) | Set-Content -Path $reportDest -Encoding UTF8[0m
2026-02-21T02:34:22.1372315Z [36;1m}[0m
2026-02-21T02:34:22.1372482Z [36;1m[0m
2026-02-21T02:34:22.1372872Z [36;1m$consoleLog = Join-Path $env:GITHUB_WORKSPACE 'temp\run_all_local_then_copy_console.log'[0m
2026-02-21T02:34:22.1373374Z [36;1mif (Test-Path $consoleLog) {[0m
2026-02-21T02:34:22.1373984Z [36;1m  Copy-Item -Path $consoleLog -Destination (Join-Path $artifactRoot 'run_all_local_then_copy_console.log') -Force[0m
2026-02-21T02:34:22.1374589Z [36;1m}[0m
2026-02-21T02:34:22.1374750Z [36;1m[0m
2026-02-21T02:34:22.1375071Z [36;1m$runLog = 'C:\work\apex_work\runs\20260221_113256\logs\run_20260221_113256.log'[0m
2026-02-21T02:34:22.1375557Z [36;1mif ((-not $runLog) -or (-not (Test-Path $runLog))) {[0m
2026-02-21T02:34:22.1375954Z [36;1m  $runDir = 'C:\work\apex_work\runs\20260221_113256'[0m
2026-02-21T02:34:22.1376322Z [36;1m  if ($runDir -and (Test-Path $runDir)) {[0m
2026-02-21T02:34:22.1377224Z [36;1m    $latestRunLog = Get-ChildItem -Path (Join-Path $runDir 'logs') -Filter 'run_*.log' -File -ErrorAction SilentlyContinue | Sort-Object LastWriteTime -Descending | Select-Object -First 1[0m
2026-02-21T02:34:22.1378062Z [36;1m    if ($latestRunLog) {[0m
2026-02-21T02:34:22.1378609Z [36;1m      $runLog = $latestRunLog.FullName[0m
2026-02-21T02:34:22.1378900Z [36;1m    }[0m
2026-02-21T02:34:22.1379110Z [36;1m  }[0m
2026-02-21T02:34:22.1379350Z [36;1m}[0m
2026-02-21T02:34:22.1379516Z [36;1m[0m
2026-02-21T02:34:22.1379726Z [36;1mif ($runLog -and (Test-Path $runLog)) {[0m
2026-02-21T02:34:22.1380070Z [36;1m  $runLogName = Split-Path -Path $runLog -Leaf[0m
2026-02-21T02:34:22.1380574Z [36;1m  Copy-Item -Path $runLog -Destination (Join-Path $artifactRoot $runLogName) -Force[0m
2026-02-21T02:34:22.1381250Z [36;1m  Copy-Item -Path $runLog -Destination (Join-Path $workspaceLogRoot $runLogName) -Force[0m
2026-02-21T02:34:22.1381781Z [36;1m  Write-Host "Staged run log: $runLog"[0m
2026-02-21T02:34:22.1382063Z [36;1m} else {[0m
2026-02-21T02:34:22.1382527Z [36;1m  Write-Warning 'Run log was not found for artifact staging. Uploading console log artifact only.'[0m
2026-02-21T02:34:22.1383061Z [36;1m  @([0m
2026-02-21T02:34:22.1383388Z [36;1m    '[WARN] run_*.log was not found. Artifact includes console log only.',[0m
2026-02-21T02:34:22.1384517Z [36;1m    '[WARN] Never finish a workflow run without leaving a readable log artifact.',[0m
2026-02-21T02:34:22.1385096Z [36;1m    ('[WARN] generated_at={0}' -f (Get-Date -Format 'yyyy-MM-dd HH:mm:ss zzz'))[0m
2026-02-21T02:34:22.1385715Z [36;1m  ) | Set-Content -Path (Join-Path $artifactRoot 'missing_run_log_warning.txt') -Encoding UTF8[0m
2026-02-21T02:34:22.1387902Z [36;1m}[0m
2026-02-21T02:34:22.1388073Z [36;1m[0m
2026-02-21T02:34:22.1388360Z [36;1m$zipPath = 'C:\work\apex_work\runs\20260221_113256\run_20260221_113256.zip'[0m
2026-02-21T02:34:22.1388796Z [36;1mif ($zipPath -and (Test-Path $zipPath)) {[0m
2026-02-21T02:34:22.1389404Z [36;1m  Copy-Item -Path $zipPath -Destination (Join-Path $artifactRoot (Split-Path -Path $zipPath -Leaf)) -Force[0m
2026-02-21T02:34:22.1389944Z [36;1m}[0m
2026-02-21T02:34:22.1390095Z [36;1m[0m
2026-02-21T02:34:22.1390498Z [36;1m"artifact_path=$artifactRoot" | Out-File -FilePath $env:GITHUB_OUTPUT -Encoding utf8 -Append[0m
2026-02-21T02:34:22.1391076Z [36;1mWrite-Host "Staged artifacts under: $artifactRoot"[0m
2026-02-21T02:34:22.1409531Z shell: C:\Windows\System32\WindowsPowerShell\v1.0\powershell.EXE -NoProfile -ExecutionPolicy Bypass -Command "{0}"
2026-02-21T02:34:22.1410085Z env:
2026-02-21T02:34:22.1410303Z   REPO_ROOT: C:\work\apex_repo_cache\ApexTraderAI
2026-02-21T02:34:22.1410578Z ##[endgroup]
2026-02-21T02:34:22.4631345Z Staged run log: C:\work\apex_work\runs\20260221_113256\logs\run_20260221_113256.log
2026-02-21T02:34:22.4730134Z Staged artifacts under: C:\Users\becky\OneDrive\ãƒ‡ã‚¹ã‚¯ãƒˆãƒƒãƒ—\Python\apex-trader-ai\actions-runner\_work\ApexTraderAI\ApexTraderAI\temp\desktop_artifacts

----- FILE: actions_logs/run/18_Upload run artifacts.txt -----
ï»¿2026-02-21T02:34:22.5149719Z ##[group]Run actions/upload-artifact@v4
2026-02-21T02:34:22.5150369Z with:
2026-02-21T02:34:22.5150717Z   name: desktop-run-20260221_113256
2026-02-21T02:34:22.5151136Z   if-no-files-found: warn
2026-02-21T02:34:22.5152154Z   path: C:\Users\becky\OneDrive\ãƒ‡ã‚¹ã‚¯ãƒˆãƒƒãƒ—\Python\apex-trader-ai\actions-runner\_work\ApexTraderAI\ApexTraderAI\temp\desktop_artifacts\**
2026-02-21T02:34:22.5153100Z   compression-level: 6
2026-02-21T02:34:22.5153303Z   overwrite: false
2026-02-21T02:34:22.5153537Z   include-hidden-files: false
2026-02-21T02:34:22.5153756Z env:
2026-02-21T02:34:22.5153957Z   REPO_ROOT: C:\work\apex_repo_cache\ApexTraderAI
2026-02-21T02:34:22.5154234Z ##[endgroup]
2026-02-21T02:34:23.2722085Z With the provided path, there will be 11 files uploaded
2026-02-21T02:34:23.2731652Z Artifact name is valid!
2026-02-21T02:34:23.2736627Z Root directory input is valid!
2026-02-21T02:34:23.8744020Z Beginning upload of artifact content to blob storage
2026-02-21T02:34:26.6814606Z Uploaded bytes 6074716
2026-02-21T02:34:26.8637798Z Finished uploading artifact content to blob storage!
2026-02-21T02:34:26.8641522Z SHA256 digest of uploaded artifact zip is 42ea555550fb8fdc3e98a4876ff9b2b2454e8bb39c170a0aa192a0697671c931
2026-02-21T02:34:26.8643426Z Finalizing artifact upload
2026-02-21T02:34:27.0927052Z Artifact desktop-run-20260221_113256.zip successfully finalized. Artifact ID 5598930203
2026-02-21T02:34:27.0928585Z Artifact desktop-run-20260221_113256 has been successfully uploaded! Final size is 6074716 bytes. Artifact ID is 5598930203
2026-02-21T02:34:27.0953643Z Artifact download URL: https://github.com/toki866/ApexTraderAI/actions/runs/22248695422/artifacts/5598930203

----- FILE: actions_logs/run/19_Publish diagnostics to Issue (always).txt -----
ï»¿2026-02-21T02:34:27.1325706Z ##[group]Run actions/github-script@v7
2026-02-21T02:34:27.1326170Z with:
2026-02-21T02:34:27.1329667Z   script: const fs = require('fs');
const path = require('path');

const owner = context.repo.owner;
const repo = context.repo.repo;

const reportPath = path.join(process.env.GITHUB_WORKSPACE, 'temp', 'ONE_TAP_ERROR_REPORT.txt');
let report = fs.existsSync(reportPath)
  ? fs.readFileSync(reportPath, 'utf8')
  : '(missing ONE_TAP_ERROR_REPORT.txt)';

if (report.length > 60000) report = report.slice(-60000);

const runUrl = `${context.serverUrl}/${owner}/${repo}/actions/runs/${context.runId}`;
const title = 'ApexTraderAI Diagnostics (latest)';
const attempt = process.env.GITHUB_RUN_ATTEMPT || '1';
const body = `Run: ${runUrl}\nSHA: ${context.sha}\nAttempt: ${attempt}\n\n\`\`\`text\n${report}\n\`\`\`\n`;

const { data: issues } = await github.rest.issues.listForRepo({
  owner,
  repo,
  state: 'open',
  per_page: 100
});
const existing = issues.find(i => i.title === title);

if (existing) {
  await github.rest.issues.update({ owner, repo, issue_number: existing.number, body });
} else {
  await github.rest.issues.create({ owner, repo, title, body });
}

2026-02-21T02:34:27.1334539Z   github-token: ***
2026-02-21T02:34:27.1334731Z   debug: false
2026-02-21T02:34:27.1334923Z   user-agent: actions/github-script
2026-02-21T02:34:27.1335163Z   result-encoding: json
2026-02-21T02:34:27.1335350Z   retries: 0
2026-02-21T02:34:27.1335861Z   retry-exempt-status-codes: 400,401,403,404,422
2026-02-21T02:34:27.1336233Z env:
2026-02-21T02:34:27.1336499Z   REPO_ROOT: C:\work\apex_repo_cache\ApexTraderAI
2026-02-21T02:34:27.1336772Z ##[endgroup]

----- FILE: actions_logs/run/1_Set up job.txt -----
ï»¿2026-02-21T02:32:46.9749283Z Current runner version: '2.331.0'
2026-02-21T02:32:46.9804521Z Runner name: 'DESKTOP-C54PIIA'
2026-02-21T02:32:46.9807248Z Runner group name: 'Default'
2026-02-21T02:32:46.9811673Z Machine name: 'DESKTOP-C54PIIA'
2026-02-21T02:32:46.9828145Z ##[group]GITHUB_TOKEN Permissions
2026-02-21T02:32:46.9838407Z Actions: read
2026-02-21T02:32:46.9840711Z Contents: write
2026-02-21T02:32:46.9843026Z Issues: write
2026-02-21T02:32:46.9845270Z Metadata: read
2026-02-21T02:32:46.9847573Z ##[endgroup]
2026-02-21T02:32:46.9856946Z Secret source: Actions
2026-02-21T02:32:46.9859420Z Prepare workflow directory
2026-02-21T02:32:47.1464574Z Prepare all required actions
2026-02-21T02:32:47.1504296Z Getting action download info
2026-02-21T02:32:48.4071527Z Download action repository 'actions/upload-artifact@v4' (SHA:ea165f8d65b6e75b540449e92b4886f43607fa02)
2026-02-21T02:32:50.2353924Z Download action repository 'actions/github-script@v7' (SHA:f28e40c7f34bde8b3046d885e986cb6290c5673b)
2026-02-21T02:32:51.1414872Z Complete job name: run

----- FILE: actions_logs/run/20_Publish ONE_TAP report to diag-logs branch.txt -----
ï»¿2026-02-21T02:34:29.1333558Z ##[group]Run $ErrorActionPreference = 'Stop'
2026-02-21T02:34:29.1333994Z [36;1m$ErrorActionPreference = 'Stop'[0m
2026-02-21T02:34:29.1334243Z [36;1m[0m
2026-02-21T02:34:29.1334473Z [36;1m$diagRepo = Join-Path $env:RUNNER_TEMP 'diag_repo'[0m
2026-02-21T02:34:29.1334928Z [36;1mif (Test-Path $diagRepo) { Remove-Item -Path $diagRepo -Recurse -Force }[0m
2026-02-21T02:34:29.1335411Z [36;1m$null = New-Item -Path $diagRepo -ItemType Directory -Force[0m
2026-02-21T02:34:29.1335745Z [36;1mSet-Location $diagRepo[0m
2026-02-21T02:34:29.1335962Z [36;1m[0m
2026-02-21T02:34:29.1336113Z [36;1mgit init[0m
2026-02-21T02:34:29.1336328Z [36;1mgit config user.name 'github-actions[bot]'[0m
2026-02-21T02:34:29.1336767Z [36;1mgit config user.email '41898282+github-actions[bot]@users.noreply.github.com'[0m
2026-02-21T02:34:29.1337717Z [36;1mgit remote add origin "***github.com/toki866/ApexTraderAI.git"[0m
2026-02-21T02:34:29.1338080Z [36;1m[0m
2026-02-21T02:34:29.1338303Z [36;1mgit fetch origin diag-logs --depth 1 2>$null[0m
2026-02-21T02:34:29.1338636Z [36;1mif ($LASTEXITCODE -eq 0) {[0m
2026-02-21T02:34:29.1338927Z [36;1m  git checkout -B diag-logs origin/diag-logs[0m
2026-02-21T02:34:29.1339215Z [36;1m} else {[0m
2026-02-21T02:34:29.1339415Z [36;1m  git checkout --orphan diag-logs[0m
2026-02-21T02:34:29.1339671Z [36;1m}[0m
2026-02-21T02:34:29.1339830Z [36;1m[0m
2026-02-21T02:34:29.1340015Z [36;1m$runsDir = Join-Path $diagRepo 'runs'[0m
2026-02-21T02:34:29.1340377Z [36;1m$null = New-Item -Path $runsDir -ItemType Directory -Force[0m
2026-02-21T02:34:29.1340696Z [36;1m[0m
2026-02-21T02:34:29.1341057Z [36;1m$timestamp = Get-Date -Format 'yyyyMMdd_HHmmss'[0m
2026-02-21T02:34:29.1341470Z [36;1m$shortSha = ('7a9ad1f9f59ca1f96230ac69bffec64d5989432f').Substring(0, 7)[0m
2026-02-21T02:34:29.1341967Z [36;1m$runFolderName = "${timestamp}_run22248695422_att1_${shortSha}"[0m
2026-02-21T02:34:29.1342550Z [36;1m$runFolder = Join-Path $runsDir $runFolderName[0m
2026-02-21T02:34:29.1342922Z [36;1m$null = New-Item -Path $runFolder -ItemType Directory -Force[0m
2026-02-21T02:34:29.1343230Z [36;1m[0m
2026-02-21T02:34:29.1343535Z [36;1m$oneTapSource = Join-Path $env:GITHUB_WORKSPACE 'temp\ONE_TAP_ERROR_REPORT.txt'[0m
2026-02-21T02:34:29.1344847Z [36;1m$oneTapDest = Join-Path $runFolder 'ONE_TAP_ERROR_REPORT.txt'[0m
2026-02-21T02:34:29.1345463Z [36;1mif (Test-Path $oneTapSource) {[0m
2026-02-21T02:34:29.1345870Z [36;1m  Copy-Item -Path $oneTapSource -Destination $oneTapDest -Force[0m
2026-02-21T02:34:29.1346232Z [36;1m} else {[0m
2026-02-21T02:34:29.1346403Z [36;1m  @([0m
2026-02-21T02:34:29.1346709Z [36;1m    '[WARN] ONE_TAP_ERROR_REPORT.txt was not found in workspace temp.',[0m
2026-02-21T02:34:29.1347269Z [36;1m    ('timestamp={0}' -f (Get-Date -Format 'yyyy-MM-dd HH:mm:ss zzz')),[0m
2026-02-21T02:34:29.1347680Z [36;1m    ('repo=toki866/ApexTraderAI'),[0m
2026-02-21T02:34:29.1347954Z [36;1m    ('run_id=22248695422'),[0m
2026-02-21T02:34:29.1348207Z [36;1m    ('run_attempt=1')[0m
2026-02-21T02:34:29.1348507Z [36;1m  ) | Set-Content -Path $oneTapDest -Encoding UTF8[0m
2026-02-21T02:34:29.1348818Z [36;1m}[0m
2026-02-21T02:34:29.1348977Z [36;1m[0m
2026-02-21T02:34:29.1349238Z [36;1m$latestMdPath = Join-Path $runsDir 'LATEST.md'[0m
2026-02-21T02:34:29.1349544Z [36;1m@([0m
2026-02-21T02:34:29.1349744Z [36;1m  '# Latest ONE_TAP report',[0m
2026-02-21T02:34:29.1349994Z [36;1m  '',[0m
2026-02-21T02:34:29.1350187Z [36;1m  "- folder: $runFolderName",[0m
2026-02-21T02:34:29.1350537Z [36;1m  "- report: ./runs/$runFolderName/ONE_TAP_ERROR_REPORT.txt"[0m
2026-02-21T02:34:29.1350988Z [36;1m) -join "`r`n" | Set-Content -Path $latestMdPath -Encoding UTF8[0m
2026-02-21T02:34:29.1351340Z [36;1m[0m
2026-02-21T02:34:29.1351498Z [36;1mgit add runs[0m
2026-02-21T02:34:29.1351790Z [36;1mif (git diff --cached --quiet) {[0m
2026-02-21T02:34:29.1352166Z [36;1m  Write-Host 'No diagnostics changes to commit.'[0m
2026-02-21T02:34:29.1354086Z [36;1m  exit 0[0m
2026-02-21T02:34:29.1354298Z [36;1m}[0m
2026-02-21T02:34:29.1354457Z [36;1m[0m
2026-02-21T02:34:29.1354737Z [36;1mgit commit -m "diag: add one_tap report $runFolderName"[0m
2026-02-21T02:34:29.1355088Z [36;1mgit push origin diag-logs[0m
2026-02-21T02:34:29.1355356Z [36;1mif ($LASTEXITCODE -ne 0) {[0m
2026-02-21T02:34:29.1355734Z [36;1m  Write-Warning 'Failed to push ONE_TAP report to diag-logs branch.'[0m
2026-02-21T02:34:29.1356339Z [36;1m  Write-Warning 'Enable Settings > Actions > Workflow permissions: Read and write permissions'[0m
2026-02-21T02:34:29.1356842Z [36;1m  exit $LASTEXITCODE[0m
2026-02-21T02:34:29.1357059Z [36;1m}[0m
2026-02-21T02:34:29.1374437Z shell: C:\Windows\System32\WindowsPowerShell\v1.0\powershell.EXE -NoProfile -ExecutionPolicy Bypass -Command "{0}"
2026-02-21T02:34:29.1374966Z env:
2026-02-21T02:34:29.1375183Z   REPO_ROOT: C:\work\apex_repo_cache\ApexTraderAI
2026-02-21T02:34:29.1375453Z ##[endgroup]
2026-02-21T02:34:29.3718411Z Initialized empty Git repository in C:/Users/becky/OneDrive/ãƒ‡ã‚¹ã‚¯ãƒˆãƒƒãƒ—/Python/apex-trader-ai/actions-runner/_work/_temp/diag_repo/.git/
2026-02-21T02:34:31.0518587Z git : From https://github.com/toki866/ApexTraderAI
2026-02-21T02:34:31.0519467Z At C:\Users\becky\OneDrive\ãƒ‡ã‚¹ã‚¯ãƒˆãƒƒãƒ—\Python\apex-trader-ai\actions-runner\_work\_temp\15728d21-dd63-4784-93af-2e6a9729f4bd
2026-02-21T02:34:31.0520092Z .ps1:14 char:1
2026-02-21T02:34:31.0520398Z + git fetch origin diag-logs --depth 1 2>$null
2026-02-21T02:34:31.0520748Z + ~~~~~~~~~~~~~~~~~~~~~~~~~~~~~~~~~~~~~~~~~~~~
2026-02-21T02:34:31.0521322Z     + CategoryInfo          : NotSpecified: (From https://gi...66/ApexTraderAI:String) [], RemoteException
2026-02-21T02:34:31.0521875Z     + FullyQualifiedErrorId : NativeCommandError
2026-02-21T02:34:31.0522185Z  
2026-02-21T02:34:31.0645104Z ##[error]Process completed with exit code 1.

----- FILE: actions_logs/run/21_Collect diagnostics.txt -----
ï»¿2026-02-21T02:34:31.1001872Z ##[group]Run $ErrorActionPreference = 'Stop'
2026-02-21T02:34:31.1004393Z [36;1m$ErrorActionPreference = 'Stop'[0m
2026-02-21T02:34:31.1004680Z [36;1m[0m
2026-02-21T02:34:31.1006882Z [36;1mfunction Mask-Secrets {[0m
2026-02-21T02:34:31.1007259Z [36;1m  param([string]$Text)[0m
2026-02-21T02:34:31.1009356Z [36;1m[0m
2026-02-21T02:34:31.1009577Z [36;1m  if ([string]::IsNullOrEmpty($Text)) { return $Text }[0m
2026-02-21T02:34:31.1011756Z [36;1m[0m
2026-02-21T02:34:31.1011909Z [36;1m  $masked = $Text[0m
2026-02-21T02:34:31.1014204Z [36;1m  $masked = [regex]::Replace($masked, 'github_pat_[A-Za-z0-9_]{20,}', 'github_pat_***MASKED***')[0m
2026-02-21T02:34:31.1016730Z [36;1m  $masked = [regex]::Replace($masked, 'gh[pousr]_[A-Za-z0-9_]{20,}', 'gh***_***MASKED***')[0m
2026-02-21T02:34:31.1021149Z [36;1m  $masked = [regex]::Replace($masked, '(?im)\b(token|password|secret)\b\s*[:=]\s*\S+', '$1=***MASKED***')[0m
2026-02-21T02:34:31.1023503Z [36;1m  return $masked[0m
2026-02-21T02:34:31.1023741Z [36;1m}[0m
2026-02-21T02:34:31.1025751Z [36;1m[0m
2026-02-21T02:34:31.1025914Z [36;1mfunction Get-MaskedTail {[0m
2026-02-21T02:34:31.1028008Z [36;1m  param([0m
2026-02-21T02:34:31.1028193Z [36;1m    [string]$Path,[0m
2026-02-21T02:34:31.1028402Z [36;1m    [int]$Tail = 200[0m
2026-02-21T02:34:31.1030469Z [36;1m  )[0m
2026-02-21T02:34:31.1030619Z [36;1m[0m
2026-02-21T02:34:31.1032731Z [36;1m  if (-not (Test-Path $Path)) { return "(not found) $Path" }[0m
2026-02-21T02:34:31.1035141Z [36;1m  $raw = (Get-Content -Path $Path -Tail $Tail -ErrorAction SilentlyContinue) -join "`r`n"[0m
2026-02-21T02:34:31.1037481Z [36;1m  return (Mask-Secrets -Text $raw)[0m
2026-02-21T02:34:31.1037733Z [36;1m}[0m
2026-02-21T02:34:31.1039775Z [36;1m[0m
2026-02-21T02:34:31.1039987Z [36;1m$diagOut = Join-Path $env:RUNNER_TEMP 'diag_out'[0m
2026-02-21T02:34:31.1042258Z [36;1m$null = New-Item -Path $diagOut -ItemType Directory -Force[0m
2026-02-21T02:34:31.1044457Z [36;1m[0m
2026-02-21T02:34:31.1044624Z [36;1m$ws = $env:GITHUB_WORKSPACE[0m
2026-02-21T02:34:31.1046830Z [36;1m$runnerRoot = (Resolve-Path (Join-Path $ws '..\..\..')).Path[0m
2026-02-21T02:34:31.1049117Z [36;1m$runnerDiag = Join-Path $runnerRoot '_diag'[0m
2026-02-21T02:34:31.1049410Z [36;1m$runId = '22248695422'[0m
2026-02-21T02:34:31.1051502Z [36;1m$runAttempt = '1'[0m
2026-02-21T02:34:31.1051775Z [36;1m$sha = '7a9ad1f9f59ca1f96230ac69bffec64d5989432f'[0m
2026-02-21T02:34:31.1053947Z [36;1m$branch = 'main'[0m
2026-02-21T02:34:31.1054165Z [36;1m$repo = 'toki866/ApexTraderAI'[0m
2026-02-21T02:34:31.1056341Z [36;1m$artifactName = "diag_full_${runId}_${runAttempt}"[0m
2026-02-21T02:34:31.1058503Z [36;1m[0m
2026-02-21T02:34:31.1058663Z [36;1m$latestRunnerLog = $null[0m
2026-02-21T02:34:31.1060908Z [36;1m$latestWorkerLog = $null[0m
2026-02-21T02:34:31.1061156Z [36;1mif (Test-Path $runnerDiag) {[0m
2026-02-21T02:34:31.1065702Z [36;1m  $latestRunnerLog = Get-ChildItem -Path $runnerDiag -Filter 'Runner_*.log' -File -ErrorAction SilentlyContinue | Sort-Object LastWriteTime -Descending | Select-Object -First 1[0m
2026-02-21T02:34:31.1072806Z [36;1m  $latestWorkerLog = Get-ChildItem -Path $runnerDiag -Filter 'Worker_*.log' -File -ErrorAction SilentlyContinue | Sort-Object LastWriteTime -Descending | Select-Object -First 1[0m
2026-02-21T02:34:31.1077351Z [36;1m}[0m
2026-02-21T02:34:31.1077501Z [36;1m[0m
2026-02-21T02:34:31.1079709Z [36;1m$workflowLog = Join-Path $env:RUNNER_TEMP 'run_all_local_then_copy_console.log'[0m
2026-02-21T02:34:31.1082163Z [36;1m$runLogPath = 'C:\work\apex_work\runs\20260221_113256\logs\run_20260221_113256.log'[0m
2026-02-21T02:34:31.1084570Z [36;1m$stepSummaryGlob = Join-Path $env:RUNNER_TEMP 'step_summary_*'[0m
2026-02-21T02:34:31.1087021Z [36;1m$oneTapReportWorkspace = Join-Path $env:GITHUB_WORKSPACE 'temp\ONE_TAP_ERROR_REPORT.txt'[0m
2026-02-21T02:34:31.1089394Z [36;1m[0m
2026-02-21T02:34:31.1091812Z [36;1mif ($latestRunnerLog) { Copy-Item -Path $latestRunnerLog.FullName -Destination (Join-Path $diagOut $latestRunnerLog.Name) -Force }[0m
2026-02-21T02:34:31.1103414Z [36;1mif ($latestWorkerLog) { Copy-Item -Path $latestWorkerLog.FullName -Destination (Join-Path $diagOut $latestWorkerLog.Name) -Force }[0m
2026-02-21T02:34:31.1108147Z [36;1mif (Test-Path $workflowLog) { Copy-Item -Path $workflowLog -Destination (Join-Path $diagOut 'workflow_console.log') -Force }[0m
2026-02-21T02:34:31.1114804Z [36;1mif ($runLogPath -and (Test-Path $runLogPath)) { Copy-Item -Path $runLogPath -Destination (Join-Path $diagOut (Split-Path $runLogPath -Leaf)) -Force }[0m
2026-02-21T02:34:31.1119724Z [36;1mif (Test-Path $oneTapReportWorkspace) { Copy-Item -Path $oneTapReportWorkspace -Destination (Join-Path $diagOut 'ONE_TAP_ERROR_REPORT.txt') -Force }[0m
2026-02-21T02:34:31.1124414Z [36;1mGet-ChildItem -Path $stepSummaryGlob -File -ErrorAction SilentlyContinue | ForEach-Object {[0m
2026-02-21T02:34:31.1128828Z [36;1m  Copy-Item -Path $_.FullName -Destination (Join-Path $diagOut $_.Name) -Force[0m
2026-02-21T02:34:31.1129269Z [36;1m}[0m
2026-02-21T02:34:31.1131277Z [36;1m[0m
2026-02-21T02:34:31.1131472Z [36;1mforeach ($subDir in @('pages', 'blocks')) {[0m
2026-02-21T02:34:31.1133654Z [36;1m  $src = Join-Path $runnerDiag $subDir[0m
2026-02-21T02:34:31.1133938Z [36;1m  if (Test-Path $src) {[0m
2026-02-21T02:34:31.1136194Z [36;1m    Copy-Item -Path $src -Destination (Join-Path $diagOut $subDir) -Recurse -Force[0m
2026-02-21T02:34:31.1138478Z [36;1m  }[0m
2026-02-21T02:34:31.1138661Z [36;1m}[0m
2026-02-21T02:34:31.1140806Z [36;1m[0m
2026-02-21T02:34:31.1143267Z [36;1m$runnerTailText = if ($latestRunnerLog) { Get-MaskedTail -Path $latestRunnerLog.FullName -Tail 200 } else { '(runner diag not found)' }[0m
2026-02-21T02:34:31.1148216Z [36;1m$workflowTailText = if (Test-Path $workflowLog) { Get-MaskedTail -Path $workflowLog -Tail 200 } else { '(workflow log not found)' }[0m
2026-02-21T02:34:31.1150717Z [36;1m[0m
2026-02-21T02:34:31.1152795Z [36;1m$summaryPath = Join-Path $diagOut 'summary.md'[0m
2026-02-21T02:34:31.1154939Z [36;1m$summary = @([0m
2026-02-21T02:34:31.1155153Z [36;1m  '# Diagnostics Summary',[0m
2026-02-21T02:34:31.1155374Z [36;1m  '',[0m
2026-02-21T02:34:31.1157410Z [36;1m  "- repo: $repo",[0m
2026-02-21T02:34:31.1157623Z [36;1m  "- branch: $branch",[0m
2026-02-21T02:34:31.1159717Z [36;1m  "- sha: $sha",[0m
2026-02-21T02:34:31.1159917Z [36;1m  "- run_id: $runId",[0m
2026-02-21T02:34:31.1162011Z [36;1m  "- attempt: $runAttempt",[0m
2026-02-21T02:34:31.1162283Z [36;1m  "- failing_step: $env:FAILING_STEP",[0m
2026-02-21T02:34:31.1164438Z [36;1m  "- artifact_name: $artifactName",[0m
2026-02-21T02:34:31.1166630Z [36;1m  '- one_tap_report: See ONE_TAP_ERROR_REPORT.txt',[0m
2026-02-21T02:34:31.1166934Z [36;1m  '',[0m
2026-02-21T02:34:31.1169005Z [36;1m  '## runner_diag_tail (last 200 lines)',[0m
2026-02-21T02:34:31.1169275Z [36;1m  '```text',[0m
2026-02-21T02:34:31.1171338Z [36;1m  $runnerTailText,[0m
2026-02-21T02:34:31.1171549Z [36;1m  '```',[0m
2026-02-21T02:34:31.1171702Z [36;1m  '',[0m
2026-02-21T02:34:31.1173759Z [36;1m  '## workflow_tail (last 200 lines)',[0m
2026-02-21T02:34:31.1174019Z [36;1m  '```text',[0m
2026-02-21T02:34:31.1176348Z [36;1m  $workflowTailText,[0m
2026-02-21T02:34:31.1176659Z [36;1m  '```'[0m
2026-02-21T02:34:31.1178832Z [36;1m) -join "`r`n"[0m
2026-02-21T02:34:31.1179063Z [36;1m$summary = Mask-Secrets -Text $summary[0m
2026-02-21T02:34:31.1181323Z [36;1mSet-Content -Path $summaryPath -Value $summary -Encoding UTF8[0m
2026-02-21T02:34:31.1183548Z [36;1m[0m
2026-02-21T02:34:31.1183809Z [36;1m$runnerTailPath = Join-Path $diagOut 'runner_diag_tail.txt'[0m
2026-02-21T02:34:31.1186185Z [36;1mSet-Content -Path $runnerTailPath -Value $runnerTailText -Encoding UTF8[0m
2026-02-21T02:34:31.1190461Z [36;1m$workflowTailPath = Join-Path $diagOut 'workflow_tail.txt'[0m
2026-02-21T02:34:31.1192991Z [36;1mSet-Content -Path $workflowTailPath -Value $workflowTailText -Encoding UTF8[0m
2026-02-21T02:34:31.1197628Z [36;1m[0m
2026-02-21T02:34:31.1197914Z [36;1m$fullZip = Join-Path $env:RUNNER_TEMP ("{0}.zip" -f $artifactName)[0m
2026-02-21T02:34:31.1200259Z [36;1mif (Test-Path $fullZip) { Remove-Item $fullZip -Force }[0m
2026-02-21T02:34:31.1204511Z [36;1mCompress-Archive -Path (Join-Path $diagOut '*') -DestinationPath $fullZip -Force[0m
2026-02-21T02:34:31.1204951Z [36;1m[0m
2026-02-21T02:34:31.1207137Z [36;1m"diag_out=$diagOut" | Out-File -FilePath $env:GITHUB_OUTPUT -Encoding utf8 -Append[0m
2026-02-21T02:34:31.1211520Z [36;1m"diag_summary=$summaryPath" | Out-File -FilePath $env:GITHUB_OUTPUT -Encoding utf8 -Append[0m
2026-02-21T02:34:31.1214110Z [36;1m"diag_runner_tail=$runnerTailPath" | Out-File -FilePath $env:GITHUB_OUTPUT -Encoding utf8 -Append[0m
2026-02-21T02:34:31.1218754Z [36;1m"diag_workflow_tail=$workflowTailPath" | Out-File -FilePath $env:GITHUB_OUTPUT -Encoding utf8 -Append[0m
2026-02-21T02:34:31.1223392Z [36;1m"diag_zip=$fullZip" | Out-File -FilePath $env:GITHUB_OUTPUT -Encoding utf8 -Append[0m
2026-02-21T02:34:31.1226128Z [36;1m"diag_artifact_name=$artifactName" | Out-File -FilePath $env:GITHUB_OUTPUT -Encoding utf8 -Append[0m
2026-02-21T02:34:31.1303285Z shell: C:\Windows\System32\WindowsPowerShell\v1.0\powershell.EXE -NoProfile -ExecutionPolicy Bypass -Command "{0}"
2026-02-21T02:34:31.1305705Z env:
2026-02-21T02:34:31.1305906Z   REPO_ROOT: C:\work\apex_repo_cache\ApexTraderAI
2026-02-21T02:34:31.1308062Z   FAILING_STEP: Run desktop BAT
2026-02-21T02:34:31.1310163Z ##[endgroup]

----- FILE: actions_logs/run/22_Upload full diagnostics artifact.txt -----
ï»¿2026-02-21T02:34:32.2508916Z ##[group]Run actions/upload-artifact@v4
2026-02-21T02:34:32.2509554Z with:
2026-02-21T02:34:32.2509805Z   name: diag_full_22248695422_1
2026-02-21T02:34:32.2510036Z   if-no-files-found: warn
2026-02-21T02:34:32.2510239Z   retention-days: 7
2026-02-21T02:34:32.2510874Z   path: C:\Users\becky\OneDrive\ãƒ‡ã‚¹ã‚¯ãƒˆãƒƒãƒ—\Python\apex-trader-ai\actions-runner\_work\_temp\diag_full_22248695422_1.zip
2026-02-21T02:34:32.2511564Z   compression-level: 6
2026-02-21T02:34:32.2511757Z   overwrite: false
2026-02-21T02:34:32.2511942Z   include-hidden-files: false
2026-02-21T02:34:32.2512148Z env:
2026-02-21T02:34:32.2512425Z   REPO_ROOT: C:\work\apex_repo_cache\ApexTraderAI
2026-02-21T02:34:32.2512709Z ##[endgroup]
2026-02-21T02:34:32.5365185Z With the provided path, there will be 1 file uploaded
2026-02-21T02:34:32.5371442Z Artifact name is valid!
2026-02-21T02:34:32.5374416Z Root directory input is valid!
2026-02-21T02:34:33.1233906Z Beginning upload of artifact content to blob storage
2026-02-21T02:34:34.2219112Z Uploaded bytes 88704
2026-02-21T02:34:34.4170183Z Finished uploading artifact content to blob storage!
2026-02-21T02:34:34.4173292Z SHA256 digest of uploaded artifact zip is c63475abb0d2158df0e7e9931f82a059d63b02543ef57427b4cca57e68160d8f
2026-02-21T02:34:34.4175182Z Finalizing artifact upload
2026-02-21T02:34:34.6458678Z Artifact diag_full_22248695422_1.zip successfully finalized. Artifact ID 5598930797
2026-02-21T02:34:34.6459727Z Artifact diag_full_22248695422_1 has been successfully uploaded! Final size is 88704 bytes. Artifact ID is 5598930797
2026-02-21T02:34:34.6473493Z Artifact download URL: https://github.com/toki866/ApexTraderAI/actions/runs/22248695422/artifacts/5598930797

----- FILE: actions_logs/run/23_Upload diagnostics artifact.txt -----
ï»¿2026-02-21T02:34:34.6805865Z ##[group]Run actions/upload-artifact@v4
2026-02-21T02:34:34.6806639Z with:
2026-02-21T02:34:34.6806838Z   name: diagnostics
2026-02-21T02:34:34.6807045Z   if-no-files-found: warn
2026-02-21T02:34:34.6807274Z   path: _diagnostics/**/*
2026-02-21T02:34:34.6807490Z   compression-level: 6
2026-02-21T02:34:34.6807695Z   overwrite: false
2026-02-21T02:34:34.6807904Z   include-hidden-files: false
2026-02-21T02:34:34.6808142Z env:
2026-02-21T02:34:34.6808351Z   REPO_ROOT: C:\work\apex_repo_cache\ApexTraderAI
2026-02-21T02:34:34.6808661Z ##[endgroup]
2026-02-21T02:34:34.9556944Z ##[warning]No files were found with the provided path: _diagnostics/**/*. No artifacts will be uploaded.

----- FILE: actions_logs/run/24_Complete job.txt -----
ï»¿2026-02-21T02:34:34.9676892Z Cleaning up orphan processes

----- FILE: actions_logs/run/2_Prepare repo in C_work (no OneDrive cleanup).txt -----
ï»¿2026-02-21T02:32:51.2694831Z ##[group]Run $ErrorActionPreference = 'Stop'
2026-02-21T02:32:51.2695445Z [36;1m$ErrorActionPreference = 'Stop'[0m
2026-02-21T02:32:51.2695796Z [36;1mgit config --global core.longpaths true[0m
2026-02-21T02:32:51.2696099Z [36;1m[0m
2026-02-21T02:32:51.2696955Z [36;1m$repoUrl = "***github.com/toki866/ApexTraderAI.git"[0m
2026-02-21T02:32:51.2697345Z [36;1m$cacheRoot = "C:\work\apex_repo_cache"[0m
2026-02-21T02:32:51.2697703Z [36;1m$repoDir = Join-Path $cacheRoot "ApexTraderAI"[0m
2026-02-21T02:32:51.2698020Z [36;1m[0m
2026-02-21T02:32:51.2698336Z [36;1mNew-Item -Path $cacheRoot -ItemType Directory -Force | Out-Null[0m
2026-02-21T02:32:51.2698711Z [36;1m[0m
2026-02-21T02:32:51.2698977Z [36;1mif (!(Test-Path (Join-Path $repoDir ".git"))) {[0m
2026-02-21T02:32:51.2699338Z [36;1m  Write-Host "[repo] cloning to $repoDir"[0m
2026-02-21T02:32:51.2699891Z [36;1m  if (Test-Path $repoDir) { Remove-Item -Path $repoDir -Recurse -Force -ErrorAction SilentlyContinue }[0m
2026-02-21T02:32:51.2700484Z [36;1m  git clone $repoUrl $repoDir[0m
2026-02-21T02:32:51.2713000Z [36;1m  if ($LASTEXITCODE -ne 0) { throw "git clone failed (exit=$LASTEXITCODE)" }[0m
2026-02-21T02:32:51.2713502Z [36;1m} else {[0m
2026-02-21T02:32:51.2713774Z [36;1m  Write-Host "[repo] fetch/reset in $repoDir"[0m
2026-02-21T02:32:51.2714211Z [36;1m  git -C $repoDir remote set-url origin $repoUrl | Out-Null[0m
2026-02-21T02:32:51.2714624Z [36;1m  git -C $repoDir fetch --force --prune origin[0m
2026-02-21T02:32:51.2715073Z [36;1m  if ($LASTEXITCODE -ne 0) { throw "git fetch failed (exit=$LASTEXITCODE)" }[0m
2026-02-21T02:32:51.2715483Z [36;1m}[0m
2026-02-21T02:32:51.2715666Z [36;1m[0m
2026-02-21T02:32:51.2715911Z [36;1mgit -C $repoDir checkout -f $env:GITHUB_SHA[0m
2026-02-21T02:32:51.2716375Z [36;1mif ($LASTEXITCODE -ne 0) { throw "git checkout SHA failed (exit=$LASTEXITCODE)" }[0m
2026-02-21T02:32:51.2716873Z [36;1mgit -C $repoDir reset --hard $env:GITHUB_SHA[0m
2026-02-21T02:32:51.2717354Z [36;1mif ($LASTEXITCODE -ne 0) { throw "git reset SHA failed (exit=$LASTEXITCODE)" }[0m
2026-02-21T02:32:51.2717800Z [36;1mgit -C $repoDir clean -ffdx[0m
2026-02-21T02:32:51.2718216Z [36;1mif ($LASTEXITCODE -ne 0) { throw "git clean failed (exit=$LASTEXITCODE)" }[0m
2026-02-21T02:32:51.2718607Z [36;1m[0m
2026-02-21T02:32:51.2718871Z [36;1mgit config --global --add safe.directory $repoDir[0m
2026-02-21T02:32:51.2719199Z [36;1m[0m
2026-02-21T02:32:51.2719502Z [36;1mAdd-Content -Path $env:GITHUB_ENV -Value "REPO_ROOT=$repoDir"[0m
2026-02-21T02:32:51.2720147Z [36;1mWrite-Host "REPO_ROOT=$repoDir"[0m
2026-02-21T02:32:51.2720485Z [36;1m$headShort = git -C $repoDir rev-parse --short HEAD[0m
2026-02-21T02:32:51.2720819Z [36;1mWrite-Host "HEAD=$headShort"[0m
2026-02-21T02:32:51.2744900Z shell: C:\Windows\System32\WindowsPowerShell\v1.0\powershell.EXE -NoProfile -ExecutionPolicy Bypass -Command "{0}"
2026-02-21T02:32:51.2746192Z env:
2026-02-21T02:32:51.2747816Z   GIT_TERMINAL_PROMPT: 0
2026-02-21T02:32:51.2748085Z ##[endgroup]
2026-02-21T02:32:51.6175482Z [repo] fetch/reset in C:\work\apex_repo_cache\ApexTraderAI
2026-02-21T02:32:53.4954249Z From https://github.com/toki866/ApexTraderAI
2026-02-21T02:32:53.4954776Z  * [new branch]      diag-logs  -> origin/diag-logs
2026-02-21T02:32:53.4955152Z    0ada14a..7a9ad1f  main       -> origin/main
2026-02-21T02:32:53.5548607Z Previous HEAD position was 0ada14a Merge pull request #59 from toki866/codex/fix-stepb-to-find-stepa-outputs
2026-02-21T02:32:53.5550546Z HEAD is now at 7a9ad1f Merge pull request #60 from toki866/codex/fix-output-root-propagation-in-run_pipeline.py
2026-02-21T02:32:53.5939259Z HEAD is now at 7a9ad1f Merge pull request #60 from toki866/codex/fix-output-root-propagation-in-run_pipeline.py
2026-02-21T02:32:53.6481852Z Removing ai_core/__pycache__/
2026-02-21T02:32:53.6482316Z Removing ai_core/config/__pycache__/
2026-02-21T02:32:53.6482660Z Removing ai_core/services/__pycache__/
2026-02-21T02:32:53.6483090Z Removing ai_core/types/__pycache__/
2026-02-21T02:32:53.6484918Z Removing ai_core/utils/__pycache__/
2026-02-21T02:32:53.6485244Z Removing output/
2026-02-21T02:32:53.6485539Z Removing temp/
2026-02-21T02:32:53.7091149Z REPO_ROOT=C:\work\apex_repo_cache\ApexTraderAI
2026-02-21T02:32:53.7431004Z HEAD=7a9ad1f

----- FILE: actions_logs/run/3_Initialize ONE_TAP error report.txt -----
ï»¿2026-02-21T02:32:53.7882649Z ##[group]Run $ErrorActionPreference = 'Stop'
2026-02-21T02:32:53.7883163Z [36;1m$ErrorActionPreference = 'Stop'[0m
2026-02-21T02:32:53.7883519Z [36;1m$reportDir = Join-Path $env:GITHUB_WORKSPACE 'temp'[0m
2026-02-21T02:32:53.7884041Z [36;1m$null = New-Item -Path $reportDir -ItemType Directory -Force[0m
2026-02-21T02:32:53.7884516Z [36;1m$reportPath = Join-Path $reportDir 'ONE_TAP_ERROR_REPORT.txt'[0m
2026-02-21T02:32:53.7884903Z [36;1m[0m
2026-02-21T02:32:53.7885057Z [36;1m@([0m
2026-02-21T02:32:53.7885248Z [36;1m  '=== ONE TAP ERROR REPORT ===',[0m
2026-02-21T02:32:53.7885629Z [36;1m  ('timestamp={0}' -f (Get-Date -Format 'yyyy-MM-dd HH:mm:ss zzz')),[0m
2026-02-21T02:32:53.7886049Z [36;1m  ('repo=toki866/ApexTraderAI'),[0m
2026-02-21T02:32:53.7886397Z [36;1m  ('ref=refs/heads/main'),[0m
2026-02-21T02:32:53.7886748Z [36;1m  ('sha=7a9ad1f9f59ca1f96230ac69bffec64d5989432f'),[0m
2026-02-21T02:32:53.7887070Z [36;1m  ('run_id=22248695422'),[0m
2026-02-21T02:32:53.7887304Z [36;1m  ('run_attempt=1'),[0m
2026-02-21T02:32:53.7887588Z [36;1m  ''[0m
2026-02-21T02:32:53.7887871Z [36;1m) | Set-Content -Path $reportPath -Encoding UTF8[0m
2026-02-21T02:32:53.7888162Z [36;1m[0m
2026-02-21T02:32:53.7888374Z [36;1mAdd-Content -Path $reportPath -Value @([0m
2026-02-21T02:32:53.7888762Z [36;1m  '[STEP] initialize_one_tap_report',[0m
2026-02-21T02:32:53.7889107Z [36;1m  '[OK] report initialized',[0m
2026-02-21T02:32:53.7889371Z [36;1m  ('[PATH] {0}' -f $reportPath),[0m
2026-02-21T02:32:53.7889675Z [36;1m  ('[INFO] REPO_ROOT={0}' -f $env:REPO_ROOT),[0m
2026-02-21T02:32:53.7890081Z [36;1m  ('[INFO] HEAD={0}' -f (git -C $env:REPO_ROOT rev-parse --short HEAD)),[0m
2026-02-21T02:32:53.7890450Z [36;1m  ''[0m
2026-02-21T02:32:53.7890618Z [36;1m)[0m
2026-02-21T02:32:53.7908927Z shell: C:\Windows\System32\WindowsPowerShell\v1.0\powershell.EXE -NoProfile -ExecutionPolicy Bypass -Command "{0}"
2026-02-21T02:32:53.7909494Z env:
2026-02-21T02:32:53.7909720Z   REPO_ROOT: C:\work\apex_repo_cache\ApexTraderAI
2026-02-21T02:32:53.7910025Z ##[endgroup]

----- FILE: actions_logs/run/4_Verify scripts directory (post-prepare).txt -----
ï»¿2026-02-21T02:32:54.1055104Z ##[group]Run $ErrorActionPreference='Stop'
2026-02-21T02:32:54.1055804Z [36;1m$ErrorActionPreference='Stop'[0m
2026-02-21T02:32:54.1056108Z [36;1m$repoRoot = $env:REPO_ROOT[0m
2026-02-21T02:32:54.1056387Z [36;1mSet-Location $repoRoot[0m
2026-02-21T02:32:54.1056787Z [36;1mWrite-Host "***"[0m
2026-02-21T02:32:54.1057075Z [36;1mWrite-Host "HEAD=$(git rev-parse --short HEAD)"[0m
2026-02-21T02:32:54.1057496Z [36;1mWrite-Host "=== workspace listing ==="[0m
2026-02-21T02:32:54.1058011Z [36;1mGet-ChildItem -Path $repoRoot | Select-Object Name, FullName | Format-Table -AutoSize[0m
2026-02-21T02:32:54.1059272Z [36;1m$scriptsDir = Join-Path $repoRoot 'scripts'[0m
2026-02-21T02:32:54.1059654Z [36;1mWrite-Host "scripts_dir=$scriptsDir"[0m
2026-02-21T02:32:54.1060259Z [36;1mif (!(Test-Path $scriptsDir)) { throw "scripts directory not found: $scriptsDir" }[0m
2026-02-21T02:32:54.1060907Z [36;1mGet-ChildItem -Path $scriptsDir | Select-Object Name, Length, LastWriteTime | Format-Table -AutoSize[0m
2026-02-21T02:32:54.1079101Z shell: C:\Windows\System32\WindowsPowerShell\v1.0\powershell.EXE -NoProfile -ExecutionPolicy Bypass -Command "{0}"
2026-02-21T02:32:54.1079692Z env:
2026-02-21T02:32:54.1079914Z   REPO_ROOT: C:\work\apex_repo_cache\ApexTraderAI
2026-02-21T02:32:54.1080349Z ##[endgroup]
2026-02-21T02:32:54.3555406Z ***
2026-02-21T02:32:54.3877652Z HEAD=7a9ad1f
2026-02-21T02:32:54.3880691Z === workspace listing ===
2026-02-21T02:32:54.3940676Z 
2026-02-21T02:32:54.3979110Z Name                                               FullName                                                            
2026-02-21T02:32:54.3979796Z ----                                               --------                                                            
2026-02-21T02:32:54.3980458Z .github                                            C:\work\apex_repo_cache\ApexTraderAI\.github                        
2026-02-21T02:32:54.3981129Z ai_core                                            C:\work\apex_repo_cache\ApexTraderAI\ai_core                        
2026-02-21T02:32:54.3981802Z archive                                            C:\work\apex_repo_cache\ApexTraderAI\archive                        
2026-02-21T02:32:54.3982485Z config                                             C:\work\apex_repo_cache\ApexTraderAI\config                         
2026-02-21T02:32:54.3983147Z data                                               C:\work\apex_repo_cache\ApexTraderAI\data                           
2026-02-21T02:32:54.3983819Z docs                                               C:\work\apex_repo_cache\ApexTraderAI\docs                           
2026-02-21T02:32:54.3984494Z engine                                             C:\work\apex_repo_cache\ApexTraderAI\engine                         
2026-02-21T02:32:54.3985167Z scripts                                            C:\work\apex_repo_cache\ApexTraderAI\scripts                        
2026-02-21T02:32:54.3985848Z specs                                              C:\work\apex_repo_cache\ApexTraderAI\specs                          
2026-02-21T02:32:54.3986530Z tools                                              C:\work\apex_repo_cache\ApexTraderAI\tools                          
2026-02-21T02:32:54.3987193Z .gitignore                                         C:\work\apex_repo_cache\ApexTraderAI\.gitignore                     
2026-02-21T02:32:54.3987876Z AGENTS.md                                          C:\work\apex_repo_cache\ApexTraderAI\AGENTS.md                      
2026-02-21T02:32:54.3988626Z auto_trader.py                                     C:\work\apex_repo_cache\ApexTraderAI\auto_trader.py                 
2026-02-21T02:32:54.3989312Z main_v0_6.py                                       C:\work\apex_repo_cache\ApexTraderAI\main_v0_6.py                   
2026-02-21T02:32:54.3989978Z README.md                                          C:\work\apex_repo_cache\ApexTraderAI\README.md                      
2026-02-21T02:32:54.3990687Z requirements.txt                                   C:\work\apex_repo_cache\ApexTraderAI\requirements.txt               
2026-02-21T02:32:54.3992995Z run_stepd_prime.py                                 C:\work\apex_repo_cache\ApexTraderAI\run_stepd_prime.py             
2026-02-21T02:32:54.3993751Z run_steps_a_f_headless.py                          C:\work\apex_repo_cache\ApexTraderAI\run_steps_a_f_headless.py      
2026-02-21T02:32:54.3996437Z run_steps_a_f_headless_safe3_lazy_import.py        C:\work\apex_repo_cache\ApexTraderAI\run_steps_a_f_headless_safe3...
2026-02-21T02:32:54.4003162Z run_steps_a_f_headless_safe4_force_stepb_agents.py C:\work\apex_repo_cache\ApexTraderAI\run_steps_a_f_headless_safe4...
2026-02-21T02:32:54.4003856Z 
2026-02-21T02:32:54.4003970Z 
2026-02-21T02:32:54.4021137Z scripts_dir=C:\work\apex_repo_cache\ApexTraderAI\scripts
2026-02-21T02:32:54.4075137Z 
2026-02-21T02:32:54.4089091Z Name                                Length LastWriteTime      
2026-02-21T02:32:54.4090099Z ----                                ------ -------------      
2026-02-21T02:32:54.4091062Z bat_config.bat                        1651 2026/02/21 10:12:46
2026-02-21T02:32:54.4091736Z copy_run_to_onedrive.bat              1072 2026/02/21 10:12:46
2026-02-21T02:32:54.4092531Z doctor.bat                            1973 2026/02/21 10:12:46
2026-02-21T02:32:54.4093357Z package_diagnostics.ps1                801 2026/02/21 10:12:46
2026-02-21T02:32:54.4094088Z package_diagnostics_to_onedrive.ps1   3248 2026/02/21 10:51:29
2026-02-21T02:32:54.4094926Z run_all_local_then_copy.bat           8749 2026/02/21 10:12:46
2026-02-21T02:32:54.4095198Z 
2026-02-21T02:32:54.4095208Z 

----- FILE: actions_logs/run/5_Debug shells.txt -----
ï»¿2026-02-21T02:32:54.4347242Z ##[group]Run echo RUNNER_OS=%RUNNER_OS%
2026-02-21T02:32:54.4347728Z [36;1mecho RUNNER_OS=%RUNNER_OS%[0m
2026-02-21T02:32:54.4347979Z [36;1mecho === powershell path ===[0m
2026-02-21T02:32:54.4348223Z [36;1mwhere powershell >nul 2>&1[0m
2026-02-21T02:32:54.4348457Z [36;1mif %ERRORLEVEL% EQU 0 ([0m
2026-02-21T02:32:54.4348674Z [36;1m  where powershell[0m
2026-02-21T02:32:54.4348916Z [36;1m) else ([0m
2026-02-21T02:32:54.4349110Z [36;1m  echo powershell_not_found[0m
2026-02-21T02:32:54.4349326Z [36;1m)[0m
2026-02-21T02:32:54.4349506Z [36;1mecho === pwsh path (optional) ===[0m
2026-02-21T02:32:54.4349764Z [36;1mwhere pwsh >nul 2>&1[0m
2026-02-21T02:32:54.4349976Z [36;1mif %ERRORLEVEL% EQU 0 ([0m
2026-02-21T02:32:54.4350196Z [36;1m  pwsh -v[0m
2026-02-21T02:32:54.4350378Z [36;1m) else ([0m
2026-02-21T02:32:54.4350569Z [36;1m  echo pwsh_not_found (OK)[0m
2026-02-21T02:32:54.4350786Z [36;1m)[0m
2026-02-21T02:32:54.4350930Z [36;1mexit /b 0[0m
2026-02-21T02:32:54.4356753Z shell: C:\Windows\system32\cmd.EXE /D /E:ON /V:OFF /S /C "CALL "{0}""
2026-02-21T02:32:54.4357113Z env:
2026-02-21T02:32:54.4357307Z   REPO_ROOT: C:\work\apex_repo_cache\ApexTraderAI
2026-02-21T02:32:54.4357608Z ##[endgroup]
2026-02-21T02:32:54.4561755Z RUNNER_OS=Windows
2026-02-21T02:32:54.4563284Z === powershell path ===
2026-02-21T02:32:54.7262990Z C:\Windows\System32\WindowsPowerShell\v1.0\powershell.exe
2026-02-21T02:32:54.7344162Z === pwsh path (optional) ===
2026-02-21T02:32:55.0275844Z pwsh_not_found (OK

----- FILE: actions_logs/run/6_Debug python environment.txt -----
ï»¿2026-02-21T02:32:55.0395279Z ##[group]Run where python
2026-02-21T02:32:55.0395608Z [36;1mwhere python[0m
2026-02-21T02:32:55.0395812Z [36;1mpython --version[0m
2026-02-21T02:32:55.0396030Z [36;1mecho RUNNER_TEMP=%RUNNER_TEMP%[0m
2026-02-21T02:32:55.0396318Z [36;1mecho GITHUB_WORKSPACE=%GITHUB_WORKSPACE%[0m
2026-02-21T02:32:55.0400416Z shell: C:\Windows\system32\cmd.EXE /D /E:ON /V:OFF /S /C "CALL "{0}""
2026-02-21T02:32:55.0400748Z env:
2026-02-21T02:32:55.0400950Z   REPO_ROOT: C:\work\apex_repo_cache\ApexTraderAI
2026-02-21T02:32:55.0401237Z ##[endgroup]
2026-02-21T02:32:55.1707264Z C:\Users\becky\AppData\Local\Programs\Python\Python310\python.exe
2026-02-21T02:32:55.1813705Z Python 3.10.6
2026-02-21T02:32:55.1825569Z RUNNER_TEMP=C:\Users\becky\OneDrive\ãƒ‡ã‚¹ã‚¯ãƒˆãƒƒãƒ—\Python\apex-trader-ai\actions-runner\_work\_temp
2026-02-21T02:32:55.1832537Z GITHUB_WORKSPACE=C:\Users\becky\OneDrive\ãƒ‡ã‚¹ã‚¯ãƒˆãƒƒãƒ—\Python\apex-trader-ai\actions-runner\_work\ApexTraderAI\ApexTraderAI

----- FILE: actions_logs/run/7_Verify required scripts.txt -----
ï»¿2026-02-21T02:32:55.1972266Z ##[group]Run $ErrorActionPreference = 'Stop'
2026-02-21T02:32:55.1973024Z [36;1m$ErrorActionPreference = 'Stop'[0m
2026-02-21T02:32:55.1973349Z [36;1mSet-Location $env:REPO_ROOT[0m
2026-02-21T02:32:55.1973572Z [36;1m[0m
2026-02-21T02:32:55.1973809Z [36;1m$reportDir = Join-Path $env:REPO_ROOT 'temp'[0m
2026-02-21T02:32:55.1974779Z [36;1m$null = New-Item -Path $reportDir -ItemType Directory -Force[0m
2026-02-21T02:32:55.1975440Z [36;1m$reportPath = Join-Path $reportDir 'ONE_TAP_ERROR_REPORT.txt'[0m
2026-02-21T02:32:55.1975818Z [36;1m[0m
2026-02-21T02:32:55.1976017Z [36;1mAdd-Content -Path $reportPath -Value @([0m
2026-02-21T02:32:55.1976404Z [36;1m  '[STEP] verify_required_scripts',[0m
2026-02-21T02:32:55.1976786Z [36;1m  ('[INFO] REPO_ROOT={0}' -f $env:REPO_ROOT),[0m
2026-02-21T02:32:55.1977271Z [36;1m  ('[INFO] GITHUB_WORKSPACE={0}' -f $env:GITHUB_WORKSPACE),[0m
2026-02-21T02:32:55.1978258Z [36;1m  ('[INFO] ***' -f $PWD),[0m
2026-02-21T02:32:55.1978488Z [36;1m  ''[0m
2026-02-21T02:32:55.1978762Z [36;1m)[0m
2026-02-21T02:32:55.1979001Z [36;1m[0m
2026-02-21T02:32:55.1979300Z [36;1mWrite-Host '=== Verify scripts directory ==='[0m
2026-02-21T02:32:55.1979833Z [36;1mWrite-Host "REPO_ROOT=$env:REPO_ROOT"[0m
2026-02-21T02:32:55.1980338Z [36;1m$headShort = git rev-parse --short HEAD 2>$null[0m
2026-02-21T02:32:55.1980773Z [36;1mif ($LASTEXITCODE -eq 0 -and $headShort) {[0m
2026-02-21T02:32:55.1981132Z [36;1m  Write-Host ("HEAD={0}" -f $headShort.Trim())[0m
2026-02-21T02:32:55.1981528Z [36;1m} else {[0m
2026-02-21T02:32:55.1981952Z [36;1m  Write-Warning 'Unable to resolve HEAD via git rev-parse --short HEAD'[0m
2026-02-21T02:32:55.1982447Z [36;1m}[0m
2026-02-21T02:32:55.1982838Z [36;1mWrite-Host 'git ls-files scripts (best effort):'[0m
2026-02-21T02:32:55.1983203Z [36;1mgit ls-files scripts 2>$null[0m
2026-02-21T02:32:55.1983531Z [36;1m$scriptsDir = Join-Path $env:REPO_ROOT 'scripts'[0m
2026-02-21T02:32:55.1983974Z [36;1mWrite-Host "scripts_dir=$scriptsDir"[0m
2026-02-21T02:32:55.1984346Z [36;1mif (Test-Path $scriptsDir) {[0m
2026-02-21T02:32:55.1985053Z [36;1m  Get-ChildItem -Path $scriptsDir | Select-Object Name, Length, LastWriteTime | Format-Table -AutoSize[0m
2026-02-21T02:32:55.1985634Z [36;1m} else {[0m
2026-02-21T02:32:55.1985936Z [36;1m  Write-Warning "scripts directory not found: $scriptsDir"[0m
2026-02-21T02:32:55.1986431Z [36;1m}[0m
2026-02-21T02:32:55.1986636Z [36;1m[0m
2026-02-21T02:32:55.1986881Z [36;1m$expected = @([0m
2026-02-21T02:32:55.1987316Z [36;1m  (Join-Path $env:REPO_ROOT 'scripts\run_all_local_then_copy.bat'),[0m
2026-02-21T02:32:55.1987974Z [36;1m  (Join-Path $env:REPO_ROOT 'scripts\package_diagnostics.ps1'),[0m
2026-02-21T02:32:55.1988535Z [36;1m  (Join-Path $env:REPO_ROOT 'scripts\package_diagnostics_to_onedrive.ps1')[0m
2026-02-21T02:32:55.1989034Z [36;1m)[0m
2026-02-21T02:32:55.1989227Z [36;1m[0m
2026-02-21T02:32:55.1989447Z [36;1m$missing = @()[0m
2026-02-21T02:32:55.1989818Z [36;1mforeach ($path in $expected) {[0m
2026-02-21T02:32:55.1990200Z [36;1m  if (Test-Path $path) {[0m
2026-02-21T02:32:55.1990452Z [36;1m    Write-Host "[FOUND] $path"[0m
2026-02-21T02:32:55.1990689Z [36;1m  } else {[0m
2026-02-21T02:32:55.1990962Z [36;1m    Write-Warning "[MISSING] $path"[0m
2026-02-21T02:32:55.2020339Z [36;1m    $missing += $path[0m
2026-02-21T02:32:55.2020687Z [36;1m  }[0m
2026-02-21T02:32:55.2020917Z [36;1m}[0m
2026-02-21T02:32:55.2021112Z [36;1m[0m
2026-02-21T02:32:55.2021342Z [36;1m$searchResults = [ordered]@{}[0m
2026-02-21T02:32:55.2022418Z [36;1mforeach ($fileName in @('run_all_local_then_copy.bat', 'package_diagnostics.ps1', 'package_diagnostics_to_onedrive.ps1')) {[0m
2026-02-21T02:32:55.2023554Z [36;1m  $hits = Get-ChildItem -Path $env:REPO_ROOT -Recurse -Filter $fileName -File -ErrorAction SilentlyContinue |[0m
2026-02-21T02:32:55.2024397Z [36;1m    Select-Object -First 5 -ExpandProperty FullName[0m
2026-02-21T02:32:55.2025045Z [36;1m  $searchResults[$fileName] = if ($hits) { $hits } else { @('(no matches)') }[0m
2026-02-21T02:32:55.2028345Z [36;1m}[0m
2026-02-21T02:32:55.2028578Z [36;1m[0m
2026-02-21T02:32:55.2028886Z [36;1mAdd-Content -Path $reportPath -Value @([0m
2026-02-21T02:32:55.2029339Z [36;1m  '## REQUIRED_SCRIPT_CHECK',[0m
2026-02-21T02:32:55.2030724Z [36;1m  ('repo_root={0}' -f $env:REPO_ROOT),[0m
2026-02-21T02:32:55.2031283Z [36;1m  ('scripts_dir_exists={0}' -f (Test-Path $scriptsDir)),[0m
2026-02-21T02:32:55.2031750Z [36;1m  ('scripts_dir={0}' -f $scriptsDir),[0m
2026-02-21T02:32:55.2032008Z [36;1m  '',[0m
2026-02-21T02:32:55.2032209Z [36;1m  '### scripts_dir_listing',[0m
2026-02-21T02:32:55.2032532Z [36;1m  $([0m
2026-02-21T02:32:55.2032787Z [36;1m    if (Test-Path $scriptsDir) {[0m
2026-02-21T02:32:55.2033382Z [36;1m      $listing = Get-ChildItem -Path $scriptsDir | Sort-Object Name | ForEach-Object {[0m
2026-02-21T02:32:55.2034140Z [36;1m        '- {0} | len={1} | mtime={2}' -f $_.Name, $_.Length, $_.LastWriteTime[0m
2026-02-21T02:32:55.2034493Z [36;1m      }[0m
2026-02-21T02:32:55.2034794Z [36;1m      if ($listing) { $listing } else { '- (empty)' }[0m
2026-02-21T02:32:55.2035184Z [36;1m    } else {[0m
2026-02-21T02:32:55.2035494Z [36;1m      '- (scripts directory missing)'[0m
2026-02-21T02:32:55.2035834Z [36;1m    }[0m
2026-02-21T02:32:55.2036129Z [36;1m  ),[0m
2026-02-21T02:32:55.2036399Z [36;1m  '',[0m
2026-02-21T02:32:55.2036576Z [36;1m  '### FOUND',[0m
2026-02-21T02:32:55.2036954Z [36;1m  ($expected | Where-Object { Test-Path $_ } | ForEach-Object { "- $_" }),[0m
2026-02-21T02:32:55.2037467Z [36;1m  '',[0m
2026-02-21T02:32:55.2037707Z [36;1m  '### MISSING',[0m
2026-02-21T02:32:55.2038202Z [36;1m  ($(if ($missing.Count -gt 0) { $missing | ForEach-Object { "- $_" } } else { '- (none)' })),[0m
2026-02-21T02:32:55.2038837Z [36;1m  '',[0m
2026-02-21T02:32:55.2039079Z [36;1m  '### recursive_search_run_all_local_then_copy.bat',[0m
2026-02-21T02:32:55.2039616Z [36;1m  ($searchResults['run_all_local_then_copy.bat'] | ForEach-Object { "- $_" }),[0m
2026-02-21T02:32:55.2040124Z [36;1m  '',[0m
2026-02-21T02:32:55.2040443Z [36;1m  '### recursive_search_package_diagnostics.ps1',[0m
2026-02-21T02:32:55.2041092Z [36;1m  ($searchResults['package_diagnostics.ps1'] | ForEach-Object { "- $_" }),[0m
2026-02-21T02:32:55.2041511Z [36;1m  '',[0m
2026-02-21T02:32:55.2041811Z [36;1m  '### recursive_search_package_diagnostics_to_onedrive.ps1',[0m
2026-02-21T02:32:55.2042526Z [36;1m  ($searchResults['package_diagnostics_to_onedrive.ps1'] | ForEach-Object { "- $_" }),[0m
2026-02-21T02:32:55.2043123Z [36;1m  '',[0m
2026-02-21T02:32:55.2043445Z [36;1m  '## NEXT_ACTION',[0m
2026-02-21T02:32:55.2043848Z [36;1m  '- Open Artifact desktop-run-* and copy ONE_TAP_ERROR_REPORT.txt'[0m
2026-02-21T02:32:55.2044255Z [36;1m)[0m
2026-02-21T02:32:55.2044514Z [36;1m[0m
2026-02-21T02:32:55.2044764Z [36;1mif ($missing.Count -gt 0) {[0m
2026-02-21T02:32:55.2045164Z [36;1m  Add-Content -Path $reportPath -Value @([0m
2026-02-21T02:32:55.2045697Z [36;1m    '[NG] verify_required_scripts',[0m
2026-02-21T02:32:55.2046131Z [36;1m    ('[NG] missing_count={0}' -f $missing.Count),[0m
2026-02-21T02:32:55.2046426Z [36;1m    ''[0m
2026-02-21T02:32:55.2046594Z [36;1m  )[0m
2026-02-21T02:32:55.2046865Z [36;1m} else {[0m
2026-02-21T02:32:55.2047177Z [36;1m  Add-Content -Path $reportPath -Value @([0m
2026-02-21T02:32:55.2047594Z [36;1m    '[OK] verify_required_scripts',[0m
2026-02-21T02:32:55.2047973Z [36;1m    ''[0m
2026-02-21T02:32:55.2048236Z [36;1m  )[0m
2026-02-21T02:32:55.2048531Z [36;1m}[0m
2026-02-21T02:32:55.2048681Z [36;1m[0m
2026-02-21T02:32:55.2048868Z [36;1mif ($missing.Count -gt 0) {[0m
2026-02-21T02:32:55.2049207Z [36;1m  Write-Host '=== Required scripts debug summary ==='[0m
2026-02-21T02:32:55.2049661Z [36;1m  Write-Host "REPO_ROOT=$env:REPO_ROOT"[0m
2026-02-21T02:32:55.2050093Z [36;1m  Write-Host "scriptsDir=$scriptsDir"[0m
2026-02-21T02:32:55.2051475Z [36;1m  if (Test-Path $scriptsDir) {[0m
2026-02-21T02:32:55.2051820Z [36;1m    Write-Host 'scriptsDir listing:'[0m
2026-02-21T02:32:55.2052497Z [36;1m    Get-ChildItem -Path $scriptsDir | Select-Object Name, Length, LastWriteTime | Format-Table -AutoSize[0m
2026-02-21T02:32:55.2053458Z [36;1m  }[0m
2026-02-21T02:32:55.2053700Z [36;1m  foreach ($fileName in $searchResults.Keys) {[0m
2026-02-21T02:32:55.2054040Z [36;1m    Write-Host "search($fileName):"[0m
2026-02-21T02:32:55.2054579Z [36;1m    $searchResults[$fileName] | ForEach-Object { Write-Host "  $_" }[0m
2026-02-21T02:32:55.2055060Z [36;1m  }[0m
2026-02-21T02:32:55.2055472Z [36;1m  $missingNames = $missing | ForEach-Object { Split-Path $_ -Leaf }[0m
2026-02-21T02:32:55.2056161Z [36;1m  throw ("Required scripts missing: {0}" -f (($missingNames | Sort-Object -Unique) -join ', '))[0m
2026-02-21T02:32:55.2056668Z [36;1m}[0m
2026-02-21T02:32:55.2083258Z shell: C:\Windows\System32\WindowsPowerShell\v1.0\powershell.EXE -NoProfile -ExecutionPolicy Bypass -Command "{0}"
2026-02-21T02:32:55.2083902Z env:
2026-02-21T02:32:55.2084189Z   REPO_ROOT: C:\work\apex_repo_cache\ApexTraderAI
2026-02-21T02:32:55.2084607Z ##[endgroup]
2026-02-21T02:32:55.4927996Z === Verify scripts directory ===
2026-02-21T02:32:55.4942541Z REPO_ROOT=C:\work\apex_repo_cache\ApexTraderAI
2026-02-21T02:32:55.5371502Z HEAD=7a9ad1f
2026-02-21T02:32:55.5373336Z git ls-files scripts (best effort):
2026-02-21T02:32:55.5638305Z scripts/bat_config.bat
2026-02-21T02:32:55.5638885Z scripts/copy_run_to_onedrive.bat
2026-02-21T02:32:55.5639185Z scripts/doctor.bat
2026-02-21T02:32:55.5639427Z scripts/package_diagnostics.ps1
2026-02-21T02:32:55.5639746Z scripts/package_diagnostics_to_onedrive.ps1
2026-02-21T02:32:55.5640069Z scripts/run_all_local_then_copy.bat
2026-02-21T02:32:55.5683737Z scripts_dir=C:\work\apex_repo_cache\ApexTraderAI\scripts
2026-02-21T02:32:55.5777025Z 
2026-02-21T02:32:55.5794600Z Name                                Length LastWriteTime      
2026-02-21T02:32:55.5795629Z ----                                ------ -------------      
2026-02-21T02:32:55.5796734Z bat_config.bat                        1651 2026/02/21 10:12:46
2026-02-21T02:32:55.5797350Z copy_run_to_onedrive.bat              1072 2026/02/21 10:12:46
2026-02-21T02:32:55.5798899Z doctor.bat                            1973 2026/02/21 10:12:46
2026-02-21T02:32:55.5799826Z package_diagnostics.ps1                801 2026/02/21 10:12:46
2026-02-21T02:32:55.5800752Z package_diagnostics_to_onedrive.ps1   3248 2026/02/21 10:51:29
2026-02-21T02:32:55.5801527Z run_all_local_then_copy.bat           8749 2026/02/21 10:12:46
2026-02-21T02:32:55.5801833Z 
2026-02-21T02:32:55.5801941Z 
2026-02-21T02:32:55.5814569Z [FOUND] C:\work\apex_repo_cache\ApexTraderAI\scripts\run_all_local_then_copy.bat
2026-02-21T02:32:55.5821568Z [FOUND] C:\work\apex_repo_cache\ApexTraderAI\scripts\package_diagnostics.ps1
2026-02-21T02:32:55.5828237Z [FOUND] C:\work\apex_repo_cache\ApexTraderAI\scripts\package_diagnostics_to_onedrive.ps1

----- FILE: actions_logs/run/8_Runner connectivity and host status.txt -----
ï»¿2026-02-21T02:32:55.6477211Z ##[group]Run Write-Host '=== Runner connectivity / host status ==='
2026-02-21T02:32:55.6477800Z [36;1mWrite-Host '=== Runner connectivity / host status ==='[0m
2026-02-21T02:32:55.6478134Z [36;1mwhoami[0m
2026-02-21T02:32:55.6478317Z [36;1mhostname[0m
2026-02-21T02:32:55.6478547Z [36;1mGet-Date -Format 'yyyy-MM-dd HH:mm:ss zzz'[0m
2026-02-21T02:32:55.6478865Z [36;1mWrite-Host "RUNNER_NAME=$env:RUNNER_NAME"[0m
2026-02-21T02:32:55.6479167Z [36;1mWrite-Host "RUNNER_OS=$env:RUNNER_OS"[0m
2026-02-21T02:32:55.6479482Z [36;1mWrite-Host "RUNNER_ARCH=$env:RUNNER_ARCH"[0m
2026-02-21T02:32:55.6479819Z [36;1mWrite-Host "GITHUB_WORKFLOW=$env:GITHUB_WORKFLOW"[0m
2026-02-21T02:32:55.6480169Z [36;1mWrite-Host "GITHUB_RUN_ID=$env:GITHUB_RUN_ID"[0m
2026-02-21T02:32:55.6480532Z [36;1mGet-Process | Where-Object { $_.Name -like '*Runner*' } |[0m
2026-02-21T02:32:55.6480912Z [36;1m  Select-Object Name, Id, StartTime |[0m
2026-02-21T02:32:55.6488358Z [36;1m  Format-Table -AutoSize[0m
2026-02-21T02:32:55.6506023Z shell: C:\Windows\System32\WindowsPowerShell\v1.0\powershell.EXE -NoProfile -ExecutionPolicy Bypass -Command "{0}"
2026-02-21T02:32:55.6506548Z env:
2026-02-21T02:32:55.6506751Z   REPO_ROOT: C:\work\apex_repo_cache\ApexTraderAI
2026-02-21T02:32:55.6507203Z ##[endgroup]
2026-02-21T02:32:55.9131514Z === Runner connectivity / host status ===
2026-02-21T02:32:55.9329237Z desktop-c54piia\becky
2026-02-21T02:32:55.9462075Z DESKTOP-C54PIIA
2026-02-21T02:32:55.9490565Z 2026-02-21 11:32:55 +09:00
2026-02-21T02:32:55.9504145Z RUNNER_NAME=DESKTOP-C54PIIA
2026-02-21T02:32:55.9507959Z RUNNER_OS=Windows
2026-02-21T02:32:55.9511798Z RUNNER_ARCH=X64
2026-02-21T02:32:55.9515467Z GITHUB_WORKFLOW=Run Desktop Pipeline
2026-02-21T02:32:55.9518911Z GITHUB_RUN_ID=22248695422
2026-02-21T02:32:55.9989288Z 
2026-02-21T02:32:56.0031076Z Name               Id StartTime          
2026-02-21T02:32:56.0031981Z ----               -- ---------          
2026-02-21T02:32:56.0032763Z Runner.Listener 12500 2026/02/21 6:39:02 
2026-02-21T02:32:56.0033634Z Runner.Worker    4548 2026/02/21 11:32:46
2026-02-21T02:32:56.0034419Z RunnerService   12440 2026/02/21 6:39:02 
2026-02-21T02:32:56.0034716Z 
2026-02-21T02:32:56.0034874Z 

----- FILE: actions_logs/run/9_Run desktop BAT.txt -----
2026-02-21T02:34:18.2928473Z 	    New File  		    4686	stepB_daily_pred_mamba_periodic_h20_SOXL_2022_02_02.csv
2026-02-21T02:34:18.2929084Z 100%  
2026-02-21T02:34:18.2929719Z 	    New File  		    4712	stepB_daily_pred_mamba_periodic_h20_SOXL_2022_02_03.csv
2026-02-21T02:34:18.2930421Z 100%  
2026-02-21T02:34:18.2931009Z 	    New File  		    4717	stepB_daily_pred_mamba_periodic_h20_SOXL_2022_02_04.csv
2026-02-21T02:34:18.2931671Z 100%  
2026-02-21T02:34:18.2932109Z 	    New File  		    4697	stepB_daily_pred_mamba_periodic_h20_SOXL_2022_02_07.csv
2026-02-21T02:34:18.2933108Z 100%  
2026-02-21T02:34:18.2935772Z 	    New File  		    4727	stepB_daily_pred_mamba_periodic_h20_SOXL_2022_02_08.csv
2026-02-21T02:34:18.2936335Z 100%  
2026-02-21T02:34:18.2938546Z 	    New File  		    4681	stepB_daily_pred_mamba_periodic_h20_SOXL_2022_02_09.csv
2026-02-21T02:34:18.2940918Z 100%  
2026-02-21T02:34:18.2943586Z 	    New File  		    4689	stepB_daily_pred_mamba_periodic_h20_SOXL_2022_02_10.csv
2026-02-21T02:34:18.2945770Z 100%  
2026-02-21T02:34:18.2948667Z 	    New File  		    4703	stepB_daily_pred_mamba_periodic_h20_SOXL_2022_02_11.csv
2026-02-21T02:34:18.2951130Z 100%  
2026-02-21T02:34:18.2952305Z 	    New File  		    4680	stepB_daily_pred_mamba_periodic_h20_SOXL_2022_02_14.csv
2026-02-21T02:34:18.2953561Z 100%  
2026-02-21T02:34:18.2954608Z 	    New File  		    4662	stepB_daily_pred_mamba_periodic_h20_SOXL_2022_02_15.csv
2026-02-21T02:34:18.2955802Z 100%  
2026-02-21T02:34:18.2956912Z 	    New File  		    4704	stepB_daily_pred_mamba_periodic_h20_SOXL_2022_02_16.csv
2026-02-21T02:34:18.2957649Z 100%  
2026-02-21T02:34:18.2958095Z 	    New File  		    4706	stepB_daily_pred_mamba_periodic_h20_SOXL_2022_02_17.csv
2026-02-21T02:34:18.2958542Z 100%  
2026-02-21T02:34:18.2958971Z 	    New File  		    4698	stepB_daily_pred_mamba_periodic_h20_SOXL_2022_02_18.csv
2026-02-21T02:34:18.2959408Z 100%  
2026-02-21T02:34:18.2960010Z 	    New File  		    4682	stepB_daily_pred_mamba_periodic_h20_SOXL_2022_02_22.csv
2026-02-21T02:34:18.2960632Z 100%  
2026-02-21T02:34:18.2961146Z 	    New File  		    4699	stepB_daily_pred_mamba_periodic_h20_SOXL_2022_02_23.csv
2026-02-21T02:34:18.2961559Z 100%  
2026-02-21T02:34:18.2961919Z 	    New File  		    4697	stepB_daily_pred_mamba_periodic_h20_SOXL_2022_02_24.csv
2026-02-21T02:34:18.2962406Z 100%  
2026-02-21T02:34:18.2962869Z 	    New File  		    4719	stepB_daily_pred_mamba_periodic_h20_SOXL_2022_02_25.csv
2026-02-21T02:34:18.2963523Z 100%  
2026-02-21T02:34:18.2964143Z 	    New File  		    4663	stepB_daily_pred_mamba_periodic_h20_SOXL_2022_02_28.csv
2026-02-21T02:34:18.2965437Z 100%  
2026-02-21T02:34:18.2967969Z 	    New File  		    4673	stepB_daily_pred_mamba_periodic_h20_SOXL_2022_03_01.csv
2026-02-21T02:34:18.2970504Z 100%  
2026-02-21T02:34:18.2972993Z 	    New File  		    4710	stepB_daily_pred_mamba_periodic_h20_SOXL_2022_03_02.csv
2026-02-21T02:34:18.2975320Z 100%  
2026-02-21T02:34:18.2975769Z 	    New File  		    4683	stepB_daily_pred_mamba_periodic_h20_SOXL_2022_03_03.csv
2026-02-21T02:34:18.2981025Z 100%  
2026-02-21T02:34:18.2982116Z 	    New File  		    4689	stepB_daily_pred_mamba_periodic_h20_SOXL_2022_03_04.csv
2026-02-21T02:34:18.2983150Z 100%  
2026-02-21T02:34:18.2983928Z 	    New File  		    4680	stepB_daily_pred_mamba_periodic_h20_SOXL_2022_03_07.csv
2026-02-21T02:34:18.2985036Z 100%  
2026-02-21T02:34:18.2986076Z 	    New File  		    4651	stepB_daily_pred_mamba_periodic_h20_SOXL_2022_03_08.csv
2026-02-21T02:34:18.2987208Z 100%  
2026-02-21T02:34:18.2988272Z 	    New File  		    4660	stepB_daily_pred_mamba_periodic_h20_SOXL_2022_03_09.csv
2026-02-21T02:34:18.2989475Z 100%  
2026-02-21T02:34:18.2990675Z 	    New File  		    4416	stepB_daily_pred_mamba_periodic_h20_SOXL_2022_03_10.csv
2026-02-21T02:34:18.2991765Z 100%  
2026-02-21T02:34:18.2992688Z 	    New File  		    4678	stepB_daily_pred_mamba_periodic_h20_SOXL_2022_03_11.csv
2026-02-21T02:34:18.2993897Z 100%  
2026-02-21T02:34:18.2994948Z 	    New File  		    4680	stepB_daily_pred_mamba_periodic_h20_SOXL_2022_03_14.csv
2026-02-21T02:34:18.2997680Z 100%  
2026-02-21T02:34:18.2998696Z 	    New File  		    4701	stepB_daily_pred_mamba_periodic_h20_SOXL_2022_03_15.csv
2026-02-21T02:34:18.3000017Z 100%  
2026-02-21T02:34:18.3001153Z 	    New File  		    4668	stepB_daily_pred_mamba_periodic_h20_SOXL_2022_03_16.csv
2026-02-21T02:34:18.3002494Z 100%  
2026-02-21T02:34:18.3003710Z 	    New File  		    4662	stepB_daily_pred_mamba_periodic_h20_SOXL_2022_03_17.csv
2026-02-21T02:34:18.3005099Z 100%  
2026-02-21T02:34:18.3006268Z 	    New File  		    4654	stepB_daily_pred_mamba_periodic_h20_SOXL_2022_03_18.csv
2026-02-21T02:34:18.3007401Z 100%  
2026-02-21T02:34:18.3008503Z 	    New File  		    4402	stepB_daily_pred_mamba_periodic_h20_SOXL_2022_03_21.csv
2026-02-21T02:34:18.3009602Z 100%  
2026-02-21T02:34:18.3010810Z 	    New File  		    4656	stepB_daily_pred_mamba_periodic_h20_SOXL_2022_03_22.csv
2026-02-21T02:34:18.3012042Z 100%  
2026-02-21T02:34:18.3013150Z 	    New File  		    4699	stepB_daily_pred_mamba_periodic_h20_SOXL_2022_03_23.csv
2026-02-21T02:34:18.3014172Z 100%  
2026-02-21T02:34:18.3014599Z 	    New File  		    4669	stepB_daily_pred_mamba_periodic_h20_SOXL_2022_03_24.csv
2026-02-21T02:34:18.3015135Z 100%  
2026-02-21T02:34:18.3015782Z 	    New File  		    4647	stepB_daily_pred_mamba_periodic_h20_SOXL_2022_03_25.csv
2026-02-21T02:34:18.3016264Z 100%  
2026-02-21T02:34:18.3016635Z 	    New File  		    4695	stepB_daily_pred_mamba_periodic_h20_SOXL_2022_03_28.csv
2026-02-21T02:34:18.3017033Z 100%  
2026-02-21T02:34:18.3017757Z 	    New File  		    4661	stepB_daily_pred_mamba_periodic_h20_SOXL_2022_03_29.csv
2026-02-21T02:34:18.3018243Z 100%  
2026-02-21T02:34:18.3018588Z 	    New File  		    4687	stepB_daily_pred_mamba_periodic_h20_SOXL_2022_03_30.csv
2026-02-21T02:34:18.3019047Z 100%  
2026-02-21T02:34:18.3019427Z 	    New File  		    4676	stepB_daily_pred_mamba_periodic_h20_SOXL_2022_03_31.csv
2026-02-21T02:34:18.3020207Z 100%  
2026-02-21T02:34:18.3020711Z 	  New Dir          5	C:\work\apex_work\runs\20260221_113256\output\stepB\sim\models\
2026-02-21T02:34:18.3021201Z 	    New File  		  222831	mamba_h01.pt
2026-02-21T02:34:18.3021489Z  58%  
2026-02-21T02:34:18.3021662Z 100%  
2026-02-21T02:34:18.3021891Z 	    New File  		  224367	mamba_h05.pt
2026-02-21T02:34:18.3022367Z  58%  
2026-02-21T02:34:18.3022723Z 100%  
2026-02-21T02:34:18.3023098Z 	    New File  		  226287	mamba_h10.pt
2026-02-21T02:34:18.3023367Z  57%  
2026-02-21T02:34:18.3023535Z 100%  
2026-02-21T02:34:18.3023743Z 	    New File  		  230191	mamba_h20.pt
2026-02-21T02:34:18.3023994Z  56%  
2026-02-21T02:34:18.3024157Z 100%  
2026-02-21T02:34:18.3024402Z 	    New File  		  211858	mamba_periodic_h20.pt
2026-02-21T02:34:18.3024731Z  61%  
2026-02-21T02:34:18.3024937Z 100%  
2026-02-21T02:34:18.3025096Z 
2026-02-21T02:34:18.3025385Z ------------------------------------------------------------------------------
2026-02-21T02:34:18.3025736Z 
2026-02-21T02:34:18.3025995Z                Total    Copied   Skipped  Mismatch    FAILED    Extras
2026-02-21T02:34:18.3026662Z     Dirs :         9         9         0         0         0         0
2026-02-21T02:34:18.3027115Z    Files :       708       708         0         0         0         0
2026-02-21T02:34:18.3027674Z    Bytes :    7.55 m    7.55 m         0         0         0         0
2026-02-21T02:34:18.3028193Z    Times :   0:00:00   0:00:00                       0:00:00   0:00:00
2026-02-21T02:34:18.3028432Z 
2026-02-21T02:34:18.3028438Z 
2026-02-21T02:34:18.3028584Z    Speed :            17452878 Bytes/sec.
2026-02-21T02:34:18.3028916Z    Speed :             998.661 MegaBytes/min.
2026-02-21T02:34:18.3029251Z    Ended : 2026èŸ·ï½´2è­›ãƒ»1è­Œï½¥ 11:34:17
2026-02-21T02:34:18.3029409Z 
2026-02-21T02:34:18.3029495Z [RC] 
2026-02-21T02:34:18.3029582Z 
2026-02-21T02:34:18.3030226Z [CMD] robocopy "C:\work\apex_work\runs\20260221_113256\logs" "C:\Users\becky\OneDrive\ApexTraderAI\runs\20260221_113256\logs" /E /Z /R:2 /W:2
2026-02-21T02:34:18.3030834Z 
2026-02-21T02:34:18.3031701Z -------------------------------------------------------------------------------
2026-02-21T02:34:18.3045511Z    ROBOCOPY     ::     Robust File Copy for Windows                              
2026-02-21T02:34:18.3046252Z -------------------------------------------------------------------------------
2026-02-21T02:34:18.3046573Z 
2026-02-21T02:34:18.3046764Z   Started : 2026èŸ·ï½´2è­›ãƒ»1è­Œï½¥ 11:34:17
2026-02-21T02:34:18.3047179Z    Source : C:\work\apex_work\runs\20260221_113256\logs\
2026-02-21T02:34:18.3048014Z      Dest : C:\Users\becky\OneDrive\ApexTraderAI\runs\20260221_113256\logs\
2026-02-21T02:34:18.3048469Z 
2026-02-21T02:34:18.3048643Z     Files : *.*
2026-02-21T02:34:18.3048839Z 	    
2026-02-21T02:34:18.3049173Z   Options : *.* /S /E /DCOPY:DA /COPY:DAT /Z /R:2 /W:2 
2026-02-21T02:34:18.3049415Z 
2026-02-21T02:34:18.3049706Z ------------------------------------------------------------------------------
2026-02-21T02:34:18.3050004Z 
2026-02-21T02:34:18.3050532Z 	  New Dir          1	C:\work\apex_work\runs\20260221_113256\logs\
2026-02-21T02:34:18.3051138Z 	    New File  		   61514	run_20260221_113256.log
2026-02-21T02:34:18.3051488Z 100%  
2026-02-21T02:34:18.3051590Z 
2026-02-21T02:34:18.3051835Z ------------------------------------------------------------------------------
2026-02-21T02:34:18.3052164Z 
2026-02-21T02:34:18.3052416Z                Total    Copied   Skipped  Mismatch    FAILED    Extras
2026-02-21T02:34:18.3053009Z     Dirs :         1         1         0         0         0         0
2026-02-21T02:34:18.3053525Z    Files :         1         1         0         0         0         0
2026-02-21T02:34:18.3054003Z    Bytes :    60.0 k    60.0 k         0         0         0         0
2026-02-21T02:34:18.3054511Z    Times :   0:00:00   0:00:00                       0:00:00   0:00:00
2026-02-21T02:34:18.3054788Z 
2026-02-21T02:34:18.3054793Z 
2026-02-21T02:34:18.3054944Z    Speed :            61514000 Bytes/sec.
2026-02-21T02:34:18.3055398Z    Speed :            3519.859 MegaBytes/min.
2026-02-21T02:34:18.3055809Z    Ended : 2026èŸ·ï½´2è­›ãƒ»1è­Œï½¥ 11:34:17
2026-02-21T02:34:18.3056054Z 
2026-02-21T02:34:18.3056150Z [RC] 
2026-02-21T02:34:18.3056239Z 
2026-02-21T02:34:18.3056825Z [CMD] robocopy "C:\work\apex_work\runs\20260221_113256" "C:\Users\becky\OneDrive\ApexTraderAI\runs\20260221_113256" run_20260221_113256.zip /R:2 /W:2
2026-02-21T02:34:18.3057366Z 
2026-02-21T02:34:18.3057602Z -------------------------------------------------------------------------------
2026-02-21T02:34:18.3058665Z    ROBOCOPY     ::     Robust File Copy for Windows                              
2026-02-21T02:34:18.3059187Z -------------------------------------------------------------------------------
2026-02-21T02:34:18.3059513Z 
2026-02-21T02:34:18.3059736Z   Started : 2026èŸ·ï½´2è­›ãƒ»1è­Œï½¥ 11:34:17
2026-02-21T02:34:18.3060652Z    Source : C:\work\apex_work\runs\20260221_113256\
2026-02-21T02:34:18.3061221Z      Dest : C:\Users\becky\OneDrive\ApexTraderAI\runs\20260221_113256\
2026-02-21T02:34:18.3061824Z 
2026-02-21T02:34:18.3061980Z     Files : run_20260221_113256.zip
2026-02-21T02:34:18.3062258Z 	    
2026-02-21T02:34:18.3062504Z   Options : /DCOPY:DA /COPY:DAT /R:2 /W:2 
2026-02-21T02:34:18.3062690Z 
2026-02-21T02:34:18.3063023Z ------------------------------------------------------------------------------
2026-02-21T02:34:18.3063440Z 
2026-02-21T02:34:18.3063656Z 	                   1	C:\work\apex_work\runs\20260221_113256\
2026-02-21T02:34:18.3064035Z 	    New File  		   3.1 m	run_20260221_113256.zip
2026-02-21T02:34:18.3064323Z  15%  
2026-02-21T02:34:18.3064497Z  31%  
2026-02-21T02:34:18.3064660Z  47%  
2026-02-21T02:34:18.3064830Z  63%  
2026-02-21T02:34:18.3064997Z  78%  
2026-02-21T02:34:18.3065167Z  94%  
2026-02-21T02:34:18.3075743Z 100%  
2026-02-21T02:34:18.3076376Z 
2026-02-21T02:34:18.3077218Z ------------------------------------------------------------------------------
2026-02-21T02:34:18.3078153Z 
2026-02-21T02:34:18.3078781Z                Total    Copied   Skipped  Mismatch    FAILED    Extras
2026-02-21T02:34:18.3080725Z     Dirs :         1         0         1         0         0         0
2026-02-21T02:34:18.3081860Z    Files :         1         1         0         0         0         0
2026-02-21T02:34:18.3083121Z    Bytes :    3.17 m    3.17 m         0         0         0         0
2026-02-21T02:34:18.3084409Z    Times :   0:00:00   0:00:00                       0:00:00   0:00:00
2026-02-21T02:34:18.3084723Z 
2026-02-21T02:34:18.3084735Z 
2026-02-21T02:34:18.3085122Z    Speed :           3324798000 Bytes/sec.
2026-02-21T02:34:18.3085834Z    Speed :           190246.467 MegaBytes/min.
2026-02-21T02:34:18.3086472Z    Ended : 2026èŸ·ï½´2è­›ãƒ»1è­Œï½¥ 11:34:17
2026-02-21T02:34:18.3086763Z 
2026-02-21T02:34:18.3086916Z [RC] 
2026-02-21T02:34:18.3087085Z 
2026-02-21T02:34:18.3087523Z [CMD] mkdir "C:\Users\becky\OneDrive\ApexTraderAI\repo_snapshots"
2026-02-21T02:34:18.3088636Z A subdirectory or file C:\Users\becky\OneDrive\ApexTraderAI\repo_snapshots already exists.
2026-02-21T02:34:18.3089404Z [RC] 
2026-02-21T02:34:18.3089791Z [FAILED] command=mkdir "C:\Users\becky\OneDrive\ApexTraderAI\repo_snapshots"
2026-02-21T02:34:18.3090204Z [FAILED] exit_code=
2026-02-21T02:34:18.3090471Z [FAILED] run_id=20260221_113256
2026-02-21T02:34:18.3090932Z [FAILED] log=C:\work\apex_work\runs\20260221_113256\logs\run_20260221_113256.log
2026-02-21T02:34:18.3091264Z 
2026-02-21T02:34:18.3091270Z 
2026-02-21T02:34:18.3239945Z ##[error]Process completed with exit code 1.

----- FILE: actions_logs/run/system.txt -----
2026-02-21T02:32:42.6140000Z Requested labels: self-hosted, windows
2026-02-21T02:32:42.6140000Z Job defined at: toki866/ApexTraderAI/.github/workflows/run_desktop_pipeline.yml@refs/heads/main
2026-02-21T02:32:42.6140000Z Waiting for a runner to pick up this job...
2026-02-21T02:32:42.6120000Z Evaluating run.if
2026-02-21T02:32:42.6120000Z Evaluating: success()
2026-02-21T02:32:42.6120000Z Result: true
2026-02-21T02:32:43.1120000Z Job is about to start running on the runner: DESKTOP-C54PIIA
