Run: https://github.com/toki866/ApexTraderAI/actions/runs/22248308415
SHA: 0ada14af01dfe925e090253c143c0dcdc6b974c1
Attempt: 1
Conclusion: failure

==== TAILS (each file last 200 lines) ====

----- FILE: actions_logs/0_run.txt -----
2026-02-21T02:09:08.8659184Z [36;1m$oneTapDest = Join-Path $runFolder 'ONE_TAP_ERROR_REPORT.txt'[0m
2026-02-21T02:09:08.8659543Z [36;1mif (Test-Path $oneTapSource) {[0m
2026-02-21T02:09:08.8659898Z [36;1m  Copy-Item -Path $oneTapSource -Destination $oneTapDest -Force[0m
2026-02-21T02:09:08.8660295Z [36;1m} else {[0m
2026-02-21T02:09:08.8660498Z [36;1m  @([0m
2026-02-21T02:09:08.8660811Z [36;1m    '[WARN] ONE_TAP_ERROR_REPORT.txt was not found in workspace temp.',[0m
2026-02-21T02:09:08.8661280Z [36;1m    ('timestamp={0}' -f (Get-Date -Format 'yyyy-MM-dd HH:mm:ss zzz')),[0m
2026-02-21T02:09:08.8661649Z [36;1m    ('repo=toki866/ApexTraderAI'),[0m
2026-02-21T02:09:08.8661908Z [36;1m    ('run_id=22248308415'),[0m
2026-02-21T02:09:08.8662136Z [36;1m    ('run_attempt=1')[0m
2026-02-21T02:09:08.8662409Z [36;1m  ) | Set-Content -Path $oneTapDest -Encoding UTF8[0m
2026-02-21T02:09:08.8662743Z [36;1m}[0m
2026-02-21T02:09:08.8662935Z [36;1m[0m
2026-02-21T02:09:08.8663159Z [36;1m$latestMdPath = Join-Path $runsDir 'LATEST.md'[0m
2026-02-21T02:09:08.8663436Z [36;1m@([0m
2026-02-21T02:09:08.8663607Z [36;1m  '# Latest ONE_TAP report',[0m
2026-02-21T02:09:08.8663831Z [36;1m  '',[0m
2026-02-21T02:09:08.8664002Z [36;1m  "- folder: $runFolderName",[0m
2026-02-21T02:09:08.8664329Z [36;1m  "- report: ./runs/$runFolderName/ONE_TAP_ERROR_REPORT.txt"[0m
2026-02-21T02:09:08.8664758Z [36;1m) -join "`r`n" | Set-Content -Path $latestMdPath -Encoding UTF8[0m
2026-02-21T02:09:08.8665139Z [36;1m[0m
2026-02-21T02:09:08.8665344Z [36;1mgit add runs[0m
2026-02-21T02:09:08.8665560Z [36;1mif (git diff --cached --quiet) {[0m
2026-02-21T02:09:08.8667324Z [36;1m  Write-Host 'No diagnostics changes to commit.'[0m
2026-02-21T02:09:08.8667754Z [36;1m  exit 0[0m
2026-02-21T02:09:08.8667922Z [36;1m}[0m
2026-02-21T02:09:08.8668074Z [36;1m[0m
2026-02-21T02:09:08.8668309Z [36;1mgit commit -m "diag: add one_tap report $runFolderName"[0m
2026-02-21T02:09:08.8668646Z [36;1mgit push origin diag-logs[0m
2026-02-21T02:09:08.8668888Z [36;1mif ($LASTEXITCODE -ne 0) {[0m
2026-02-21T02:09:08.8669240Z [36;1m  Write-Warning 'Failed to push ONE_TAP report to diag-logs branch.'[0m
2026-02-21T02:09:08.8669857Z [36;1m  Write-Warning 'Enable Settings > Actions > Workflow permissions: Read and write permissions'[0m
2026-02-21T02:09:08.8670576Z [36;1m  exit $LASTEXITCODE[0m
2026-02-21T02:09:08.8670779Z [36;1m}[0m
2026-02-21T02:09:08.8689074Z shell: C:\Windows\System32\WindowsPowerShell\v1.0\powershell.EXE -NoProfile -ExecutionPolicy Bypass -Command "{0}"
2026-02-21T02:09:08.8689683Z env:
2026-02-21T02:09:08.8689896Z   REPO_ROOT: C:\work\apex_repo_cache\ApexTraderAI
2026-02-21T02:09:08.8690190Z ##[endgroup]
2026-02-21T02:09:09.1590766Z Initialized empty Git repository in C:/Users/becky/OneDrive/ãƒ‡ã‚¹ã‚¯ãƒˆãƒƒãƒ—/Python/apex-trader-ai/actions-runner/_work/_temp/diag_repo/.git/
2026-02-21T02:09:10.6016399Z git : fatal: couldn't find remote ref diag-logs
2026-02-21T02:09:10.6020997Z At C:\Users\becky\OneDrive\ãƒ‡ã‚¹ã‚¯ãƒˆãƒƒãƒ—\Python\apex-trader-ai\actions-runner\_work\_temp\dadf023b-36b6-47b0-810b-b57d797b5c1f
2026-02-21T02:09:10.6023431Z .ps1:14 char:1
2026-02-21T02:09:10.6023708Z + git fetch origin diag-logs --depth 1 2>$null
2026-02-21T02:09:10.6025937Z + ~~~~~~~~~~~~~~~~~~~~~~~~~~~~~~~~~~~~~~~~~~~~
2026-02-21T02:09:10.6028410Z     + CategoryInfo          : NotSpecified: (fatal: couldn't...e ref diag-logs:String) [], RemoteException
2026-02-21T02:09:10.6030841Z     + FullyQualifiedErrorId : NativeCommandError
2026-02-21T02:09:10.6033019Z  
2026-02-21T02:09:10.6125722Z ##[error]Process completed with exit code 1.
2026-02-21T02:09:10.6360573Z ##[group]Run $ErrorActionPreference = 'Stop'
2026-02-21T02:09:10.6361828Z [36;1m$ErrorActionPreference = 'Stop'[0m
2026-02-21T02:09:10.6362666Z [36;1m[0m
2026-02-21T02:09:10.6363165Z [36;1mfunction Mask-Secrets {[0m
2026-02-21T02:09:10.6363500Z [36;1m  param([string]$Text)[0m
2026-02-21T02:09:10.6363801Z [36;1m[0m
2026-02-21T02:09:10.6364088Z [36;1m  if ([string]::IsNullOrEmpty($Text)) { return $Text }[0m
2026-02-21T02:09:10.6364495Z [36;1m[0m
2026-02-21T02:09:10.6364696Z [36;1m  $masked = $Text[0m
2026-02-21T02:09:10.6365297Z [36;1m  $masked = [regex]::Replace($masked, 'github_pat_[A-Za-z0-9_]{20,}', 'github_pat_***MASKED***')[0m
2026-02-21T02:09:10.6366358Z [36;1m  $masked = [regex]::Replace($masked, 'gh[pousr]_[A-Za-z0-9_]{20,}', 'gh***_***MASKED***')[0m
2026-02-21T02:09:10.6367229Z [36;1m  $masked = [regex]::Replace($masked, '(?im)\b(token|password|secret)\b\s*[:=]\s*\S+', '$1=***MASKED***')[0m
2026-02-21T02:09:10.6368080Z [36;1m  return $masked[0m
2026-02-21T02:09:10.6368310Z [36;1m}[0m
2026-02-21T02:09:10.6368493Z [36;1m[0m
2026-02-21T02:09:10.6368723Z [36;1mfunction Get-MaskedTail {[0m
2026-02-21T02:09:10.6369038Z [36;1m  param([0m
2026-02-21T02:09:10.6369284Z [36;1m    [string]$Path,[0m
2026-02-21T02:09:10.6369553Z [36;1m    [int]$Tail = 200[0m
2026-02-21T02:09:10.6369813Z [36;1m  )[0m
2026-02-21T02:09:10.6370090Z [36;1m[0m
2026-02-21T02:09:10.6370428Z [36;1m  if (-not (Test-Path $Path)) { return "(not found) $Path" }[0m
2026-02-21T02:09:10.6370978Z [36;1m  $raw = (Get-Content -Path $Path -Tail $Tail -ErrorAction SilentlyContinue) -join "`r`n"[0m
2026-02-21T02:09:10.6371555Z [36;1m  return (Mask-Secrets -Text $raw)[0m
2026-02-21T02:09:10.6371903Z [36;1m}[0m
2026-02-21T02:09:10.6372263Z [36;1m[0m
2026-02-21T02:09:10.6372595Z [36;1m$diagOut = Join-Path $env:RUNNER_TEMP 'diag_out'[0m
2026-02-21T02:09:10.6373102Z [36;1m$null = New-Item -Path $diagOut -ItemType Directory -Force[0m
2026-02-21T02:09:10.6373495Z [36;1m[0m
2026-02-21T02:09:10.6373721Z [36;1m$ws = $env:GITHUB_WORKSPACE[0m
2026-02-21T02:09:10.6374159Z [36;1m$runnerRoot = (Resolve-Path (Join-Path $ws '..\..\..')).Path[0m
2026-02-21T02:09:10.6374665Z [36;1m$runnerDiag = Join-Path $runnerRoot '_diag'[0m
2026-02-21T02:09:10.6375112Z [36;1m$runId = '22248308415'[0m
2026-02-21T02:09:10.6375392Z [36;1m$runAttempt = '1'[0m
2026-02-21T02:09:10.6375673Z [36;1m$sha = '0ada14af01dfe925e090253c143c0dcdc6b974c1'[0m
2026-02-21T02:09:10.6376053Z [36;1m$branch = 'main'[0m
2026-02-21T02:09:10.6376351Z [36;1m$repo = 'toki866/ApexTraderAI'[0m
2026-02-21T02:09:10.6376770Z [36;1m$artifactName = "diag_full_${runId}_${runAttempt}"[0m
2026-02-21T02:09:10.6377573Z [36;1m[0m
2026-02-21T02:09:10.6377901Z [36;1m$latestRunnerLog = $null[0m
2026-02-21T02:09:10.6378129Z [36;1m$latestWorkerLog = $null[0m
2026-02-21T02:09:10.6378410Z [36;1mif (Test-Path $runnerDiag) {[0m
2026-02-21T02:09:10.6379392Z [36;1m  $latestRunnerLog = Get-ChildItem -Path $runnerDiag -Filter 'Runner_*.log' -File -ErrorAction SilentlyContinue | Sort-Object LastWriteTime -Descending | Select-Object -First 1[0m
2026-02-21T02:09:10.6380881Z [36;1m  $latestWorkerLog = Get-ChildItem -Path $runnerDiag -Filter 'Worker_*.log' -File -ErrorAction SilentlyContinue | Sort-Object LastWriteTime -Descending | Select-Object -First 1[0m
2026-02-21T02:09:10.6381821Z [36;1m}[0m
2026-02-21T02:09:10.6382046Z [36;1m[0m
2026-02-21T02:09:10.6382519Z [36;1m$workflowLog = Join-Path $env:RUNNER_TEMP 'run_all_local_then_copy_console.log'[0m
2026-02-21T02:09:10.6383099Z [36;1m$runLogPath = 'C:\work\apex_work\runs\20260221_110728\logs\run_20260221_110728.log'[0m
2026-02-21T02:09:10.6383757Z [36;1m$stepSummaryGlob = Join-Path $env:RUNNER_TEMP 'step_summary_*'[0m
2026-02-21T02:09:10.6384490Z [36;1m$oneTapReportWorkspace = Join-Path $env:GITHUB_WORKSPACE 'temp\ONE_TAP_ERROR_REPORT.txt'[0m
2026-02-21T02:09:10.6385039Z [36;1m[0m
2026-02-21T02:09:10.6387925Z [36;1mif ($latestRunnerLog) { Copy-Item -Path $latestRunnerLog.FullName -Destination (Join-Path $diagOut $latestRunnerLog.Name) -Force }[0m
2026-02-21T02:09:10.6389202Z [36;1mif ($latestWorkerLog) { Copy-Item -Path $latestWorkerLog.FullName -Destination (Join-Path $diagOut $latestWorkerLog.Name) -Force }[0m
2026-02-21T02:09:10.6390267Z [36;1mif (Test-Path $workflowLog) { Copy-Item -Path $workflowLog -Destination (Join-Path $diagOut 'workflow_console.log') -Force }[0m
2026-02-21T02:09:10.6391480Z [36;1mif ($runLogPath -and (Test-Path $runLogPath)) { Copy-Item -Path $runLogPath -Destination (Join-Path $diagOut (Split-Path $runLogPath -Leaf)) -Force }[0m
2026-02-21T02:09:10.6392739Z [36;1mif (Test-Path $oneTapReportWorkspace) { Copy-Item -Path $oneTapReportWorkspace -Destination (Join-Path $diagOut 'ONE_TAP_ERROR_REPORT.txt') -Force }[0m
2026-02-21T02:09:10.6393872Z [36;1mGet-ChildItem -Path $stepSummaryGlob -File -ErrorAction SilentlyContinue | ForEach-Object {[0m
2026-02-21T02:09:10.6394659Z [36;1m  Copy-Item -Path $_.FullName -Destination (Join-Path $diagOut $_.Name) -Force[0m
2026-02-21T02:09:10.6395094Z [36;1m}[0m
2026-02-21T02:09:10.6395291Z [36;1m[0m
2026-02-21T02:09:10.6395540Z [36;1mforeach ($subDir in @('pages', 'blocks')) {[0m
2026-02-21T02:09:10.6395932Z [36;1m  $src = Join-Path $runnerDiag $subDir[0m
2026-02-21T02:09:10.6396289Z [36;1m  if (Test-Path $src) {[0m
2026-02-21T02:09:10.6396854Z [36;1m    Copy-Item -Path $src -Destination (Join-Path $diagOut $subDir) -Recurse -Force[0m
2026-02-21T02:09:10.6397255Z [36;1m  }[0m
2026-02-21T02:09:10.6397448Z [36;1m}[0m
2026-02-21T02:09:10.6397640Z [36;1m[0m
2026-02-21T02:09:10.6398421Z [36;1m$runnerTailText = if ($latestRunnerLog) { Get-MaskedTail -Path $latestRunnerLog.FullName -Tail 200 } else { '(runner diag not found)' }[0m
2026-02-21T02:09:10.6399610Z [36;1m$workflowTailText = if (Test-Path $workflowLog) { Get-MaskedTail -Path $workflowLog -Tail 200 } else { '(workflow log not found)' }[0m
2026-02-21T02:09:10.6400263Z [36;1m[0m
2026-02-21T02:09:10.6400526Z [36;1m$summaryPath = Join-Path $diagOut 'summary.md'[0m
2026-02-21T02:09:10.6400882Z [36;1m$summary = @([0m
2026-02-21T02:09:10.6401130Z [36;1m  '# Diagnostics Summary',[0m
2026-02-21T02:09:10.6401487Z [36;1m  '',[0m
2026-02-21T02:09:10.6401716Z [36;1m  "- repo: $repo",[0m
2026-02-21T02:09:10.6401915Z [36;1m  "- branch: $branch",[0m
2026-02-21T02:09:10.6402295Z [36;1m  "- sha: $sha",[0m
2026-02-21T02:09:10.6402546Z [36;1m  "- run_id: $runId",[0m
2026-02-21T02:09:10.6402828Z [36;1m  "- attempt: $runAttempt",[0m
2026-02-21T02:09:10.6403158Z [36;1m  "- failing_step: $env:FAILING_STEP",[0m
2026-02-21T02:09:10.6403519Z [36;1m  "- artifact_name: $artifactName",[0m
2026-02-21T02:09:10.6404267Z [36;1m  '- one_tap_report: See ONE_TAP_ERROR_REPORT.txt',[0m
2026-02-21T02:09:10.6404558Z [36;1m  '',[0m
2026-02-21T02:09:10.6404791Z [36;1m  '## runner_diag_tail (last 200 lines)',[0m
2026-02-21T02:09:10.6405116Z [36;1m  '```text',[0m
2026-02-21T02:09:10.6405390Z [36;1m  $runnerTailText,[0m
2026-02-21T02:09:10.6405650Z [36;1m  '```',[0m
2026-02-21T02:09:10.6405852Z [36;1m  '',[0m
2026-02-21T02:09:10.6406129Z [36;1m  '## workflow_tail (last 200 lines)',[0m
2026-02-21T02:09:10.6406525Z [36;1m  '```text',[0m
2026-02-21T02:09:10.6406712Z [36;1m  $workflowTailText,[0m
2026-02-21T02:09:10.6406917Z [36;1m  '```'[0m
2026-02-21T02:09:10.6407112Z [36;1m) -join "`r`n"[0m
2026-02-21T02:09:10.6407411Z [36;1m$summary = Mask-Secrets -Text $summary[0m
2026-02-21T02:09:10.6407874Z [36;1mSet-Content -Path $summaryPath -Value $summary -Encoding UTF8[0m
2026-02-21T02:09:10.6408310Z [36;1m[0m
2026-02-21T02:09:10.6408683Z [36;1m$runnerTailPath = Join-Path $diagOut 'runner_diag_tail.txt'[0m
2026-02-21T02:09:10.6409235Z [36;1mSet-Content -Path $runnerTailPath -Value $runnerTailText -Encoding UTF8[0m
2026-02-21T02:09:10.6409811Z [36;1m$workflowTailPath = Join-Path $diagOut 'workflow_tail.txt'[0m
2026-02-21T02:09:10.6411345Z [36;1mSet-Content -Path $workflowTailPath -Value $workflowTailText -Encoding UTF8[0m
2026-02-21T02:09:10.6411777Z [36;1m[0m
2026-02-21T02:09:10.6412111Z [36;1m$fullZip = Join-Path $env:RUNNER_TEMP ("{0}.zip" -f $artifactName)[0m
2026-02-21T02:09:10.6412662Z [36;1mif (Test-Path $fullZip) { Remove-Item $fullZip -Force }[0m
2026-02-21T02:09:10.6413335Z [36;1mCompress-Archive -Path (Join-Path $diagOut '*') -DestinationPath $fullZip -Force[0m
2026-02-21T02:09:10.6413859Z [36;1m[0m
2026-02-21T02:09:10.6414199Z [36;1m"diag_out=$diagOut" | Out-File -FilePath $env:GITHUB_OUTPUT -Encoding utf8 -Append[0m
2026-02-21T02:09:10.6414977Z [36;1m"diag_summary=$summaryPath" | Out-File -FilePath $env:GITHUB_OUTPUT -Encoding utf8 -Append[0m
2026-02-21T02:09:10.6415887Z [36;1m"diag_runner_tail=$runnerTailPath" | Out-File -FilePath $env:GITHUB_OUTPUT -Encoding utf8 -Append[0m
2026-02-21T02:09:10.6416683Z [36;1m"diag_workflow_tail=$workflowTailPath" | Out-File -FilePath $env:GITHUB_OUTPUT -Encoding utf8 -Append[0m
2026-02-21T02:09:10.6417494Z [36;1m"diag_zip=$fullZip" | Out-File -FilePath $env:GITHUB_OUTPUT -Encoding utf8 -Append[0m
2026-02-21T02:09:10.6418373Z [36;1m"diag_artifact_name=$artifactName" | Out-File -FilePath $env:GITHUB_OUTPUT -Encoding utf8 -Append[0m
2026-02-21T02:09:10.6444008Z shell: C:\Windows\System32\WindowsPowerShell\v1.0\powershell.EXE -NoProfile -ExecutionPolicy Bypass -Command "{0}"
2026-02-21T02:09:10.6444658Z env:
2026-02-21T02:09:10.6444850Z   REPO_ROOT: C:\work\apex_repo_cache\ApexTraderAI
2026-02-21T02:09:10.6445166Z   FAILING_STEP: unknown
2026-02-21T02:09:10.6445400Z ##[endgroup]
2026-02-21T02:09:11.8012784Z ##[group]Run actions/upload-artifact@v4
2026-02-21T02:09:11.8013176Z with:
2026-02-21T02:09:11.8013379Z   name: diag_full_22248308415_1
2026-02-21T02:09:11.8013641Z   if-no-files-found: warn
2026-02-21T02:09:11.8013860Z   retention-days: 7
2026-02-21T02:09:11.8014331Z   path: C:\Users\becky\OneDrive\ãƒ‡ã‚¹ã‚¯ãƒˆãƒƒãƒ—\Python\apex-trader-ai\actions-runner\_work\_temp\diag_full_22248308415_1.zip
2026-02-21T02:09:11.8014860Z   compression-level: 6
2026-02-21T02:09:11.8015062Z   overwrite: false
2026-02-21T02:09:11.8015259Z   include-hidden-files: false
2026-02-21T02:09:11.8015471Z env:
2026-02-21T02:09:11.8015737Z   REPO_ROOT: C:\work\apex_repo_cache\ApexTraderAI
2026-02-21T02:09:11.8016033Z ##[endgroup]
2026-02-21T02:09:12.2067147Z With the provided path, there will be 1 file uploaded
2026-02-21T02:09:12.2069686Z Artifact name is valid!
2026-02-21T02:09:12.2074148Z Root directory input is valid!
2026-02-21T02:09:12.8236164Z Beginning upload of artifact content to blob storage
2026-02-21T02:09:13.9205037Z Uploaded bytes 84859
2026-02-21T02:09:14.1031313Z Finished uploading artifact content to blob storage!
2026-02-21T02:09:14.1032472Z SHA256 digest of uploaded artifact zip is eb049327c1fa5b44a97de2f72d22149a289f053bcfd78d7391cca0bdfe0ba8b4
2026-02-21T02:09:14.1036080Z Finalizing artifact upload
2026-02-21T02:09:14.3486455Z Artifact diag_full_22248308415_1.zip successfully finalized. Artifact ID 5598815408
2026-02-21T02:09:14.3487441Z Artifact diag_full_22248308415_1 has been successfully uploaded! Final size is 84859 bytes. Artifact ID is 5598815408
2026-02-21T02:09:14.3504350Z Artifact download URL: https://github.com/toki866/ApexTraderAI/actions/runs/22248308415/artifacts/5598815408
2026-02-21T02:09:14.3839027Z ##[group]Run actions/upload-artifact@v4
2026-02-21T02:09:14.3839594Z with:
2026-02-21T02:09:14.3839895Z   name: diagnostics
2026-02-21T02:09:14.3840270Z   if-no-files-found: warn
2026-02-21T02:09:14.3840731Z   path: _diagnostics/**/*
2026-02-21T02:09:14.3841208Z   compression-level: 6
2026-02-21T02:09:14.3841590Z   overwrite: false
2026-02-21T02:09:14.3841971Z   include-hidden-files: false
2026-02-21T02:09:14.3842371Z env:
2026-02-21T02:09:14.3842713Z   REPO_ROOT: C:\work\apex_repo_cache\ApexTraderAI
2026-02-21T02:09:14.3843260Z ##[endgroup]
2026-02-21T02:09:14.7496023Z ##[warning]No files were found with the provided path: _diagnostics/**/*. No artifacts will be uploaded.
2026-02-21T02:09:14.7612433Z Cleaning up orphan processes

----- FILE: actions_logs/run/10_Stage console log in workspace.txt -----
ï»¿2026-02-21T02:08:58.6265608Z ##[group]Run $workspaceTemp = Join-Path $env:GITHUB_WORKSPACE 'temp'
2026-02-21T02:08:58.6267652Z [36;1m$workspaceTemp = Join-Path $env:GITHUB_WORKSPACE 'temp'[0m
2026-02-21T02:08:58.6268138Z [36;1m$null = New-Item -Path $workspaceTemp -ItemType Directory -Force[0m
2026-02-21T02:08:58.6268681Z [36;1m$consoleLog = Join-Path $env:RUNNER_TEMP 'run_all_local_then_copy_console.log'[0m
2026-02-21T02:08:58.6269870Z [36;1m$workspaceConsoleLog = Join-Path $workspaceTemp 'run_all_local_then_copy_console.log'[0m
2026-02-21T02:08:58.6270448Z [36;1mif (Test-Path $consoleLog) {[0m
2026-02-21T02:08:58.6270848Z [36;1m  Copy-Item -Path $consoleLog -Destination $workspaceConsoleLog -Force[0m
2026-02-21T02:08:58.6271338Z [36;1m  Write-Host "Staged console log: $workspaceConsoleLog"[0m
2026-02-21T02:08:58.6272060Z [36;1m} else {[0m
2026-02-21T02:08:58.6272399Z [36;1m  Write-Warning "Console log not found at: $consoleLog"[0m
2026-02-21T02:08:58.6272763Z [36;1m  @([0m
2026-02-21T02:08:58.6273027Z [36;1m    '[WARN] Console log was not generated by BAT execution.',[0m
2026-02-21T02:08:58.6273584Z [36;1m    '[WARN] Never finish a workflow run without leaving a readable log artifact.',[0m
2026-02-21T02:08:58.6274506Z [36;1m    ('[WARN] generated_at={0}' -f (Get-Date -Format 'yyyy-MM-dd HH:mm:ss zzz'))[0m
2026-02-21T02:08:58.6275150Z [36;1m  ) | Set-Content -Path $workspaceConsoleLog -Encoding UTF8[0m
2026-02-21T02:08:58.6275613Z [36;1m  Write-Host "Created fallback console log: $workspaceConsoleLog"[0m
2026-02-21T02:08:58.6275971Z [36;1m}[0m
2026-02-21T02:08:58.6297962Z shell: C:\Windows\System32\WindowsPowerShell\v1.0\powershell.EXE -NoProfile -ExecutionPolicy Bypass -Command "{0}"
2026-02-21T02:08:58.6298520Z env:
2026-02-21T02:08:58.6298723Z   REPO_ROOT: C:\work\apex_repo_cache\ApexTraderAI
2026-02-21T02:08:58.6299431Z ##[endgroup]
2026-02-21T02:08:58.8993164Z Staged console log: C:\Users\becky\OneDrive\ãƒ‡ã‚¹ã‚¯ãƒˆãƒƒãƒ—\Python\apex-trader-ai\actions-runner\_work\ApexTraderAI\ApexTraderAI\temp\run_all_local_then_copy_console.log

----- FILE: actions_logs/run/11_Append error tails to ONE_TAP (always).txt -----
ï»¿2026-02-21T02:08:58.9269296Z ##[group]Run $ErrorActionPreference = 'Continue'
2026-02-21T02:08:58.9270119Z [36;1m$ErrorActionPreference = 'Continue'[0m
2026-02-21T02:08:58.9270390Z [36;1m[0m
2026-02-21T02:08:58.9270847Z [36;1m$report = Join-Path $env:GITHUB_WORKSPACE 'temp\ONE_TAP_ERROR_REPORT.txt'[0m
2026-02-21T02:08:58.9271278Z [36;1mif (!(Test-Path $report)) {[0m
2026-02-21T02:08:58.9271714Z [36;1m  New-Item -Path (Split-Path $report -Parent) -ItemType Directory -Force | Out-Null[0m
2026-02-21T02:08:58.9272454Z [36;1m  '[WARN] ONE_TAP report missing; created.' | Set-Content -Path $report -Encoding UTF8[0m
2026-02-21T02:08:58.9272890Z [36;1m}[0m
2026-02-21T02:08:58.9273053Z [36;1m[0m
2026-02-21T02:08:58.9273239Z [36;1mAdd-Content $report ""[0m
2026-02-21T02:08:58.9273548Z [36;1mAdd-Content $report "[STEP] append_error_tails"[0m
2026-02-21T02:08:58.9274055Z [36;1mAdd-Content $report ("timestamp={0}" -f (Get-Date -Format 'yyyy-MM-dd HH:mm:ss zzz'))[0m
2026-02-21T02:08:58.9274504Z [36;1m[0m
2026-02-21T02:08:58.9274779Z [36;1m# python env snapshot (to compare with local)[0m
2026-02-21T02:08:58.9275128Z [36;1mAdd-Content $report "---- python_env ----"[0m
2026-02-21T02:08:58.9275553Z [36;1m(cmd /c "where python" 2>&1) | Add-Content $report[0m
2026-02-21T02:08:58.9275997Z [36;1m(cmd /c "python --version" 2>&1) | Add-Content $report[0m
2026-02-21T02:08:58.9276510Z [36;1m(cmd /c "python -c \"\"import sys; print(sys.executable)\"\"" 2>&1) | Add-Content $report[0m
2026-02-21T02:08:58.9276935Z [36;1m[0m
2026-02-21T02:08:58.9277106Z [36;1m# console log tail[0m
2026-02-21T02:08:58.9277486Z [36;1m$consoleLog = Join-Path $env:RUNNER_TEMP 'run_all_local_then_copy_console.log'[0m
2026-02-21T02:08:58.9278009Z [36;1mAdd-Content $report ("[INFO] console_log={0}" -f $consoleLog)[0m
2026-02-21T02:08:58.9278382Z [36;1mif (Test-Path $consoleLog) {[0m
2026-02-21T02:08:58.9278827Z [36;1m  Add-Content $report "---- console_log_tail (last 350 lines) ----"[0m
2026-02-21T02:08:58.9279720Z [36;1m  (Get-Content $consoleLog -Tail 350 -ErrorAction SilentlyContinue) | Add-Content $report[0m
2026-02-21T02:08:58.9280176Z [36;1m} else {[0m
2026-02-21T02:08:58.9280426Z [36;1m  Add-Content $report "[WARN] console log not found"[0m
2026-02-21T02:08:58.9280726Z [36;1m}[0m
2026-02-21T02:08:58.9280882Z [36;1m[0m
2026-02-21T02:08:58.9281048Z [36;1m# run_*.log tail (best effort)[0m
2026-02-21T02:08:58.9281333Z [36;1m$workRoot = 'C:\work\apex_work\runs'[0m
2026-02-21T02:08:58.9281870Z [36;1m$latestRunDir = Get-ChildItem -Path $workRoot -Directory -ErrorAction SilentlyContinue |[0m
2026-02-21T02:08:58.9282716Z [36;1m  Sort-Object LastWriteTime -Descending | Select-Object -First 1[0m
2026-02-21T02:08:58.9283477Z [36;1mAdd-Content $report ("[INFO] work_root={0}" -f $workRoot)[0m
2026-02-21T02:08:58.9283833Z [36;1mif ($latestRunDir) {[0m
2026-02-21T02:08:58.9284208Z [36;1m  Add-Content $report ("[INFO] latest_run_dir={0}" -f $latestRunDir.FullName)[0m
2026-02-21T02:08:58.9285073Z [36;1m  $latestRunLog = Get-ChildItem -Path (Join-Path $latestRunDir.FullName 'logs') -Filter 'run_*.log' -File -ErrorAction SilentlyContinue |[0m
2026-02-21T02:08:58.9285855Z [36;1m    Sort-Object LastWriteTime -Descending | Select-Object -First 1[0m
2026-02-21T02:08:58.9286246Z [36;1m  if ($latestRunLog) {[0m
2026-02-21T02:08:58.9286612Z [36;1m    Add-Content $report ("[INFO] run_log={0}" -f $latestRunLog.FullName)[0m
2026-02-21T02:08:58.9287101Z [36;1m    Add-Content $report "---- run_log_tail (last 350 lines) ----"[0m
2026-02-21T02:08:58.9287712Z [36;1m    (Get-Content $latestRunLog.FullName -Tail 350 -ErrorAction SilentlyContinue) | Add-Content $report[0m
2026-02-21T02:08:58.9288291Z [36;1m  } else {[0m
2026-02-21T02:08:58.9288724Z [36;1m    Add-Content $report "[WARN] run_*.log not found under latest_run_dir\logs"[0m
2026-02-21T02:08:58.9289113Z [36;1m  }[0m
2026-02-21T02:08:58.9289283Z [36;1m} else {[0m
2026-02-21T02:08:58.9289565Z [36;1m  Add-Content $report "[WARN] no run_dir found under work_root"[0m
2026-02-21T02:08:58.9291816Z [36;1m}[0m
2026-02-21T02:08:58.9310070Z shell: C:\Windows\System32\WindowsPowerShell\v1.0\powershell.EXE -NoProfile -ExecutionPolicy Bypass -Command "{0}"
2026-02-21T02:08:58.9310613Z env:
2026-02-21T02:08:58.9310826Z   REPO_ROOT: C:\work\apex_repo_cache\ApexTraderAI
2026-02-21T02:08:58.9311103Z ##[endgroup]
2026-02-21T02:08:59.7222060Z ##[error]Process completed with exit code 1.

----- FILE: actions_logs/run/12_Package diagnostics to OneDrive (always).txt -----
ï»¿2026-02-21T02:08:59.7383517Z ##[group]Run $ErrorActionPreference = 'Stop'
2026-02-21T02:08:59.7384366Z [36;1m$ErrorActionPreference = 'Stop'[0m
2026-02-21T02:08:59.7385345Z [36;1m$diagScript = Join-Path $env:REPO_ROOT 'scripts\package_diagnostics_to_onedrive.ps1'[0m
2026-02-21T02:08:59.7386962Z [36;1m$reportPath = Join-Path $env:GITHUB_WORKSPACE 'temp\ONE_TAP_ERROR_REPORT.txt'[0m
2026-02-21T02:08:59.7388102Z [36;1m[0m
2026-02-21T02:08:59.7388556Z [36;1mAdd-Content -Path $reportPath -Value @([0m
2026-02-21T02:08:59.7389031Z [36;1m  '[STEP] package_diagnostics_to_onedrive',[0m
2026-02-21T02:08:59.7389706Z [36;1m  ('[INFO] diag_script={0}' -f $diagScript)[0m
2026-02-21T02:08:59.7390100Z [36;1m)[0m
2026-02-21T02:08:59.7390392Z [36;1mWrite-Host "Diagnostics script path: $diagScript"[0m
2026-02-21T02:08:59.7390698Z [36;1m[0m
2026-02-21T02:08:59.7390881Z [36;1m$diagDirCandidates = @()[0m
2026-02-21T02:08:59.7391124Z [36;1mif ($env:OneDrive) {[0m
2026-02-21T02:08:59.7391506Z [36;1m  $diagDirCandidates += (Join-Path $env:OneDrive 'ApexTraderAI\diagnostics')[0m
2026-02-21T02:08:59.7391996Z [36;1m}[0m
2026-02-21T02:08:59.7392223Z [36;1mif ($env:USERPROFILE) {[0m
2026-02-21T02:08:59.7392661Z [36;1m  $diagDirCandidates += (Join-Path $env:USERPROFILE 'OneDrive\ApexTraderAI\diagnostics')[0m
2026-02-21T02:08:59.7393118Z [36;1m}[0m
2026-02-21T02:08:59.7393458Z [36;1m$diagDirCandidates += (Join-Path $env:RUNNER_TEMP 'ApexTraderAI\diagnostics')[0m
2026-02-21T02:08:59.7393863Z [36;1m[0m
2026-02-21T02:08:59.7394338Z [36;1m$selectedDiagDir = $null[0m
2026-02-21T02:08:59.7394689Z [36;1mforeach ($candidate in $diagDirCandidates) {[0m
2026-02-21T02:08:59.7394990Z [36;1m  try {[0m
2026-02-21T02:08:59.7395348Z [36;1m    $null = New-Item -Path $candidate -ItemType Directory -Force -ErrorAction Stop[0m
2026-02-21T02:08:59.7395815Z [36;1m    $selectedDiagDir = $candidate[0m
2026-02-21T02:08:59.7396283Z [36;1m    break[0m
2026-02-21T02:08:59.7396695Z [36;1m  } catch {[0m
2026-02-21T02:08:59.7397193Z [36;1m    Write-Warning "Diagnostics dir candidate unavailable: $candidate ($($_.Exception.Message))"[0m
2026-02-21T02:08:59.7397667Z [36;1m  }[0m
2026-02-21T02:08:59.7397827Z [36;1m}[0m
2026-02-21T02:08:59.7397975Z [36;1m[0m
2026-02-21T02:08:59.7398151Z [36;1mif (-not $selectedDiagDir) {[0m
2026-02-21T02:08:59.7398452Z [36;1m  Add-Content -Path $reportPath -Value @([0m
2026-02-21T02:08:59.7398790Z [36;1m    '[NG] package_diagnostics_to_onedrive',[0m
2026-02-21T02:08:59.7399141Z [36;1m    '[NG] selected diagnostics dir unavailable',[0m
2026-02-21T02:08:59.7399468Z [36;1m    ''[0m
2026-02-21T02:08:59.7399656Z [36;1m  )[0m
2026-02-21T02:08:59.7400102Z [36;1m  throw 'Unable to resolve diagnostics output directory from OneDrive/USERPROFILE/RUNNER_TEMP candidates.'[0m
2026-02-21T02:08:59.7400789Z [36;1m}[0m
2026-02-21T02:08:59.7400956Z [36;1m[0m
2026-02-21T02:08:59.7401246Z [36;1mWrite-Host "Selected diagnostics output dir: $selectedDiagDir"[0m
2026-02-21T02:08:59.7401878Z [36;1m"diag_dir=$selectedDiagDir" | Out-File -FilePath $env:GITHUB_OUTPUT -Encoding utf8 -Append[0m
2026-02-21T02:08:59.7402337Z [36;1m[0m
2026-02-21T02:08:59.7402518Z [36;1mif (Test-Path $diagScript) {[0m
2026-02-21T02:08:59.7403578Z [36;1m  powershell -NoProfile -ExecutionPolicy Bypass -File $diagScript -DiagDir "$selectedDiagDir"[0m
2026-02-21T02:08:59.7404810Z [36;1m  if ($LASTEXITCODE -ne 0) {[0m
2026-02-21T02:08:59.7405499Z [36;1m    Add-Content -Path $reportPath -Value @([0m
2026-02-21T02:08:59.7406449Z [36;1m      '[NG] package_diagnostics_to_onedrive',[0m
2026-02-21T02:08:59.7406875Z [36;1m      ('[NG] exit_code={0}' -f $LASTEXITCODE),[0m
2026-02-21T02:08:59.7407204Z [36;1m      ''[0m
2026-02-21T02:08:59.7407383Z [36;1m    )[0m
2026-02-21T02:08:59.7407683Z [36;1m    Write-Error "Diagnostics script exited with code $LASTEXITCODE"[0m
2026-02-21T02:08:59.7408065Z [36;1m    exit $LASTEXITCODE[0m
2026-02-21T02:08:59.7408280Z [36;1m  }[0m
2026-02-21T02:08:59.7410276Z [36;1m  Add-Content -Path $reportPath -Value @([0m
2026-02-21T02:08:59.7410623Z [36;1m    '[OK] package_diagnostics_to_onedrive',[0m
2026-02-21T02:08:59.7410946Z [36;1m    ('[OK] diag_dir={0}' -f $selectedDiagDir),[0m
2026-02-21T02:08:59.7411230Z [36;1m    ''[0m
2026-02-21T02:08:59.7411390Z [36;1m  )[0m
2026-02-21T02:08:59.7411550Z [36;1m} else {[0m
2026-02-21T02:08:59.7411776Z [36;1m  Add-Content -Path $reportPath -Value @([0m
2026-02-21T02:08:59.7412140Z [36;1m    '[NG] package_diagnostics_to_onedrive',[0m
2026-02-21T02:08:59.7412467Z [36;1m    '[NG] diagnostics script not found',[0m
2026-02-21T02:08:59.7412744Z [36;1m    ''[0m
2026-02-21T02:08:59.7412910Z [36;1m  )[0m
2026-02-21T02:08:59.7413172Z [36;1m  Write-Error "Diagnostics script not found: $diagScript"[0m
2026-02-21T02:08:59.7413512Z [36;1m  exit 1[0m
2026-02-21T02:08:59.7413675Z [36;1m}[0m
2026-02-21T02:08:59.7413834Z [36;1m[0m
2026-02-21T02:08:59.7414048Z [36;1mif ((Get-Item $reportPath).Length -gt 60000) {[0m
2026-02-21T02:08:59.7414439Z [36;1m  $tail = Get-Content -Path $reportPath -Raw[0m
2026-02-21T02:08:59.7414833Z [36;1m  $tail = $tail.Substring([Math]::Max(0, $tail.Length - 60000))[0m
2026-02-21T02:08:59.7415291Z [36;1m  Set-Content -Path $reportPath -Value $tail -Encoding UTF8[0m
2026-02-21T02:08:59.7415636Z [36;1m}[0m
2026-02-21T02:08:59.7446984Z shell: C:\Windows\System32\WindowsPowerShell\v1.0\powershell.EXE -NoProfile -ExecutionPolicy Bypass -Command "{0}"
2026-02-21T02:08:59.7448504Z env:
2026-02-21T02:08:59.7449143Z   REPO_ROOT: C:\work\apex_repo_cache\ApexTraderAI
2026-02-21T02:08:59.7449989Z ##[endgroup]
2026-02-21T02:09:00.0002700Z Diagnostics script path: C:\work\apex_repo_cache\ApexTraderAI\scripts\package_diagnostics_to_onedrive.ps1
2026-02-21T02:09:00.0110400Z Selected diagnostics output dir: C:\Users\becky\OneDrive\ApexTraderAI\diagnostics
2026-02-21T02:09:00.2517803Z runnerDiag=C:\Users\becky\OneDrive\ãƒ‡ã‚¹ã‚¯ãƒˆãƒƒãƒ—\Python\apex-trader-ai\actions-runner\_diag
2026-02-21T02:09:00.2522040Z diagDir=C:\Users\becky\OneDrive\ApexTraderAI\diagnostics
2026-02-21T02:09:00.7194946Z WARNING: Primary diagnostics archive failed: The process cannot access the file 
2026-02-21T02:09:00.7195790Z 'C:\Users\becky\OneDrive\ãƒ‡ã‚¹ã‚¯ãƒˆãƒƒãƒ—\Python\apex-trader-ai\actions-runner\_diag\blocks\8465155b-ae27-4797-84ce-dcd7c76d1c9d_
2026-02-21T02:09:00.7196539Z 2acad9a8-4d8c-5e6b-9ee4-5c9053e129fa.1' because it is being used by another process.
2026-02-21T02:09:00.8214076Z zipPath=C:\Users\becky\OneDrive\ApexTraderAI\diagnostics\diag_22248308415_1_20260221_110900.zip
2026-02-21T02:09:00.8425243Z 
2026-02-21T02:09:00.8425953Z 
2026-02-21T02:09:00.8427829Z     ãƒ‡ã‚£ãƒ¬ã‚¯ãƒˆãƒª: C:\Users\becky\OneDrive\ApexTraderAI\diagnostics
2026-02-21T02:09:00.8428286Z 
2026-02-21T02:09:00.8428298Z 
2026-02-21T02:09:00.8431867Z Mode                 LastWriteTime         Length Name                                                                 
2026-02-21T02:09:00.8433282Z ----                 -------------         ------ ----                                                                 
2026-02-21T02:09:00.8436526Z -a----        2026/02/21     11:09           4759 diag_22248308415_1_20260221_110900.zip                               
2026-02-21T02:09:00.8444404Z -a----        2026/02/21     10:51           4964 diag_22248046183_1_20260221_105148.zip                               
2026-02-21T02:09:00.8444807Z 
2026-02-21T02:09:00.8444893Z 

----- FILE: actions_logs/run/13_Verify diagnostics directory content.txt -----
ï»¿2026-02-21T02:09:00.8979914Z ##[group]Run $ErrorActionPreference = 'Stop'
2026-02-21T02:09:00.8980644Z [36;1m$ErrorActionPreference = 'Stop'[0m
2026-02-21T02:09:00.8981049Z [36;1m$diagDir = 'C:\Users\becky\OneDrive\ApexTraderAI\diagnostics'[0m
2026-02-21T02:09:00.8981415Z [36;1mif (-not $diagDir) {[0m
2026-02-21T02:09:00.8981769Z [36;1m  $diagDir = Join-Path $env:RUNNER_TEMP 'ApexTraderAI\diagnostics'[0m
2026-02-21T02:09:00.8982139Z [36;1m}[0m
2026-02-21T02:09:00.8982419Z [36;1mWrite-Host '=== diagnostics dir listing ==='[0m
2026-02-21T02:09:00.8982741Z [36;1mif (Test-Path $diagDir) {[0m
2026-02-21T02:09:00.8982982Z [36;1m  dir $diagDir[0m
2026-02-21T02:09:00.8983181Z [36;1m} else {[0m
2026-02-21T02:09:00.8983469Z [36;1m  Write-Warning "Diagnostics directory not found: $diagDir"[0m
2026-02-21T02:09:00.8983813Z [36;1m}[0m
2026-02-21T02:09:00.8983968Z [36;1m[0m
2026-02-21T02:09:00.8984408Z [36;1m$latestZip = Get-ChildItem -Path $diagDir -File -Filter 'diag_*.zip' -ErrorAction SilentlyContinue |[0m
2026-02-21T02:09:00.8985191Z [36;1m  Sort-Object LastWriteTime -Descending |[0m
2026-02-21T02:09:00.8985859Z [36;1m  Select-Object -First 1[0m
2026-02-21T02:09:00.8986158Z [36;1m[0m
2026-02-21T02:09:00.8986333Z [36;1mif (-not $latestZip) {[0m
2026-02-21T02:09:00.8986624Z [36;1m  Write-Warning "diag zip missing in $diagDir"[0m
2026-02-21T02:09:00.8987398Z [36;1m  Write-Host 'Hint: package diagnostics step uses OneDrive -> USERPROFILE\\OneDrive -> RUNNER_TEMP fallback. Check step logs for selected path and creation errors.'[0m
2026-02-21T02:09:00.8988157Z [36;1m  exit 0[0m
2026-02-21T02:09:00.8988324Z [36;1m}[0m
2026-02-21T02:09:00.8988476Z [36;1m[0m
2026-02-21T02:09:00.8988707Z [36;1mWrite-Host "latestDiagZip=$($latestZip.FullName)"[0m
2026-02-21T02:09:00.9006925Z shell: C:\Windows\System32\WindowsPowerShell\v1.0\powershell.EXE -NoProfile -ExecutionPolicy Bypass -Command "{0}"
2026-02-21T02:09:00.9007523Z env:
2026-02-21T02:09:00.9007753Z   REPO_ROOT: C:\work\apex_repo_cache\ApexTraderAI
2026-02-21T02:09:00.9008063Z ##[endgroup]
2026-02-21T02:09:01.1329990Z === diagnostics dir listing ===
2026-02-21T02:09:01.1795347Z 
2026-02-21T02:09:01.1796095Z 
2026-02-21T02:09:01.1798128Z     ãƒ‡ã‚£ãƒ¬ã‚¯ãƒˆãƒª: C:\Users\becky\OneDrive\ApexTraderAI\diagnostics
2026-02-21T02:09:01.1798401Z 
2026-02-21T02:09:01.1798406Z 
2026-02-21T02:09:01.1801639Z Mode                 LastWriteTime         Length Name                                                                 
2026-02-21T02:09:01.1802865Z ----                 -------------         ------ ----                                                                 
2026-02-21T02:09:01.1806041Z -a----        2026/02/21     10:51           4964 diag_22248046183_1_20260221_105148.zip                               
2026-02-21T02:09:01.1814920Z -a----        2026/02/21     11:09           4759 diag_22248308415_1_20260221_110900.zip                               
2026-02-21T02:09:01.1986460Z latestDiagZip=C:\Users\becky\OneDrive\ApexTraderAI\diagnostics\diag_22248308415_1_20260221_110900.zip
2026-02-21T02:09:01.1992689Z 
2026-02-21T02:09:01.1993075Z 

----- FILE: actions_logs/run/14_Tail latest run log on failure.txt -----
2026-02-21T02:09:01.5164090Z 	    New File  		    4680	stepB_daily_pred_mamba_periodic_h20_SOXL_2022_02_01.csv
2026-02-21T02:09:01.5164830Z 100%  
2026-02-21T02:09:01.5165284Z 	    New File  		    4686	stepB_daily_pred_mamba_periodic_h20_SOXL_2022_02_02.csv
2026-02-21T02:09:01.5166397Z 100%  
2026-02-21T02:09:01.5167599Z 	    New File  		    4712	stepB_daily_pred_mamba_periodic_h20_SOXL_2022_02_03.csv
2026-02-21T02:09:01.5168899Z 100%  
2026-02-21T02:09:01.5169584Z 	    New File  		    4717	stepB_daily_pred_mamba_periodic_h20_SOXL_2022_02_04.csv
2026-02-21T02:09:01.5170423Z 100%  
2026-02-21T02:09:01.5171426Z 	    New File  		    4697	stepB_daily_pred_mamba_periodic_h20_SOXL_2022_02_07.csv
2026-02-21T02:09:01.5172347Z 100%  
2026-02-21T02:09:01.5173579Z 	    New File  		    4727	stepB_daily_pred_mamba_periodic_h20_SOXL_2022_02_08.csv
2026-02-21T02:09:01.5174489Z 100%  
2026-02-21T02:09:01.5175852Z 	    New File  		    4681	stepB_daily_pred_mamba_periodic_h20_SOXL_2022_02_09.csv
2026-02-21T02:09:01.5176826Z 100%  
2026-02-21T02:09:01.5177635Z 	    New File  		    4689	stepB_daily_pred_mamba_periodic_h20_SOXL_2022_02_10.csv
2026-02-21T02:09:01.5178380Z 100%  
2026-02-21T02:09:01.5179090Z 	    New File  		    4703	stepB_daily_pred_mamba_periodic_h20_SOXL_2022_02_11.csv
2026-02-21T02:09:01.5179882Z 100%  
2026-02-21T02:09:01.5180571Z 	    New File  		    4680	stepB_daily_pred_mamba_periodic_h20_SOXL_2022_02_14.csv
2026-02-21T02:09:01.5181672Z 100%  
2026-02-21T02:09:01.5182421Z 	    New File  		    4662	stepB_daily_pred_mamba_periodic_h20_SOXL_2022_02_15.csv
2026-02-21T02:09:01.5183231Z 100%  
2026-02-21T02:09:01.5184561Z 	    New File  		    4704	stepB_daily_pred_mamba_periodic_h20_SOXL_2022_02_16.csv
2026-02-21T02:09:01.5185319Z 100%  
2026-02-21T02:09:01.5186390Z 	    New File  		    4706	stepB_daily_pred_mamba_periodic_h20_SOXL_2022_02_17.csv
2026-02-21T02:09:01.5187116Z 100%  
2026-02-21T02:09:01.5187820Z 	    New File  		    4698	stepB_daily_pred_mamba_periodic_h20_SOXL_2022_02_18.csv
2026-02-21T02:09:01.5188888Z 100%  
2026-02-21T02:09:01.5189997Z 	    New File  		    4682	stepB_daily_pred_mamba_periodic_h20_SOXL_2022_02_22.csv
2026-02-21T02:09:01.5190904Z 100%  
2026-02-21T02:09:01.5191500Z 	    New File  		    4699	stepB_daily_pred_mamba_periodic_h20_SOXL_2022_02_23.csv
2026-02-21T02:09:01.5192076Z 100%  
2026-02-21T02:09:01.5193524Z 	    New File  		    4697	stepB_daily_pred_mamba_periodic_h20_SOXL_2022_02_24.csv
2026-02-21T02:09:01.5194266Z 100%  
2026-02-21T02:09:01.5195041Z 	    New File  		    4719	stepB_daily_pred_mamba_periodic_h20_SOXL_2022_02_25.csv
2026-02-21T02:09:01.5197638Z 100%  
2026-02-21T02:09:01.5198172Z 	    New File  		    4663	stepB_daily_pred_mamba_periodic_h20_SOXL_2022_02_28.csv
2026-02-21T02:09:01.5198920Z 100%  
2026-02-21T02:09:01.5199622Z 	    New File  		    4673	stepB_daily_pred_mamba_periodic_h20_SOXL_2022_03_01.csv
2026-02-21T02:09:01.5202044Z 100%  
2026-02-21T02:09:01.5202678Z 	    New File  		    4710	stepB_daily_pred_mamba_periodic_h20_SOXL_2022_03_02.csv
2026-02-21T02:09:01.5205039Z 100%  
2026-02-21T02:09:01.5210024Z 	    New File  		    4683	stepB_daily_pred_mamba_periodic_h20_SOXL_2022_03_03.csv
2026-02-21T02:09:01.5212139Z 100%  
2026-02-21T02:09:01.5213168Z 	    New File  		    4689	stepB_daily_pred_mamba_periodic_h20_SOXL_2022_03_04.csv
2026-02-21T02:09:01.5213924Z 100%  
2026-02-21T02:09:01.5214562Z 	    New File  		    4680	stepB_daily_pred_mamba_periodic_h20_SOXL_2022_03_07.csv
2026-02-21T02:09:01.5215288Z 100%  
2026-02-21T02:09:01.5215923Z 	    New File  		    4651	stepB_daily_pred_mamba_periodic_h20_SOXL_2022_03_08.csv
2026-02-21T02:09:01.5216595Z 100%  
2026-02-21T02:09:01.5217226Z 	    New File  		    4660	stepB_daily_pred_mamba_periodic_h20_SOXL_2022_03_09.csv
2026-02-21T02:09:01.5218160Z 100%  
2026-02-21T02:09:01.5219177Z 	    New File  		    4416	stepB_daily_pred_mamba_periodic_h20_SOXL_2022_03_10.csv
2026-02-21T02:09:01.5219912Z 100%  
2026-02-21T02:09:01.5220547Z 	    New File  		    4678	stepB_daily_pred_mamba_periodic_h20_SOXL_2022_03_11.csv
2026-02-21T02:09:01.5221277Z 100%  
2026-02-21T02:09:01.5222018Z 	    New File  		    4680	stepB_daily_pred_mamba_periodic_h20_SOXL_2022_03_14.csv
2026-02-21T02:09:01.5222714Z 100%  
2026-02-21T02:09:01.5223348Z 	    New File  		    4701	stepB_daily_pred_mamba_periodic_h20_SOXL_2022_03_15.csv
2026-02-21T02:09:01.5224104Z 100%  
2026-02-21T02:09:01.5224771Z 	    New File  		    4668	stepB_daily_pred_mamba_periodic_h20_SOXL_2022_03_16.csv
2026-02-21T02:09:01.5225520Z 100%  
2026-02-21T02:09:01.5226169Z 	    New File  		    4662	stepB_daily_pred_mamba_periodic_h20_SOXL_2022_03_17.csv
2026-02-21T02:09:01.5226887Z 100%  
2026-02-21T02:09:01.5227541Z 	    New File  		    4654	stepB_daily_pred_mamba_periodic_h20_SOXL_2022_03_18.csv
2026-02-21T02:09:01.5228291Z 100%  
2026-02-21T02:09:01.5231895Z 	    New File  		    4402	stepB_daily_pred_mamba_periodic_h20_SOXL_2022_03_21.csv
2026-02-21T02:09:01.5239759Z 100%  
2026-02-21T02:09:01.5243161Z 	    New File  		    4656	stepB_daily_pred_mamba_periodic_h20_SOXL_2022_03_22.csv
2026-02-21T02:09:01.5244576Z 100%  
2026-02-21T02:09:01.5245768Z 	    New File  		    4699	stepB_daily_pred_mamba_periodic_h20_SOXL_2022_03_23.csv
2026-02-21T02:09:01.5247118Z 100%  
2026-02-21T02:09:01.5248435Z 	    New File  		    4669	stepB_daily_pred_mamba_periodic_h20_SOXL_2022_03_24.csv
2026-02-21T02:09:01.5249892Z 100%  
2026-02-21T02:09:01.5251029Z 	    New File  		    4647	stepB_daily_pred_mamba_periodic_h20_SOXL_2022_03_25.csv
2026-02-21T02:09:01.5252280Z 100%  
2026-02-21T02:09:01.5252934Z 	    New File  		    4695	stepB_daily_pred_mamba_periodic_h20_SOXL_2022_03_28.csv
2026-02-21T02:09:01.5253586Z 100%  
2026-02-21T02:09:01.5254179Z 	    New File  		    4661	stepB_daily_pred_mamba_periodic_h20_SOXL_2022_03_29.csv
2026-02-21T02:09:01.5254953Z 100%  
2026-02-21T02:09:01.5255540Z 	    New File  		    4687	stepB_daily_pred_mamba_periodic_h20_SOXL_2022_03_30.csv
2026-02-21T02:09:01.5256253Z 100%  
2026-02-21T02:09:01.5256993Z 	    New File  		    4676	stepB_daily_pred_mamba_periodic_h20_SOXL_2022_03_31.csv
2026-02-21T02:09:01.5257855Z 100%  
2026-02-21T02:09:01.5258571Z 	  New Dir          5	C:\work\apex_work\runs\20260221_110728\output\stepB\sim\models\
2026-02-21T02:09:01.5259426Z 	    New File  		  222831	mamba_h01.pt
2026-02-21T02:09:01.5259962Z  58%  
2026-02-21T02:09:01.5260313Z 100%  
2026-02-21T02:09:01.5260712Z 	    New File  		  224367	mamba_h05.pt
2026-02-21T02:09:01.5261205Z  58%  
2026-02-21T02:09:01.5261488Z 100%  
2026-02-21T02:09:01.5263149Z 	    New File  		  226287	mamba_h10.pt
2026-02-21T02:09:01.5266085Z  57%  
2026-02-21T02:09:01.5266415Z 100%  
2026-02-21T02:09:01.5266826Z 	    New File  		  230191	mamba_h20.pt
2026-02-21T02:09:01.5267329Z  56%  
2026-02-21T02:09:01.5267639Z 100%  
2026-02-21T02:09:01.5268175Z 	    New File  		  211858	mamba_periodic_h20.pt
2026-02-21T02:09:01.5268712Z  61%  
2026-02-21T02:09:01.5269774Z 100%  
2026-02-21T02:09:01.5271622Z 
2026-02-21T02:09:01.5272247Z ------------------------------------------------------------------------------
2026-02-21T02:09:01.5273862Z 
2026-02-21T02:09:01.5274711Z                Total    Copied   Skipped  Mismatch    FAILED    Extras
2026-02-21T02:09:01.5276921Z     Dirs :         9         9         0         0         0         0
2026-02-21T02:09:01.5277807Z    Files :       708       708         0         0         0         0
2026-02-21T02:09:01.5278617Z    Bytes :    7.55 m    7.55 m         0         0         0         0
2026-02-21T02:09:01.5279464Z    Times :   0:00:00   0:00:00                       0:00:00   0:00:00
2026-02-21T02:09:01.5279899Z 
2026-02-21T02:09:01.5279908Z 
2026-02-21T02:09:01.5280161Z    Speed :            18215188 Bytes/sec.
2026-02-21T02:09:01.5280810Z    Speed :            1042.281 MegaBytes/min.
2026-02-21T02:09:01.5284076Z    Ended : 2026èŸ·ï½´2è­›ãƒ»1è­Œï½¥ 11:08:57
2026-02-21T02:09:01.5285396Z 
2026-02-21T02:09:01.5286579Z [RC] 
2026-02-21T02:09:01.5288834Z 
2026-02-21T02:09:01.5290479Z [CMD] robocopy "C:\work\apex_work\runs\20260221_110728\logs" "C:\Users\becky\OneDrive\ApexTraderAI\runs\20260221_110728\logs" /E /Z /R:2 /W:2
2026-02-21T02:09:01.5292479Z 
2026-02-21T02:09:01.5293283Z -------------------------------------------------------------------------------
2026-02-21T02:09:01.5314544Z    ROBOCOPY     ::     Robust File Copy for Windows                              
2026-02-21T02:09:01.5316446Z -------------------------------------------------------------------------------
2026-02-21T02:09:01.5317413Z 
2026-02-21T02:09:01.5317870Z   Started : 2026èŸ·ï½´2è­›ãƒ»1è­Œï½¥ 11:08:58
2026-02-21T02:09:01.5318725Z    Source : C:\work\apex_work\runs\20260221_110728\logs\
2026-02-21T02:09:01.5319845Z      Dest : C:\Users\becky\OneDrive\ApexTraderAI\runs\20260221_110728\logs\
2026-02-21T02:09:01.5320555Z 
2026-02-21T02:09:01.5320769Z     Files : *.*
2026-02-21T02:09:01.5321148Z 	    
2026-02-21T02:09:01.5321725Z   Options : *.* /S /E /DCOPY:DA /COPY:DAT /Z /R:2 /W:2 
2026-02-21T02:09:01.5322291Z 
2026-02-21T02:09:01.5322840Z ------------------------------------------------------------------------------
2026-02-21T02:09:01.5323476Z 
2026-02-21T02:09:01.5323959Z 	  New Dir          1	C:\work\apex_work\runs\20260221_110728\logs\
2026-02-21T02:09:01.5324895Z 	    New File  		   61306	run_20260221_110728.log
2026-02-21T02:09:01.5325570Z 100%  
2026-02-21T02:09:01.5325759Z 
2026-02-21T02:09:01.5326284Z ------------------------------------------------------------------------------
2026-02-21T02:09:01.5327379Z 
2026-02-21T02:09:01.5327970Z                Total    Copied   Skipped  Mismatch    FAILED    Extras
2026-02-21T02:09:01.5329129Z     Dirs :         1         1         0         0         0         0
2026-02-21T02:09:01.5330378Z    Files :         1         1         0         0         0         0
2026-02-21T02:09:01.5331506Z    Bytes :    59.8 k    59.8 k         0         0         0         0
2026-02-21T02:09:01.5332429Z    Times :   0:00:00   0:00:00                       0:00:00   0:00:00
2026-02-21T02:09:01.5332762Z 
2026-02-21T02:09:01.5332797Z 
2026-02-21T02:09:01.5333149Z    Speed :            30653000 Bytes/sec.
2026-02-21T02:09:01.5333736Z    Speed :            1753.978 MegaBytes/min.
2026-02-21T02:09:01.5334259Z    Ended : 2026èŸ·ï½´2è­›ãƒ»1è­Œï½¥ 11:08:58
2026-02-21T02:09:01.5334542Z 
2026-02-21T02:09:01.5334702Z [RC] 
2026-02-21T02:09:01.5334855Z 
2026-02-21T02:09:01.5335973Z [CMD] robocopy "C:\work\apex_work\runs\20260221_110728" "C:\Users\becky\OneDrive\ApexTraderAI\runs\20260221_110728" run_20260221_110728.zip /R:2 /W:2
2026-02-21T02:09:01.5338047Z 
2026-02-21T02:09:01.5338586Z -------------------------------------------------------------------------------
2026-02-21T02:09:01.5340323Z    ROBOCOPY     ::     Robust File Copy for Windows                              
2026-02-21T02:09:01.5341246Z -------------------------------------------------------------------------------
2026-02-21T02:09:01.5341617Z 
2026-02-21T02:09:01.5341815Z   Started : 2026èŸ·ï½´2è­›ãƒ»1è­Œï½¥ 11:08:58
2026-02-21T02:09:01.5342403Z    Source : C:\work\apex_work\runs\20260221_110728\
2026-02-21T02:09:01.5343134Z      Dest : C:\Users\becky\OneDrive\ApexTraderAI\runs\20260221_110728\
2026-02-21T02:09:01.5343909Z 
2026-02-21T02:09:01.5344197Z     Files : run_20260221_110728.zip
2026-02-21T02:09:01.5344536Z 	    
2026-02-21T02:09:01.5344818Z   Options : /DCOPY:DA /COPY:DAT /R:2 /W:2 
2026-02-21T02:09:01.5345046Z 
2026-02-21T02:09:01.5345307Z ------------------------------------------------------------------------------
2026-02-21T02:09:01.5345603Z 
2026-02-21T02:09:01.5345786Z 	                   1	C:\work\apex_work\runs\20260221_110728\
2026-02-21T02:09:01.5346569Z 	    New File  		   3.1 m	run_20260221_110728.zip
2026-02-21T02:09:01.5346967Z  15%  
2026-02-21T02:09:01.5347256Z  31%  
2026-02-21T02:09:01.5347502Z  47%  
2026-02-21T02:09:01.5347759Z  63%  
2026-02-21T02:09:01.5348006Z  78%  
2026-02-21T02:09:01.5348200Z  94%  
2026-02-21T02:09:01.5348358Z 100%  
2026-02-21T02:09:01.5348532Z 
2026-02-21T02:09:01.5349064Z ------------------------------------------------------------------------------
2026-02-21T02:09:01.5349389Z 
2026-02-21T02:09:01.5349709Z                Total    Copied   Skipped  Mismatch    FAILED    Extras
2026-02-21T02:09:01.5350145Z     Dirs :         1         0         1         0         0         0
2026-02-21T02:09:01.5350579Z    Files :         1         1         0         0         0         0
2026-02-21T02:09:01.5351278Z    Bytes :    3.17 m    3.17 m         0         0         0         0
2026-02-21T02:09:01.5352163Z    Times :   0:00:00   0:00:00                       0:00:00   0:00:00
2026-02-21T02:09:01.5352890Z 
2026-02-21T02:09:01.5354050Z 
2026-02-21T02:09:01.5355486Z    Speed :           1662400000 Bytes/sec.
2026-02-21T02:09:01.5356313Z    Speed :            95123.291 MegaBytes/min.
2026-02-21T02:09:01.5357095Z    Ended : 2026èŸ·ï½´2è­›ãƒ»1è­Œï½¥ 11:08:58
2026-02-21T02:09:01.5357608Z 
2026-02-21T02:09:01.5358656Z [RC] 
2026-02-21T02:09:01.5359000Z 
2026-02-21T02:09:01.5360084Z [CMD] mkdir "C:\Users\becky\OneDrive\ApexTraderAI\repo_snapshots"
2026-02-21T02:09:01.5360425Z 
2026-02-21T02:09:01.5363503Z [CMD] git archive --format=zip --output="C:\Users\becky\OneDrive\ApexTraderAI\repo_snapshots\repo_0ada14a_20260221_110728.zip" HEAD
2026-02-21T02:09:01.5365551Z [SUCCESS] Completed run_id=20260221_110728
2026-02-21T02:09:01.5366805Z [SUCCESS] local_run_dir=C:\work\apex_work\runs\20260221_110728
2026-02-21T02:09:01.5368840Z [SUCCESS] onedrive_dest=C:\Users\becky\OneDrive\ApexTraderAI\runs\20260221_110728
2026-02-21T02:09:01.5370505Z [SUCCESS] repo_snapshot=C:\Users\becky\OneDrive\ApexTraderAI\repo_snapshots\repo_0ada14a_20260221_110728.zip
2026-02-21T02:09:01.5371827Z [SUCCESS] reproducible_command=run_all_local_then_copy.bat

----- FILE: actions_logs/run/15_Resolve latest run artifacts.txt -----
ï»¿2026-02-21T02:09:01.5823805Z ##[group]Run $workRoot = 'C:\work\apex_work\runs'
2026-02-21T02:09:01.5824469Z [36;1m$workRoot = 'C:\work\apex_work\runs'[0m
2026-02-21T02:09:01.5825031Z [36;1m$consoleLog = Join-Path $env:RUNNER_TEMP 'run_all_local_then_copy_console.log'[0m
2026-02-21T02:09:01.5825901Z [36;1m$reportPath = Join-Path $env:GITHUB_WORKSPACE 'temp\ONE_TAP_ERROR_REPORT.txt'[0m
2026-02-21T02:09:01.5826588Z [36;1m[0m
2026-02-21T02:09:01.5827002Z [36;1mAdd-Content -Path $reportPath -Value @([0m
2026-02-21T02:09:01.5827789Z [36;1m  '[STEP] resolve_latest_run_artifacts',[0m
2026-02-21T02:09:01.5828502Z [36;1m  ('[INFO] work_root={0}' -f $workRoot)[0m
2026-02-21T02:09:01.5829203Z [36;1m)[0m
2026-02-21T02:09:01.5829577Z [36;1m[0m
2026-02-21T02:09:01.5829997Z [36;1m$runId = ''[0m
2026-02-21T02:09:01.5830394Z [36;1mif (Test-Path $consoleLog) {[0m
2026-02-21T02:09:01.5831925Z [36;1m  $runIdLine = Select-String -Path $consoleLog -Pattern '^\[OK\] run_id=' | Select-Object -Last 1[0m
2026-02-21T02:09:01.5833331Z [36;1m  if ($runIdLine) {[0m
2026-02-21T02:09:01.5833993Z [36;1m    $runId = ($runIdLine.Line -replace '^\[OK\] run_id=', '').Trim()[0m
2026-02-21T02:09:01.5834718Z [36;1m  }[0m
2026-02-21T02:09:01.5835060Z [36;1m}[0m
2026-02-21T02:09:01.5835393Z [36;1m[0m
2026-02-21T02:09:01.5835642Z [36;1m$runDir = $null[0m
2026-02-21T02:09:01.5836013Z [36;1mif ($runId) {[0m
2026-02-21T02:09:01.5836451Z [36;1m  $candidateDir = Join-Path $workRoot $runId[0m
2026-02-21T02:09:01.5837081Z [36;1m  if (Test-Path $candidateDir) {[0m
2026-02-21T02:09:01.5837726Z [36;1m    $runDir = Get-Item $candidateDir[0m
2026-02-21T02:09:01.5838326Z [36;1m  }[0m
2026-02-21T02:09:01.5838600Z [36;1m}[0m
2026-02-21T02:09:01.5838856Z [36;1m[0m
2026-02-21T02:09:01.5839219Z [36;1mif (-not $runDir -and (Test-Path $workRoot)) {[0m
2026-02-21T02:09:01.5840952Z [36;1m  $runDir = Get-ChildItem -Path $workRoot -Directory | Sort-Object LastWriteTime -Descending | Select-Object -First 1[0m
2026-02-21T02:09:01.5843105Z [36;1m  if ($runDir -and -not $runId) {[0m
2026-02-21T02:09:01.5843957Z [36;1m    $runId = $runDir.Name[0m
2026-02-21T02:09:01.5844718Z [36;1m  }[0m
2026-02-21T02:09:01.5845256Z [36;1m}[0m
2026-02-21T02:09:01.5845743Z [36;1m[0m
2026-02-21T02:09:01.5846271Z [36;1mif ($runId) {[0m
2026-02-21T02:09:01.5847420Z [36;1m  "run_id=$runId" | Out-File -FilePath $env:GITHUB_OUTPUT -Encoding utf8 -Append[0m
2026-02-21T02:09:01.5848869Z [36;1m  Write-Host "Resolved run_id=$runId"[0m
2026-02-21T02:09:01.5849770Z [36;1m} else {[0m
2026-02-21T02:09:01.5851033Z [36;1m  Add-Content -Path $reportPath -Value '[NG] resolve_latest_run_artifacts run_id unresolved'[0m
2026-02-21T02:09:01.5853058Z [36;1m  Write-Warning 'Failed to resolve run_id from console log and latest run folder.'[0m
2026-02-21T02:09:01.5854328Z [36;1m}[0m
2026-02-21T02:09:01.5854877Z [36;1m[0m
2026-02-21T02:09:01.5855433Z [36;1mif ($runDir) {[0m
2026-02-21T02:09:01.5856351Z [36;1m  $logGlob = Join-Path $runDir.FullName 'logs\run_*.log'[0m
2026-02-21T02:09:01.5857803Z [36;1m  $zipPath = Join-Path $runDir.FullName ("run_{0}.zip" -f $runDir.Name)[0m
2026-02-21T02:09:01.5859459Z [36;1m  $runLogPath = Join-Path $runDir.FullName ("logs\run_{0}.log" -f $runDir.Name)[0m
2026-02-21T02:09:01.5861270Z [36;1m  "log_glob=$logGlob" | Out-File -FilePath $env:GITHUB_OUTPUT -Encoding utf8 -Append[0m
2026-02-21T02:09:01.5863150Z [36;1m  "zip_path=$zipPath" | Out-File -FilePath $env:GITHUB_OUTPUT -Encoding utf8 -Append[0m
2026-02-21T02:09:01.5865129Z [36;1m  "run_log_path=$runLogPath" | Out-File -FilePath $env:GITHUB_OUTPUT -Encoding utf8 -Append[0m
2026-02-21T02:09:01.5867541Z [36;1m  "run_dir=$($runDir.FullName)" | Out-File -FilePath $env:GITHUB_OUTPUT -Encoding utf8 -Append[0m
2026-02-21T02:09:01.5869227Z [36;1m  Write-Host "Resolved run directory: $($runDir.FullName)"[0m
2026-02-21T02:09:01.5870141Z [36;1m}[0m
2026-02-21T02:09:01.5870481Z [36;1m[0m
2026-02-21T02:09:01.5871061Z [36;1mif ($runDir) {[0m
2026-02-21T02:09:01.5874473Z [36;1m  Add-Content -Path $reportPath -Value @([0m
2026-02-21T02:09:01.5875391Z [36;1m    '[OK] resolve_latest_run_artifacts',[0m
2026-02-21T02:09:01.5876366Z [36;1m    ('[OK] run_dir={0}' -f $runDir.FullName),[0m
2026-02-21T02:09:01.5877312Z [36;1m    ('[OK] run_id={0}' -f $runId),[0m
2026-02-21T02:09:01.5877937Z [36;1m    ''[0m
2026-02-21T02:09:01.5878379Z [36;1m  )[0m
2026-02-21T02:09:01.5878908Z [36;1m}[0m
2026-02-21T02:09:01.5879484Z [36;1m[0m
2026-02-21T02:09:01.5880179Z [36;1mif ((Get-Item $reportPath).Length -gt 60000) {[0m
2026-02-21T02:09:01.5881340Z [36;1m  $tail = Get-Content -Path $reportPath -Raw[0m
2026-02-21T02:09:01.5882663Z [36;1m  $tail = $tail.Substring([Math]::Max(0, $tail.Length - 60000))[0m
2026-02-21T02:09:01.5884109Z [36;1m  Set-Content -Path $reportPath -Value $tail -Encoding UTF8[0m
2026-02-21T02:09:01.5885244Z [36;1m}[0m
2026-02-21T02:09:01.5921718Z shell: C:\Windows\System32\WindowsPowerShell\v1.0\powershell.EXE -NoProfile -ExecutionPolicy Bypass -Command "{0}"
2026-02-21T02:09:01.5923360Z env:
2026-02-21T02:09:01.5923902Z   REPO_ROOT: C:\work\apex_repo_cache\ApexTraderAI
2026-02-21T02:09:01.5924606Z ##[endgroup]
2026-02-21T02:09:01.9054568Z Resolved run_id=20260221_110728
2026-02-21T02:09:01.9118584Z Resolved run directory: C:\work\apex_work\runs\20260221_110728

----- FILE: actions_logs/run/16_Trim ONE_TAP report size.txt -----
ï»¿2026-02-21T02:09:01.9544393Z ##[group]Run $reportPath = Join-Path $env:GITHUB_WORKSPACE 'temp\ONE_TAP_ERROR_REPORT.txt'
2026-02-21T02:09:01.9545889Z [36;1m$reportPath = Join-Path $env:GITHUB_WORKSPACE 'temp\ONE_TAP_ERROR_REPORT.txt'[0m
2026-02-21T02:09:01.9546720Z [36;1m$maxBytes = 60000[0m
2026-02-21T02:09:01.9559199Z [36;1mif ((Test-Path $reportPath) -and ((Get-Item $reportPath).Length -gt $maxBytes)) {[0m
2026-02-21T02:09:01.9560201Z [36;1m  $tail = Get-Content -Path $reportPath -Raw[0m
2026-02-21T02:09:01.9560983Z [36;1m  $tail = $tail.Substring([Math]::Max(0, $tail.Length - $maxBytes))[0m
2026-02-21T02:09:01.9561896Z [36;1m  Set-Content -Path $reportPath -Value $tail -Encoding UTF8[0m
2026-02-21T02:09:01.9562588Z [36;1m}[0m
2026-02-21T02:09:01.9592436Z shell: C:\Windows\System32\WindowsPowerShell\v1.0\powershell.EXE -NoProfile -ExecutionPolicy Bypass -Command "{0}"
2026-02-21T02:09:01.9593492Z env:
2026-02-21T02:09:01.9593904Z   REPO_ROOT: C:\work\apex_repo_cache\ApexTraderAI
2026-02-21T02:09:01.9594448Z ##[endgroup]

----- FILE: actions_logs/run/17_Stage run artifacts.txt -----
ï»¿2026-02-21T02:09:02.2323237Z ##[group]Run $artifactRoot = Join-Path $env:GITHUB_WORKSPACE 'temp\desktop_artifacts'
2026-02-21T02:09:02.2324649Z [36;1m$artifactRoot = Join-Path $env:GITHUB_WORKSPACE 'temp\desktop_artifacts'[0m
2026-02-21T02:09:02.2325652Z [36;1m$null = New-Item -Path $artifactRoot -ItemType Directory -Force[0m
2026-02-21T02:09:02.2326697Z [36;1m$workspaceLogRoot = Join-Path $env:GITHUB_WORKSPACE 'artifacts\logs'[0m
2026-02-21T02:09:02.2327695Z [36;1m$null = New-Item -Path $workspaceLogRoot -ItemType Directory -Force[0m
2026-02-21T02:09:02.2328409Z [36;1m[0m
2026-02-21T02:09:02.2329222Z [36;1m$reportSource = Join-Path $env:GITHUB_WORKSPACE 'temp\ONE_TAP_ERROR_REPORT.txt'[0m
2026-02-21T02:09:02.2330408Z [36;1m$reportDest = Join-Path $artifactRoot 'ONE_TAP_ERROR_REPORT.txt'[0m
2026-02-21T02:09:02.2331142Z [36;1mif (Test-Path $reportSource) {[0m
2026-02-21T02:09:02.2331881Z [36;1m  Copy-Item -Path $reportSource -Destination $reportDest -Force[0m
2026-02-21T02:09:02.2332580Z [36;1m} else {[0m
2026-02-21T02:09:02.2332933Z [36;1m  @([0m
2026-02-21T02:09:02.2333434Z [36;1m    '[WARN] ONE_TAP_ERROR_REPORT.txt was missing at stage time.',[0m
2026-02-21T02:09:02.2334397Z [36;1m    ('timestamp={0}' -f (Get-Date -Format 'yyyy-MM-dd HH:mm:ss zzz'))[0m
2026-02-21T02:09:02.2335504Z [36;1m  ) | Set-Content -Path $reportDest -Encoding UTF8[0m
2026-02-21T02:09:02.2336079Z [36;1m}[0m
2026-02-21T02:09:02.2336356Z [36;1m[0m
2026-02-21T02:09:02.2337225Z [36;1m$consoleLog = Join-Path $env:GITHUB_WORKSPACE 'temp\run_all_local_then_copy_console.log'[0m
2026-02-21T02:09:02.2338094Z [36;1mif (Test-Path $consoleLog) {[0m
2026-02-21T02:09:02.2339086Z [36;1m  Copy-Item -Path $consoleLog -Destination (Join-Path $artifactRoot 'run_all_local_then_copy_console.log') -Force[0m
2026-02-21T02:09:02.2340349Z [36;1m}[0m
2026-02-21T02:09:02.2340642Z [36;1m[0m
2026-02-21T02:09:02.2341189Z [36;1m$runLog = 'C:\work\apex_work\runs\20260221_110728\logs\run_20260221_110728.log'[0m
2026-02-21T02:09:02.2342159Z [36;1mif ((-not $runLog) -or (-not (Test-Path $runLog))) {[0m
2026-02-21T02:09:02.2342863Z [36;1m  $runDir = 'C:\work\apex_work\runs\20260221_110728'[0m
2026-02-21T02:09:02.2343492Z [36;1m  if ($runDir -and (Test-Path $runDir)) {[0m
2026-02-21T02:09:02.2345148Z [36;1m    $latestRunLog = Get-ChildItem -Path (Join-Path $runDir 'logs') -Filter 'run_*.log' -File -ErrorAction SilentlyContinue | Sort-Object LastWriteTime -Descending | Select-Object -First 1[0m
2026-02-21T02:09:02.2346887Z [36;1m    if ($latestRunLog) {[0m
2026-02-21T02:09:02.2347393Z [36;1m      $runLog = $latestRunLog.FullName[0m
2026-02-21T02:09:02.2347901Z [36;1m    }[0m
2026-02-21T02:09:02.2348198Z [36;1m  }[0m
2026-02-21T02:09:02.2348481Z [36;1m}[0m
2026-02-21T02:09:02.2348743Z [36;1m[0m
2026-02-21T02:09:02.2349112Z [36;1mif ($runLog -and (Test-Path $runLog)) {[0m
2026-02-21T02:09:02.2349780Z [36;1m  $runLogName = Split-Path -Path $runLog -Leaf[0m
2026-02-21T02:09:02.2350721Z [36;1m  Copy-Item -Path $runLog -Destination (Join-Path $artifactRoot $runLogName) -Force[0m
2026-02-21T02:09:02.2352033Z [36;1m  Copy-Item -Path $runLog -Destination (Join-Path $workspaceLogRoot $runLogName) -Force[0m
2026-02-21T02:09:02.2352958Z [36;1m  Write-Host "Staged run log: $runLog"[0m
2026-02-21T02:09:02.2353493Z [36;1m} else {[0m
2026-02-21T02:09:02.2354359Z [36;1m  Write-Warning 'Run log was not found for artifact staging. Uploading console log artifact only.'[0m
2026-02-21T02:09:02.2355265Z [36;1m  @([0m
2026-02-21T02:09:02.2355835Z [36;1m    '[WARN] run_*.log was not found. Artifact includes console log only.',[0m
2026-02-21T02:09:02.2356942Z [36;1m    '[WARN] Never finish a workflow run without leaving a readable log artifact.',[0m
2026-02-21T02:09:02.2358020Z [36;1m    ('[WARN] generated_at={0}' -f (Get-Date -Format 'yyyy-MM-dd HH:mm:ss zzz'))[0m
2026-02-21T02:09:02.2359178Z [36;1m  ) | Set-Content -Path (Join-Path $artifactRoot 'missing_run_log_warning.txt') -Encoding UTF8[0m
2026-02-21T02:09:02.2362078Z [36;1m}[0m
2026-02-21T02:09:02.2362363Z [36;1m[0m
2026-02-21T02:09:02.2362876Z [36;1m$zipPath = 'C:\work\apex_work\runs\20260221_110728\run_20260221_110728.zip'[0m
2026-02-21T02:09:02.2363717Z [36;1mif ($zipPath -and (Test-Path $zipPath)) {[0m
2026-02-21T02:09:02.2364853Z [36;1m  Copy-Item -Path $zipPath -Destination (Join-Path $artifactRoot (Split-Path -Path $zipPath -Leaf)) -Force[0m
2026-02-21T02:09:02.2365889Z [36;1m}[0m
2026-02-21T02:09:02.2366166Z [36;1m[0m
2026-02-21T02:09:02.2366890Z [36;1m"artifact_path=$artifactRoot" | Out-File -FilePath $env:GITHUB_OUTPUT -Encoding utf8 -Append[0m
2026-02-21T02:09:02.2367984Z [36;1mWrite-Host "Staged artifacts under: $artifactRoot"[0m
2026-02-21T02:09:02.2397332Z shell: C:\Windows\System32\WindowsPowerShell\v1.0\powershell.EXE -NoProfile -ExecutionPolicy Bypass -Command "{0}"
2026-02-21T02:09:02.2398412Z env:
2026-02-21T02:09:02.2398807Z   REPO_ROOT: C:\work\apex_repo_cache\ApexTraderAI
2026-02-21T02:09:02.2399365Z ##[endgroup]
2026-02-21T02:09:02.5494547Z Staged run log: C:\work\apex_work\runs\20260221_110728\logs\run_20260221_110728.log
2026-02-21T02:09:02.5602946Z Staged artifacts under: C:\Users\becky\OneDrive\ãƒ‡ã‚¹ã‚¯ãƒˆãƒƒãƒ—\Python\apex-trader-ai\actions-runner\_work\ApexTraderAI\ApexTraderAI\temp\desktop_artifacts

----- FILE: actions_logs/run/18_Upload run artifacts.txt -----
ï»¿2026-02-21T02:09:02.6011751Z ##[group]Run actions/upload-artifact@v4
2026-02-21T02:09:02.6012436Z with:
2026-02-21T02:09:02.6012757Z   name: desktop-run-20260221_110728
2026-02-21T02:09:02.6013272Z   if-no-files-found: warn
2026-02-21T02:09:02.6014466Z   path: C:\Users\becky\OneDrive\ãƒ‡ã‚¹ã‚¯ãƒˆãƒƒãƒ—\Python\apex-trader-ai\actions-runner\_work\ApexTraderAI\ApexTraderAI\temp\desktop_artifacts\**
2026-02-21T02:09:02.6015106Z   compression-level: 6
2026-02-21T02:09:02.6015302Z   overwrite: false
2026-02-21T02:09:02.6015499Z   include-hidden-files: false
2026-02-21T02:09:02.6015713Z env:
2026-02-21T02:09:02.6015917Z   REPO_ROOT: C:\work\apex_repo_cache\ApexTraderAI
2026-02-21T02:09:02.6016199Z ##[endgroup]
2026-02-21T02:09:03.3919354Z With the provided path, there will be 9 files uploaded
2026-02-21T02:09:03.3926308Z Artifact name is valid!
2026-02-21T02:09:03.3929627Z Root directory input is valid!
2026-02-21T02:09:04.0036477Z Beginning upload of artifact content to blob storage
2026-02-21T02:09:06.4573247Z Uploaded bytes 3042529
2026-02-21T02:09:06.6489306Z Finished uploading artifact content to blob storage!
2026-02-21T02:09:06.6494273Z SHA256 digest of uploaded artifact zip is 7c4c16595cb6bd79869e0e7051792a5688cfd26937522e66cb5b6c2d137990e3
2026-02-21T02:09:06.6496581Z Finalizing artifact upload
2026-02-21T02:09:06.9127468Z Artifact desktop-run-20260221_110728.zip successfully finalized. Artifact ID 5598814750
2026-02-21T02:09:06.9137232Z Artifact desktop-run-20260221_110728 has been successfully uploaded! Final size is 3042529 bytes. Artifact ID is 5598814750
2026-02-21T02:09:06.9148617Z Artifact download URL: https://github.com/toki866/ApexTraderAI/actions/runs/22248308415/artifacts/5598814750

----- FILE: actions_logs/run/19_Publish diagnostics to Issue (always).txt -----
ï»¿2026-02-21T02:09:06.9663393Z ##[group]Run actions/github-script@v7
2026-02-21T02:09:06.9664301Z with:
2026-02-21T02:09:06.9668825Z   script: const fs = require('fs');
const path = require('path');

const owner = context.repo.owner;
const repo = context.repo.repo;

const reportPath = path.join(process.env.GITHUB_WORKSPACE, 'temp', 'ONE_TAP_ERROR_REPORT.txt');
let report = fs.existsSync(reportPath)
  ? fs.readFileSync(reportPath, 'utf8')
  : '(missing ONE_TAP_ERROR_REPORT.txt)';

if (report.length > 60000) report = report.slice(-60000);

const runUrl = `${context.serverUrl}/${owner}/${repo}/actions/runs/${context.runId}`;
const title = 'ApexTraderAI Diagnostics (latest)';
const attempt = process.env.GITHUB_RUN_ATTEMPT || '1';
const body = `Run: ${runUrl}\nSHA: ${context.sha}\nAttempt: ${attempt}\n\n\`\`\`text\n${report}\n\`\`\`\n`;

const { data: issues } = await github.rest.issues.listForRepo({
  owner,
  repo,
  state: 'open',
  per_page: 100
});
const existing = issues.find(i => i.title === title);

if (existing) {
  await github.rest.issues.update({ owner, repo, issue_number: existing.number, body });
} else {
  await github.rest.issues.create({ owner, repo, title, body });
}

2026-02-21T02:09:06.9674547Z   github-token: ***
2026-02-21T02:09:06.9674881Z   debug: false
2026-02-21T02:09:06.9675235Z   user-agent: actions/github-script
2026-02-21T02:09:06.9675586Z   result-encoding: json
2026-02-21T02:09:06.9675848Z   retries: 0
2026-02-21T02:09:06.9676130Z   retry-exempt-status-codes: 400,401,403,404,422
2026-02-21T02:09:06.9676488Z env:
2026-02-21T02:09:06.9676823Z   REPO_ROOT: C:\work\apex_repo_cache\ApexTraderAI
2026-02-21T02:09:06.9677250Z ##[endgroup]

----- FILE: actions_logs/run/1_Set up job.txt -----
ï»¿2026-02-21T02:07:20.0004908Z Current runner version: '2.331.0'
2026-02-21T02:07:20.0016508Z Runner name: 'DESKTOP-C54PIIA'
2026-02-21T02:07:20.0017193Z Runner group name: 'Default'
2026-02-21T02:07:20.0018000Z Machine name: 'DESKTOP-C54PIIA'
2026-02-21T02:07:20.0021718Z ##[group]GITHUB_TOKEN Permissions
2026-02-21T02:07:20.0023916Z Actions: read
2026-02-21T02:07:20.0024345Z Contents: write
2026-02-21T02:07:20.0024787Z Issues: write
2026-02-21T02:07:20.0025173Z Metadata: read
2026-02-21T02:07:20.0025682Z ##[endgroup]
2026-02-21T02:07:20.0027587Z Secret source: Actions
2026-02-21T02:07:20.0028305Z Prepare workflow directory
2026-02-21T02:07:20.0652754Z Prepare all required actions
2026-02-21T02:07:20.0691640Z Getting action download info
2026-02-21T02:07:21.1789705Z Download action repository 'actions/upload-artifact@v4' (SHA:ea165f8d65b6e75b540449e92b4886f43607fa02)
2026-02-21T02:07:22.6918204Z Download action repository 'actions/github-script@v7' (SHA:f28e40c7f34bde8b3046d885e986cb6290c5673b)
2026-02-21T02:07:23.7603308Z Complete job name: run

----- FILE: actions_logs/run/20_Publish ONE_TAP report to diag-logs branch.txt -----
ï»¿2026-02-21T02:09:08.8640357Z ##[group]Run $ErrorActionPreference = 'Stop'
2026-02-21T02:09:08.8641124Z [36;1m$ErrorActionPreference = 'Stop'[0m
2026-02-21T02:09:08.8641423Z [36;1m[0m
2026-02-21T02:09:08.8641671Z [36;1m$diagRepo = Join-Path $env:RUNNER_TEMP 'diag_repo'[0m
2026-02-21T02:09:08.8642144Z [36;1mif (Test-Path $diagRepo) { Remove-Item -Path $diagRepo -Recurse -Force }[0m
2026-02-21T02:09:08.8642701Z [36;1m$null = New-Item -Path $diagRepo -ItemType Directory -Force[0m
2026-02-21T02:09:08.8643121Z [36;1mSet-Location $diagRepo[0m
2026-02-21T02:09:08.8647213Z [36;1m[0m
2026-02-21T02:09:08.8647796Z [36;1mgit init[0m
2026-02-21T02:09:08.8648112Z [36;1mgit config user.name 'github-actions[bot]'[0m
2026-02-21T02:09:08.8648781Z [36;1mgit config user.email '41898282+github-actions[bot]@users.noreply.github.com'[0m
2026-02-21T02:09:08.8650336Z [36;1mgit remote add origin "***github.com/toki866/ApexTraderAI.git"[0m
2026-02-21T02:09:08.8650992Z [36;1m[0m
2026-02-21T02:09:08.8651376Z [36;1mgit fetch origin diag-logs --depth 1 2>$null[0m
2026-02-21T02:09:08.8651946Z [36;1mif ($LASTEXITCODE -eq 0) {[0m
2026-02-21T02:09:08.8652446Z [36;1m  git checkout -B diag-logs origin/diag-logs[0m
2026-02-21T02:09:08.8652948Z [36;1m} else {[0m
2026-02-21T02:09:08.8653356Z [36;1m  git checkout --orphan diag-logs[0m
2026-02-21T02:09:08.8653824Z [36;1m}[0m
2026-02-21T02:09:08.8654083Z [36;1m[0m
2026-02-21T02:09:08.8654422Z [36;1m$runsDir = Join-Path $diagRepo 'runs'[0m
2026-02-21T02:09:08.8655086Z [36;1m$null = New-Item -Path $runsDir -ItemType Directory -Force[0m
2026-02-21T02:09:08.8655779Z [36;1m[0m
2026-02-21T02:09:08.8656160Z [36;1m$timestamp = Get-Date -Format 'yyyyMMdd_HHmmss'[0m
2026-02-21T02:09:08.8656663Z [36;1m$shortSha = ('0ada14af01dfe925e090253c143c0dcdc6b974c1').Substring(0, 7)[0m
2026-02-21T02:09:08.8657148Z [36;1m$runFolderName = "${timestamp}_run22248308415_att1_${shortSha}"[0m
2026-02-21T02:09:08.8657550Z [36;1m$runFolder = Join-Path $runsDir $runFolderName[0m
2026-02-21T02:09:08.8657978Z [36;1m$null = New-Item -Path $runFolder -ItemType Directory -Force[0m
2026-02-21T02:09:08.8658350Z [36;1m[0m
2026-02-21T02:09:08.8658675Z [36;1m$oneTapSource = Join-Path $env:GITHUB_WORKSPACE 'temp\ONE_TAP_ERROR_REPORT.txt'[0m
2026-02-21T02:09:08.8659182Z [36;1m$oneTapDest = Join-Path $runFolder 'ONE_TAP_ERROR_REPORT.txt'[0m
2026-02-21T02:09:08.8659540Z [36;1mif (Test-Path $oneTapSource) {[0m
2026-02-21T02:09:08.8659895Z [36;1m  Copy-Item -Path $oneTapSource -Destination $oneTapDest -Force[0m
2026-02-21T02:09:08.8660292Z [36;1m} else {[0m
2026-02-21T02:09:08.8660495Z [36;1m  @([0m
2026-02-21T02:09:08.8660808Z [36;1m    '[WARN] ONE_TAP_ERROR_REPORT.txt was not found in workspace temp.',[0m
2026-02-21T02:09:08.8661278Z [36;1m    ('timestamp={0}' -f (Get-Date -Format 'yyyy-MM-dd HH:mm:ss zzz')),[0m
2026-02-21T02:09:08.8661647Z [36;1m    ('repo=toki866/ApexTraderAI'),[0m
2026-02-21T02:09:08.8661901Z [36;1m    ('run_id=22248308415'),[0m
2026-02-21T02:09:08.8662134Z [36;1m    ('run_attempt=1')[0m
2026-02-21T02:09:08.8662407Z [36;1m  ) | Set-Content -Path $oneTapDest -Encoding UTF8[0m
2026-02-21T02:09:08.8662741Z [36;1m}[0m
2026-02-21T02:09:08.8662933Z [36;1m[0m
2026-02-21T02:09:08.8663157Z [36;1m$latestMdPath = Join-Path $runsDir 'LATEST.md'[0m
2026-02-21T02:09:08.8663434Z [36;1m@([0m
2026-02-21T02:09:08.8663605Z [36;1m  '# Latest ONE_TAP report',[0m
2026-02-21T02:09:08.8663829Z [36;1m  '',[0m
2026-02-21T02:09:08.8664000Z [36;1m  "- folder: $runFolderName",[0m
2026-02-21T02:09:08.8664327Z [36;1m  "- report: ./runs/$runFolderName/ONE_TAP_ERROR_REPORT.txt"[0m
2026-02-21T02:09:08.8664755Z [36;1m) -join "`r`n" | Set-Content -Path $latestMdPath -Encoding UTF8[0m
2026-02-21T02:09:08.8665122Z [36;1m[0m
2026-02-21T02:09:08.8665341Z [36;1mgit add runs[0m
2026-02-21T02:09:08.8665557Z [36;1mif (git diff --cached --quiet) {[0m
2026-02-21T02:09:08.8665872Z [36;1m  Write-Host 'No diagnostics changes to commit.'[0m
2026-02-21T02:09:08.8667750Z [36;1m  exit 0[0m
2026-02-21T02:09:08.8667920Z [36;1m}[0m
2026-02-21T02:09:08.8668072Z [36;1m[0m
2026-02-21T02:09:08.8668307Z [36;1mgit commit -m "diag: add one_tap report $runFolderName"[0m
2026-02-21T02:09:08.8668644Z [36;1mgit push origin diag-logs[0m
2026-02-21T02:09:08.8668886Z [36;1mif ($LASTEXITCODE -ne 0) {[0m
2026-02-21T02:09:08.8669237Z [36;1m  Write-Warning 'Failed to push ONE_TAP report to diag-logs branch.'[0m
2026-02-21T02:09:08.8669854Z [36;1m  Write-Warning 'Enable Settings > Actions > Workflow permissions: Read and write permissions'[0m
2026-02-21T02:09:08.8670573Z [36;1m  exit $LASTEXITCODE[0m
2026-02-21T02:09:08.8670777Z [36;1m}[0m
2026-02-21T02:09:08.8689065Z shell: C:\Windows\System32\WindowsPowerShell\v1.0\powershell.EXE -NoProfile -ExecutionPolicy Bypass -Command "{0}"
2026-02-21T02:09:08.8689679Z env:
2026-02-21T02:09:08.8689893Z   REPO_ROOT: C:\work\apex_repo_cache\ApexTraderAI
2026-02-21T02:09:08.8690179Z ##[endgroup]
2026-02-21T02:09:09.1590732Z Initialized empty Git repository in C:/Users/becky/OneDrive/ãƒ‡ã‚¹ã‚¯ãƒˆãƒƒãƒ—/Python/apex-trader-ai/actions-runner/_work/_temp/diag_repo/.git/
2026-02-21T02:09:10.6016365Z git : fatal: couldn't find remote ref diag-logs
2026-02-21T02:09:10.6020989Z At C:\Users\becky\OneDrive\ãƒ‡ã‚¹ã‚¯ãƒˆãƒƒãƒ—\Python\apex-trader-ai\actions-runner\_work\_temp\dadf023b-36b6-47b0-810b-b57d797b5c1f
2026-02-21T02:09:10.6023427Z .ps1:14 char:1
2026-02-21T02:09:10.6023706Z + git fetch origin diag-logs --depth 1 2>$null
2026-02-21T02:09:10.6025934Z + ~~~~~~~~~~~~~~~~~~~~~~~~~~~~~~~~~~~~~~~~~~~~
2026-02-21T02:09:10.6028407Z     + CategoryInfo          : NotSpecified: (fatal: couldn't...e ref diag-logs:String) [], RemoteException
2026-02-21T02:09:10.6030838Z     + FullyQualifiedErrorId : NativeCommandError
2026-02-21T02:09:10.6033016Z  
2026-02-21T02:09:10.6125707Z ##[error]Process completed with exit code 1.

----- FILE: actions_logs/run/21_Collect diagnostics.txt -----
ï»¿2026-02-21T02:09:10.6360523Z ##[group]Run $ErrorActionPreference = 'Stop'
2026-02-21T02:09:10.6361819Z [36;1m$ErrorActionPreference = 'Stop'[0m
2026-02-21T02:09:10.6362658Z [36;1m[0m
2026-02-21T02:09:10.6363156Z [36;1mfunction Mask-Secrets {[0m
2026-02-21T02:09:10.6363493Z [36;1m  param([string]$Text)[0m
2026-02-21T02:09:10.6363798Z [36;1m[0m
2026-02-21T02:09:10.6364085Z [36;1m  if ([string]::IsNullOrEmpty($Text)) { return $Text }[0m
2026-02-21T02:09:10.6364492Z [36;1m[0m
2026-02-21T02:09:10.6364693Z [36;1m  $masked = $Text[0m
2026-02-21T02:09:10.6365293Z [36;1m  $masked = [regex]::Replace($masked, 'github_pat_[A-Za-z0-9_]{20,}', 'github_pat_***MASKED***')[0m
2026-02-21T02:09:10.6366350Z [36;1m  $masked = [regex]::Replace($masked, 'gh[pousr]_[A-Za-z0-9_]{20,}', 'gh***_***MASKED***')[0m
2026-02-21T02:09:10.6367225Z [36;1m  $masked = [regex]::Replace($masked, '(?im)\b(token|password|secret)\b\s*[:=]\s*\S+', '$1=***MASKED***')[0m
2026-02-21T02:09:10.6368006Z [36;1m  return $masked[0m
2026-02-21T02:09:10.6368306Z [36;1m}[0m
2026-02-21T02:09:10.6368490Z [36;1m[0m
2026-02-21T02:09:10.6368720Z [36;1mfunction Get-MaskedTail {[0m
2026-02-21T02:09:10.6369016Z [36;1m  param([0m
2026-02-21T02:09:10.6369281Z [36;1m    [string]$Path,[0m
2026-02-21T02:09:10.6369550Z [36;1m    [int]$Tail = 200[0m
2026-02-21T02:09:10.6369810Z [36;1m  )[0m
2026-02-21T02:09:10.6370087Z [36;1m[0m
2026-02-21T02:09:10.6370425Z [36;1m  if (-not (Test-Path $Path)) { return "(not found) $Path" }[0m
2026-02-21T02:09:10.6370975Z [36;1m  $raw = (Get-Content -Path $Path -Tail $Tail -ErrorAction SilentlyContinue) -join "`r`n"[0m
2026-02-21T02:09:10.6371552Z [36;1m  return (Mask-Secrets -Text $raw)[0m
2026-02-21T02:09:10.6371899Z [36;1m}[0m
2026-02-21T02:09:10.6372261Z [36;1m[0m
2026-02-21T02:09:10.6372591Z [36;1m$diagOut = Join-Path $env:RUNNER_TEMP 'diag_out'[0m
2026-02-21T02:09:10.6373100Z [36;1m$null = New-Item -Path $diagOut -ItemType Directory -Force[0m
2026-02-21T02:09:10.6373459Z [36;1m[0m
2026-02-21T02:09:10.6373719Z [36;1m$ws = $env:GITHUB_WORKSPACE[0m
2026-02-21T02:09:10.6374156Z [36;1m$runnerRoot = (Resolve-Path (Join-Path $ws '..\..\..')).Path[0m
2026-02-21T02:09:10.6374662Z [36;1m$runnerDiag = Join-Path $runnerRoot '_diag'[0m
2026-02-21T02:09:10.6375109Z [36;1m$runId = '22248308415'[0m
2026-02-21T02:09:10.6375389Z [36;1m$runAttempt = '1'[0m
2026-02-21T02:09:10.6375670Z [36;1m$sha = '0ada14af01dfe925e090253c143c0dcdc6b974c1'[0m
2026-02-21T02:09:10.6376050Z [36;1m$branch = 'main'[0m
2026-02-21T02:09:10.6376348Z [36;1m$repo = 'toki866/ApexTraderAI'[0m
2026-02-21T02:09:10.6376767Z [36;1m$artifactName = "diag_full_${runId}_${runAttempt}"[0m
2026-02-21T02:09:10.6377569Z [36;1m[0m
2026-02-21T02:09:10.6377899Z [36;1m$latestRunnerLog = $null[0m
2026-02-21T02:09:10.6378127Z [36;1m$latestWorkerLog = $null[0m
2026-02-21T02:09:10.6378397Z [36;1mif (Test-Path $runnerDiag) {[0m
2026-02-21T02:09:10.6379380Z [36;1m  $latestRunnerLog = Get-ChildItem -Path $runnerDiag -Filter 'Runner_*.log' -File -ErrorAction SilentlyContinue | Sort-Object LastWriteTime -Descending | Select-Object -First 1[0m
2026-02-21T02:09:10.6380877Z [36;1m  $latestWorkerLog = Get-ChildItem -Path $runnerDiag -Filter 'Worker_*.log' -File -ErrorAction SilentlyContinue | Sort-Object LastWriteTime -Descending | Select-Object -First 1[0m
2026-02-21T02:09:10.6381818Z [36;1m}[0m
2026-02-21T02:09:10.6382043Z [36;1m[0m
2026-02-21T02:09:10.6382516Z [36;1m$workflowLog = Join-Path $env:RUNNER_TEMP 'run_all_local_then_copy_console.log'[0m
2026-02-21T02:09:10.6383095Z [36;1m$runLogPath = 'C:\work\apex_work\runs\20260221_110728\logs\run_20260221_110728.log'[0m
2026-02-21T02:09:10.6383754Z [36;1m$stepSummaryGlob = Join-Path $env:RUNNER_TEMP 'step_summary_*'[0m
2026-02-21T02:09:10.6384458Z [36;1m$oneTapReportWorkspace = Join-Path $env:GITHUB_WORKSPACE 'temp\ONE_TAP_ERROR_REPORT.txt'[0m
2026-02-21T02:09:10.6385037Z [36;1m[0m
2026-02-21T02:09:10.6385595Z [36;1mif ($latestRunnerLog) { Copy-Item -Path $latestRunnerLog.FullName -Destination (Join-Path $diagOut $latestRunnerLog.Name) -Force }[0m
2026-02-21T02:09:10.6389198Z [36;1mif ($latestWorkerLog) { Copy-Item -Path $latestWorkerLog.FullName -Destination (Join-Path $diagOut $latestWorkerLog.Name) -Force }[0m
2026-02-21T02:09:10.6390263Z [36;1mif (Test-Path $workflowLog) { Copy-Item -Path $workflowLog -Destination (Join-Path $diagOut 'workflow_console.log') -Force }[0m
2026-02-21T02:09:10.6391476Z [36;1mif ($runLogPath -and (Test-Path $runLogPath)) { Copy-Item -Path $runLogPath -Destination (Join-Path $diagOut (Split-Path $runLogPath -Leaf)) -Force }[0m
2026-02-21T02:09:10.6392735Z [36;1mif (Test-Path $oneTapReportWorkspace) { Copy-Item -Path $oneTapReportWorkspace -Destination (Join-Path $diagOut 'ONE_TAP_ERROR_REPORT.txt') -Force }[0m
2026-02-21T02:09:10.6393862Z [36;1mGet-ChildItem -Path $stepSummaryGlob -File -ErrorAction SilentlyContinue | ForEach-Object {[0m
2026-02-21T02:09:10.6394651Z [36;1m  Copy-Item -Path $_.FullName -Destination (Join-Path $diagOut $_.Name) -Force[0m
2026-02-21T02:09:10.6395091Z [36;1m}[0m
2026-02-21T02:09:10.6395289Z [36;1m[0m
2026-02-21T02:09:10.6395538Z [36;1mforeach ($subDir in @('pages', 'blocks')) {[0m
2026-02-21T02:09:10.6395929Z [36;1m  $src = Join-Path $runnerDiag $subDir[0m
2026-02-21T02:09:10.6396285Z [36;1m  if (Test-Path $src) {[0m
2026-02-21T02:09:10.6396846Z [36;1m    Copy-Item -Path $src -Destination (Join-Path $diagOut $subDir) -Recurse -Force[0m
2026-02-21T02:09:10.6397252Z [36;1m  }[0m
2026-02-21T02:09:10.6397445Z [36;1m}[0m
2026-02-21T02:09:10.6397638Z [36;1m[0m
2026-02-21T02:09:10.6398418Z [36;1m$runnerTailText = if ($latestRunnerLog) { Get-MaskedTail -Path $latestRunnerLog.FullName -Tail 200 } else { '(runner diag not found)' }[0m
2026-02-21T02:09:10.6399607Z [36;1m$workflowTailText = if (Test-Path $workflowLog) { Get-MaskedTail -Path $workflowLog -Tail 200 } else { '(workflow log not found)' }[0m
2026-02-21T02:09:10.6400255Z [36;1m[0m
2026-02-21T02:09:10.6400523Z [36;1m$summaryPath = Join-Path $diagOut 'summary.md'[0m
2026-02-21T02:09:10.6400880Z [36;1m$summary = @([0m
2026-02-21T02:09:10.6401128Z [36;1m  '# Diagnostics Summary',[0m
2026-02-21T02:09:10.6401484Z [36;1m  '',[0m
2026-02-21T02:09:10.6401713Z [36;1m  "- repo: $repo",[0m
2026-02-21T02:09:10.6401914Z [36;1m  "- branch: $branch",[0m
2026-02-21T02:09:10.6402292Z [36;1m  "- sha: $sha",[0m
2026-02-21T02:09:10.6402543Z [36;1m  "- run_id: $runId",[0m
2026-02-21T02:09:10.6402826Z [36;1m  "- attempt: $runAttempt",[0m
2026-02-21T02:09:10.6403156Z [36;1m  "- failing_step: $env:FAILING_STEP",[0m
2026-02-21T02:09:10.6403510Z [36;1m  "- artifact_name: $artifactName",[0m
2026-02-21T02:09:10.6404264Z [36;1m  '- one_tap_report: See ONE_TAP_ERROR_REPORT.txt',[0m
2026-02-21T02:09:10.6404556Z [36;1m  '',[0m
2026-02-21T02:09:10.6404788Z [36;1m  '## runner_diag_tail (last 200 lines)',[0m
2026-02-21T02:09:10.6405114Z [36;1m  '```text',[0m
2026-02-21T02:09:10.6405382Z [36;1m  $runnerTailText,[0m
2026-02-21T02:09:10.6405647Z [36;1m  '```',[0m
2026-02-21T02:09:10.6405850Z [36;1m  '',[0m
2026-02-21T02:09:10.6406127Z [36;1m  '## workflow_tail (last 200 lines)',[0m
2026-02-21T02:09:10.6406523Z [36;1m  '```text',[0m
2026-02-21T02:09:10.6406710Z [36;1m  $workflowTailText,[0m
2026-02-21T02:09:10.6406915Z [36;1m  '```'[0m
2026-02-21T02:09:10.6407109Z [36;1m) -join "`r`n"[0m
2026-02-21T02:09:10.6407408Z [36;1m$summary = Mask-Secrets -Text $summary[0m
2026-02-21T02:09:10.6407871Z [36;1mSet-Content -Path $summaryPath -Value $summary -Encoding UTF8[0m
2026-02-21T02:09:10.6408307Z [36;1m[0m
2026-02-21T02:09:10.6408680Z [36;1m$runnerTailPath = Join-Path $diagOut 'runner_diag_tail.txt'[0m
2026-02-21T02:09:10.6409231Z [36;1mSet-Content -Path $runnerTailPath -Value $runnerTailText -Encoding UTF8[0m
2026-02-21T02:09:10.6409809Z [36;1m$workflowTailPath = Join-Path $diagOut 'workflow_tail.txt'[0m
2026-02-21T02:09:10.6410436Z [36;1mSet-Content -Path $workflowTailPath -Value $workflowTailText -Encoding UTF8[0m
2026-02-21T02:09:10.6411773Z [36;1m[0m
2026-02-21T02:09:10.6412108Z [36;1m$fullZip = Join-Path $env:RUNNER_TEMP ("{0}.zip" -f $artifactName)[0m
2026-02-21T02:09:10.6412659Z [36;1mif (Test-Path $fullZip) { Remove-Item $fullZip -Force }[0m
2026-02-21T02:09:10.6413332Z [36;1mCompress-Archive -Path (Join-Path $diagOut '*') -DestinationPath $fullZip -Force[0m
2026-02-21T02:09:10.6413856Z [36;1m[0m
2026-02-21T02:09:10.6414196Z [36;1m"diag_out=$diagOut" | Out-File -FilePath $env:GITHUB_OUTPUT -Encoding utf8 -Append[0m
2026-02-21T02:09:10.6414974Z [36;1m"diag_summary=$summaryPath" | Out-File -FilePath $env:GITHUB_OUTPUT -Encoding utf8 -Append[0m
2026-02-21T02:09:10.6415883Z [36;1m"diag_runner_tail=$runnerTailPath" | Out-File -FilePath $env:GITHUB_OUTPUT -Encoding utf8 -Append[0m
2026-02-21T02:09:10.6416675Z [36;1m"diag_workflow_tail=$workflowTailPath" | Out-File -FilePath $env:GITHUB_OUTPUT -Encoding utf8 -Append[0m
2026-02-21T02:09:10.6417491Z [36;1m"diag_zip=$fullZip" | Out-File -FilePath $env:GITHUB_OUTPUT -Encoding utf8 -Append[0m
2026-02-21T02:09:10.6418370Z [36;1m"diag_artifact_name=$artifactName" | Out-File -FilePath $env:GITHUB_OUTPUT -Encoding utf8 -Append[0m
2026-02-21T02:09:10.6443998Z shell: C:\Windows\System32\WindowsPowerShell\v1.0\powershell.EXE -NoProfile -ExecutionPolicy Bypass -Command "{0}"
2026-02-21T02:09:10.6444655Z env:
2026-02-21T02:09:10.6444847Z   REPO_ROOT: C:\work\apex_repo_cache\ApexTraderAI
2026-02-21T02:09:10.6445164Z   FAILING_STEP: unknown
2026-02-21T02:09:10.6445398Z ##[endgroup]

----- FILE: actions_logs/run/22_Upload full diagnostics artifact.txt -----
ï»¿2026-02-21T02:09:11.8012763Z ##[group]Run actions/upload-artifact@v4
2026-02-21T02:09:11.8013172Z with:
2026-02-21T02:09:11.8013376Z   name: diag_full_22248308415_1
2026-02-21T02:09:11.8013638Z   if-no-files-found: warn
2026-02-21T02:09:11.8013858Z   retention-days: 7
2026-02-21T02:09:11.8014327Z   path: C:\Users\becky\OneDrive\ãƒ‡ã‚¹ã‚¯ãƒˆãƒƒãƒ—\Python\apex-trader-ai\actions-runner\_work\_temp\diag_full_22248308415_1.zip
2026-02-21T02:09:11.8014858Z   compression-level: 6
2026-02-21T02:09:11.8015061Z   overwrite: false
2026-02-21T02:09:11.8015252Z   include-hidden-files: false
2026-02-21T02:09:11.8015468Z env:
2026-02-21T02:09:11.8015734Z   REPO_ROOT: C:\work\apex_repo_cache\ApexTraderAI
2026-02-21T02:09:11.8016031Z ##[endgroup]
2026-02-21T02:09:12.2067119Z With the provided path, there will be 1 file uploaded
2026-02-21T02:09:12.2069682Z Artifact name is valid!
2026-02-21T02:09:12.2074143Z Root directory input is valid!
2026-02-21T02:09:12.8236137Z Beginning upload of artifact content to blob storage
2026-02-21T02:09:13.9204945Z Uploaded bytes 84859
2026-02-21T02:09:14.1031280Z Finished uploading artifact content to blob storage!
2026-02-21T02:09:14.1032458Z SHA256 digest of uploaded artifact zip is eb049327c1fa5b44a97de2f72d22149a289f053bcfd78d7391cca0bdfe0ba8b4
2026-02-21T02:09:14.1036075Z Finalizing artifact upload
2026-02-21T02:09:14.3486428Z Artifact diag_full_22248308415_1.zip successfully finalized. Artifact ID 5598815408
2026-02-21T02:09:14.3487435Z Artifact diag_full_22248308415_1 has been successfully uploaded! Final size is 84859 bytes. Artifact ID is 5598815408
2026-02-21T02:09:14.3504327Z Artifact download URL: https://github.com/toki866/ApexTraderAI/actions/runs/22248308415/artifacts/5598815408

----- FILE: actions_logs/run/23_Upload diagnostics artifact.txt -----
ï»¿2026-02-21T02:09:14.3839003Z ##[group]Run actions/upload-artifact@v4
2026-02-21T02:09:14.3839587Z with:
2026-02-21T02:09:14.3839889Z   name: diagnostics
2026-02-21T02:09:14.3840265Z   if-no-files-found: warn
2026-02-21T02:09:14.3840727Z   path: _diagnostics/**/*
2026-02-21T02:09:14.3841204Z   compression-level: 6
2026-02-21T02:09:14.3841585Z   overwrite: false
2026-02-21T02:09:14.3841966Z   include-hidden-files: false
2026-02-21T02:09:14.3842367Z env:
2026-02-21T02:09:14.3842709Z   REPO_ROOT: C:\work\apex_repo_cache\ApexTraderAI
2026-02-21T02:09:14.3843256Z ##[endgroup]
2026-02-21T02:09:14.7495992Z ##[warning]No files were found with the provided path: _diagnostics/**/*. No artifacts will be uploaded.

----- FILE: actions_logs/run/24_Complete job.txt -----
ï»¿2026-02-21T02:09:14.7612404Z Cleaning up orphan processes

----- FILE: actions_logs/run/2_Prepare repo in C_work (no OneDrive cleanup).txt -----
ï»¿2026-02-21T02:07:24.0187840Z ##[group]Run $ErrorActionPreference = 'Stop'
2026-02-21T02:07:24.0188472Z [36;1m$ErrorActionPreference = 'Stop'[0m
2026-02-21T02:07:24.0188931Z [36;1mgit config --global core.longpaths true[0m
2026-02-21T02:07:24.0189254Z [36;1m[0m
2026-02-21T02:07:24.0190180Z [36;1m$repoUrl = "***github.com/toki866/ApexTraderAI.git"[0m
2026-02-21T02:07:24.0190736Z [36;1m$cacheRoot = "C:\work\apex_repo_cache"[0m
2026-02-21T02:07:24.0191118Z [36;1m$repoDir = Join-Path $cacheRoot "ApexTraderAI"[0m
2026-02-21T02:07:24.0191511Z [36;1m[0m
2026-02-21T02:07:24.0191843Z [36;1mNew-Item -Path $cacheRoot -ItemType Directory -Force | Out-Null[0m
2026-02-21T02:07:24.0192245Z [36;1m[0m
2026-02-21T02:07:24.0192504Z [36;1mif (!(Test-Path (Join-Path $repoDir ".git"))) {[0m
2026-02-21T02:07:24.0192901Z [36;1m  Write-Host "[repo] cloning to $repoDir"[0m
2026-02-21T02:07:24.0193488Z [36;1m  if (Test-Path $repoDir) { Remove-Item -Path $repoDir -Recurse -Force -ErrorAction SilentlyContinue }[0m
2026-02-21T02:07:24.0194183Z [36;1m  git clone $repoUrl $repoDir[0m
2026-02-21T02:07:24.0194613Z [36;1m  if ($LASTEXITCODE -ne 0) { throw "git clone failed (exit=$LASTEXITCODE)" }[0m
2026-02-21T02:07:24.0195040Z [36;1m} else {[0m
2026-02-21T02:07:24.0195323Z [36;1m  Write-Host "[repo] fetch/reset in $repoDir"[0m
2026-02-21T02:07:24.0195753Z [36;1m  git -C $repoDir remote set-url origin $repoUrl | Out-Null[0m
2026-02-21T02:07:24.0196398Z [36;1m  git -C $repoDir fetch --force --prune origin[0m
2026-02-21T02:07:24.0196847Z [36;1m  if ($LASTEXITCODE -ne 0) { throw "git fetch failed (exit=$LASTEXITCODE)" }[0m
2026-02-21T02:07:24.0197244Z [36;1m}[0m
2026-02-21T02:07:24.0197431Z [36;1m[0m
2026-02-21T02:07:24.0197670Z [36;1mgit -C $repoDir checkout -f $env:GITHUB_SHA[0m
2026-02-21T02:07:24.0198135Z [36;1mif ($LASTEXITCODE -ne 0) { throw "git checkout SHA failed (exit=$LASTEXITCODE)" }[0m
2026-02-21T02:07:24.0198718Z [36;1mgit -C $repoDir reset --hard $env:GITHUB_SHA[0m
2026-02-21T02:07:24.0199196Z [36;1mif ($LASTEXITCODE -ne 0) { throw "git reset SHA failed (exit=$LASTEXITCODE)" }[0m
2026-02-21T02:07:24.0199658Z [36;1mgit -C $repoDir clean -ffdx[0m
2026-02-21T02:07:24.0200076Z [36;1mif ($LASTEXITCODE -ne 0) { throw "git clean failed (exit=$LASTEXITCODE)" }[0m
2026-02-21T02:07:24.0200476Z [36;1m[0m
2026-02-21T02:07:24.0200786Z [36;1mgit config --global --add safe.directory $repoDir[0m
2026-02-21T02:07:24.0201162Z [36;1m[0m
2026-02-21T02:07:24.0201605Z [36;1mAdd-Content -Path $env:GITHUB_ENV -Value "REPO_ROOT=$repoDir"[0m
2026-02-21T02:07:24.0201980Z [36;1mWrite-Host "REPO_ROOT=$repoDir"[0m
2026-02-21T02:07:24.0202412Z [36;1m$headShort = git -C $repoDir rev-parse --short HEAD[0m
2026-02-21T02:07:24.0202753Z [36;1mWrite-Host "HEAD=$headShort"[0m
2026-02-21T02:07:24.0226993Z shell: C:\Windows\System32\WindowsPowerShell\v1.0\powershell.EXE -NoProfile -ExecutionPolicy Bypass -Command "{0}"
2026-02-21T02:07:24.0227925Z env:
2026-02-21T02:07:24.0229697Z   GIT_TERMINAL_PROMPT: 0
2026-02-21T02:07:24.0230183Z ##[endgroup]
2026-02-21T02:07:24.3641762Z [repo] fetch/reset in C:\work\apex_repo_cache\ApexTraderAI
2026-02-21T02:07:25.8246011Z From https://github.com/toki866/ApexTraderAI
2026-02-21T02:07:25.8246526Z    86f796d..0ada14a  main       -> origin/main
2026-02-21T02:07:25.8803658Z Previous HEAD position was 86f796d Merge pull request #57 from toki866/codex/add-error-reporting-to-one_tap
2026-02-21T02:07:25.8804517Z HEAD is now at 0ada14a Merge pull request #59 from toki866/codex/fix-stepb-to-find-stepa-outputs
2026-02-21T02:07:25.9167831Z HEAD is now at 0ada14a Merge pull request #59 from toki866/codex/fix-stepb-to-find-stepa-outputs
2026-02-21T02:07:25.9488682Z Removing ai_core/__pycache__/
2026-02-21T02:07:25.9489429Z Removing ai_core/config/__pycache__/
2026-02-21T02:07:25.9490014Z Removing ai_core/services/__pycache__/
2026-02-21T02:07:25.9490588Z Removing ai_core/types/__pycache__/
2026-02-21T02:07:25.9491133Z Removing ai_core/utils/__pycache__/
2026-02-21T02:07:25.9493792Z Removing output/
2026-02-21T02:07:25.9494237Z Removing temp/
2026-02-21T02:07:25.9939975Z REPO_ROOT=C:\work\apex_repo_cache\ApexTraderAI
2026-02-21T02:07:26.0249685Z HEAD=0ada14a

----- FILE: actions_logs/run/3_Initialize ONE_TAP error report.txt -----
ï»¿2026-02-21T02:07:26.0685698Z ##[group]Run $ErrorActionPreference = 'Stop'
2026-02-21T02:07:26.0686293Z [36;1m$ErrorActionPreference = 'Stop'[0m
2026-02-21T02:07:26.0686627Z [36;1m$reportDir = Join-Path $env:GITHUB_WORKSPACE 'temp'[0m
2026-02-21T02:07:26.0687058Z [36;1m$null = New-Item -Path $reportDir -ItemType Directory -Force[0m
2026-02-21T02:07:26.0687497Z [36;1m$reportPath = Join-Path $reportDir 'ONE_TAP_ERROR_REPORT.txt'[0m
2026-02-21T02:07:26.0687830Z [36;1m[0m
2026-02-21T02:07:26.0687971Z [36;1m@([0m
2026-02-21T02:07:26.0688162Z [36;1m  '=== ONE TAP ERROR REPORT ===',[0m
2026-02-21T02:07:26.0688572Z [36;1m  ('timestamp={0}' -f (Get-Date -Format 'yyyy-MM-dd HH:mm:ss zzz')),[0m
2026-02-21T02:07:26.0688956Z [36;1m  ('repo=toki866/ApexTraderAI'),[0m
2026-02-21T02:07:26.0689233Z [36;1m  ('ref=refs/heads/main'),[0m
2026-02-21T02:07:26.0689525Z [36;1m  ('sha=0ada14af01dfe925e090253c143c0dcdc6b974c1'),[0m
2026-02-21T02:07:26.0689834Z [36;1m  ('run_id=22248308415'),[0m
2026-02-21T02:07:26.0690057Z [36;1m  ('run_attempt=1'),[0m
2026-02-21T02:07:26.0690319Z [36;1m  ''[0m
2026-02-21T02:07:26.0703572Z [36;1m) | Set-Content -Path $reportPath -Encoding UTF8[0m
2026-02-21T02:07:26.0704181Z [36;1m[0m
2026-02-21T02:07:26.0704535Z [36;1mAdd-Content -Path $reportPath -Value @([0m
2026-02-21T02:07:26.0705067Z [36;1m  '[STEP] initialize_one_tap_report',[0m
2026-02-21T02:07:26.0705630Z [36;1m  '[OK] report initialized',[0m
2026-02-21T02:07:26.0706045Z [36;1m  ('[PATH] {0}' -f $reportPath),[0m
2026-02-21T02:07:26.0706569Z [36;1m  ('[INFO] REPO_ROOT={0}' -f $env:REPO_ROOT),[0m
2026-02-21T02:07:26.0707241Z [36;1m  ('[INFO] HEAD={0}' -f (git -C $env:REPO_ROOT rev-parse --short HEAD)),[0m
2026-02-21T02:07:26.0707988Z [36;1m  ''[0m
2026-02-21T02:07:26.0708312Z [36;1m)[0m
2026-02-21T02:07:26.0731127Z shell: C:\Windows\System32\WindowsPowerShell\v1.0\powershell.EXE -NoProfile -ExecutionPolicy Bypass -Command "{0}"
2026-02-21T02:07:26.0731678Z env:
2026-02-21T02:07:26.0731954Z   REPO_ROOT: C:\work\apex_repo_cache\ApexTraderAI
2026-02-21T02:07:26.0732253Z ##[endgroup]

----- FILE: actions_logs/run/4_Verify scripts directory (post-prepare).txt -----
ï»¿2026-02-21T02:07:26.3953892Z ##[group]Run $ErrorActionPreference='Stop'
2026-02-21T02:07:26.3954384Z [36;1m$ErrorActionPreference='Stop'[0m
2026-02-21T02:07:26.3954670Z [36;1m$repoRoot = $env:REPO_ROOT[0m
2026-02-21T02:07:26.3954951Z [36;1mSet-Location $repoRoot[0m
2026-02-21T02:07:26.3955338Z [36;1mWrite-Host "***"[0m
2026-02-21T02:07:26.3955615Z [36;1mWrite-Host "HEAD=$(git rev-parse --short HEAD)"[0m
2026-02-21T02:07:26.3955951Z [36;1mWrite-Host "=== workspace listing ==="[0m
2026-02-21T02:07:26.3956412Z [36;1mGet-ChildItem -Path $repoRoot | Select-Object Name, FullName | Format-Table -AutoSize[0m
2026-02-21T02:07:26.3956893Z [36;1m$scriptsDir = Join-Path $repoRoot 'scripts'[0m
2026-02-21T02:07:26.3957883Z [36;1mWrite-Host "scripts_dir=$scriptsDir"[0m
2026-02-21T02:07:26.3958300Z [36;1mif (!(Test-Path $scriptsDir)) { throw "scripts directory not found: $scriptsDir" }[0m
2026-02-21T02:07:26.3958969Z [36;1mGet-ChildItem -Path $scriptsDir | Select-Object Name, Length, LastWriteTime | Format-Table -AutoSize[0m
2026-02-21T02:07:26.3976926Z shell: C:\Windows\System32\WindowsPowerShell\v1.0\powershell.EXE -NoProfile -ExecutionPolicy Bypass -Command "{0}"
2026-02-21T02:07:26.3977470Z env:
2026-02-21T02:07:26.3977671Z   REPO_ROOT: C:\work\apex_repo_cache\ApexTraderAI
2026-02-21T02:07:26.3977950Z ##[endgroup]
2026-02-21T02:07:26.6328010Z ***
2026-02-21T02:07:26.6643533Z HEAD=0ada14a
2026-02-21T02:07:26.6647842Z === workspace listing ===
2026-02-21T02:07:26.6713491Z 
2026-02-21T02:07:26.6780704Z Name                                               FullName                                                            
2026-02-21T02:07:26.6784601Z ----                                               --------                                                            
2026-02-21T02:07:26.6786971Z .github                                            C:\work\apex_repo_cache\ApexTraderAI\.github                        
2026-02-21T02:07:26.6789337Z ai_core                                            C:\work\apex_repo_cache\ApexTraderAI\ai_core                        
2026-02-21T02:07:26.6791664Z archive                                            C:\work\apex_repo_cache\ApexTraderAI\archive                        
2026-02-21T02:07:26.6794041Z config                                             C:\work\apex_repo_cache\ApexTraderAI\config                         
2026-02-21T02:07:26.6796364Z data                                               C:\work\apex_repo_cache\ApexTraderAI\data                           
2026-02-21T02:07:26.6800964Z docs                                               C:\work\apex_repo_cache\ApexTraderAI\docs                           
2026-02-21T02:07:26.6805568Z engine                                             C:\work\apex_repo_cache\ApexTraderAI\engine                         
2026-02-21T02:07:26.6808148Z scripts                                            C:\work\apex_repo_cache\ApexTraderAI\scripts                        
2026-02-21T02:07:26.6812529Z specs                                              C:\work\apex_repo_cache\ApexTraderAI\specs                          
2026-02-21T02:07:26.6815070Z tools                                              C:\work\apex_repo_cache\ApexTraderAI\tools                          
2026-02-21T02:07:26.6817650Z .gitignore                                         C:\work\apex_repo_cache\ApexTraderAI\.gitignore                     
2026-02-21T02:07:26.6820228Z AGENTS.md                                          C:\work\apex_repo_cache\ApexTraderAI\AGENTS.md                      
2026-02-21T02:07:26.6824650Z auto_trader.py                                     C:\work\apex_repo_cache\ApexTraderAI\auto_trader.py                 
2026-02-21T02:07:26.6827269Z main_v0_6.py                                       C:\work\apex_repo_cache\ApexTraderAI\main_v0_6.py                   
2026-02-21T02:07:26.6831690Z README.md                                          C:\work\apex_repo_cache\ApexTraderAI\README.md                      
2026-02-21T02:07:26.6834260Z requirements.txt                                   C:\work\apex_repo_cache\ApexTraderAI\requirements.txt               
2026-02-21T02:07:26.6845972Z run_stepd_prime.py                                 C:\work\apex_repo_cache\ApexTraderAI\run_stepd_prime.py             
2026-02-21T02:07:26.6848634Z run_steps_a_f_headless.py                          C:\work\apex_repo_cache\ApexTraderAI\run_steps_a_f_headless.py      
2026-02-21T02:07:26.6853180Z run_steps_a_f_headless_safe3_lazy_import.py        C:\work\apex_repo_cache\ApexTraderAI\run_steps_a_f_headless_safe3...
2026-02-21T02:07:26.6855907Z run_steps_a_f_headless_safe4_force_stepb_agents.py C:\work\apex_repo_cache\ApexTraderAI\run_steps_a_f_headless_safe4...
2026-02-21T02:07:26.6860284Z 
2026-02-21T02:07:26.6860298Z 
2026-02-21T02:07:26.6860591Z scripts_dir=C:\work\apex_repo_cache\ApexTraderAI\scripts
2026-02-21T02:07:26.6893897Z 
2026-02-21T02:07:26.6908134Z Name                                Length LastWriteTime      
2026-02-21T02:07:26.6909146Z ----                                ------ -------------      
2026-02-21T02:07:26.6910319Z bat_config.bat                        1651 2026/02/21 10:12:46
2026-02-21T02:07:26.6912651Z copy_run_to_onedrive.bat              1072 2026/02/21 10:12:46
2026-02-21T02:07:26.6914943Z doctor.bat                            1973 2026/02/21 10:12:46
2026-02-21T02:07:26.6917343Z package_diagnostics.ps1                801 2026/02/21 10:12:46
2026-02-21T02:07:26.6919687Z package_diagnostics_to_onedrive.ps1   3248 2026/02/21 10:51:29
2026-02-21T02:07:26.6922021Z run_all_local_then_copy.bat           8749 2026/02/21 10:12:46
2026-02-21T02:07:26.6922248Z 
2026-02-21T02:07:26.6922271Z 

----- FILE: actions_logs/run/5_Debug shells.txt -----
ï»¿2026-02-21T02:07:26.7155113Z ##[group]Run echo RUNNER_OS=%RUNNER_OS%
2026-02-21T02:07:26.7155489Z [36;1mecho RUNNER_OS=%RUNNER_OS%[0m
2026-02-21T02:07:26.7155746Z [36;1mecho === powershell path ===[0m
2026-02-21T02:07:26.7156006Z [36;1mwhere powershell >nul 2>&1[0m
2026-02-21T02:07:26.7156259Z [36;1mif %ERRORLEVEL% EQU 0 ([0m
2026-02-21T02:07:26.7156517Z [36;1m  where powershell[0m
2026-02-21T02:07:26.7156728Z [36;1m) else ([0m
2026-02-21T02:07:26.7156914Z [36;1m  echo powershell_not_found[0m
2026-02-21T02:07:26.7157145Z [36;1m)[0m
2026-02-21T02:07:26.7157333Z [36;1mecho === pwsh path (optional) ===[0m
2026-02-21T02:07:26.7157599Z [36;1mwhere pwsh >nul 2>&1[0m
2026-02-21T02:07:26.7157821Z [36;1mif %ERRORLEVEL% EQU 0 ([0m
2026-02-21T02:07:26.7158053Z [36;1m  pwsh -v[0m
2026-02-21T02:07:26.7158233Z [36;1m) else ([0m
2026-02-21T02:07:26.7158431Z [36;1m  echo pwsh_not_found (OK)[0m
2026-02-21T02:07:26.7158677Z [36;1m)[0m
2026-02-21T02:07:26.7158851Z [36;1mexit /b 0[0m
2026-02-21T02:07:26.7164453Z shell: C:\Windows\system32\cmd.EXE /D /E:ON /V:OFF /S /C "CALL "{0}""
2026-02-21T02:07:26.7164796Z env:
2026-02-21T02:07:26.7164997Z   REPO_ROOT: C:\work\apex_repo_cache\ApexTraderAI
2026-02-21T02:07:26.7165262Z ##[endgroup]
2026-02-21T02:07:26.7380973Z RUNNER_OS=Windows
2026-02-21T02:07:26.7382725Z === powershell path ===
2026-02-21T02:07:27.0032526Z C:\Windows\System32\WindowsPowerShell\v1.0\powershell.exe
2026-02-21T02:07:27.0100943Z === pwsh path (optional) ===
2026-02-21T02:07:27.1350445Z pwsh_not_found (OK

----- FILE: actions_logs/run/6_Debug python environment.txt -----
ï»¿2026-02-21T02:07:27.1496451Z ##[group]Run where python
2026-02-21T02:07:27.1496950Z [36;1mwhere python[0m
2026-02-21T02:07:27.1497185Z [36;1mpython --version[0m
2026-02-21T02:07:27.1497412Z [36;1mecho RUNNER_TEMP=%RUNNER_TEMP%[0m
2026-02-21T02:07:27.1497716Z [36;1mecho GITHUB_WORKSPACE=%GITHUB_WORKSPACE%[0m
2026-02-21T02:07:27.1501962Z shell: C:\Windows\system32\cmd.EXE /D /E:ON /V:OFF /S /C "CALL "{0}""
2026-02-21T02:07:27.1502323Z env:
2026-02-21T02:07:27.1502534Z   REPO_ROOT: C:\work\apex_repo_cache\ApexTraderAI
2026-02-21T02:07:27.1502809Z ##[endgroup]
2026-02-21T02:07:27.2794200Z C:\Users\becky\AppData\Local\Programs\Python\Python310\python.exe
2026-02-21T02:07:27.3020080Z Python 3.10.6
2026-02-21T02:07:27.3030614Z RUNNER_TEMP=C:\Users\becky\OneDrive\ãƒ‡ã‚¹ã‚¯ãƒˆãƒƒãƒ—\Python\apex-trader-ai\actions-runner\_work\_temp
2026-02-21T02:07:27.3036195Z GITHUB_WORKSPACE=C:\Users\becky\OneDrive\ãƒ‡ã‚¹ã‚¯ãƒˆãƒƒãƒ—\Python\apex-trader-ai\actions-runner\_work\ApexTraderAI\ApexTraderAI

----- FILE: actions_logs/run/7_Verify required scripts.txt -----
ï»¿2026-02-21T02:07:27.3295867Z ##[group]Run $ErrorActionPreference = 'Stop'
2026-02-21T02:07:27.3296340Z [36;1m$ErrorActionPreference = 'Stop'[0m
2026-02-21T02:07:27.3296611Z [36;1mSet-Location $env:REPO_ROOT[0m
2026-02-21T02:07:27.3296827Z [36;1m[0m
2026-02-21T02:07:27.3297037Z [36;1m$reportDir = Join-Path $env:REPO_ROOT 'temp'[0m
2026-02-21T02:07:27.3297416Z [36;1m$null = New-Item -Path $reportDir -ItemType Directory -Force[0m
2026-02-21T02:07:27.3297853Z [36;1m$reportPath = Join-Path $reportDir 'ONE_TAP_ERROR_REPORT.txt'[0m
2026-02-21T02:07:27.3298385Z [36;1m[0m
2026-02-21T02:07:27.3298581Z [36;1mAdd-Content -Path $reportPath -Value @([0m
2026-02-21T02:07:27.3298887Z [36;1m  '[STEP] verify_required_scripts',[0m
2026-02-21T02:07:27.3299186Z [36;1m  ('[INFO] REPO_ROOT={0}' -f $env:REPO_ROOT),[0m
2026-02-21T02:07:27.3299550Z [36;1m  ('[INFO] GITHUB_WORKSPACE={0}' -f $env:GITHUB_WORKSPACE),[0m
2026-02-21T02:07:27.3300036Z [36;1m  ('[INFO] ***' -f $PWD),[0m
2026-02-21T02:07:27.3300255Z [36;1m  ''[0m
2026-02-21T02:07:27.3300434Z [36;1m)[0m
2026-02-21T02:07:27.3300575Z [36;1m[0m
2026-02-21T02:07:27.3300771Z [36;1mWrite-Host '=== Verify scripts directory ==='[0m
2026-02-21T02:07:27.3301079Z [36;1mWrite-Host "REPO_ROOT=$env:REPO_ROOT"[0m
2026-02-21T02:07:27.3301388Z [36;1m$headShort = git rev-parse --short HEAD 2>$null[0m
2026-02-21T02:07:27.3301719Z [36;1mif ($LASTEXITCODE -eq 0 -and $headShort) {[0m
2026-02-21T02:07:27.3302051Z [36;1m  Write-Host ("HEAD={0}" -f $headShort.Trim())[0m
2026-02-21T02:07:27.3302319Z [36;1m} else {[0m
2026-02-21T02:07:27.3302619Z [36;1m  Write-Warning 'Unable to resolve HEAD via git rev-parse --short HEAD'[0m
2026-02-21T02:07:27.3302985Z [36;1m}[0m
2026-02-21T02:07:27.3303346Z [36;1mWrite-Host 'git ls-files scripts (best effort):'[0m
2026-02-21T02:07:27.3303633Z [36;1mgit ls-files scripts 2>$null[0m
2026-02-21T02:07:27.3303912Z [36;1m$scriptsDir = Join-Path $env:REPO_ROOT 'scripts'[0m
2026-02-21T02:07:27.3304219Z [36;1mWrite-Host "scripts_dir=$scriptsDir"[0m
2026-02-21T02:07:27.3304486Z [36;1mif (Test-Path $scriptsDir) {[0m
2026-02-21T02:07:27.3304954Z [36;1m  Get-ChildItem -Path $scriptsDir | Select-Object Name, Length, LastWriteTime | Format-Table -AutoSize[0m
2026-02-21T02:07:27.3305428Z [36;1m} else {[0m
2026-02-21T02:07:27.3305680Z [36;1m  Write-Warning "scripts directory not found: $scriptsDir"[0m
2026-02-21T02:07:27.3305988Z [36;1m}[0m
2026-02-21T02:07:27.3306128Z [36;1m[0m
2026-02-21T02:07:27.3306279Z [36;1m$expected = @([0m
2026-02-21T02:07:27.3306582Z [36;1m  (Join-Path $env:REPO_ROOT 'scripts\run_all_local_then_copy.bat'),[0m
2026-02-21T02:07:27.3307011Z [36;1m  (Join-Path $env:REPO_ROOT 'scripts\package_diagnostics.ps1'),[0m
2026-02-21T02:07:27.3307460Z [36;1m  (Join-Path $env:REPO_ROOT 'scripts\package_diagnostics_to_onedrive.ps1')[0m
2026-02-21T02:07:27.3307814Z [36;1m)[0m
2026-02-21T02:07:27.3307953Z [36;1m[0m
2026-02-21T02:07:27.3308101Z [36;1m$missing = @()[0m
2026-02-21T02:07:27.3308306Z [36;1mforeach ($path in $expected) {[0m
2026-02-21T02:07:27.3308544Z [36;1m  if (Test-Path $path) {[0m
2026-02-21T02:07:27.3308767Z [36;1m    Write-Host "[FOUND] $path"[0m
2026-02-21T02:07:27.3308981Z [36;1m  } else {[0m
2026-02-21T02:07:27.3309174Z [36;1m    Write-Warning "[MISSING] $path"[0m
2026-02-21T02:07:27.3309409Z [36;1m    $missing += $path[0m
2026-02-21T02:07:27.3309599Z [36;1m  }[0m
2026-02-21T02:07:27.3309739Z [36;1m}[0m
2026-02-21T02:07:27.3309875Z [36;1m[0m
2026-02-21T02:07:27.3310062Z [36;1m$searchResults = [ordered]@{}[0m
2026-02-21T02:07:27.3310578Z [36;1mforeach ($fileName in @('run_all_local_then_copy.bat', 'package_diagnostics.ps1', 'package_diagnostics_to_onedrive.ps1')) {[0m
2026-02-21T02:07:27.3311350Z [36;1m  $hits = Get-ChildItem -Path $env:REPO_ROOT -Recurse -Filter $fileName -File -ErrorAction SilentlyContinue |[0m
2026-02-21T02:07:27.3311898Z [36;1m    Select-Object -First 5 -ExpandProperty FullName[0m
2026-02-21T02:07:27.3312318Z [36;1m  $searchResults[$fileName] = if ($hits) { $hits } else { @('(no matches)') }[0m
2026-02-21T02:07:27.3313863Z [36;1m}[0m
2026-02-21T02:07:27.3313998Z [36;1m[0m
2026-02-21T02:07:27.3314188Z [36;1mAdd-Content -Path $reportPath -Value @([0m
2026-02-21T02:07:27.3314457Z [36;1m  '## REQUIRED_SCRIPT_CHECK',[0m
2026-02-21T02:07:27.3314710Z [36;1m  ('repo_root={0}' -f $env:REPO_ROOT),[0m
2026-02-21T02:07:27.3315024Z [36;1m  ('scripts_dir_exists={0}' -f (Test-Path $scriptsDir)),[0m
2026-02-21T02:07:27.3315896Z [36;1m  ('scripts_dir={0}' -f $scriptsDir),[0m
2026-02-21T02:07:27.3316131Z [36;1m  '',[0m
2026-02-21T02:07:27.3316297Z [36;1m  '### scripts_dir_listing',[0m
2026-02-21T02:07:27.3316509Z [36;1m  $([0m
2026-02-21T02:07:27.3323166Z [36;1m    if (Test-Path $scriptsDir) {[0m
2026-02-21T02:07:27.3323670Z [36;1m      $listing = Get-ChildItem -Path $scriptsDir | Sort-Object Name | ForEach-Object {[0m
2026-02-21T02:07:27.3324197Z [36;1m        '- {0} | len={1} | mtime={2}' -f $_.Name, $_.Length, $_.LastWriteTime[0m
2026-02-21T02:07:27.3324547Z [36;1m      }[0m
2026-02-21T02:07:27.3324771Z [36;1m      if ($listing) { $listing } else { '- (empty)' }[0m
2026-02-21T02:07:27.3325056Z [36;1m    } else {[0m
2026-02-21T02:07:27.3325260Z [36;1m      '- (scripts directory missing)'[0m
2026-02-21T02:07:27.3325507Z [36;1m    }[0m
2026-02-21T02:07:27.3325659Z [36;1m  ),[0m
2026-02-21T02:07:27.3325802Z [36;1m  '',[0m
2026-02-21T02:07:27.3325970Z [36;1m  '### FOUND',[0m
2026-02-21T02:07:27.3326287Z [36;1m  ($expected | Where-Object { Test-Path $_ } | ForEach-Object { "- $_" }),[0m
2026-02-21T02:07:27.3326655Z [36;1m  '',[0m
2026-02-21T02:07:27.3326812Z [36;1m  '### MISSING',[0m
2026-02-21T02:07:27.3327182Z [36;1m  ($(if ($missing.Count -gt 0) { $missing | ForEach-Object { "- $_" } } else { '- (none)' })),[0m
2026-02-21T02:07:27.3327605Z [36;1m  '',[0m
2026-02-21T02:07:27.3327825Z [36;1m  '### recursive_search_run_all_local_then_copy.bat',[0m
2026-02-21T02:07:27.3328272Z [36;1m  ($searchResults['run_all_local_then_copy.bat'] | ForEach-Object { "- $_" }),[0m
2026-02-21T02:07:27.3328644Z [36;1m  '',[0m
2026-02-21T02:07:27.3328876Z [36;1m  '### recursive_search_package_diagnostics.ps1',[0m
2026-02-21T02:07:27.3329298Z [36;1m  ($searchResults['package_diagnostics.ps1'] | ForEach-Object { "- $_" }),[0m
2026-02-21T02:07:27.3329671Z [36;1m  '',[0m
2026-02-21T02:07:27.3329955Z [36;1m  '### recursive_search_package_diagnostics_to_onedrive.ps1',[0m
2026-02-21T02:07:27.3330597Z [36;1m  ($searchResults['package_diagnostics_to_onedrive.ps1'] | ForEach-Object { "- $_" }),[0m
2026-02-21T02:07:27.3330987Z [36;1m  '',[0m
2026-02-21T02:07:27.3331137Z [36;1m  '## NEXT_ACTION',[0m
2026-02-21T02:07:27.3331442Z [36;1m  '- Open Artifact desktop-run-* and copy ONE_TAP_ERROR_REPORT.txt'[0m
2026-02-21T02:07:27.3331760Z [36;1m)[0m
2026-02-21T02:07:27.3331900Z [36;1m[0m
2026-02-21T02:07:27.3332055Z [36;1mif ($missing.Count -gt 0) {[0m
2026-02-21T02:07:27.3332320Z [36;1m  Add-Content -Path $reportPath -Value @([0m
2026-02-21T02:07:27.3332605Z [36;1m    '[NG] verify_required_scripts',[0m
2026-02-21T02:07:27.3332882Z [36;1m    ('[NG] missing_count={0}' -f $missing.Count),[0m
2026-02-21T02:07:27.3333135Z [36;1m    ''[0m
2026-02-21T02:07:27.3333276Z [36;1m  )[0m
2026-02-21T02:07:27.3333418Z [36;1m} else {[0m
2026-02-21T02:07:27.3333618Z [36;1m  Add-Content -Path $reportPath -Value @([0m
2026-02-21T02:07:27.3333911Z [36;1m    '[OK] verify_required_scripts',[0m
2026-02-21T02:07:27.3334143Z [36;1m    ''[0m
2026-02-21T02:07:27.3334291Z [36;1m  )[0m
2026-02-21T02:07:27.3334442Z [36;1m}[0m
2026-02-21T02:07:27.3334585Z [36;1m[0m
2026-02-21T02:07:27.3334747Z [36;1mif ($missing.Count -gt 0) {[0m
2026-02-21T02:07:27.3335034Z [36;1m  Write-Host '=== Required scripts debug summary ==='[0m
2026-02-21T02:07:27.3335359Z [36;1m  Write-Host "REPO_ROOT=$env:REPO_ROOT"[0m
2026-02-21T02:07:27.3335638Z [36;1m  Write-Host "scriptsDir=$scriptsDir"[0m
2026-02-21T02:07:27.3336597Z [36;1m  if (Test-Path $scriptsDir) {[0m
2026-02-21T02:07:27.3336858Z [36;1m    Write-Host 'scriptsDir listing:'[0m
2026-02-21T02:07:27.3337334Z [36;1m    Get-ChildItem -Path $scriptsDir | Select-Object Name, Length, LastWriteTime | Format-Table -AutoSize[0m
2026-02-21T02:07:27.3337797Z [36;1m  }[0m
2026-02-21T02:07:27.3338000Z [36;1m  foreach ($fileName in $searchResults.Keys) {[0m
2026-02-21T02:07:27.3338425Z [36;1m    Write-Host "search($fileName):"[0m
2026-02-21T02:07:27.3338762Z [36;1m    $searchResults[$fileName] | ForEach-Object { Write-Host "  $_" }[0m
2026-02-21T02:07:27.3339094Z [36;1m  }[0m
2026-02-21T02:07:27.3339357Z [36;1m  $missingNames = $missing | ForEach-Object { Split-Path $_ -Leaf }[0m
2026-02-21T02:07:27.3339888Z [36;1m  throw ("Required scripts missing: {0}" -f (($missingNames | Sort-Object -Unique) -join ', '))[0m
2026-02-21T02:07:27.3340295Z [36;1m}[0m
2026-02-21T02:07:27.3356812Z shell: C:\Windows\System32\WindowsPowerShell\v1.0\powershell.EXE -NoProfile -ExecutionPolicy Bypass -Command "{0}"
2026-02-21T02:07:27.3357317Z env:
2026-02-21T02:07:27.3357507Z   REPO_ROOT: C:\work\apex_repo_cache\ApexTraderAI
2026-02-21T02:07:27.3357758Z ##[endgroup]
2026-02-21T02:07:27.6288428Z === Verify scripts directory ===
2026-02-21T02:07:27.6302596Z REPO_ROOT=C:\work\apex_repo_cache\ApexTraderAI
2026-02-21T02:07:27.7103560Z HEAD=0ada14a
2026-02-21T02:07:27.7106495Z git ls-files scripts (best effort):
2026-02-21T02:07:27.7414355Z scripts/bat_config.bat
2026-02-21T02:07:27.7414886Z scripts/copy_run_to_onedrive.bat
2026-02-21T02:07:27.7415318Z scripts/doctor.bat
2026-02-21T02:07:27.7415719Z scripts/package_diagnostics.ps1
2026-02-21T02:07:27.7416343Z scripts/package_diagnostics_to_onedrive.ps1
2026-02-21T02:07:27.7416889Z scripts/run_all_local_then_copy.bat
2026-02-21T02:07:27.7457830Z scripts_dir=C:\work\apex_repo_cache\ApexTraderAI\scripts
2026-02-21T02:07:27.7544418Z 
2026-02-21T02:07:27.7559060Z Name                                Length LastWriteTime      
2026-02-21T02:07:27.7559993Z ----                                ------ -------------      
2026-02-21T02:07:27.7560895Z bat_config.bat                        1651 2026/02/21 10:12:46
2026-02-21T02:07:27.7561596Z copy_run_to_onedrive.bat              1072 2026/02/21 10:12:46
2026-02-21T02:07:27.7562422Z doctor.bat                            1973 2026/02/21 10:12:46
2026-02-21T02:07:27.7563207Z package_diagnostics.ps1                801 2026/02/21 10:12:46
2026-02-21T02:07:27.7564264Z package_diagnostics_to_onedrive.ps1   3248 2026/02/21 10:51:29
2026-02-21T02:07:27.7564976Z run_all_local_then_copy.bat           8749 2026/02/21 10:12:46
2026-02-21T02:07:27.7565357Z 
2026-02-21T02:07:27.7565484Z 
2026-02-21T02:07:27.7576992Z [FOUND] C:\work\apex_repo_cache\ApexTraderAI\scripts\run_all_local_then_copy.bat
2026-02-21T02:07:27.7583631Z [FOUND] C:\work\apex_repo_cache\ApexTraderAI\scripts\package_diagnostics.ps1
2026-02-21T02:07:27.7590131Z [FOUND] C:\work\apex_repo_cache\ApexTraderAI\scripts\package_diagnostics_to_onedrive.ps1

----- FILE: actions_logs/run/8_Runner connectivity and host status.txt -----
ï»¿2026-02-21T02:07:27.8302169Z ##[group]Run Write-Host '=== Runner connectivity / host status ==='
2026-02-21T02:07:27.8302756Z [36;1mWrite-Host '=== Runner connectivity / host status ==='[0m
2026-02-21T02:07:27.8303070Z [36;1mwhoami[0m
2026-02-21T02:07:27.8303230Z [36;1mhostname[0m
2026-02-21T02:07:27.8303457Z [36;1mGet-Date -Format 'yyyy-MM-dd HH:mm:ss zzz'[0m
2026-02-21T02:07:27.8303787Z [36;1mWrite-Host "RUNNER_NAME=$env:RUNNER_NAME"[0m
2026-02-21T02:07:27.8304093Z [36;1mWrite-Host "RUNNER_OS=$env:RUNNER_OS"[0m
2026-02-21T02:07:27.8304514Z [36;1mWrite-Host "RUNNER_ARCH=$env:RUNNER_ARCH"[0m
2026-02-21T02:07:27.8304857Z [36;1mWrite-Host "GITHUB_WORKFLOW=$env:GITHUB_WORKFLOW"[0m
2026-02-21T02:07:27.8305204Z [36;1mWrite-Host "GITHUB_RUN_ID=$env:GITHUB_RUN_ID"[0m
2026-02-21T02:07:27.8305575Z [36;1mGet-Process | Where-Object { $_.Name -like '*Runner*' } |[0m
2026-02-21T02:07:27.8305947Z [36;1m  Select-Object Name, Id, StartTime |[0m
2026-02-21T02:07:27.8306214Z [36;1m  Format-Table -AutoSize[0m
2026-02-21T02:07:27.8324300Z shell: C:\Windows\System32\WindowsPowerShell\v1.0\powershell.EXE -NoProfile -ExecutionPolicy Bypass -Command "{0}"
2026-02-21T02:07:27.8324856Z env:
2026-02-21T02:07:27.8325065Z   REPO_ROOT: C:\work\apex_repo_cache\ApexTraderAI
2026-02-21T02:07:27.8325345Z ##[endgroup]
2026-02-21T02:07:28.0429404Z === Runner connectivity / host status ===
2026-02-21T02:07:28.0611687Z desktop-c54piia\becky
2026-02-21T02:07:28.0808160Z DESKTOP-C54PIIA
2026-02-21T02:07:28.0837941Z 2026-02-21 11:07:28 +09:00
2026-02-21T02:07:28.0854297Z RUNNER_NAME=DESKTOP-C54PIIA
2026-02-21T02:07:28.0858727Z RUNNER_OS=Windows
2026-02-21T02:07:28.0861215Z RUNNER_ARCH=X64
2026-02-21T02:07:28.0865911Z GITHUB_WORKFLOW=Run Desktop Pipeline
2026-02-21T02:07:28.0868314Z GITHUB_RUN_ID=22248308415
2026-02-21T02:07:28.1239140Z 
2026-02-21T02:07:28.1286909Z Name               Id StartTime          
2026-02-21T02:07:28.1287284Z ----               -- ---------          
2026-02-21T02:07:28.1287603Z Runner.Listener 12500 2026/02/21 6:39:02 
2026-02-21T02:07:28.1289395Z Runner.Worker   12424 2026/02/21 11:07:19
2026-02-21T02:07:28.1291221Z RunnerService   12440 2026/02/21 6:39:02 
2026-02-21T02:07:28.1291408Z 
2026-02-21T02:07:28.1291414Z 

----- FILE: actions_logs/run/9_Run desktop BAT.txt -----
ï»¿2026-02-21T02:07:28.1586475Z ##[group]Run $ErrorActionPreference = 'Stop'
2026-02-21T02:07:28.1586948Z [36;1m$ErrorActionPreference = 'Stop'[0m
2026-02-21T02:07:28.1587228Z [36;1mSet-Location $env:REPO_ROOT[0m
2026-02-21T02:07:28.1587623Z [36;1m$consoleLog = Join-Path $env:RUNNER_TEMP 'run_all_local_then_copy_console.log'[0m
2026-02-21T02:07:28.1588264Z [36;1m$reportPath = Join-Path $env:GITHUB_WORKSPACE 'temp\ONE_TAP_ERROR_REPORT.txt'[0m
2026-02-21T02:07:28.1588644Z [36;1m[0m
2026-02-21T02:07:28.1588850Z [36;1mAdd-Content -Path $reportPath -Value @([0m
2026-02-21T02:07:28.1589132Z [36;1m  '[STEP] run_desktop_bat',[0m
2026-02-21T02:07:28.1589405Z [36;1m  ('[INFO] console_log={0}' -f $consoleLog)[0m
2026-02-21T02:07:28.1589655Z [36;1m)[0m
2026-02-21T02:07:28.1589821Z [36;1m$batCandidates = @([0m
2026-02-21T02:07:28.1590136Z [36;1m  (Join-Path $env:REPO_ROOT 'scripts\run_all_local_then_copy.bat')[0m
2026-02-21T02:07:28.1590525Z [36;1m)[0m
2026-02-21T02:07:28.1590839Z [36;1m$bat = $batCandidates | Where-Object { Test-Path $_ } | Select-Object -First 1[0m
2026-02-21T02:07:28.1591246Z [36;1m[0m
2026-02-21T02:07:28.1591463Z [36;1mWrite-Host '=== Run desktop BAT preflight ==='[0m
2026-02-21T02:07:28.1592138Z [36;1mWrite-Host "***"[0m
2026-02-21T02:07:28.1592386Z [36;1mWrite-Host "REPO_ROOT=$env:REPO_ROOT"[0m
2026-02-21T02:07:28.1592742Z [36;1mWrite-Host "GITHUB_WORKSPACE=$env:GITHUB_WORKSPACE"[0m
2026-02-21T02:07:28.1593116Z [36;1mWrite-Host "RUNNER_TEMP=$env:RUNNER_TEMP"[0m
2026-02-21T02:07:28.1593523Z [36;1mGet-ChildItem (Join-Path $env:REPO_ROOT 'scripts') | Select-Object Name[0m
2026-02-21T02:07:28.1593911Z [36;1m& where.exe python 2>$null[0m
2026-02-21T02:07:28.1594274Z [36;1mWrite-Host ("BAT candidate paths: {0}" -f ($batCandidates -join '; '))[0m
2026-02-21T02:07:28.1594622Z [36;1m[0m
2026-02-21T02:07:28.1594781Z [36;1mif (-not $bat) {[0m
2026-02-21T02:07:28.1595081Z [36;1m  Add-Content -Path $reportPath -Value @([0m
2026-02-21T02:07:28.1595402Z [36;1m    '[NG] run_desktop_bat',[0m
2026-02-21T02:07:28.1595649Z [36;1m    '[NG] BAT not found',[0m
2026-02-21T02:07:28.1595860Z [36;1m    ''[0m
2026-02-21T02:07:28.1596025Z [36;1m  )[0m
2026-02-21T02:07:28.1596303Z [36;1m  Write-Error "BAT not found. candidates=$($batCandidates -join '; ')"[0m
2026-02-21T02:07:28.1596657Z [36;1m  exit 1[0m
2026-02-21T02:07:28.1596814Z [36;1m}[0m
2026-02-21T02:07:28.1596959Z [36;1m[0m
2026-02-21T02:07:28.1597118Z [36;1m$bat = (Get-Item $bat).FullName[0m
2026-02-21T02:07:28.1597471Z [36;1mWrite-Host ("Executing BAT full path: {0}" -f $bat)[0m
2026-02-21T02:07:28.1597792Z [36;1m[0m
2026-02-21T02:07:28.1598170Z [36;1m$null = New-Item -Path $consoleLog -ItemType File -Force[0m
2026-02-21T02:07:28.1598626Z [36;1mAdd-Content -Path $consoleLog -Value ("[BAT_FULL_PATH]={0}" -f $bat)[0m
2026-02-21T02:07:28.1598985Z [36;1m[0m
2026-02-21T02:07:28.1599210Z [36;1mWrite-Host '=== Python diagnostics (before BAT) ==='[0m
2026-02-21T02:07:28.1599634Z [36;1m& where.exe python 2>&1 | Tee-Object -FilePath $consoleLog -Append[0m
2026-02-21T02:07:28.1600140Z [36;1m& python --version 2>&1 | Tee-Object -FilePath $consoleLog -Append[0m
2026-02-21T02:07:28.1600774Z [36;1mWrite-Host '=== PATH (before BAT) ==='[0m
2026-02-21T02:07:28.1601043Z [36;1mWrite-Host $env:PATH[0m
2026-02-21T02:07:28.1601352Z [36;1mAdd-Content -Path $consoleLog -Value ('[PATH] ' + $env:PATH)[0m
2026-02-21T02:07:28.1601673Z [36;1m[0m
2026-02-21T02:07:28.1601897Z [36;1m& $bat 2>&1 | Tee-Object -FilePath $consoleLog -Append[0m
2026-02-21T02:07:28.1602256Z [36;1m$rc = $LASTEXITCODE[0m
2026-02-21T02:07:28.1602508Z [36;1mWrite-Host "[RC]=$rc"[0m
2026-02-21T02:07:28.1602809Z [36;1mAdd-Content -Path $consoleLog -Value ("[RC]={0}" -f $rc)[0m
2026-02-21T02:07:28.1603120Z [36;1m[0m
2026-02-21T02:07:28.1603272Z [36;1mif ($rc -ne 0) {[0m
2026-02-21T02:07:28.1603510Z [36;1m  Add-Content -Path $reportPath -Value @([0m
2026-02-21T02:07:28.1603797Z [36;1m    '[NG] run_desktop_bat',[0m
2026-02-21T02:07:28.1605446Z [36;1m    ('[NG] exit_code={0}' -f $rc),[0m
2026-02-21T02:07:28.1605690Z [36;1m    ''[0m
2026-02-21T02:07:28.1605843Z [36;1m  )[0m
2026-02-21T02:07:28.1606075Z [36;1m  Write-Warning "Run desktop BAT failed with rc=$rc"[0m
2026-02-21T02:07:28.1606415Z [36;1m  $workRoot = 'C:\work\apex_work\runs'[0m
2026-02-21T02:07:28.1606671Z [36;1m  $runDir = $null[0m
2026-02-21T02:07:28.1606920Z [36;1m  if (Test-Path $workRoot) {[0m
2026-02-21T02:07:28.1607526Z [36;1m    $runDir = Get-ChildItem -Path $workRoot -Directory | Sort-Object LastWriteTime -Descending | Select-Object -First 1[0m
2026-02-21T02:07:28.1608085Z [36;1m  }[0m
2026-02-21T02:07:28.1608232Z [36;1m[0m
2026-02-21T02:07:28.1608384Z [36;1m  if ($runDir) {[0m
2026-02-21T02:07:28.1608724Z [36;1m    $runLog = Join-Path $runDir.FullName ("logs\run_{0}.log" -f $runDir.Name)[0m
2026-02-21T02:07:28.1609181Z [36;1m    Write-Host ("Latest run_dir={0}" -f $runDir.FullName)[0m
2026-02-21T02:07:28.1609635Z [36;1m    Write-Host ("Expected run_log={0}" -f $runLog)[0m
2026-02-21T02:07:28.1609927Z [36;1m    if (Test-Path $runLog) {[0m
2026-02-21T02:07:28.1610217Z [36;1m      Write-Host '=== tail run_*.log (260 lines) ==='[0m
2026-02-21T02:07:28.1610539Z [36;1m      Get-Content -Path $runLog -Tail 260[0m
2026-02-21T02:07:28.1610801Z [36;1m    } else {[0m
2026-02-21T02:07:28.1611053Z [36;1m      Write-Warning ("run log not found: {0}" -f $runLog)[0m
2026-02-21T02:07:28.1611349Z [36;1m    }[0m
2026-02-21T02:07:28.1611508Z [36;1m  } else {[0m
2026-02-21T02:07:28.1611797Z [36;1m    Write-Warning ("No run directories found under {0}" -f $workRoot)[0m
2026-02-21T02:07:28.1612164Z [36;1m  }[0m
2026-02-21T02:07:28.1612317Z [36;1m  exit $rc[0m
2026-02-21T02:07:28.1612486Z [36;1m}[0m
2026-02-21T02:07:28.1612627Z [36;1m[0m
2026-02-21T02:07:28.1612821Z [36;1mAdd-Content -Path $reportPath -Value @([0m
2026-02-21T02:07:28.1613101Z [36;1m  '[OK] run_desktop_bat',[0m
2026-02-21T02:07:28.1613330Z [36;1m  '[OK] exit_code=0',[0m
2026-02-21T02:07:28.1613529Z [36;1m  ''[0m
2026-02-21T02:07:28.1613680Z [36;1m)[0m
2026-02-21T02:07:28.1613824Z [36;1m[0m
2026-02-21T02:07:28.1614065Z [36;1mif ((Get-Item $reportPath).Length -gt 60000) {[0m
2026-02-21T02:07:28.1614425Z [36;1m  $tail = Get-Content -Path $reportPath -Raw[0m
2026-02-21T02:07:28.1614781Z [36;1m  $tail = $tail.Substring([Math]::Max(0, $tail.Length - 60000))[0m
2026-02-21T02:07:28.1615217Z [36;1m  Set-Content -Path $reportPath -Value $tail -Encoding UTF8[0m
2026-02-21T02:07:28.1615539Z [36;1m}[0m
2026-02-21T02:07:28.1615678Z [36;1m[0m
2026-02-21T02:07:28.1615820Z [36;1mexit 0[0m
2026-02-21T02:07:28.1633913Z shell: C:\Windows\System32\WindowsPowerShell\v1.0\powershell.EXE -NoProfile -ExecutionPolicy Bypass -Command "{0}"
2026-02-21T02:07:28.1634477Z env:
2026-02-21T02:07:28.1634702Z   REPO_ROOT: C:\work\apex_repo_cache\ApexTraderAI
2026-02-21T02:07:28.1634984Z   INPUT_MODE: sim
2026-02-21T02:07:28.1635181Z   INPUT_SYMBOLS: SOXL,SOXS
2026-02-21T02:07:28.1635390Z   INPUT_START: 2014-01-01
2026-02-21T02:07:28.1636469Z   INPUT_END: 2022-03-31
2026-02-21T02:07:28.1636659Z   INPUT_TEST_START: 2022-01-03
2026-02-21T02:07:28.1636868Z   INPUT_TRAIN_YEARS: 8
2026-02-21T02:07:28.1637047Z   INPUT_TEST_MONTHS: 3
2026-02-21T02:07:28.1637242Z   INPUT_COPY_TO_ONEDRIVE: true
2026-02-21T02:07:28.1637449Z   INPUT_STEPS: A,B
2026-02-21T02:07:28.1637614Z   RUN_MODE: sim
2026-02-21T02:07:28.1637804Z   SYMBOLS: SOXL,SOXS
2026-02-21T02:07:28.1645733Z   SYMBOL: SOXL
2026-02-21T02:07:28.1645914Z   STEPS: A,B
2026-02-21T02:07:28.1646083Z   DATA_START: 2014-01-01
2026-02-21T02:07:28.1646303Z   DATA_END: 2022-03-31
2026-02-21T02:07:28.1646522Z   TEST_START: 2022-01-03
2026-02-21T02:07:28.1646728Z   TRAIN_YEARS: 8
2026-02-21T02:07:28.1646911Z   TEST_MONTHS: 3
2026-02-21T02:07:28.1647100Z   WORK_ROOT: C:\work\apex_work\runs
2026-02-21T02:07:28.1647340Z   COPY_TO_ONEDRIVE: 1
2026-02-21T02:07:28.1647534Z   PYTHON_EXE: python
2026-02-21T02:07:28.1648403Z ##[endgroup]
2026-02-21T02:07:28.4215324Z === Run desktop BAT preflight ===
2026-02-21T02:07:28.4233918Z ***
2026-02-21T02:07:28.4246291Z REPO_ROOT=C:\work\apex_repo_cache\ApexTraderAI
2026-02-21T02:07:28.4250930Z GITHUB_WORKSPACE=C:\Users\becky\OneDrive\ãƒ‡ã‚¹ã‚¯ãƒˆãƒƒãƒ—\Python\apex-trader-ai\actions-runner\_work\ApexTraderAI\ApexTraderAI
2026-02-21T02:07:28.4254589Z RUNNER_TEMP=C:\Users\becky\OneDrive\ãƒ‡ã‚¹ã‚¯ãƒˆãƒƒãƒ—\Python\apex-trader-ai\actions-runner\_work\_temp
2026-02-21T02:07:28.4298740Z 
2026-02-21T02:07:28.5525774Z C:\Users\becky\AppData\Local\Programs\Python\Python310\python.exe
2026-02-21T02:07:28.5629169Z BAT candidate paths: C:\work\apex_repo_cache\ApexTraderAI\scripts\run_all_local_then_copy.bat
2026-02-21T02:07:28.5850377Z Executing BAT full path: C:\work\apex_repo_cache\ApexTraderAI\scripts\run_all_local_then_copy.bat
2026-02-21T02:07:28.5885960Z === Python diagnostics (before BAT) ===
2026-02-21T02:07:28.7284967Z === PATH (before BAT) ===
2026-02-21T02:07:28.7311600Z C:\Program Files\Oculus\Support\oculus-runtime;C:\Windows\system32;C:\Windows;C:\Windows\System32\Wbem;C:\Windows\System32\WindowsPowerShell\v1.0\;C:\Windows\System32\OpenSSH\;C:\Program Files (x86)\Intel\Intel(R) Management Engine Components\DAL;C:\Program Files\Intel\Intel(R) Management Engine Components\DAL;C:\Program Files (x86)\NVIDIA Corporation\PhysX\Common;C:\Program Files\NVIDIA Corporation\NVIDIA NvDLISR;C:\Program Files (x86)\QuickTime\QTSystem\;C:\Program Files\Git\cmd;C:\WINDOWS\system32;C:\WINDOWS;C:\WINDOWS\System32\Wbem;C:\WINDOWS\System32\WindowsPowerShell\v1.0\;C:\WINDOWS\System32\OpenSSH\;C:\Users\becky\AppData\Local\Programs\Python\Python310\;C:\ffmpeg\bin\;
2026-02-21T02:07:29.2083714Z Name                               
2026-02-21T02:07:29.2085501Z ----                               
2026-02-21T02:07:29.2087657Z bat_config.bat                     
2026-02-21T02:07:29.2087965Z copy_run_to_onedrive.bat           
2026-02-21T02:07:29.2090164Z doctor.bat                         
2026-02-21T02:07:29.2092521Z package_diagnostics.ps1            
2026-02-21T02:07:29.2094690Z package_diagnostics_to_onedrive.ps1
2026-02-21T02:07:29.2096872Z run_all_local_then_copy.bat        
2026-02-21T02:07:29.2097267Z C:\Users\becky\AppData\Local\Programs\Python\Python310\python.exe
2026-02-21T02:07:29.2099497Z Python 3.10.6
2026-02-21T02:07:29.2101569Z [RC] 
2026-02-21T02:07:29.2707795Z [RC] 
2026-02-21T02:07:29.4908045Z [RC] 
2026-02-21T02:07:29.5321519Z [RC] 
2026-02-21T02:07:29.5726660Z [RC] 
2026-02-21T02:07:31.6534251Z [RC] 
2026-02-21T02:08:42.5098029Z [RC] 
2026-02-21T02:08:57.3259436Z [RC] 
2026-02-21T02:08:57.3674571Z [RC] 
2026-02-21T02:08:58.2672060Z [RC] 
2026-02-21T02:08:58.5388576Z [RC] 
2026-02-21T02:08:58.5507552Z [OK] run_id=20260221_110728
2026-02-21T02:08:58.5509889Z [OK] local=C:\work\apex_work\runs\20260221_110728
2026-02-21T02:08:58.5513636Z [OK] onedrive=C:\Users\becky\OneDrive\ApexTraderAI\runs\20260221_110728
2026-02-21T02:08:58.5656063Z [RC]=0
2026-02-21T02:08:58.5777050Z 
2026-02-21T02:08:58.5783398Z 

----- FILE: actions_logs/run/system.txt -----
2026-02-21T02:07:15.8940000Z Evaluating run.if
2026-02-21T02:07:15.8940000Z Evaluating: success()
2026-02-21T02:07:15.8940000Z Result: true
2026-02-21T02:07:15.8950000Z Requested labels: self-hosted, windows
2026-02-21T02:07:15.8950000Z Job defined at: toki866/ApexTraderAI/.github/workflows/run_desktop_pipeline.yml@refs/heads/main
2026-02-21T02:07:15.8950000Z Waiting for a runner to pick up this job...
2026-02-21T02:07:16.4020000Z Job is about to start running on the runner: DESKTOP-C54PIIA
