Run: https://github.com/toki866/ApexTraderAI/actions/runs/22268676913
SHA: 2a88571b42cb883eeeb4694c1b6539edbb2afb2c
Attempt: 1
Conclusion: success

==== TAILS (each file last 200 lines) ====

----- FILE: actions_logs/0_run.txt -----
2026-02-22T02:17:57.4855387Z ##[group]Run actions/github-script@v7
2026-02-22T02:17:57.4855934Z with:
2026-02-22T02:17:57.4863662Z   script: const fs = require('fs');
const path = require('path');

const owner = context.repo.owner;
const repo = context.repo.repo;

const reportPath = path.join(process.env.GITHUB_WORKSPACE, 'temp', 'ONE_TAP_ERROR_REPORT.txt');
let report = fs.existsSync(reportPath)
  ? fs.readFileSync(reportPath, 'utf8')
  : '(missing ONE_TAP_ERROR_REPORT.txt)';

if (report.length > 60000) report = report.slice(-60000);

const runUrl = `${context.serverUrl}/${owner}/${repo}/actions/runs/${context.runId}`;
const title = 'ApexTraderAI Diagnostics (latest)';
const attempt = process.env.GITHUB_RUN_ATTEMPT || '1';
const diagRunFolder = process.env.DIAG_RUN_FOLDER || 'LATEST_CSV.md';
const csvIndexUrl = diagRunFolder === 'LATEST_CSV.md'
  ? `${context.serverUrl}/${owner}/${repo}/blob/diag-logs/runs/LATEST_CSV.md`
  : `${context.serverUrl}/${owner}/${repo}/blob/diag-logs/runs/${diagRunFolder}/CSV_INDEX.md`;
const body = `Run: ${runUrl}\nSHA: ${context.sha}\nAttempt: ${attempt}\ndiag-logs csv_index: ${csvIndexUrl}\n\n\`\`\`text\n${report}\n\`\`\`\n`;

const { data: issues } = await github.rest.issues.listForRepo({
  owner,
  repo,
  state: 'open',
  per_page: 100
});
const existing = issues.find(i => i.title === title);

if (existing) {
  await github.rest.issues.update({ owner, repo, issue_number: existing.number, body });
} else {
  await github.rest.issues.create({ owner, repo, title, body });
}

2026-02-22T02:17:57.4868941Z   github-token: ***
2026-02-22T02:17:57.4869134Z   debug: false
2026-02-22T02:17:57.4869327Z   user-agent: actions/github-script
2026-02-22T02:17:57.4869563Z   result-encoding: json
2026-02-22T02:17:57.4869750Z   retries: 0
2026-02-22T02:17:57.4869956Z   retry-exempt-status-codes: 400,401,403,404,422
2026-02-22T02:17:57.4870495Z env:
2026-02-22T02:17:57.4870732Z   REPO_ROOT: C:\work\apex_repo_cache\ApexTraderAI
2026-02-22T02:17:57.4871112Z   DIAG_RUN_FOLDER: 20260222_111754_run22268676913_att1_2a88571
2026-02-22T02:17:57.4871415Z ##[endgroup]
2026-02-22T02:17:59.5625032Z ##[group]Run $ErrorActionPreference = 'Stop'
2026-02-22T02:17:59.5625487Z [36;1m$ErrorActionPreference = 'Stop'[0m
2026-02-22T02:17:59.5625775Z [36;1m[0m
2026-02-22T02:17:59.5625981Z [36;1mfunction Mask-Secrets {[0m
2026-02-22T02:17:59.5626233Z [36;1m  param([string]$Text)[0m
2026-02-22T02:17:59.5626442Z [36;1m[0m
2026-02-22T02:17:59.5626659Z [36;1m  if ([string]::IsNullOrEmpty($Text)) { return $Text }[0m
2026-02-22T02:17:59.5626952Z [36;1m[0m
2026-02-22T02:17:59.5627113Z [36;1m  $masked = $Text[0m
2026-02-22T02:17:59.5627518Z [36;1m  $masked = [regex]::Replace($masked, 'github_pat_[A-Za-z0-9_]{20,}', 'github_pat_***MASKED***')[0m
2026-02-22T02:17:59.5628143Z [36;1m  $masked = [regex]::Replace($masked, 'gh[pousr]_[A-Za-z0-9_]{20,}', 'gh***_***MASKED***')[0m
2026-02-22T02:17:59.5628806Z [36;1m  $masked = [regex]::Replace($masked, '(?im)\b(token|password|secret)\b\s*[:=]\s*\S+', '$1=***MASKED***')[0m
2026-02-22T02:17:59.5629296Z [36;1m  return $masked[0m
2026-02-22T02:17:59.5629488Z [36;1m}[0m
2026-02-22T02:17:59.5629639Z [36;1m[0m
2026-02-22T02:17:59.5629806Z [36;1mfunction Get-MaskedTail {[0m
2026-02-22T02:17:59.5630029Z [36;1m  param([0m
2026-02-22T02:17:59.5630212Z [36;1m    [string]$Path,[0m
2026-02-22T02:17:59.5630453Z [36;1m    [int]$Tail = 200[0m
2026-02-22T02:17:59.5630693Z [36;1m  )[0m
2026-02-22T02:17:59.5630864Z [36;1m[0m
2026-02-22T02:17:59.5631106Z [36;1m  if (-not (Test-Path $Path)) { return "(not found) $Path" }[0m
2026-02-22T02:17:59.5631613Z [36;1m  $raw = (Get-Content -Path $Path -Tail $Tail -ErrorAction SilentlyContinue) -join "`r`n"[0m
2026-02-22T02:17:59.5632058Z [36;1m  return (Mask-Secrets -Text $raw)[0m
2026-02-22T02:17:59.5632310Z [36;1m}[0m
2026-02-22T02:17:59.5632465Z [36;1m[0m
2026-02-22T02:17:59.5632672Z [36;1m$diagOut = Join-Path $env:RUNNER_TEMP 'diag_out'[0m
2026-02-22T02:17:59.5633163Z [36;1m$null = New-Item -Path $diagOut -ItemType Directory -Force[0m
2026-02-22T02:17:59.5633478Z [36;1m[0m
2026-02-22T02:17:59.5633640Z [36;1m$ws = $env:GITHUB_WORKSPACE[0m
2026-02-22T02:17:59.5633994Z [36;1m$runnerRoot = (Resolve-Path (Join-Path $ws '..\..\..')).Path[0m
2026-02-22T02:17:59.5634372Z [36;1m$runnerDiag = Join-Path $runnerRoot '_diag'[0m
2026-02-22T02:17:59.5634659Z [36;1m$runId = '22268676913'[0m
2026-02-22T02:17:59.5634872Z [36;1m$runAttempt = '1'[0m
2026-02-22T02:17:59.5635150Z [36;1m$sha = '2a88571b42cb883eeeb4694c1b6539edbb2afb2c'[0m
2026-02-22T02:17:59.5635495Z [36;1m$branch = 'main'[0m
2026-02-22T02:17:59.5635717Z [36;1m$repo = 'toki866/ApexTraderAI'[0m
2026-02-22T02:17:59.5636026Z [36;1m$artifactName = "diag_full_${runId}_${runAttempt}"[0m
2026-02-22T02:17:59.5636321Z [36;1m[0m
2026-02-22T02:17:59.5636486Z [36;1m$latestRunnerLog = $null[0m
2026-02-22T02:17:59.5636721Z [36;1m$latestWorkerLog = $null[0m
2026-02-22T02:17:59.5636959Z [36;1mif (Test-Path $runnerDiag) {[0m
2026-02-22T02:17:59.5637760Z [36;1m  $latestRunnerLog = Get-ChildItem -Path $runnerDiag -Filter 'Runner_*.log' -File -ErrorAction SilentlyContinue | Sort-Object LastWriteTime -Descending | Select-Object -First 1[0m
2026-02-22T02:17:59.5639001Z [36;1m  $latestWorkerLog = Get-ChildItem -Path $runnerDiag -Filter 'Worker_*.log' -File -ErrorAction SilentlyContinue | Sort-Object LastWriteTime -Descending | Select-Object -First 1[0m
2026-02-22T02:17:59.5639721Z [36;1m}[0m
2026-02-22T02:17:59.5639872Z [36;1m[0m
2026-02-22T02:17:59.5640211Z [36;1m$workflowLog = Join-Path $env:RUNNER_TEMP 'run_all_local_then_copy_console.log'[0m
2026-02-22T02:17:59.5640751Z [36;1m$runLogPath = 'C:\work\apex_work\runs\20260222_111436\logs\run_20260222_111436.log'[0m
2026-02-22T02:17:59.5641248Z [36;1m$stepSummaryGlob = Join-Path $env:RUNNER_TEMP 'step_summary_*'[0m
2026-02-22T02:17:59.5641988Z [36;1m$oneTapReportWorkspace = Join-Path $env:GITHUB_WORKSPACE 'temp\ONE_TAP_ERROR_REPORT.txt'[0m
2026-02-22T02:17:59.5642453Z [36;1m[0m
2026-02-22T02:17:59.5651761Z [36;1mif ($latestRunnerLog) { Copy-Item -Path $latestRunnerLog.FullName -Destination (Join-Path $diagOut $latestRunnerLog.Name) -Force }[0m
2026-02-22T02:17:59.5652876Z [36;1mif ($latestWorkerLog) { Copy-Item -Path $latestWorkerLog.FullName -Destination (Join-Path $diagOut $latestWorkerLog.Name) -Force }[0m
2026-02-22T02:17:59.5653857Z [36;1mif (Test-Path $workflowLog) { Copy-Item -Path $workflowLog -Destination (Join-Path $diagOut 'workflow_console.log') -Force }[0m
2026-02-22T02:17:59.5654908Z [36;1mif ($runLogPath -and (Test-Path $runLogPath)) { Copy-Item -Path $runLogPath -Destination (Join-Path $diagOut (Split-Path $runLogPath -Leaf)) -Force }[0m
2026-02-22T02:17:59.5656005Z [36;1mif (Test-Path $oneTapReportWorkspace) { Copy-Item -Path $oneTapReportWorkspace -Destination (Join-Path $diagOut 'ONE_TAP_ERROR_REPORT.txt') -Force }[0m
2026-02-22T02:17:59.5656956Z [36;1mGet-ChildItem -Path $stepSummaryGlob -File -ErrorAction SilentlyContinue | ForEach-Object {[0m
2026-02-22T02:17:59.5657601Z [36;1m  Copy-Item -Path $_.FullName -Destination (Join-Path $diagOut $_.Name) -Force[0m
2026-02-22T02:17:59.5658004Z [36;1m}[0m
2026-02-22T02:17:59.5658161Z [36;1m[0m
2026-02-22T02:17:59.5658373Z [36;1mforeach ($subDir in @('pages', 'blocks')) {[0m
2026-02-22T02:17:59.5658697Z [36;1m  $src = Join-Path $runnerDiag $subDir[0m
2026-02-22T02:17:59.5658984Z [36;1m  if (Test-Path $src) {[0m
2026-02-22T02:17:59.5659446Z [36;1m    Copy-Item -Path $src -Destination (Join-Path $diagOut $subDir) -Recurse -Force[0m
2026-02-22T02:17:59.5659872Z [36;1m  }[0m
2026-02-22T02:17:59.5660032Z [36;1m}[0m
2026-02-22T02:17:59.5660181Z [36;1m[0m
2026-02-22T02:17:59.5660725Z [36;1m$runnerTailText = if ($latestRunnerLog) { Get-MaskedTail -Path $latestRunnerLog.FullName -Tail 200 } else { '(runner diag not found)' }[0m
2026-02-22T02:17:59.5661761Z [36;1m$workflowTailText = if (Test-Path $workflowLog) { Get-MaskedTail -Path $workflowLog -Tail 200 } else { '(workflow log not found)' }[0m
2026-02-22T02:17:59.5662356Z [36;1m[0m
2026-02-22T02:17:59.5662580Z [36;1m$summaryPath = Join-Path $diagOut 'summary.md'[0m
2026-02-22T02:17:59.5662885Z [36;1m$summary = @([0m
2026-02-22T02:17:59.5663102Z [36;1m  '# Diagnostics Summary',[0m
2026-02-22T02:17:59.5663329Z [36;1m  '',[0m
2026-02-22T02:17:59.5663515Z [36;1m  "- repo: $repo",[0m
2026-02-22T02:17:59.5663755Z [36;1m  "- branch: $branch",[0m
2026-02-22T02:17:59.5664068Z [36;1m  "- sha: $sha",[0m
2026-02-22T02:17:59.5664336Z [36;1m  "- run_id: $runId",[0m
2026-02-22T02:17:59.5664573Z [36;1m  "- attempt: $runAttempt",[0m
2026-02-22T02:17:59.5664861Z [36;1m  "- failing_step: $env:FAILING_STEP",[0m
2026-02-22T02:17:59.5665160Z [36;1m  "- artifact_name: $artifactName",[0m
2026-02-22T02:17:59.5665500Z [36;1m  '- one_tap_report: See ONE_TAP_ERROR_REPORT.txt',[0m
2026-02-22T02:17:59.5665803Z [36;1m  '',[0m
2026-02-22T02:17:59.5666014Z [36;1m  '## runner_diag_tail (last 200 lines)',[0m
2026-02-22T02:17:59.5666342Z [36;1m  '```text',[0m
2026-02-22T02:17:59.5666581Z [36;1m  $runnerTailText,[0m
2026-02-22T02:17:59.5666802Z [36;1m  '```',[0m
2026-02-22T02:17:59.5666974Z [36;1m  '',[0m
2026-02-22T02:17:59.5667178Z [36;1m  '## workflow_tail (last 200 lines)',[0m
2026-02-22T02:17:59.5667439Z [36;1m  '```text',[0m
2026-02-22T02:17:59.5667639Z [36;1m  $workflowTailText,[0m
2026-02-22T02:17:59.5667853Z [36;1m  '```'[0m
2026-02-22T02:17:59.5668027Z [36;1m) -join "`r`n"[0m
2026-02-22T02:17:59.5668259Z [36;1m$summary = Mask-Secrets -Text $summary[0m
2026-02-22T02:17:59.5668672Z [36;1mSet-Content -Path $summaryPath -Value $summary -Encoding UTF8[0m
2026-02-22T02:17:59.5669077Z [36;1m[0m
2026-02-22T02:17:59.5669623Z [36;1m$runnerTailPath = Join-Path $diagOut 'runner_diag_tail.txt'[0m
2026-02-22T02:17:59.5670293Z [36;1mSet-Content -Path $runnerTailPath -Value $runnerTailText -Encoding UTF8[0m
2026-02-22T02:17:59.5670799Z [36;1m$workflowTailPath = Join-Path $diagOut 'workflow_tail.txt'[0m
2026-02-22T02:17:59.5671848Z [36;1mSet-Content -Path $workflowTailPath -Value $workflowTailText -Encoding UTF8[0m
2026-02-22T02:17:59.5672280Z [36;1m[0m
2026-02-22T02:17:59.5672562Z [36;1m$fullZip = Join-Path $env:RUNNER_TEMP ("{0}.zip" -f $artifactName)[0m
2026-02-22T02:17:59.5673014Z [36;1mif (Test-Path $fullZip) { Remove-Item $fullZip -Force }[0m
2026-02-22T02:17:59.5673522Z [36;1mCompress-Archive -Path (Join-Path $diagOut '*') -DestinationPath $fullZip -Force[0m
2026-02-22T02:17:59.5674032Z [36;1m[0m
2026-02-22T02:17:59.5674379Z [36;1m"diag_out=$diagOut" | Out-File -FilePath $env:GITHUB_OUTPUT -Encoding utf8 -Append[0m
2026-02-22T02:17:59.5675001Z [36;1m"diag_summary=$summaryPath" | Out-File -FilePath $env:GITHUB_OUTPUT -Encoding utf8 -Append[0m
2026-02-22T02:17:59.5675685Z [36;1m"diag_runner_tail=$runnerTailPath" | Out-File -FilePath $env:GITHUB_OUTPUT -Encoding utf8 -Append[0m
2026-02-22T02:17:59.5676605Z [36;1m"diag_workflow_tail=$workflowTailPath" | Out-File -FilePath $env:GITHUB_OUTPUT -Encoding utf8 -Append[0m
2026-02-22T02:17:59.5677240Z [36;1m"diag_zip=$fullZip" | Out-File -FilePath $env:GITHUB_OUTPUT -Encoding utf8 -Append[0m
2026-02-22T02:17:59.5677853Z [36;1m"diag_artifact_name=$artifactName" | Out-File -FilePath $env:GITHUB_OUTPUT -Encoding utf8 -Append[0m
2026-02-22T02:17:59.5696446Z shell: C:\Windows\System32\WindowsPowerShell\v1.0\powershell.EXE -NoProfile -ExecutionPolicy Bypass -Command "{0}"
2026-02-22T02:17:59.5696989Z env:
2026-02-22T02:17:59.5697203Z   REPO_ROOT: C:\work\apex_repo_cache\ApexTraderAI
2026-02-22T02:17:59.5697486Z   FAILING_STEP: unknown
2026-02-22T02:17:59.5697685Z ##[endgroup]
2026-02-22T02:18:00.5724596Z ##[group]Run actions/upload-artifact@v4
2026-02-22T02:18:00.5724902Z with:
2026-02-22T02:18:00.5725084Z   name: diag_full_22268676913_1
2026-02-22T02:18:00.5725300Z   if-no-files-found: warn
2026-02-22T02:18:00.5725526Z   retention-days: 7
2026-02-22T02:18:00.5725977Z   path: C:\Users\becky\OneDrive\ãƒ‡ã‚¹ã‚¯ãƒˆãƒƒãƒ—\Python\apex-trader-ai\actions-runner\_work\_temp\diag_full_22268676913_1.zip
2026-02-22T02:18:00.5726464Z   compression-level: 6
2026-02-22T02:18:00.5726651Z   overwrite: false
2026-02-22T02:18:00.5726843Z   include-hidden-files: false
2026-02-22T02:18:00.5727049Z env:
2026-02-22T02:18:00.5727233Z   REPO_ROOT: C:\work\apex_repo_cache\ApexTraderAI
2026-02-22T02:18:00.5727529Z ##[endgroup]
2026-02-22T02:18:00.8960584Z With the provided path, there will be 1 file uploaded
2026-02-22T02:18:00.8967354Z Artifact name is valid!
2026-02-22T02:18:00.8971221Z Root directory input is valid!
2026-02-22T02:18:01.4733165Z Beginning upload of artifact content to blob storage
2026-02-22T02:18:02.5626096Z Uploaded bytes 84344
2026-02-22T02:18:02.7442765Z Finished uploading artifact content to blob storage!
2026-02-22T02:18:02.7447265Z SHA256 digest of uploaded artifact zip is 64833581912bb7bd71c343b5f581144e1c2e42e08dbc5b7120e3f2387c2a9857
2026-02-22T02:18:02.7449692Z Finalizing artifact upload
2026-02-22T02:18:02.9893161Z Artifact diag_full_22268676913_1.zip successfully finalized. Artifact ID 5604547796
2026-02-22T02:18:02.9894051Z Artifact diag_full_22268676913_1 has been successfully uploaded! Final size is 84344 bytes. Artifact ID is 5604547796
2026-02-22T02:18:02.9907843Z Artifact download URL: https://github.com/toki866/ApexTraderAI/actions/runs/22268676913/artifacts/5604547796
2026-02-22T02:18:03.0915023Z ##[group]Run actions/upload-artifact@v4
2026-02-22T02:18:03.0915538Z with:
2026-02-22T02:18:03.0915780Z   name: diagnostics
2026-02-22T02:18:03.0915978Z   if-no-files-found: warn
2026-02-22T02:18:03.0916193Z   path: _diagnostics/**/*
2026-02-22T02:18:03.0916397Z   compression-level: 6
2026-02-22T02:18:03.0916594Z   overwrite: false
2026-02-22T02:18:03.0916784Z   include-hidden-files: false
2026-02-22T02:18:03.0917203Z env:
2026-02-22T02:18:03.0917517Z   REPO_ROOT: C:\work\apex_repo_cache\ApexTraderAI
2026-02-22T02:18:03.0917794Z ##[endgroup]
2026-02-22T02:18:03.4233079Z ##[warning]No files were found with the provided path: _diagnostics/**/*. No artifacts will be uploaded.
2026-02-22T02:18:03.4336304Z Cleaning up orphan processes

----- FILE: actions_logs/run/10_Stage console log in workspace.txt -----
ï»¿2026-02-22T02:17:36.7244158Z ##[group]Run $workspaceTemp = Join-Path $env:GITHUB_WORKSPACE 'temp'
2026-02-22T02:17:36.7244958Z [36;1m$workspaceTemp = Join-Path $env:GITHUB_WORKSPACE 'temp'[0m
2026-02-22T02:17:36.7245430Z [36;1m$null = New-Item -Path $workspaceTemp -ItemType Directory -Force[0m
2026-02-22T02:17:36.7245929Z [36;1m$consoleLog = Join-Path $env:RUNNER_TEMP 'run_all_local_then_copy_console.log'[0m
2026-02-22T02:17:36.7247015Z [36;1m$workspaceConsoleLog = Join-Path $workspaceTemp 'run_all_local_then_copy_console.log'[0m
2026-02-22T02:17:36.7247463Z [36;1mif (Test-Path $consoleLog) {[0m
2026-02-22T02:17:36.7247837Z [36;1m  Copy-Item -Path $consoleLog -Destination $workspaceConsoleLog -Force[0m
2026-02-22T02:17:36.7248296Z [36;1m  Write-Host "Staged console log: $workspaceConsoleLog"[0m
2026-02-22T02:17:36.7248999Z [36;1m} else {[0m
2026-02-22T02:17:36.7249379Z [36;1m  Write-Warning "Console log not found at: $consoleLog"[0m
2026-02-22T02:17:36.7249704Z [36;1m  @([0m
2026-02-22T02:17:36.7249962Z [36;1m    '[WARN] Console log was not generated by BAT execution.',[0m
2026-02-22T02:17:36.7250497Z [36;1m    '[WARN] Never finish a workflow run without leaving a readable log artifact.',[0m
2026-02-22T02:17:36.7251335Z [36;1m    ('[WARN] generated_at={0}' -f (Get-Date -Format 'yyyy-MM-dd HH:mm:ss zzz'))[0m
2026-02-22T02:17:36.7252020Z [36;1m  ) | Set-Content -Path $workspaceConsoleLog -Encoding UTF8[0m
2026-02-22T02:17:36.7252458Z [36;1m  Write-Host "Created fallback console log: $workspaceConsoleLog"[0m
2026-02-22T02:17:36.7252798Z [36;1m}[0m
2026-02-22T02:17:36.7274958Z shell: C:\Windows\System32\WindowsPowerShell\v1.0\powershell.EXE -NoProfile -ExecutionPolicy Bypass -Command "{0}"
2026-02-22T02:17:36.7275497Z env:
2026-02-22T02:17:36.7275687Z   REPO_ROOT: C:\work\apex_repo_cache\ApexTraderAI
2026-02-22T02:17:36.7276105Z ##[endgroup]
2026-02-22T02:17:37.0339254Z Staged console log: C:\Users\becky\OneDrive\ãƒ‡ã‚¹ã‚¯ãƒˆãƒƒãƒ—\Python\apex-trader-ai\actions-runner\_work\ApexTraderAI\ApexTraderAI\temp\run_all_local_then_copy_console.log

----- FILE: actions_logs/run/11_Append error tails to ONE_TAP (always).txt -----
ï»¿2026-02-22T02:17:37.0660933Z ##[group]Run $ErrorActionPreference = 'Continue'
2026-02-22T02:17:37.0661894Z [36;1m$ErrorActionPreference = 'Continue'[0m
2026-02-22T02:17:37.0662232Z [36;1m[0m
2026-02-22T02:17:37.0662735Z [36;1m$report = Join-Path $env:GITHUB_WORKSPACE 'temp\ONE_TAP_ERROR_REPORT.txt'[0m
2026-02-22T02:17:37.0663249Z [36;1mif (!(Test-Path $report)) {[0m
2026-02-22T02:17:37.0663691Z [36;1m  New-Item -Path (Split-Path $report -Parent) -ItemType Directory -Force | Out-Null[0m
2026-02-22T02:17:37.0674433Z [36;1m  '[WARN] ONE_TAP report missing; created.' | Set-Content -Path $report -Encoding UTF8[0m
2026-02-22T02:17:37.0675381Z [36;1m}[0m
2026-02-22T02:17:37.0675693Z [36;1m[0m
2026-02-22T02:17:37.0675971Z [36;1mAdd-Content $report ""[0m
2026-02-22T02:17:37.0676474Z [36;1mAdd-Content $report "[STEP] append_error_tails"[0m
2026-02-22T02:17:37.0677277Z [36;1mAdd-Content $report ("timestamp={0}" -f (Get-Date -Format 'yyyy-MM-dd HH:mm:ss zzz'))[0m
2026-02-22T02:17:37.0678211Z [36;1m[0m
2026-02-22T02:17:37.0678628Z [36;1m# python env snapshot (to compare with local)[0m
2026-02-22T02:17:37.0679009Z [36;1mAdd-Content $report "---- python_env ----"[0m
2026-02-22T02:17:37.0679898Z [36;1mtry { (& where.exe python 2>&1) | Add-Content $report } catch { ($_ | Out-String) | Add-Content $report }[0m
2026-02-22T02:17:37.0681114Z [36;1mtry { (& python --version 2>&1) | Add-Content $report } catch { ($_ | Out-String) | Add-Content $report }[0m
2026-02-22T02:17:37.0681917Z [36;1mtry { (& python -c "import sys; print(sys.executable)" 2>&1) | Add-Content $report } catch { ($_ | Out-String) | Add-Content $report }[0m
2026-02-22T02:17:37.0682475Z [36;1m[0m
2026-02-22T02:17:37.0682758Z [36;1m# console log tail[0m
2026-02-22T02:17:37.0683456Z [36;1m$consoleLog = Join-Path $env:RUNNER_TEMP 'run_all_local_then_copy_console.log'[0m
2026-02-22T02:17:37.0684049Z [36;1mAdd-Content $report ("[INFO] console_log={0}" -f $consoleLog)[0m
2026-02-22T02:17:37.0684406Z [36;1mif (Test-Path $consoleLog) {[0m
2026-02-22T02:17:37.0684789Z [36;1m  Add-Content $report "---- console_log_tail (last 350 lines) ----"[0m
2026-02-22T02:17:37.0685747Z [36;1m  (Get-Content $consoleLog -Tail 350 -ErrorAction SilentlyContinue) | Add-Content $report[0m
2026-02-22T02:17:37.0686302Z [36;1m} else {[0m
2026-02-22T02:17:37.0686558Z [36;1m  Add-Content $report "[WARN] console log not found"[0m
2026-02-22T02:17:37.0686858Z [36;1m}[0m
2026-02-22T02:17:37.0687018Z [36;1m[0m
2026-02-22T02:17:37.0687184Z [36;1m# run_*.log tail (best effort)[0m
2026-02-22T02:17:37.0687471Z [36;1m$workRoot = 'C:\work\apex_work\runs'[0m
2026-02-22T02:17:37.0688381Z [36;1m$latestRunDir = Get-ChildItem -Path $workRoot -Directory -ErrorAction SilentlyContinue |[0m
2026-02-22T02:17:37.0689080Z [36;1m  Sort-Object LastWriteTime -Descending | Select-Object -First 1[0m
2026-02-22T02:17:37.0689765Z [36;1mAdd-Content $report ("[INFO] work_root={0}" -f $workRoot)[0m
2026-02-22T02:17:37.0690352Z [36;1mif ($latestRunDir) {[0m
2026-02-22T02:17:37.0690936Z [36;1m  Add-Content $report ("[INFO] latest_run_dir={0}" -f $latestRunDir.FullName)[0m
2026-02-22T02:17:37.0692196Z [36;1m  $latestRunLog = Get-ChildItem -Path (Join-Path $latestRunDir.FullName 'logs') -Filter 'run_*.log' -File -ErrorAction SilentlyContinue |[0m
2026-02-22T02:17:37.0693480Z [36;1m    Sort-Object LastWriteTime -Descending | Select-Object -First 1[0m
2026-02-22T02:17:37.0694142Z [36;1m  if ($latestRunLog) {[0m
2026-02-22T02:17:37.0694750Z [36;1m    Add-Content $report ("[INFO] run_log={0}" -f $latestRunLog.FullName)[0m
2026-02-22T02:17:37.0695587Z [36;1m    Add-Content $report "---- run_log_tail (last 350 lines) ----"[0m
2026-02-22T02:17:37.0696622Z [36;1m    (Get-Content $latestRunLog.FullName -Tail 350 -ErrorAction SilentlyContinue) | Add-Content $report[0m
2026-02-22T02:17:37.0697519Z [36;1m  } else {[0m
2026-02-22T02:17:37.0698095Z [36;1m    Add-Content $report "[WARN] run_*.log not found under latest_run_dir\logs"[0m
2026-02-22T02:17:37.0701937Z [36;1m  }[0m
2026-02-22T02:17:37.0702268Z [36;1m} else {[0m
2026-02-22T02:17:37.0702952Z [36;1m  Add-Content $report "[WARN] no run_dir found under work_root"[0m
2026-02-22T02:17:37.0703349Z [36;1m}[0m
2026-02-22T02:17:37.0703517Z [36;1m[0m
2026-02-22T02:17:37.0703694Z [36;1m$global:LASTEXITCODE = 0[0m
2026-02-22T02:17:37.0703938Z [36;1mexit 0[0m
2026-02-22T02:17:37.0730520Z shell: C:\Windows\System32\WindowsPowerShell\v1.0\powershell.EXE -NoProfile -ExecutionPolicy Bypass -Command "{0}"
2026-02-22T02:17:37.0731505Z env:
2026-02-22T02:17:37.0731951Z   REPO_ROOT: C:\work\apex_repo_cache\ApexTraderAI
2026-02-22T02:17:37.0732684Z ##[endgroup]

----- FILE: actions_logs/run/12_Package diagnostics to OneDrive (always).txt -----
ï»¿2026-02-22T02:17:38.1680621Z ##[group]Run $ErrorActionPreference = 'Stop'
2026-02-22T02:17:38.1681144Z [36;1m$ErrorActionPreference = 'Stop'[0m
2026-02-22T02:17:38.1681604Z [36;1m$diagScript = Join-Path $env:REPO_ROOT 'scripts\package_diagnostics_to_onedrive.ps1'[0m
2026-02-22T02:17:38.1682201Z [36;1m$reportPath = Join-Path $env:GITHUB_WORKSPACE 'temp\ONE_TAP_ERROR_REPORT.txt'[0m
2026-02-22T02:17:38.1682621Z [36;1m[0m
2026-02-22T02:17:38.1682885Z [36;1mAdd-Content -Path $reportPath -Value @([0m
2026-02-22T02:17:38.1683586Z [36;1m  '[STEP] package_diagnostics_to_onedrive',[0m
2026-02-22T02:17:38.1683899Z [36;1m  ('[INFO] diag_script={0}' -f $diagScript)[0m
2026-02-22T02:17:38.1684146Z [36;1m)[0m
2026-02-22T02:17:38.1684373Z [36;1mWrite-Host "Diagnostics script path: $diagScript"[0m
2026-02-22T02:17:38.1684705Z [36;1m[0m
2026-02-22T02:17:38.1684891Z [36;1m$diagDirCandidates = @()[0m
2026-02-22T02:17:38.1685129Z [36;1mif ($env:OneDrive) {[0m
2026-02-22T02:17:38.1685473Z [36;1m  $diagDirCandidates += (Join-Path $env:OneDrive 'ApexTraderAI\diagnostics')[0m
2026-02-22T02:17:38.1685894Z [36;1m}[0m
2026-02-22T02:17:38.1686057Z [36;1mif ($env:USERPROFILE) {[0m
2026-02-22T02:17:38.1686451Z [36;1m  $diagDirCandidates += (Join-Path $env:USERPROFILE 'OneDrive\ApexTraderAI\diagnostics')[0m
2026-02-22T02:17:38.1686870Z [36;1m}[0m
2026-02-22T02:17:38.1687215Z [36;1m$diagDirCandidates += (Join-Path $env:RUNNER_TEMP 'ApexTraderAI\diagnostics')[0m
2026-02-22T02:17:38.1687619Z [36;1m[0m
2026-02-22T02:17:38.1687789Z [36;1m$selectedDiagDir = $null[0m
2026-02-22T02:17:38.1688055Z [36;1mforeach ($candidate in $diagDirCandidates) {[0m
2026-02-22T02:17:38.1688324Z [36;1m  try {[0m
2026-02-22T02:17:38.1688655Z [36;1m    $null = New-Item -Path $candidate -ItemType Directory -Force -ErrorAction Stop[0m
2026-02-22T02:17:38.1689072Z [36;1m    $selectedDiagDir = $candidate[0m
2026-02-22T02:17:38.1689323Z [36;1m    break[0m
2026-02-22T02:17:38.1689550Z [36;1m  } catch {[0m
2026-02-22T02:17:38.1689991Z [36;1m    Write-Warning "Diagnostics dir candidate unavailable: $candidate ($($_.Exception.Message))"[0m
2026-02-22T02:17:38.1690448Z [36;1m  }[0m
2026-02-22T02:17:38.1690599Z [36;1m}[0m
2026-02-22T02:17:38.1690746Z [36;1m[0m
2026-02-22T02:17:38.1690921Z [36;1mif (-not $selectedDiagDir) {[0m
2026-02-22T02:17:38.1691215Z [36;1m  Add-Content -Path $reportPath -Value @([0m
2026-02-22T02:17:38.1691539Z [36;1m    '[NG] package_diagnostics_to_onedrive',[0m
2026-02-22T02:17:38.1691913Z [36;1m    '[NG] selected diagnostics dir unavailable',[0m
2026-02-22T02:17:38.1692196Z [36;1m    ''[0m
2026-02-22T02:17:38.1692369Z [36;1m  )[0m
2026-02-22T02:17:38.1692970Z [36;1m  throw 'Unable to resolve diagnostics output directory from OneDrive/USERPROFILE/RUNNER_TEMP candidates.'[0m
2026-02-22T02:17:38.1693517Z [36;1m}[0m
2026-02-22T02:17:38.1693664Z [36;1m[0m
2026-02-22T02:17:38.1693949Z [36;1mWrite-Host "Selected diagnostics output dir: $selectedDiagDir"[0m
2026-02-22T02:17:38.1694624Z [36;1m"diag_dir=$selectedDiagDir" | Out-File -FilePath $env:GITHUB_OUTPUT -Encoding utf8 -Append[0m
2026-02-22T02:17:38.1695053Z [36;1m[0m
2026-02-22T02:17:38.1695254Z [36;1mif (Test-Path $diagScript) {[0m
2026-02-22T02:17:38.1695738Z [36;1m  powershell -NoProfile -ExecutionPolicy Bypass -File $diagScript -DiagDir "$selectedDiagDir"[0m
2026-02-22T02:17:38.1696231Z [36;1m  if ($LASTEXITCODE -ne 0) {[0m
2026-02-22T02:17:38.1696543Z [36;1m    Add-Content -Path $reportPath -Value @([0m
2026-02-22T02:17:38.1696889Z [36;1m      '[NG] package_diagnostics_to_onedrive',[0m
2026-02-22T02:17:38.1697226Z [36;1m      ('[NG] exit_code={0}' -f $LASTEXITCODE),[0m
2026-02-22T02:17:38.1697520Z [36;1m      ''[0m
2026-02-22T02:17:38.1697692Z [36;1m    )[0m
2026-02-22T02:17:38.1697991Z [36;1m    Write-Error "Diagnostics script exited with code $LASTEXITCODE"[0m
2026-02-22T02:17:38.1698378Z [36;1m    exit $LASTEXITCODE[0m
2026-02-22T02:17:38.1698601Z [36;1m  }[0m
2026-02-22T02:17:38.1700600Z [36;1m  Add-Content -Path $reportPath -Value @([0m
2026-02-22T02:17:38.1710757Z [36;1m    '[OK] package_diagnostics_to_onedrive',[0m
2026-02-22T02:17:38.1711392Z [36;1m    ('[OK] diag_dir={0}' -f $selectedDiagDir),[0m
2026-02-22T02:17:38.1711671Z [36;1m    ''[0m
2026-02-22T02:17:38.1711841Z [36;1m  )[0m
2026-02-22T02:17:38.1712013Z [36;1m} else {[0m
2026-02-22T02:17:38.1712286Z [36;1m  Add-Content -Path $reportPath -Value @([0m
2026-02-22T02:17:38.1712982Z [36;1m    '[NG] package_diagnostics_to_onedrive',[0m
2026-02-22T02:17:38.1713287Z [36;1m    '[NG] diagnostics script not found',[0m
2026-02-22T02:17:38.1713551Z [36;1m    ''[0m
2026-02-22T02:17:38.1713706Z [36;1m  )[0m
2026-02-22T02:17:38.1714107Z [36;1m  Write-Error "Diagnostics script not found: $diagScript"[0m
2026-02-22T02:17:38.1714417Z [36;1m  exit 1[0m
2026-02-22T02:17:38.1714596Z [36;1m}[0m
2026-02-22T02:17:38.1714768Z [36;1m[0m
2026-02-22T02:17:38.1715057Z [36;1mif ((Get-Item $reportPath).Length -gt 60000) {[0m
2026-02-22T02:17:38.1715403Z [36;1m  $tail = Get-Content -Path $reportPath -Raw[0m
2026-02-22T02:17:38.1715759Z [36;1m  $tail = $tail.Substring([Math]::Max(0, $tail.Length - 60000))[0m
2026-02-22T02:17:38.1716185Z [36;1m  Set-Content -Path $reportPath -Value $tail -Encoding UTF8[0m
2026-02-22T02:17:38.1716496Z [36;1m}[0m
2026-02-22T02:17:38.1734354Z shell: C:\Windows\System32\WindowsPowerShell\v1.0\powershell.EXE -NoProfile -ExecutionPolicy Bypass -Command "{0}"
2026-02-22T02:17:38.1734902Z env:
2026-02-22T02:17:38.1735092Z   REPO_ROOT: C:\work\apex_repo_cache\ApexTraderAI
2026-02-22T02:17:38.1735354Z ##[endgroup]
2026-02-22T02:17:38.4271790Z Diagnostics script path: C:\work\apex_repo_cache\ApexTraderAI\scripts\package_diagnostics_to_onedrive.ps1
2026-02-22T02:17:38.4367799Z Selected diagnostics output dir: C:\Users\becky\OneDrive\ApexTraderAI\diagnostics
2026-02-22T02:17:38.6816226Z runnerDiag=C:\Users\becky\OneDrive\ãƒ‡ã‚¹ã‚¯ãƒˆãƒƒãƒ—\Python\apex-trader-ai\actions-runner\_diag
2026-02-22T02:17:38.6820569Z diagDir=C:\Users\becky\OneDrive\ApexTraderAI\diagnostics
2026-02-22T02:17:39.1946083Z WARNING: Primary diagnostics archive failed: The process cannot access the file 
2026-02-22T02:17:39.1947459Z 'C:\Users\becky\OneDrive\ãƒ‡ã‚¹ã‚¯ãƒˆãƒƒãƒ—\Python\apex-trader-ai\actions-runner\_diag\blocks\4c1f49f0-8fe5-4b6d-b5fc-92953905e432_
2026-02-22T02:17:39.1948713Z 7ec01045-eb54-5173-8c74-69d9b31b70cd.1' because it is being used by another process.
2026-02-22T02:17:39.2568117Z zipPath=C:\Users\becky\OneDrive\ApexTraderAI\diagnostics\diag_22268676913_1_20260222_111738.zip
2026-02-22T02:17:39.2790759Z 
2026-02-22T02:17:39.2791368Z 
2026-02-22T02:17:39.2792897Z     ãƒ‡ã‚£ãƒ¬ã‚¯ãƒˆãƒª: C:\Users\becky\OneDrive\ApexTraderAI\diagnostics
2026-02-22T02:17:39.2793170Z 
2026-02-22T02:17:39.2793176Z 
2026-02-22T02:17:39.2797281Z Mode                 LastWriteTime         Length Name                                                                 
2026-02-22T02:17:39.2798482Z ----                 -------------         ------ ----                                                                 
2026-02-22T02:17:39.2802233Z -a----        2026/02/22     11:17           4934 diag_22268676913_1_20260222_111738.zip                               
2026-02-22T02:17:39.2810537Z -a----        2026/02/22     11:01           6771 diag_22268462317_1_20260222_110151.zip                               
2026-02-22T02:17:39.2817597Z -a----        2026/02/22      9:55           6061 diag_22267589833_1_20260222_095503.zip                               
2026-02-22T02:17:39.2824312Z -a----        2026/02/21     20:02           5153 diag_22255636168_1_20260221_200205.zip                               
2026-02-22T02:17:39.2831150Z -a----        2026/02/21     19:50           5225 diag_22255482209_1_20260221_195016.zip                               
2026-02-22T02:17:39.2837740Z -a----        2026/02/21     18:51           5266 diag_22254693514_1_20260221_185125.zip                               
2026-02-22T02:17:39.2844332Z -a----        2026/02/21     18:03           4845 diag_22254040899_1_20260221_180313.zip                               
2026-02-22T02:17:39.2851681Z -a----        2026/02/21     17:57           4845 diag_22253961100_1_20260221_175721.zip                               
2026-02-22T02:17:39.2858170Z -a----        2026/02/21     17:23           4840 diag_22253509025_1_20260221_172305.zip                               
2026-02-22T02:17:39.2864593Z -a----        2026/02/21     16:43           4839 diag_22252976665_1_20260221_164333.zip                               
2026-02-22T02:17:39.2870797Z -a----        2026/02/21     16:11           4806 diag_22252533924_1_20260221_161105.zip                               
2026-02-22T02:17:39.2876925Z -a----        2026/02/21     15:35           4851 diag_22252052676_1_20260221_153526.zip                               
2026-02-22T02:17:39.2883070Z -a----        2026/02/21     15:17           4846 diag_22251800216_1_20260221_151709.zip                               
2026-02-22T02:17:39.2889220Z -a----        2026/02/21     13:43           4912 diag_22250512578_1_20260221_134327.zip                               
2026-02-22T02:17:39.2895376Z -a----        2026/02/21     11:34           4944 diag_22248695422_1_20260221_113420.zip                               
2026-02-22T02:17:39.2901541Z -a----        2026/02/21     11:09           4759 diag_22248308415_1_20260221_110900.zip                               
2026-02-22T02:17:39.2907704Z -a----        2026/02/21     10:51           4964 diag_22248046183_1_20260221_105148.zip                               
2026-02-22T02:17:39.2908064Z 
2026-02-22T02:17:39.2908290Z 

----- FILE: actions_logs/run/13_Verify diagnostics directory content.txt -----
ï»¿2026-02-22T02:17:39.3453114Z ##[group]Run $ErrorActionPreference = 'Stop'
2026-02-22T02:17:39.3453657Z [36;1m$ErrorActionPreference = 'Stop'[0m
2026-02-22T02:17:39.3454020Z [36;1m$diagDir = 'C:\Users\becky\OneDrive\ApexTraderAI\diagnostics'[0m
2026-02-22T02:17:39.3454358Z [36;1mif (-not $diagDir) {[0m
2026-02-22T02:17:39.3454681Z [36;1m  $diagDir = Join-Path $env:RUNNER_TEMP 'ApexTraderAI\diagnostics'[0m
2026-02-22T02:17:39.3455015Z [36;1m}[0m
2026-02-22T02:17:39.3455249Z [36;1mWrite-Host '=== diagnostics dir listing ==='[0m
2026-02-22T02:17:39.3455548Z [36;1mif (Test-Path $diagDir) {[0m
2026-02-22T02:17:39.3455778Z [36;1m  dir $diagDir[0m
2026-02-22T02:17:39.3455963Z [36;1m} else {[0m
2026-02-22T02:17:39.3456233Z [36;1m  Write-Warning "Diagnostics directory not found: $diagDir"[0m
2026-02-22T02:17:39.3456574Z [36;1m}[0m
2026-02-22T02:17:39.3456714Z [36;1m[0m
2026-02-22T02:17:39.3457109Z [36;1m$latestZip = Get-ChildItem -Path $diagDir -File -Filter 'diag_*.zip' -ErrorAction SilentlyContinue |[0m
2026-02-22T02:17:39.3457752Z [36;1m  Sort-Object LastWriteTime -Descending |[0m
2026-02-22T02:17:39.3458046Z [36;1m  Select-Object -First 1[0m
2026-02-22T02:17:39.3458251Z [36;1m[0m
2026-02-22T02:17:39.3458412Z [36;1mif (-not $latestZip) {[0m
2026-02-22T02:17:39.3458677Z [36;1m  Write-Warning "diag zip missing in $diagDir"[0m
2026-02-22T02:17:39.3459407Z [36;1m  Write-Host 'Hint: package diagnostics step uses OneDrive -> USERPROFILE\\OneDrive -> RUNNER_TEMP fallback. Check step logs for selected path and creation errors.'[0m
2026-02-22T02:17:39.3460103Z [36;1m  exit 0[0m
2026-02-22T02:17:39.3460276Z [36;1m}[0m
2026-02-22T02:17:39.3460423Z [36;1m[0m
2026-02-22T02:17:39.3460642Z [36;1mWrite-Host "latestDiagZip=$($latestZip.FullName)"[0m
2026-02-22T02:17:39.3477942Z shell: C:\Windows\System32\WindowsPowerShell\v1.0\powershell.EXE -NoProfile -ExecutionPolicy Bypass -Command "{0}"
2026-02-22T02:17:39.3478506Z env:
2026-02-22T02:17:39.3478720Z   REPO_ROOT: C:\work\apex_repo_cache\ApexTraderAI
2026-02-22T02:17:39.3479024Z ##[endgroup]
2026-02-22T02:17:39.5832826Z === diagnostics dir listing ===
2026-02-22T02:17:39.6343651Z 
2026-02-22T02:17:39.6344638Z 
2026-02-22T02:17:39.6346721Z     ãƒ‡ã‚£ãƒ¬ã‚¯ãƒˆãƒª: C:\Users\becky\OneDrive\ApexTraderAI\diagnostics
2026-02-22T02:17:39.6347047Z 
2026-02-22T02:17:39.6347053Z 
2026-02-22T02:17:39.6350953Z Mode                 LastWriteTime         Length Name                                                                 
2026-02-22T02:17:39.6352543Z ----                 -------------         ------ ----                                                                 
2026-02-22T02:17:39.6356141Z -a----        2026/02/21     10:51           4964 diag_22248046183_1_20260221_105148.zip                               
2026-02-22T02:17:39.6365232Z -a----        2026/02/21     11:09           4759 diag_22248308415_1_20260221_110900.zip                               
2026-02-22T02:17:39.6372821Z -a----        2026/02/21     11:34           4944 diag_22248695422_1_20260221_113420.zip                               
2026-02-22T02:17:39.6380371Z -a----        2026/02/21     13:43           4912 diag_22250512578_1_20260221_134327.zip                               
2026-02-22T02:17:39.6387676Z -a----        2026/02/21     15:17           4846 diag_22251800216_1_20260221_151709.zip                               
2026-02-22T02:17:39.6395279Z -a----        2026/02/21     15:35           4851 diag_22252052676_1_20260221_153526.zip                               
2026-02-22T02:17:39.6402787Z -a----        2026/02/21     16:11           4806 diag_22252533924_1_20260221_161105.zip                               
2026-02-22T02:17:39.6410061Z -a----        2026/02/21     16:43           4839 diag_22252976665_1_20260221_164333.zip                               
2026-02-22T02:17:39.6417644Z -a----        2026/02/21     17:23           4840 diag_22253509025_1_20260221_172305.zip                               
2026-02-22T02:17:39.6425212Z -a----        2026/02/21     17:57           4845 diag_22253961100_1_20260221_175721.zip                               
2026-02-22T02:17:39.6433390Z -a----        2026/02/21     18:03           4845 diag_22254040899_1_20260221_180313.zip                               
2026-02-22T02:17:39.6440839Z -a----        2026/02/21     18:51           5266 diag_22254693514_1_20260221_185125.zip                               
2026-02-22T02:17:39.6448091Z -a----        2026/02/21     19:50           5225 diag_22255482209_1_20260221_195016.zip                               
2026-02-22T02:17:39.6455472Z -a----        2026/02/21     20:02           5153 diag_22255636168_1_20260221_200205.zip                               
2026-02-22T02:17:39.6472243Z -a----        2026/02/22      9:55           6061 diag_22267589833_1_20260222_095503.zip                               
2026-02-22T02:17:39.6486391Z -a----        2026/02/22     11:01           6771 diag_22268462317_1_20260222_110151.zip                               
2026-02-22T02:17:39.6499115Z -a----        2026/02/22     11:17           4934 diag_22268676913_1_20260222_111738.zip                               
2026-02-22T02:17:39.6617998Z latestDiagZip=C:\Users\becky\OneDrive\ApexTraderAI\diagnostics\diag_22268676913_1_20260222_111738.zip
2026-02-22T02:17:39.6624432Z 
2026-02-22T02:17:39.6624605Z 

----- FILE: actions_logs/run/15_Resolve latest run artifacts.txt -----
ï»¿2026-02-22T02:17:39.6932911Z ##[group]Run $workRoot = 'C:\work\apex_work\runs'
2026-02-22T02:17:39.6933444Z [36;1m$workRoot = 'C:\work\apex_work\runs'[0m
2026-02-22T02:17:39.6934042Z [36;1m$consoleLog = Join-Path $env:RUNNER_TEMP 'run_all_local_then_copy_console.log'[0m
2026-02-22T02:17:39.6935033Z [36;1m$reportPath = Join-Path $env:GITHUB_WORKSPACE 'temp\ONE_TAP_ERROR_REPORT.txt'[0m
2026-02-22T02:17:39.6935615Z [36;1m[0m
2026-02-22T02:17:39.6935819Z [36;1mAdd-Content -Path $reportPath -Value @([0m
2026-02-22T02:17:39.6936140Z [36;1m  '[STEP] resolve_latest_run_artifacts',[0m
2026-02-22T02:17:39.6936509Z [36;1m  ('[INFO] work_root={0}' -f $workRoot)[0m
2026-02-22T02:17:39.6936758Z [36;1m)[0m
2026-02-22T02:17:39.6936993Z [36;1m[0m
2026-02-22T02:17:39.6937162Z [36;1m$runId = ''[0m
2026-02-22T02:17:39.6937387Z [36;1mif (Test-Path $consoleLog) {[0m
2026-02-22T02:17:39.6938039Z [36;1m  $runIdLine = Select-String -Path $consoleLog -Pattern '^\[OK\] run_id=' | Select-Object -Last 1[0m
2026-02-22T02:17:39.6938875Z [36;1m  if ($runIdLine) {[0m
2026-02-22T02:17:39.6939434Z [36;1m    $runId = ($runIdLine.Line -replace '^\[OK\] run_id=', '').Trim()[0m
2026-02-22T02:17:39.6939834Z [36;1m  }[0m
2026-02-22T02:17:39.6939990Z [36;1m}[0m
2026-02-22T02:17:39.6940137Z [36;1m[0m
2026-02-22T02:17:39.6940288Z [36;1m$runDir = $null[0m
2026-02-22T02:17:39.6940486Z [36;1mif ($runId) {[0m
2026-02-22T02:17:39.6940715Z [36;1m  $candidateDir = Join-Path $workRoot $runId[0m
2026-02-22T02:17:39.6941255Z [36;1m  if (Test-Path $candidateDir) {[0m
2026-02-22T02:17:39.6941521Z [36;1m    $runDir = Get-Item $candidateDir[0m
2026-02-22T02:17:39.6941767Z [36;1m  }[0m
2026-02-22T02:17:39.6941918Z [36;1m}[0m
2026-02-22T02:17:39.6942067Z [36;1m[0m
2026-02-22T02:17:39.6942275Z [36;1mif (-not $runDir -and (Test-Path $workRoot)) {[0m
2026-02-22T02:17:39.6942892Z [36;1m  $runDir = Get-ChildItem -Path $workRoot -Directory | Sort-Object LastWriteTime -Descending | Select-Object -First 1[0m
2026-02-22T02:17:39.6943474Z [36;1m  if ($runDir -and -not $runId) {[0m
2026-02-22T02:17:39.6943721Z [36;1m    $runId = $runDir.Name[0m
2026-02-22T02:17:39.6943962Z [36;1m  }[0m
2026-02-22T02:17:39.6944145Z [36;1m}[0m
2026-02-22T02:17:39.6944300Z [36;1m[0m
2026-02-22T02:17:39.6944445Z [36;1mif ($runId) {[0m
2026-02-22T02:17:39.6944800Z [36;1m  "run_id=$runId" | Out-File -FilePath $env:GITHUB_OUTPUT -Encoding utf8 -Append[0m
2026-02-22T02:17:39.6945222Z [36;1m  Write-Host "Resolved run_id=$runId"[0m
2026-02-22T02:17:39.6945485Z [36;1m} else {[0m
2026-02-22T02:17:39.6945854Z [36;1m  Add-Content -Path $reportPath -Value '[NG] resolve_latest_run_artifacts run_id unresolved'[0m
2026-02-22T02:17:39.6946472Z [36;1m  Write-Warning 'Failed to resolve run_id from console log and latest run folder.'[0m
2026-02-22T02:17:39.6946888Z [36;1m}[0m
2026-02-22T02:17:39.6947037Z [36;1m[0m
2026-02-22T02:17:39.6947199Z [36;1mif ($runDir) {[0m
2026-02-22T02:17:39.6947484Z [36;1m  $logGlob = Join-Path $runDir.FullName 'logs\run_*.log'[0m
2026-02-22T02:17:39.6947940Z [36;1m  $zipPath = Join-Path $runDir.FullName ("run_{0}.zip" -f $runDir.Name)[0m
2026-02-22T02:17:39.6948464Z [36;1m  $runLogPath = Join-Path $runDir.FullName ("logs\run_{0}.log" -f $runDir.Name)[0m
2026-02-22T02:17:39.6949074Z [36;1m  "log_glob=$logGlob" | Out-File -FilePath $env:GITHUB_OUTPUT -Encoding utf8 -Append[0m
2026-02-22T02:17:39.6949642Z [36;1m  "zip_path=$zipPath" | Out-File -FilePath $env:GITHUB_OUTPUT -Encoding utf8 -Append[0m
2026-02-22T02:17:39.6950239Z [36;1m  "run_log_path=$runLogPath" | Out-File -FilePath $env:GITHUB_OUTPUT -Encoding utf8 -Append[0m
2026-02-22T02:17:39.6950846Z [36;1m  "run_dir=$($runDir.FullName)" | Out-File -FilePath $env:GITHUB_OUTPUT -Encoding utf8 -Append[0m
2026-02-22T02:17:39.6951445Z [36;1m  Write-Host "Resolved run directory: $($runDir.FullName)"[0m
2026-02-22T02:17:39.6951752Z [36;1m}[0m
2026-02-22T02:17:39.6951906Z [36;1m[0m
2026-02-22T02:17:39.6952068Z [36;1mif ($runDir) {[0m
2026-02-22T02:17:39.6953879Z [36;1m  Add-Content -Path $reportPath -Value @([0m
2026-02-22T02:17:39.6954203Z [36;1m    '[OK] resolve_latest_run_artifacts',[0m
2026-02-22T02:17:39.6954502Z [36;1m    ('[OK] run_dir={0}' -f $runDir.FullName),[0m
2026-02-22T02:17:39.6954784Z [36;1m    ('[OK] run_id={0}' -f $runId),[0m
2026-02-22T02:17:39.6955003Z [36;1m    ''[0m
2026-02-22T02:17:39.6955156Z [36;1m  )[0m
2026-02-22T02:17:39.6955304Z [36;1m}[0m
2026-02-22T02:17:39.6955456Z [36;1m[0m
2026-02-22T02:17:39.6955663Z [36;1mif ((Get-Item $reportPath).Length -gt 60000) {[0m
2026-02-22T02:17:39.6955990Z [36;1m  $tail = Get-Content -Path $reportPath -Raw[0m
2026-02-22T02:17:39.6956363Z [36;1m  $tail = $tail.Substring([Math]::Max(0, $tail.Length - 60000))[0m
2026-02-22T02:17:39.6956789Z [36;1m  Set-Content -Path $reportPath -Value $tail -Encoding UTF8[0m
2026-02-22T02:17:39.6957100Z [36;1m}[0m
2026-02-22T02:17:39.6973974Z shell: C:\Windows\System32\WindowsPowerShell\v1.0\powershell.EXE -NoProfile -ExecutionPolicy Bypass -Command "{0}"
2026-02-22T02:17:39.6974510Z env:
2026-02-22T02:17:39.6974707Z   REPO_ROOT: C:\work\apex_repo_cache\ApexTraderAI
2026-02-22T02:17:39.6974964Z ##[endgroup]
2026-02-22T02:17:40.1074756Z Resolved run_id=20260222_111436
2026-02-22T02:17:40.1165125Z Resolved run directory: C:\work\apex_work\runs\20260222_111436

----- FILE: actions_logs/run/16_Trim ONE_TAP report size.txt -----
ï»¿2026-02-22T02:17:40.1841936Z ##[group]Run $reportPath = Join-Path $env:GITHUB_WORKSPACE 'temp\ONE_TAP_ERROR_REPORT.txt'
2026-02-22T02:17:40.1844339Z [36;1m$reportPath = Join-Path $env:GITHUB_WORKSPACE 'temp\ONE_TAP_ERROR_REPORT.txt'[0m
2026-02-22T02:17:40.1844973Z [36;1m$maxBytes = 60000[0m
2026-02-22T02:17:40.1845357Z [36;1mif ((Test-Path $reportPath) -and ((Get-Item $reportPath).Length -gt $maxBytes)) {[0m
2026-02-22T02:17:40.1845795Z [36;1m  $tail = Get-Content -Path $reportPath -Raw[0m
2026-02-22T02:17:40.1846174Z [36;1m  $tail = $tail.Substring([Math]::Max(0, $tail.Length - $maxBytes))[0m
2026-02-22T02:17:40.1846960Z [36;1m  Set-Content -Path $reportPath -Value $tail -Encoding UTF8[0m
2026-02-22T02:17:40.1847399Z [36;1m}[0m
2026-02-22T02:17:40.1868298Z shell: C:\Windows\System32\WindowsPowerShell\v1.0\powershell.EXE -NoProfile -ExecutionPolicy Bypass -Command "{0}"
2026-02-22T02:17:40.1869212Z env:
2026-02-22T02:17:40.1869475Z   REPO_ROOT: C:\work\apex_repo_cache\ApexTraderAI
2026-02-22T02:17:40.1869775Z ##[endgroup]

----- FILE: actions_logs/run/17_Stage run artifacts.txt -----
ï»¿2026-02-22T02:17:40.4451543Z ##[group]Run $artifactRoot = Join-Path $env:GITHUB_WORKSPACE 'temp\desktop_artifacts'
2026-02-22T02:17:40.4452376Z [36;1m$artifactRoot = Join-Path $env:GITHUB_WORKSPACE 'temp\desktop_artifacts'[0m
2026-02-22T02:17:40.4452878Z [36;1m$null = New-Item -Path $artifactRoot -ItemType Directory -Force[0m
2026-02-22T02:17:40.4453498Z [36;1m$workspaceLogRoot = Join-Path $env:GITHUB_WORKSPACE 'artifacts\logs'[0m
2026-02-22T02:17:40.4453984Z [36;1m$null = New-Item -Path $workspaceLogRoot -ItemType Directory -Force[0m
2026-02-22T02:17:40.4454328Z [36;1m[0m
2026-02-22T02:17:40.4454646Z [36;1m$reportSource = Join-Path $env:GITHUB_WORKSPACE 'temp\ONE_TAP_ERROR_REPORT.txt'[0m
2026-02-22T02:17:40.4455172Z [36;1m$reportDest = Join-Path $artifactRoot 'ONE_TAP_ERROR_REPORT.txt'[0m
2026-02-22T02:17:40.4455604Z [36;1mif (Test-Path $reportSource) {[0m
2026-02-22T02:17:40.4455987Z [36;1m  Copy-Item -Path $reportSource -Destination $reportDest -Force[0m
2026-02-22T02:17:40.4456333Z [36;1m} else {[0m
2026-02-22T02:17:40.4456547Z [36;1m  @([0m
2026-02-22T02:17:40.4456818Z [36;1m    '[WARN] ONE_TAP_ERROR_REPORT.txt was missing at stage time.',[0m
2026-02-22T02:17:40.4457256Z [36;1m    ('timestamp={0}' -f (Get-Date -Format 'yyyy-MM-dd HH:mm:ss zzz'))[0m
2026-02-22T02:17:40.4457671Z [36;1m  ) | Set-Content -Path $reportDest -Encoding UTF8[0m
2026-02-22T02:17:40.4457986Z [36;1m}[0m
2026-02-22T02:17:40.4458135Z [36;1m[0m
2026-02-22T02:17:40.4458522Z [36;1m$consoleLog = Join-Path $env:GITHUB_WORKSPACE 'temp\run_all_local_then_copy_console.log'[0m
2026-02-22T02:17:40.4458980Z [36;1mif (Test-Path $consoleLog) {[0m
2026-02-22T02:17:40.4459676Z [36;1m  Copy-Item -Path $consoleLog -Destination (Join-Path $artifactRoot 'run_all_local_then_copy_console.log') -Force[0m
2026-02-22T02:17:40.4460544Z [36;1m}[0m
2026-02-22T02:17:40.4460851Z [36;1m[0m
2026-02-22T02:17:40.4461325Z [36;1m$runLog = 'C:\work\apex_work\runs\20260222_111436\logs\run_20260222_111436.log'[0m
2026-02-22T02:17:40.4462070Z [36;1mif ((-not $runLog) -or (-not (Test-Path $runLog))) {[0m
2026-02-22T02:17:40.4462680Z [36;1m  $runDir = 'C:\work\apex_work\runs\20260222_111436'[0m
2026-02-22T02:17:40.4463273Z [36;1m  if ($runDir -and (Test-Path $runDir)) {[0m
2026-02-22T02:17:40.4465543Z [36;1m    $latestRunLog = Get-ChildItem -Path (Join-Path $runDir 'logs') -Filter 'run_*.log' -File -ErrorAction SilentlyContinue | Sort-Object LastWriteTime -Descending | Select-Object -First 1[0m
2026-02-22T02:17:40.4467570Z [36;1m    if ($latestRunLog) {[0m
2026-02-22T02:17:40.4468326Z [36;1m      $runLog = $latestRunLog.FullName[0m
2026-02-22T02:17:40.4468857Z [36;1m    }[0m
2026-02-22T02:17:40.4469142Z [36;1m  }[0m
2026-02-22T02:17:40.4469409Z [36;1m}[0m
2026-02-22T02:17:40.4469663Z [36;1m[0m
2026-02-22T02:17:40.4470024Z [36;1mif ($runLog -and (Test-Path $runLog)) {[0m
2026-02-22T02:17:40.4470677Z [36;1m  $runLogName = Split-Path -Path $runLog -Leaf[0m
2026-02-22T02:17:40.4471602Z [36;1m  Copy-Item -Path $runLog -Destination (Join-Path $artifactRoot $runLogName) -Force[0m
2026-02-22T02:17:40.4473770Z [36;1m  Copy-Item -Path $runLog -Destination (Join-Path $workspaceLogRoot $runLogName) -Force[0m
2026-02-22T02:17:40.4474565Z [36;1m  Write-Host "Staged run log: $runLog"[0m
2026-02-22T02:17:40.4475023Z [36;1m} else {[0m
2026-02-22T02:17:40.4475814Z [36;1m  Write-Warning 'Run log was not found for artifact staging. Uploading console log artifact only.'[0m
2026-02-22T02:17:40.4476681Z [36;1m  @([0m
2026-02-22T02:17:40.4477201Z [36;1m    '[WARN] run_*.log was not found. Artifact includes console log only.',[0m
2026-02-22T02:17:40.4478216Z [36;1m    '[WARN] Never finish a workflow run without leaving a readable log artifact.',[0m
2026-02-22T02:17:40.4479164Z [36;1m    ('[WARN] generated_at={0}' -f (Get-Date -Format 'yyyy-MM-dd HH:mm:ss zzz'))[0m
2026-02-22T02:17:40.4480007Z [36;1m  ) | Set-Content -Path (Join-Path $artifactRoot 'missing_run_log_warning.txt') -Encoding UTF8[0m
2026-02-22T02:17:40.4482621Z [36;1m}[0m
2026-02-22T02:17:40.4482960Z [36;1m[0m
2026-02-22T02:17:40.4483457Z [36;1m$zipPath = 'C:\work\apex_work\runs\20260222_111436\run_20260222_111436.zip'[0m
2026-02-22T02:17:40.4484170Z [36;1mif ($zipPath -and (Test-Path $zipPath)) {[0m
2026-02-22T02:17:40.4485275Z [36;1m  Copy-Item -Path $zipPath -Destination (Join-Path $artifactRoot (Split-Path -Path $zipPath -Leaf)) -Force[0m
2026-02-22T02:17:40.4486223Z [36;1m}[0m
2026-02-22T02:17:40.4486497Z [36;1m[0m
2026-02-22T02:17:40.4487173Z [36;1m"artifact_path=$artifactRoot" | Out-File -FilePath $env:GITHUB_OUTPUT -Encoding utf8 -Append[0m
2026-02-22T02:17:40.4488208Z [36;1mWrite-Host "Staged artifacts under: $artifactRoot"[0m
2026-02-22T02:17:40.4513762Z shell: C:\Windows\System32\WindowsPowerShell\v1.0\powershell.EXE -NoProfile -ExecutionPolicy Bypass -Command "{0}"
2026-02-22T02:17:40.4514328Z env:
2026-02-22T02:17:40.4514627Z   REPO_ROOT: C:\work\apex_repo_cache\ApexTraderAI
2026-02-22T02:17:40.4515271Z ##[endgroup]
2026-02-22T02:17:40.7367091Z Staged run log: C:\work\apex_work\runs\20260222_111436\logs\run_20260222_111436.log
2026-02-22T02:17:40.7506333Z Staged artifacts under: C:\Users\becky\OneDrive\ãƒ‡ã‚¹ã‚¯ãƒˆãƒƒãƒ—\Python\apex-trader-ai\actions-runner\_work\ApexTraderAI\ApexTraderAI\temp\desktop_artifacts

----- FILE: actions_logs/run/18_Upload run artifacts.txt -----
ï»¿2026-02-22T02:17:40.7858177Z ##[group]Run actions/upload-artifact@v4
2026-02-22T02:17:40.7858634Z with:
2026-02-22T02:17:40.7858886Z   name: desktop-run-20260222_111436
2026-02-22T02:17:40.7859130Z   if-no-files-found: warn
2026-02-22T02:17:40.7859694Z   path: C:\Users\becky\OneDrive\ãƒ‡ã‚¹ã‚¯ãƒˆãƒƒãƒ—\Python\apex-trader-ai\actions-runner\_work\ApexTraderAI\ApexTraderAI\temp\desktop_artifacts\**
2026-02-22T02:17:40.7860287Z   compression-level: 6
2026-02-22T02:17:40.7860493Z   overwrite: false
2026-02-22T02:17:40.7860688Z   include-hidden-files: false
2026-02-22T02:17:40.7860896Z env:
2026-02-22T02:17:40.7861098Z   REPO_ROOT: C:\work\apex_repo_cache\ApexTraderAI
2026-02-22T02:17:40.7861412Z ##[endgroup]
2026-02-22T02:17:41.6129359Z With the provided path, there will be 34 files uploaded
2026-02-22T02:17:41.6133881Z Artifact name is valid!
2026-02-22T02:17:41.6134142Z Root directory input is valid!
2026-02-22T02:17:42.2030633Z Beginning upload of artifact content to blob storage
2026-02-22T02:17:46.7293609Z Uploaded bytes 8388608
2026-02-22T02:17:47.0886091Z Uploaded bytes 16777216
2026-02-22T02:17:47.5135013Z Uploaded bytes 25165824
2026-02-22T02:17:49.2840358Z Uploaded bytes 33554432
2026-02-22T02:17:50.7732807Z Uploaded bytes 36205797
2026-02-22T02:17:50.9548905Z Finished uploading artifact content to blob storage!
2026-02-22T02:17:50.9554362Z SHA256 digest of uploaded artifact zip is 0ea81e4a25e63f5f84f9ff282b1d0bf519c9031ef13c635f42f1f93b7da116dd
2026-02-22T02:17:50.9558731Z Finalizing artifact upload
2026-02-22T02:17:51.5409208Z Artifact desktop-run-20260222_111436.zip successfully finalized. Artifact ID 5604547146
2026-02-22T02:17:51.5413914Z Artifact desktop-run-20260222_111436 has been successfully uploaded! Final size is 36205797 bytes. Artifact ID is 5604547146
2026-02-22T02:17:51.5420893Z Artifact download URL: https://github.com/toki866/ApexTraderAI/actions/runs/22268676913/artifacts/5604547146

----- FILE: actions_logs/run/19_Evaluate outputs (StepA_StepE best-effort) and write report.txt -----
ï»¿2026-02-22T02:17:51.5714027Z ##[group]Run $ErrorActionPreference='Continue'
2026-02-22T02:17:51.5714785Z [36;1m$ErrorActionPreference='Continue'[0m
2026-02-22T02:17:51.5715095Z [36;1mSet-Location $env:REPO_ROOT[0m
2026-02-22T02:17:51.5715327Z [36;1m[0m
2026-02-22T02:17:51.5715503Z [36;1m$workRoot='C:\work\apex_work\runs'[0m
2026-02-22T02:17:51.5716144Z [36;1m$latest=Get-ChildItem $workRoot -Directory -ErrorAction SilentlyContinue | Sort-Object LastWriteTime -Desc | Select-Object -First 1[0m
2026-02-22T02:17:51.5716915Z [36;1mif (-not $latest) { Write-Host "[WARN] no run_dir"; exit 0 }[0m
2026-02-22T02:17:51.5717611Z [36;1m[0m
2026-02-22T02:17:51.5717940Z [36;1m$outputRoot=Join-Path $latest.FullName 'output'[0m
2026-02-22T02:17:51.5718386Z [36;1mif (-not (Test-Path $outputRoot)) { Write-Host "[WARN] no output_root"; exit 0 }[0m
2026-02-22T02:17:51.5718797Z [36;1m[0m
2026-02-22T02:17:51.5719036Z [36;1m$repDir=Join-Path $env:GITHUB_WORKSPACE 'temp\eval'[0m
2026-02-22T02:17:51.5719658Z [36;1mNew-Item $repDir -ItemType Directory -Force | Out-Null[0m
2026-02-22T02:17:51.5720253Z [36;1m$md=Join-Path $repDir 'EVAL_REPORT.md'[0m
2026-02-22T02:17:51.5720606Z [36;1m$js=Join-Path $repDir 'EVAL_REPORT.json'[0m
2026-02-22T02:17:51.5720863Z [36;1m[0m
2026-02-22T02:17:51.5721023Z [36;1m$symbols = 'SOXL,SOXS'[0m
2026-02-22T02:17:51.5721237Z [36;1m$symbol = 'SOXL'[0m
2026-02-22T02:17:51.5721502Z [36;1mif (-not [string]::IsNullOrWhiteSpace($symbols)) {[0m
2026-02-22T02:17:51.5721981Z [36;1m  $symbol = ($symbols -split ',')[0].Trim()[0m
2026-02-22T02:17:51.5722655Z [36;1m  if ([string]::IsNullOrWhiteSpace($symbol)) { $symbol = 'SOXL' }[0m
2026-02-22T02:17:51.5723049Z [36;1m}[0m
2026-02-22T02:17:51.5723205Z [36;1m$mode = 'sim'[0m
2026-02-22T02:17:51.5723472Z [36;1mif ([string]::IsNullOrWhiteSpace($mode)) { $mode = 'sim' }[0m
2026-02-22T02:17:51.5723784Z [36;1m[0m
2026-02-22T02:17:51.5724397Z [36;1mpython scripts/evaluate_run_outputs.py --output-root "$outputRoot" --mode "$mode" --symbol "$symbol" --out-md "$md" --out-json "$js"[0m
2026-02-22T02:17:51.5725324Z [36;1mexit 0[0m
2026-02-22T02:17:51.5748162Z shell: C:\Windows\System32\WindowsPowerShell\v1.0\powershell.EXE -NoProfile -ExecutionPolicy Bypass -Command "{0}"
2026-02-22T02:17:51.5748944Z env:
2026-02-22T02:17:51.5749267Z   REPO_ROOT: C:\work\apex_repo_cache\ApexTraderAI
2026-02-22T02:17:51.5749618Z ##[endgroup]

----- FILE: actions_logs/run/1_Set up job.txt -----
ï»¿2026-02-22T02:14:25.8793682Z Current runner version: '2.331.0'
2026-02-22T02:14:25.8805435Z Runner name: 'DESKTOP-C54PIIA'
2026-02-22T02:14:25.8806211Z Runner group name: 'Default'
2026-02-22T02:14:25.8806949Z Machine name: 'DESKTOP-C54PIIA'
2026-02-22T02:14:25.8810715Z ##[group]GITHUB_TOKEN Permissions
2026-02-22T02:14:25.8812955Z Actions: read
2026-02-22T02:14:25.8813438Z Contents: write
2026-02-22T02:14:25.8813902Z Issues: write
2026-02-22T02:14:25.8814287Z Metadata: read
2026-02-22T02:14:25.8814708Z ##[endgroup]
2026-02-22T02:14:25.8816726Z Secret source: Actions
2026-02-22T02:14:25.8817368Z Prepare workflow directory
2026-02-22T02:14:25.9444708Z Prepare all required actions
2026-02-22T02:14:25.9484150Z Getting action download info
2026-02-22T02:14:27.1031446Z Download action repository 'actions/upload-artifact@v4' (SHA:ea165f8d65b6e75b540449e92b4886f43607fa02)
2026-02-22T02:14:28.8088735Z Download action repository 'actions/github-script@v7' (SHA:f28e40c7f34bde8b3046d885e986cb6290c5673b)
2026-02-22T02:14:30.7563573Z Complete job name: run

----- FILE: actions_logs/run/20_Publish ONE_TAP report to diag-logs branch.txt -----
2026-02-22T02:17:52.7684383Z [36;1mif (Test-Path $oneTapSource) {[0m
2026-02-22T02:17:52.7684758Z [36;1m  Copy-Item -Path $oneTapSource -Destination $oneTapDest -Force[0m
2026-02-22T02:17:52.7685107Z [36;1m} else {[0m
2026-02-22T02:17:52.7685278Z [36;1m  @([0m
2026-02-22T02:17:52.7685563Z [36;1m    '[WARN] ONE_TAP_ERROR_REPORT.txt was not found in workspace temp.',[0m
2026-02-22T02:17:52.7686039Z [36;1m    ('timestamp={0}' -f (Get-Date -Format 'yyyy-MM-dd HH:mm:ss zzz')),[0m
2026-02-22T02:17:52.7686413Z [36;1m    ('repo=toki866/ApexTraderAI'),[0m
2026-02-22T02:17:52.7686668Z [36;1m    ('run_id=22268676913'),[0m
2026-02-22T02:17:52.7686899Z [36;1m    ('run_attempt=1')[0m
2026-02-22T02:17:52.7687211Z [36;1m  ) | Set-Content -Path $oneTapDest -Encoding UTF8[0m
2026-02-22T02:17:52.7687518Z [36;1m}[0m
2026-02-22T02:17:52.7687670Z [36;1m[0m
2026-02-22T02:17:52.7687966Z [36;1m$evalMdSource = Join-Path $env:GITHUB_WORKSPACE 'temp\eval\EVAL_REPORT.md'[0m
2026-02-22T02:17:52.7688372Z [36;1mif (Test-Path $evalMdSource) {[0m
2026-02-22T02:17:52.7688817Z [36;1m  Copy-Item -Path $evalMdSource -Destination (Join-Path $csvOutDir 'EVAL_REPORT.md') -Force[0m
2026-02-22T02:17:52.7689247Z [36;1m}[0m
2026-02-22T02:17:52.7689562Z [36;1m$evalJsonSource = Join-Path $env:GITHUB_WORKSPACE 'temp\eval\EVAL_REPORT.json'[0m
2026-02-22T02:17:52.7689989Z [36;1mif (Test-Path $evalJsonSource) {[0m
2026-02-22T02:17:52.7691880Z [36;1m  Copy-Item -Path $evalJsonSource -Destination (Join-Path $csvOutDir 'EVAL_REPORT.json') -Force[0m
2026-02-22T02:17:52.7692352Z [36;1m}[0m
2026-02-22T02:17:52.7692503Z [36;1m[0m
2026-02-22T02:17:52.7692713Z [36;1m$runDir = 'C:\work\apex_work\runs\20260222_111436'[0m
2026-02-22T02:17:52.7693128Z [36;1mif ([string]::IsNullOrWhiteSpace($runDir) -or -not (Test-Path $runDir)) {[0m
2026-02-22T02:17:52.7693543Z [36;1m  $runsRoot = 'C:\work\apex_work\runs'[0m
2026-02-22T02:17:52.7693817Z [36;1m  if (Test-Path $runsRoot) {[0m
2026-02-22T02:17:52.7694237Z [36;1m    $latestRun = Get-ChildItem -Path $runsRoot -Directory -ErrorAction SilentlyContinue |[0m
2026-02-22T02:17:52.7694777Z [36;1m      Sort-Object LastWriteTime -Descending |[0m
2026-02-22T02:17:52.7695084Z [36;1m      Select-Object -First 1[0m
2026-02-22T02:17:52.7695322Z [36;1m    if ($latestRun) {[0m
2026-02-22T02:17:52.7695555Z [36;1m      $runDir = $latestRun.FullName[0m
2026-02-22T02:17:52.7695804Z [36;1m    }[0m
2026-02-22T02:17:52.7695966Z [36;1m  }[0m
2026-02-22T02:17:52.7696111Z [36;1m}[0m
2026-02-22T02:17:52.7696256Z [36;1m[0m
2026-02-22T02:17:52.7696631Z [36;1m$outputRoot = if ([string]::IsNullOrWhiteSpace($runDir)) { '' } else { Join-Path $runDir 'output' }[0m
2026-02-22T02:17:52.7697151Z [36;1m$maxCsvBytes = 5MB[0m
2026-02-22T02:17:52.7697515Z [36;1m$headLines = 500[0m
2026-02-22T02:17:52.7697839Z [36;1m$publishedCsv = New-Object System.Collections.Generic.List[object][0m
2026-02-22T02:17:52.7698195Z [36;1m[0m
2026-02-22T02:17:52.7698524Z [36;1mif (-not [string]::IsNullOrWhiteSpace($outputRoot) -and (Test-Path $outputRoot)) {[0m
2026-02-22T02:17:52.7698945Z [36;1m  $csvPatterns = @([0m
2026-02-22T02:17:52.7699286Z [36;1m    (Join-Path $outputRoot 'stepA\*\stepA_split_summary_*.csv'),[0m
2026-02-22T02:17:52.7699725Z [36;1m    (Join-Path $outputRoot 'stepA\*\stepA_prices_test_*.csv'),[0m
2026-02-22T02:17:52.7700142Z [36;1m    (Join-Path $outputRoot 'stepB\*\stepB_split_summary_*.csv'),[0m
2026-02-22T02:17:52.7700555Z [36;1m    (Join-Path $outputRoot 'stepB\*\stepB_pred_*.csv'),[0m
2026-02-22T02:17:52.7700919Z [36;1m    (Join-Path $outputRoot 'stepC\*\*summary*.csv'),[0m
2026-02-22T02:17:52.7701305Z [36;1m    (Join-Path $outputRoot 'stepD_prime\*\*summary*.csv'),[0m
2026-02-22T02:17:52.7701784Z [36;1m    (Join-Path $outputRoot 'stepE\*\stepE_daily_log_*.csv'),[0m
2026-02-22T02:17:52.7702171Z [36;1m    (Join-Path $outputRoot 'stepF\*\*summary*.csv')[0m
2026-02-22T02:17:52.7702461Z [36;1m  )[0m
2026-02-22T02:17:52.7702612Z [36;1m[0m
2026-02-22T02:17:52.7702775Z [36;1m  $sourceCsvFiles = @()[0m
2026-02-22T02:17:52.7703032Z [36;1m  foreach ($pattern in $csvPatterns) {[0m
2026-02-22T02:17:52.7703477Z [36;1m    $sourceCsvFiles += Get-ChildItem -Path $pattern -File -ErrorAction SilentlyContinue[0m
2026-02-22T02:17:52.7703895Z [36;1m  }[0m
2026-02-22T02:17:52.7704148Z [36;1m[0m
2026-02-22T02:17:52.7704352Z [36;1m  $sourceCsvFiles = $sourceCsvFiles |[0m
2026-02-22T02:17:52.7704645Z [36;1m    Sort-Object FullName -Unique[0m
2026-02-22T02:17:52.7704879Z [36;1m[0m
2026-02-22T02:17:52.7705067Z [36;1m  foreach ($src in $sourceCsvFiles) {[0m
2026-02-22T02:17:52.7705325Z [36;1m    $destName = $src.Name[0m
2026-02-22T02:17:52.7705554Z [36;1m    $headOnly = $false[0m
2026-02-22T02:17:52.7705763Z [36;1m[0m
2026-02-22T02:17:52.7705944Z [36;1m    if ($src.Length -le $maxCsvBytes) {[0m
2026-02-22T02:17:52.7706404Z [36;1m      Copy-Item -Path $src.FullName -Destination (Join-Path $csvOutDir $destName) -Force[0m
2026-02-22T02:17:52.7706821Z [36;1m    } else {[0m
2026-02-22T02:17:52.7707104Z [36;1m      $destName = '{0}__HEAD{1}' -f $src.BaseName, $src.Extension[0m
2026-02-22T02:17:52.7707623Z [36;1m      Get-Content -Path $src.FullName -TotalCount $headLines -ErrorAction SilentlyContinue |[0m
2026-02-22T02:17:52.7708186Z [36;1m        Set-Content -Path (Join-Path $csvOutDir $destName) -Encoding UTF8[0m
2026-02-22T02:17:52.7709257Z [36;1m      $headOnly = $true[0m
2026-02-22T02:17:52.7709462Z [36;1m    }[0m
2026-02-22T02:17:52.7709619Z [36;1m[0m
2026-02-22T02:17:52.7709831Z [36;1m    $destPath = Join-Path $csvOutDir $destName[0m
2026-02-22T02:17:52.7710129Z [36;1m    if (Test-Path $destPath) {[0m
2026-02-22T02:17:52.7710573Z [36;1m      $previewLines = Get-Content -Path $destPath -TotalCount 2 -ErrorAction SilentlyContinue[0m
2026-02-22T02:17:52.7711096Z [36;1m      $publishedCsv.Add([PSCustomObject]@{[0m
2026-02-22T02:17:52.7711448Z [36;1m        Name = $destName[0m
2026-02-22T02:17:52.7711731Z [36;1m        RelativePath = "./csv/$destName"[0m
2026-02-22T02:17:52.7712053Z [36;1m        SizeBytes = (Get-Item -Path $destPath).Length[0m
2026-02-22T02:17:52.7712354Z [36;1m        HeadOnly = $headOnly[0m
2026-02-22T02:17:52.7712778Z [36;1m        PreviewLines = @($previewLines)[0m
2026-02-22T02:17:52.7713038Z [36;1m      })[0m
2026-02-22T02:17:52.7713206Z [36;1m    }[0m
2026-02-22T02:17:52.7713376Z [36;1m  }[0m
2026-02-22T02:17:52.7713530Z [36;1m}[0m
2026-02-22T02:17:52.7713728Z [36;1m[0m
2026-02-22T02:17:52.7713984Z [36;1m$csvIndexPath = Join-Path $runFolder 'CSV_INDEX.md'[0m
2026-02-22T02:17:52.7714433Z [36;1m$csvIndexLines = New-Object System.Collections.Generic.List[string][0m
2026-02-22T02:17:52.7714847Z [36;1m$csvIndexLines.Add('# CSV Index')[0m
2026-02-22T02:17:52.7715249Z [36;1m$csvIndexLines.Add('')[0m
2026-02-22T02:17:52.7715548Z [36;1m$csvIndexLines.Add("- source_run_dir: $runDir")[0m
2026-02-22T02:17:52.7715930Z [36;1m$csvIndexLines.Add("- source_output_root: $outputRoot")[0m
2026-02-22T02:17:52.7716290Z [36;1m$csvIndexLines.Add('')[0m
2026-02-22T02:17:52.7716511Z [36;1m[0m
2026-02-22T02:17:52.7716697Z [36;1mif ($publishedCsv.Count -eq 0) {[0m
2026-02-22T02:17:52.7717168Z [36;1m  $csvIndexLines.Add('_No CSV files matched the publish patterns for this run._')[0m
2026-02-22T02:17:52.7717581Z [36;1m} else {[0m
2026-02-22T02:17:52.7717805Z [36;1m  foreach ($item in $publishedCsv) {[0m
2026-02-22T02:17:52.7718208Z [36;1m    $headNote = if ($item.HeadOnly) { 'yes (500-line sample)' } else { 'no' }[0m
2026-02-22T02:17:52.7718846Z [36;1m    $csvIndexLines.Add("- file: $($item.RelativePath) | size_bytes: $($item.SizeBytes) | head_only: $headNote")[0m
2026-02-22T02:17:52.7719406Z [36;1m    if ($item.PreviewLines.Count -gt 0) {[0m
2026-02-22T02:17:52.7719737Z [36;1m      $csvIndexLines.Add('  - preview:')[0m
2026-02-22T02:17:52.7720070Z [36;1m      foreach ($line in $item.PreviewLines) {[0m
2026-02-22T02:17:52.7720373Z [36;1m        $safeLine = [string]$line[0m
2026-02-22T02:17:52.7720676Z [36;1m        $csvIndexLines.Add("    - $safeLine")[0m
2026-02-22T02:17:52.7720984Z [36;1m      }[0m
2026-02-22T02:17:52.7721167Z [36;1m    }[0m
2026-02-22T02:17:52.7721576Z [36;1m  }[0m
2026-02-22T02:17:52.7721927Z [36;1m}[0m
2026-02-22T02:17:52.7722331Z [36;1m[0m
2026-02-22T02:17:52.7722768Z [36;1mif (Test-Path (Join-Path $csvOutDir 'EVAL_REPORT.md')) {[0m
2026-02-22T02:17:52.7723627Z [36;1m  $csvIndexLines.Add('')[0m
2026-02-22T02:17:52.7724313Z [36;1m  $csvIndexLines.Add('- eval_report: ./csv/EVAL_REPORT.md')[0m
2026-02-22T02:17:52.7724956Z [36;1m}[0m
2026-02-22T02:17:52.7725251Z [36;1m[0m
2026-02-22T02:17:52.7725822Z [36;1m$csvIndexLines -join "`r`n" | Set-Content -Path $csvIndexPath -Encoding UTF8[0m
2026-02-22T02:17:52.7726597Z [36;1m[0m
2026-02-22T02:17:52.7727084Z [36;1m$latestOneTapPath = Join-Path $runsDir 'LATEST_ONE_TAP.md'[0m
2026-02-22T02:17:52.7727814Z [36;1m$latestCsvPath = Join-Path $runsDir 'LATEST_CSV.md'[0m
2026-02-22T02:17:52.7728381Z [36;1m$keepLatest = 10[0m
2026-02-22T02:17:52.7728912Z [36;1mtry { $keepLatest = [int]'10' } catch { $keepLatest = 10 }[0m
2026-02-22T02:17:52.7729551Z [36;1mif ($keepLatest -lt 1) { $keepLatest = 1 }[0m
2026-02-22T02:17:52.7730037Z [36;1m[0m
2026-02-22T02:17:52.7730295Z [36;1m@([0m
2026-02-22T02:17:52.7731649Z [36;1m  '# Latest ONE_TAP report',[0m
2026-02-22T02:17:52.7732014Z [36;1m  '',[0m
2026-02-22T02:17:52.7732307Z [36;1m  "- folder: $runFolderName",[0m
2026-02-22T02:17:52.7732849Z [36;1m  "- report: ./runs/$runFolderName/ONE_TAP_ERROR_REPORT.txt"[0m
2026-02-22T02:17:52.7733584Z [36;1m) -join "`r`n" | Set-Content -Path $latestOneTapPath -Encoding UTF8[0m
2026-02-22T02:17:52.7734182Z [36;1m[0m
2026-02-22T02:17:52.7734425Z [36;1m@([0m
2026-02-22T02:17:52.7734709Z [36;1m  '# Latest CSV index',[0m
2026-02-22T02:17:52.7735109Z [36;1m  '',[0m
2026-02-22T02:17:52.7735429Z [36;1m  "- folder: $runFolderName",[0m
2026-02-22T02:17:52.7735891Z [36;1m  "- keep_latest: $keepLatest",[0m
2026-02-22T02:17:52.7736408Z [36;1m  "- csv_index: ./runs/$runFolderName/CSV_INDEX.md"[0m
2026-02-22T02:17:52.7745806Z [36;1m) -join "`r`n" | Set-Content -Path $latestCsvPath -Encoding UTF8[0m
2026-02-22T02:17:52.7746472Z [36;1m[0m
2026-02-22T02:17:52.7747097Z [36;1m$runFolders = Get-ChildItem -Path $runsDir -Directory -ErrorAction SilentlyContinue |[0m
2026-02-22T02:17:52.7748003Z [36;1m  Where-Object { $_.Name -match '^\d{8}_\d{6}_run\d+_' } |[0m
2026-02-22T02:17:52.7748543Z [36;1m  Sort-Object Name -Descending[0m
2026-02-22T02:17:52.7748995Z [36;1m[0m
2026-02-22T02:17:52.7749384Z [36;1m$toDelete = $runFolders | Select-Object -Skip $keepLatest[0m
2026-02-22T02:17:52.7750196Z [36;1mforeach ($d in $toDelete) {[0m
2026-02-22T02:17:52.7750776Z [36;1m  Write-Host ("[RETENTION] delete old run folder: {0}" -f $d.FullName)[0m
2026-02-22T02:17:52.7751698Z [36;1m  Remove-Item -Path $d.FullName -Recurse -Force -ErrorAction SilentlyContinue[0m
2026-02-22T02:17:52.7752064Z [36;1m}[0m
2026-02-22T02:17:52.7752208Z [36;1m[0m
2026-02-22T02:17:52.7752540Z [36;1m"run_folder=$runFolderName" | Out-File -FilePath $env:GITHUB_OUTPUT -Encoding utf8 -Append[0m
2026-02-22T02:17:52.7752943Z [36;1m[0m
2026-02-22T02:17:52.7753080Z [36;1mgit add runs[0m
2026-02-22T02:17:52.7753273Z [36;1mif (git diff --cached --quiet) {[0m
2026-02-22T02:17:52.7753695Z [36;1m  Write-Host 'No diagnostics changes to commit.'[0m
2026-02-22T02:17:52.7753959Z [36;1m  exit 0[0m
2026-02-22T02:17:52.7754114Z [36;1m}[0m
2026-02-22T02:17:52.7754389Z [36;1m[0m
2026-02-22T02:17:52.7754626Z [36;1mgit commit -m "diag: add one_tap report $runFolderName"[0m
2026-02-22T02:17:52.7754967Z [36;1mcmd /c "git push origin diag-logs"[0m
2026-02-22T02:17:52.7755232Z [36;1m$pushRc = $LASTEXITCODE[0m
2026-02-22T02:17:52.7755453Z [36;1mif ($pushRc -ne 0) {[0m
2026-02-22T02:17:52.7755889Z [36;1m  Write-Warning ('Failed to push ONE_TAP report to diag-logs branch. git push rc={0}' -f $pushRc)[0m
2026-02-22T02:17:52.7756544Z [36;1m  Write-Warning 'Enable Settings > Actions > Workflow permissions: Read and write permissions'[0m
2026-02-22T02:17:52.7756986Z [36;1m}[0m
2026-02-22T02:17:52.7774062Z shell: C:\Windows\System32\WindowsPowerShell\v1.0\powershell.EXE -NoProfile -ExecutionPolicy Bypass -Command "{0}"
2026-02-22T02:17:52.7774582Z env:
2026-02-22T02:17:52.7774785Z   REPO_ROOT: C:\work\apex_repo_cache\ApexTraderAI
2026-02-22T02:17:52.7775087Z ##[endgroup]
2026-02-22T02:17:53.0393264Z Initialized empty Git repository in C:/Users/becky/OneDrive/ãƒ‡ã‚¹ã‚¯ãƒˆãƒƒãƒ—/Python/apex-trader-ai/actions-runner/_work/_temp/diag_repo/.git/
2026-02-22T02:17:54.9316136Z Switched to a new branch 'diag-logs'
2026-02-22T02:17:54.9317152Z branch 'diag-logs' set up to track 'origin/diag-logs'.
2026-02-22T02:17:55.2319878Z [RETENTION] delete old run folder: C:\Users\becky\OneDrive\ãƒ‡ã‚¹ã‚¯ãƒˆãƒƒãƒ—\Python\apex-trader-ai\actions-runner\_work\_temp\diag_repo\runs\20260221_172318_run22253509025_att1_66de1e1
2026-02-22T02:17:55.2379367Z [RETENTION] delete old run folder: C:\Users\becky\OneDrive\ãƒ‡ã‚¹ã‚¯ãƒˆãƒƒãƒ—\Python\apex-trader-ai\actions-runner\_work\_temp\diag_repo\runs\20260221_164347_run22252976665_att1_394f773
2026-02-22T02:17:55.5591121Z [diag-logs 1bc570a] diag: add one_tap report 20260222_111754_run22268676913_att1_2a88571
2026-02-22T02:17:55.5592032Z  26 files changed, 2560 insertions(+), 10894 deletions(-)
2026-02-22T02:17:55.5592597Z  delete mode 100644 runs/20260221_164347_run22252976665_att1_394f773/CSV_INDEX.md
2026-02-22T02:17:55.5593217Z  delete mode 100644 runs/20260221_164347_run22252976665_att1_394f773/ONE_TAP_ERROR_REPORT.txt
2026-02-22T02:17:55.5593875Z  delete mode 100644 runs/20260221_172318_run22253509025_att1_66de1e1/ONE_TAP_ERROR_REPORT.txt
2026-02-22T02:17:55.5594650Z  delete mode 100644 runs/20260221_172318_run22253509025_att1_66de1e1/csv/EVAL_REPORT.json
2026-02-22T02:17:55.5595270Z  delete mode 100644 runs/20260221_172318_run22253509025_att1_66de1e1/csv/EVAL_REPORT.md
2026-02-22T02:17:55.5596072Z  delete mode 100644 runs/20260221_172318_run22253509025_att1_66de1e1/csv/stepA_prices_test_SOXL.csv
2026-02-22T02:17:55.5596790Z  delete mode 100644 runs/20260221_172318_run22253509025_att1_66de1e1/csv/stepA_split_summary_SOXL.csv
2026-02-22T02:17:55.5597579Z  delete mode 100644 runs/20260221_172318_run22253509025_att1_66de1e1/csv/stepB_pred_close_mamba_SOXL.csv
2026-02-22T02:17:55.5598406Z  delete mode 100644 runs/20260221_172318_run22253509025_att1_66de1e1/csv/stepB_pred_close_mamba_periodic_SOXL.csv
2026-02-22T02:17:55.5599196Z  delete mode 100644 runs/20260221_172318_run22253509025_att1_66de1e1/csv/stepB_pred_path_mamba_SOXL.csv
2026-02-22T02:17:55.5600007Z  delete mode 100644 runs/20260221_172318_run22253509025_att1_66de1e1/csv/stepB_pred_path_mamba_periodic_SOXL.csv
2026-02-22T02:17:55.5600954Z  delete mode 100644 runs/20260221_172318_run22253509025_att1_66de1e1/csv/stepB_pred_time_all_SOXL.csv
2026-02-22T02:17:55.5601769Z  rename runs/{20260221_172318_run22253509025_att1_66de1e1 => 20260222_111754_run22268676913_att1_2a88571}/CSV_INDEX.md (81%)
2026-02-22T02:17:55.5602596Z  create mode 100644 runs/20260222_111754_run22268676913_att1_2a88571/ONE_TAP_ERROR_REPORT.txt
2026-02-22T02:17:55.5603230Z  create mode 100644 runs/20260222_111754_run22268676913_att1_2a88571/csv/EVAL_REPORT.json
2026-02-22T02:17:55.5603834Z  create mode 100644 runs/20260222_111754_run22268676913_att1_2a88571/csv/EVAL_REPORT.md
2026-02-22T02:17:55.5604861Z  rename runs/{20260221_164347_run22252976665_att1_394f773 => 20260222_111754_run22268676913_att1_2a88571}/csv/stepA_prices_test_SOXL.csv (100%)
2026-02-22T02:17:55.5605885Z  rename runs/{20260221_164347_run22252976665_att1_394f773 => 20260222_111754_run22268676913_att1_2a88571}/csv/stepA_split_summary_SOXL.csv (100%)
2026-02-22T02:17:55.5606872Z  rename runs/{20260221_164347_run22252976665_att1_394f773 => 20260222_111754_run22268676913_att1_2a88571}/csv/stepB_pred_close_mamba_SOXL.csv (100%)
2026-02-22T02:17:55.5607880Z  rename runs/{20260221_164347_run22252976665_att1_394f773 => 20260222_111754_run22268676913_att1_2a88571}/csv/stepB_pred_close_mamba_periodic_SOXL.csv (100%)
2026-02-22T02:17:55.5608903Z  rename runs/{20260221_164347_run22252976665_att1_394f773 => 20260222_111754_run22268676913_att1_2a88571}/csv/stepB_pred_path_mamba_SOXL.csv (100%)
2026-02-22T02:17:55.5609950Z  rename runs/{20260221_164347_run22252976665_att1_394f773 => 20260222_111754_run22268676913_att1_2a88571}/csv/stepB_pred_path_mamba_periodic_SOXL.csv (100%)
2026-02-22T02:17:55.5610946Z  rename runs/{20260221_164347_run22252976665_att1_394f773 => 20260222_111754_run22268676913_att1_2a88571}/csv/stepB_pred_time_all_SOXL.csv (100%)
2026-02-22T02:17:55.5611751Z  create mode 100644 runs/20260222_111754_run22268676913_att1_2a88571/csv/stepE_daily_log_mamba_SOXL.csv
2026-02-22T02:17:57.4496557Z To https://github.com/toki866/ApexTraderAI.git
2026-02-22T02:17:57.4497043Z    e6b94df..1bc570a  diag-logs -> diag-logs

----- FILE: actions_logs/run/21_Publish diagnostics to Issue (always).txt -----
ï»¿2026-02-22T02:17:57.4855363Z ##[group]Run actions/github-script@v7
2026-02-22T02:17:57.4855928Z with:
2026-02-22T02:17:57.4863510Z   script: const fs = require('fs');
const path = require('path');

const owner = context.repo.owner;
const repo = context.repo.repo;

const reportPath = path.join(process.env.GITHUB_WORKSPACE, 'temp', 'ONE_TAP_ERROR_REPORT.txt');
let report = fs.existsSync(reportPath)
  ? fs.readFileSync(reportPath, 'utf8')
  : '(missing ONE_TAP_ERROR_REPORT.txt)';

if (report.length > 60000) report = report.slice(-60000);

const runUrl = `${context.serverUrl}/${owner}/${repo}/actions/runs/${context.runId}`;
const title = 'ApexTraderAI Diagnostics (latest)';
const attempt = process.env.GITHUB_RUN_ATTEMPT || '1';
const diagRunFolder = process.env.DIAG_RUN_FOLDER || 'LATEST_CSV.md';
const csvIndexUrl = diagRunFolder === 'LATEST_CSV.md'
  ? `${context.serverUrl}/${owner}/${repo}/blob/diag-logs/runs/LATEST_CSV.md`
  : `${context.serverUrl}/${owner}/${repo}/blob/diag-logs/runs/${diagRunFolder}/CSV_INDEX.md`;
const body = `Run: ${runUrl}\nSHA: ${context.sha}\nAttempt: ${attempt}\ndiag-logs csv_index: ${csvIndexUrl}\n\n\`\`\`text\n${report}\n\`\`\`\n`;

const { data: issues } = await github.rest.issues.listForRepo({
  owner,
  repo,
  state: 'open',
  per_page: 100
});
const existing = issues.find(i => i.title === title);

if (existing) {
  await github.rest.issues.update({ owner, repo, issue_number: existing.number, body });
} else {
  await github.rest.issues.create({ owner, repo, title, body });
}

2026-02-22T02:17:57.4868935Z   github-token: ***
2026-02-22T02:17:57.4869131Z   debug: false
2026-02-22T02:17:57.4869325Z   user-agent: actions/github-script
2026-02-22T02:17:57.4869561Z   result-encoding: json
2026-02-22T02:17:57.4869748Z   retries: 0
2026-02-22T02:17:57.4869953Z   retry-exempt-status-codes: 400,401,403,404,422
2026-02-22T02:17:57.4870491Z env:
2026-02-22T02:17:57.4870730Z   REPO_ROOT: C:\work\apex_repo_cache\ApexTraderAI
2026-02-22T02:17:57.4871102Z   DIAG_RUN_FOLDER: 20260222_111754_run22268676913_att1_2a88571
2026-02-22T02:17:57.4871413Z ##[endgroup]

----- FILE: actions_logs/run/22_Collect diagnostics.txt -----
ï»¿2026-02-22T02:17:59.5625009Z ##[group]Run $ErrorActionPreference = 'Stop'
2026-02-22T02:17:59.5625483Z [36;1m$ErrorActionPreference = 'Stop'[0m
2026-02-22T02:17:59.5625772Z [36;1m[0m
2026-02-22T02:17:59.5625978Z [36;1mfunction Mask-Secrets {[0m
2026-02-22T02:17:59.5626231Z [36;1m  param([string]$Text)[0m
2026-02-22T02:17:59.5626440Z [36;1m[0m
2026-02-22T02:17:59.5626656Z [36;1m  if ([string]::IsNullOrEmpty($Text)) { return $Text }[0m
2026-02-22T02:17:59.5626950Z [36;1m[0m
2026-02-22T02:17:59.5627111Z [36;1m  $masked = $Text[0m
2026-02-22T02:17:59.5627514Z [36;1m  $masked = [regex]::Replace($masked, 'github_pat_[A-Za-z0-9_]{20,}', 'github_pat_***MASKED***')[0m
2026-02-22T02:17:59.5628140Z [36;1m  $masked = [regex]::Replace($masked, 'gh[pousr]_[A-Za-z0-9_]{20,}', 'gh***_***MASKED***')[0m
2026-02-22T02:17:59.5628802Z [36;1m  $masked = [regex]::Replace($masked, '(?im)\b(token|password|secret)\b\s*[:=]\s*\S+', '$1=***MASKED***')[0m
2026-02-22T02:17:59.5629266Z [36;1m  return $masked[0m
2026-02-22T02:17:59.5629485Z [36;1m}[0m
2026-02-22T02:17:59.5629636Z [36;1m[0m
2026-02-22T02:17:59.5629804Z [36;1mfunction Get-MaskedTail {[0m
2026-02-22T02:17:59.5630027Z [36;1m  param([0m
2026-02-22T02:17:59.5630209Z [36;1m    [string]$Path,[0m
2026-02-22T02:17:59.5630450Z [36;1m    [int]$Tail = 200[0m
2026-02-22T02:17:59.5630690Z [36;1m  )[0m
2026-02-22T02:17:59.5630859Z [36;1m[0m
2026-02-22T02:17:59.5631103Z [36;1m  if (-not (Test-Path $Path)) { return "(not found) $Path" }[0m
2026-02-22T02:17:59.5631611Z [36;1m  $raw = (Get-Content -Path $Path -Tail $Tail -ErrorAction SilentlyContinue) -join "`r`n"[0m
2026-02-22T02:17:59.5632056Z [36;1m  return (Mask-Secrets -Text $raw)[0m
2026-02-22T02:17:59.5632307Z [36;1m}[0m
2026-02-22T02:17:59.5632463Z [36;1m[0m
2026-02-22T02:17:59.5632670Z [36;1m$diagOut = Join-Path $env:RUNNER_TEMP 'diag_out'[0m
2026-02-22T02:17:59.5633161Z [36;1m$null = New-Item -Path $diagOut -ItemType Directory -Force[0m
2026-02-22T02:17:59.5633470Z [36;1m[0m
2026-02-22T02:17:59.5633637Z [36;1m$ws = $env:GITHUB_WORKSPACE[0m
2026-02-22T02:17:59.5633992Z [36;1m$runnerRoot = (Resolve-Path (Join-Path $ws '..\..\..')).Path[0m
2026-02-22T02:17:59.5634370Z [36;1m$runnerDiag = Join-Path $runnerRoot '_diag'[0m
2026-02-22T02:17:59.5634656Z [36;1m$runId = '22268676913'[0m
2026-02-22T02:17:59.5634869Z [36;1m$runAttempt = '1'[0m
2026-02-22T02:17:59.5635148Z [36;1m$sha = '2a88571b42cb883eeeb4694c1b6539edbb2afb2c'[0m
2026-02-22T02:17:59.5635492Z [36;1m$branch = 'main'[0m
2026-02-22T02:17:59.5635714Z [36;1m$repo = 'toki866/ApexTraderAI'[0m
2026-02-22T02:17:59.5636024Z [36;1m$artifactName = "diag_full_${runId}_${runAttempt}"[0m
2026-02-22T02:17:59.5636319Z [36;1m[0m
2026-02-22T02:17:59.5636479Z [36;1m$latestRunnerLog = $null[0m
2026-02-22T02:17:59.5636718Z [36;1m$latestWorkerLog = $null[0m
2026-02-22T02:17:59.5636956Z [36;1mif (Test-Path $runnerDiag) {[0m
2026-02-22T02:17:59.5637751Z [36;1m  $latestRunnerLog = Get-ChildItem -Path $runnerDiag -Filter 'Runner_*.log' -File -ErrorAction SilentlyContinue | Sort-Object LastWriteTime -Descending | Select-Object -First 1[0m
2026-02-22T02:17:59.5638993Z [36;1m  $latestWorkerLog = Get-ChildItem -Path $runnerDiag -Filter 'Worker_*.log' -File -ErrorAction SilentlyContinue | Sort-Object LastWriteTime -Descending | Select-Object -First 1[0m
2026-02-22T02:17:59.5639718Z [36;1m}[0m
2026-02-22T02:17:59.5639870Z [36;1m[0m
2026-02-22T02:17:59.5640208Z [36;1m$workflowLog = Join-Path $env:RUNNER_TEMP 'run_all_local_then_copy_console.log'[0m
2026-02-22T02:17:59.5640749Z [36;1m$runLogPath = 'C:\work\apex_work\runs\20260222_111436\logs\run_20260222_111436.log'[0m
2026-02-22T02:17:59.5641245Z [36;1m$stepSummaryGlob = Join-Path $env:RUNNER_TEMP 'step_summary_*'[0m
2026-02-22T02:17:59.5641985Z [36;1m$oneTapReportWorkspace = Join-Path $env:GITHUB_WORKSPACE 'temp\ONE_TAP_ERROR_REPORT.txt'[0m
2026-02-22T02:17:59.5642450Z [36;1m[0m
2026-02-22T02:17:59.5650484Z [36;1mif ($latestRunnerLog) { Copy-Item -Path $latestRunnerLog.FullName -Destination (Join-Path $diagOut $latestRunnerLog.Name) -Force }[0m
2026-02-22T02:17:59.5652872Z [36;1mif ($latestWorkerLog) { Copy-Item -Path $latestWorkerLog.FullName -Destination (Join-Path $diagOut $latestWorkerLog.Name) -Force }[0m
2026-02-22T02:17:59.5653853Z [36;1mif (Test-Path $workflowLog) { Copy-Item -Path $workflowLog -Destination (Join-Path $diagOut 'workflow_console.log') -Force }[0m
2026-02-22T02:17:59.5654905Z [36;1mif ($runLogPath -and (Test-Path $runLogPath)) { Copy-Item -Path $runLogPath -Destination (Join-Path $diagOut (Split-Path $runLogPath -Leaf)) -Force }[0m
2026-02-22T02:17:59.5656002Z [36;1mif (Test-Path $oneTapReportWorkspace) { Copy-Item -Path $oneTapReportWorkspace -Destination (Join-Path $diagOut 'ONE_TAP_ERROR_REPORT.txt') -Force }[0m
2026-02-22T02:17:59.5656953Z [36;1mGet-ChildItem -Path $stepSummaryGlob -File -ErrorAction SilentlyContinue | ForEach-Object {[0m
2026-02-22T02:17:59.5657594Z [36;1m  Copy-Item -Path $_.FullName -Destination (Join-Path $diagOut $_.Name) -Force[0m
2026-02-22T02:17:59.5658001Z [36;1m}[0m
2026-02-22T02:17:59.5658158Z [36;1m[0m
2026-02-22T02:17:59.5658370Z [36;1mforeach ($subDir in @('pages', 'blocks')) {[0m
2026-02-22T02:17:59.5658694Z [36;1m  $src = Join-Path $runnerDiag $subDir[0m
2026-02-22T02:17:59.5658981Z [36;1m  if (Test-Path $src) {[0m
2026-02-22T02:17:59.5659434Z [36;1m    Copy-Item -Path $src -Destination (Join-Path $diagOut $subDir) -Recurse -Force[0m
2026-02-22T02:17:59.5659869Z [36;1m  }[0m
2026-02-22T02:17:59.5660030Z [36;1m}[0m
2026-02-22T02:17:59.5660178Z [36;1m[0m
2026-02-22T02:17:59.5660721Z [36;1m$runnerTailText = if ($latestRunnerLog) { Get-MaskedTail -Path $latestRunnerLog.FullName -Tail 200 } else { '(runner diag not found)' }[0m
2026-02-22T02:17:59.5661759Z [36;1m$workflowTailText = if (Test-Path $workflowLog) { Get-MaskedTail -Path $workflowLog -Tail 200 } else { '(workflow log not found)' }[0m
2026-02-22T02:17:59.5662349Z [36;1m[0m
2026-02-22T02:17:59.5662577Z [36;1m$summaryPath = Join-Path $diagOut 'summary.md'[0m
2026-02-22T02:17:59.5662882Z [36;1m$summary = @([0m
2026-02-22T02:17:59.5663099Z [36;1m  '# Diagnostics Summary',[0m
2026-02-22T02:17:59.5663327Z [36;1m  '',[0m
2026-02-22T02:17:59.5663512Z [36;1m  "- repo: $repo",[0m
2026-02-22T02:17:59.5663753Z [36;1m  "- branch: $branch",[0m
2026-02-22T02:17:59.5664065Z [36;1m  "- sha: $sha",[0m
2026-02-22T02:17:59.5664334Z [36;1m  "- run_id: $runId",[0m
2026-02-22T02:17:59.5664571Z [36;1m  "- attempt: $runAttempt",[0m
2026-02-22T02:17:59.5664858Z [36;1m  "- failing_step: $env:FAILING_STEP",[0m
2026-02-22T02:17:59.5665157Z [36;1m  "- artifact_name: $artifactName",[0m
2026-02-22T02:17:59.5665497Z [36;1m  '- one_tap_report: See ONE_TAP_ERROR_REPORT.txt',[0m
2026-02-22T02:17:59.5665801Z [36;1m  '',[0m
2026-02-22T02:17:59.5666011Z [36;1m  '## runner_diag_tail (last 200 lines)',[0m
2026-02-22T02:17:59.5666340Z [36;1m  '```text',[0m
2026-02-22T02:17:59.5666573Z [36;1m  $runnerTailText,[0m
2026-02-22T02:17:59.5666799Z [36;1m  '```',[0m
2026-02-22T02:17:59.5666971Z [36;1m  '',[0m
2026-02-22T02:17:59.5667176Z [36;1m  '## workflow_tail (last 200 lines)',[0m
2026-02-22T02:17:59.5667437Z [36;1m  '```text',[0m
2026-02-22T02:17:59.5667636Z [36;1m  $workflowTailText,[0m
2026-02-22T02:17:59.5667850Z [36;1m  '```'[0m
2026-02-22T02:17:59.5668025Z [36;1m) -join "`r`n"[0m
2026-02-22T02:17:59.5668257Z [36;1m$summary = Mask-Secrets -Text $summary[0m
2026-02-22T02:17:59.5668669Z [36;1mSet-Content -Path $summaryPath -Value $summary -Encoding UTF8[0m
2026-02-22T02:17:59.5669075Z [36;1m[0m
2026-02-22T02:17:59.5669620Z [36;1m$runnerTailPath = Join-Path $diagOut 'runner_diag_tail.txt'[0m
2026-02-22T02:17:59.5670290Z [36;1mSet-Content -Path $runnerTailPath -Value $runnerTailText -Encoding UTF8[0m
2026-02-22T02:17:59.5670796Z [36;1m$workflowTailPath = Join-Path $diagOut 'workflow_tail.txt'[0m
2026-02-22T02:17:59.5671327Z [36;1mSet-Content -Path $workflowTailPath -Value $workflowTailText -Encoding UTF8[0m
2026-02-22T02:17:59.5672276Z [36;1m[0m
2026-02-22T02:17:59.5672560Z [36;1m$fullZip = Join-Path $env:RUNNER_TEMP ("{0}.zip" -f $artifactName)[0m
2026-02-22T02:17:59.5673011Z [36;1mif (Test-Path $fullZip) { Remove-Item $fullZip -Force }[0m
2026-02-22T02:17:59.5673514Z [36;1mCompress-Archive -Path (Join-Path $diagOut '*') -DestinationPath $fullZip -Force[0m
2026-02-22T02:17:59.5674029Z [36;1m[0m
2026-02-22T02:17:59.5674377Z [36;1m"diag_out=$diagOut" | Out-File -FilePath $env:GITHUB_OUTPUT -Encoding utf8 -Append[0m
2026-02-22T02:17:59.5674997Z [36;1m"diag_summary=$summaryPath" | Out-File -FilePath $env:GITHUB_OUTPUT -Encoding utf8 -Append[0m
2026-02-22T02:17:59.5675682Z [36;1m"diag_runner_tail=$runnerTailPath" | Out-File -FilePath $env:GITHUB_OUTPUT -Encoding utf8 -Append[0m
2026-02-22T02:17:59.5676598Z [36;1m"diag_workflow_tail=$workflowTailPath" | Out-File -FilePath $env:GITHUB_OUTPUT -Encoding utf8 -Append[0m
2026-02-22T02:17:59.5677238Z [36;1m"diag_zip=$fullZip" | Out-File -FilePath $env:GITHUB_OUTPUT -Encoding utf8 -Append[0m
2026-02-22T02:17:59.5677851Z [36;1m"diag_artifact_name=$artifactName" | Out-File -FilePath $env:GITHUB_OUTPUT -Encoding utf8 -Append[0m
2026-02-22T02:17:59.5696437Z shell: C:\Windows\System32\WindowsPowerShell\v1.0\powershell.EXE -NoProfile -ExecutionPolicy Bypass -Command "{0}"
2026-02-22T02:17:59.5696986Z env:
2026-02-22T02:17:59.5697199Z   REPO_ROOT: C:\work\apex_repo_cache\ApexTraderAI
2026-02-22T02:17:59.5697483Z   FAILING_STEP: unknown
2026-02-22T02:17:59.5697682Z ##[endgroup]

----- FILE: actions_logs/run/23_Upload full diagnostics artifact.txt -----
ï»¿2026-02-22T02:18:00.5724578Z ##[group]Run actions/upload-artifact@v4
2026-02-22T02:18:00.5724898Z with:
2026-02-22T02:18:00.5725081Z   name: diag_full_22268676913_1
2026-02-22T02:18:00.5725297Z   if-no-files-found: warn
2026-02-22T02:18:00.5725523Z   retention-days: 7
2026-02-22T02:18:00.5725973Z   path: C:\Users\becky\OneDrive\ãƒ‡ã‚¹ã‚¯ãƒˆãƒƒãƒ—\Python\apex-trader-ai\actions-runner\_work\_temp\diag_full_22268676913_1.zip
2026-02-22T02:18:00.5726461Z   compression-level: 6
2026-02-22T02:18:00.5726649Z   overwrite: false
2026-02-22T02:18:00.5726840Z   include-hidden-files: false
2026-02-22T02:18:00.5727047Z env:
2026-02-22T02:18:00.5727230Z   REPO_ROOT: C:\work\apex_repo_cache\ApexTraderAI
2026-02-22T02:18:00.5727526Z ##[endgroup]
2026-02-22T02:18:00.8960559Z With the provided path, there will be 1 file uploaded
2026-02-22T02:18:00.8967349Z Artifact name is valid!
2026-02-22T02:18:00.8971198Z Root directory input is valid!
2026-02-22T02:18:01.4733136Z Beginning upload of artifact content to blob storage
2026-02-22T02:18:02.5626008Z Uploaded bytes 84344
2026-02-22T02:18:02.7442732Z Finished uploading artifact content to blob storage!
2026-02-22T02:18:02.7447256Z SHA256 digest of uploaded artifact zip is 64833581912bb7bd71c343b5f581144e1c2e42e08dbc5b7120e3f2387c2a9857
2026-02-22T02:18:02.7449689Z Finalizing artifact upload
2026-02-22T02:18:02.9893131Z Artifact diag_full_22268676913_1.zip successfully finalized. Artifact ID 5604547796
2026-02-22T02:18:02.9894046Z Artifact diag_full_22268676913_1 has been successfully uploaded! Final size is 84344 bytes. Artifact ID is 5604547796
2026-02-22T02:18:02.9907823Z Artifact download URL: https://github.com/toki866/ApexTraderAI/actions/runs/22268676913/artifacts/5604547796

----- FILE: actions_logs/run/24_Upload diagnostics artifact.txt -----
ï»¿2026-02-22T02:18:03.0914963Z ##[group]Run actions/upload-artifact@v4
2026-02-22T02:18:03.0915531Z with:
2026-02-22T02:18:03.0915776Z   name: diagnostics
2026-02-22T02:18:03.0915975Z   if-no-files-found: warn
2026-02-22T02:18:03.0916191Z   path: _diagnostics/**/*
2026-02-22T02:18:03.0916395Z   compression-level: 6
2026-02-22T02:18:03.0916591Z   overwrite: false
2026-02-22T02:18:03.0916782Z   include-hidden-files: false
2026-02-22T02:18:03.0917200Z env:
2026-02-22T02:18:03.0917515Z   REPO_ROOT: C:\work\apex_repo_cache\ApexTraderAI
2026-02-22T02:18:03.0917792Z ##[endgroup]
2026-02-22T02:18:03.4233032Z ##[warning]No files were found with the provided path: _diagnostics/**/*. No artifacts will be uploaded.

----- FILE: actions_logs/run/25_Complete job.txt -----
ï»¿2026-02-22T02:18:03.4336278Z Cleaning up orphan processes

----- FILE: actions_logs/run/2_Prepare repo in C_work (no OneDrive cleanup).txt -----
ï»¿2026-02-22T02:14:30.9055532Z ##[group]Run $ErrorActionPreference = 'Stop'
2026-02-22T02:14:30.9056132Z [36;1m$ErrorActionPreference = 'Stop'[0m
2026-02-22T02:14:30.9056479Z [36;1mgit config --global core.longpaths true[0m
2026-02-22T02:14:30.9056785Z [36;1m[0m
2026-02-22T02:14:30.9057680Z [36;1m$repoUrl = "***github.com/toki866/ApexTraderAI.git"[0m
2026-02-22T02:14:30.9058061Z [36;1m$cacheRoot = "C:\work\apex_repo_cache"[0m
2026-02-22T02:14:30.9058415Z [36;1m$repoDir = Join-Path $cacheRoot "ApexTraderAI"[0m
2026-02-22T02:14:30.9058719Z [36;1m[0m
2026-02-22T02:14:30.9059026Z [36;1mNew-Item -Path $cacheRoot -ItemType Directory -Force | Out-Null[0m
2026-02-22T02:14:30.9059395Z [36;1m[0m
2026-02-22T02:14:30.9059642Z [36;1mif (!(Test-Path (Join-Path $repoDir ".git"))) {[0m
2026-02-22T02:14:30.9060020Z [36;1m  Write-Host "[repo] cloning to $repoDir"[0m
2026-02-22T02:14:30.9060556Z [36;1m  if (Test-Path $repoDir) { Remove-Item -Path $repoDir -Recurse -Force -ErrorAction SilentlyContinue }[0m
2026-02-22T02:14:30.9061123Z [36;1m  git clone $repoUrl $repoDir[0m
2026-02-22T02:14:30.9061528Z [36;1m  if ($LASTEXITCODE -ne 0) { throw "git clone failed (exit=$LASTEXITCODE)" }[0m
2026-02-22T02:14:30.9061926Z [36;1m} else {[0m
2026-02-22T02:14:30.9062190Z [36;1m  Write-Host "[repo] fetch/reset in $repoDir"[0m
2026-02-22T02:14:30.9062601Z [36;1m  git -C $repoDir remote set-url origin $repoUrl | Out-Null[0m
2026-02-22T02:14:30.9063119Z [36;1m  git -C $repoDir fetch --force --prune origin[0m
2026-02-22T02:14:30.9063532Z [36;1m  if ($LASTEXITCODE -ne 0) { throw "git fetch failed (exit=$LASTEXITCODE)" }[0m
2026-02-22T02:14:30.9063898Z [36;1m}[0m
2026-02-22T02:14:30.9064084Z [36;1m[0m
2026-02-22T02:14:30.9064314Z [36;1mgit -C $repoDir checkout -f $env:GITHUB_SHA[0m
2026-02-22T02:14:30.9064784Z [36;1mif ($LASTEXITCODE -ne 0) { throw "git checkout SHA failed (exit=$LASTEXITCODE)" }[0m
2026-02-22T02:14:30.9065231Z [36;1mgit -C $repoDir reset --hard $env:GITHUB_SHA[0m
2026-02-22T02:14:30.9065673Z [36;1mif ($LASTEXITCODE -ne 0) { throw "git reset SHA failed (exit=$LASTEXITCODE)" }[0m
2026-02-22T02:14:30.9066086Z [36;1mgit -C $repoDir clean -ffdx[0m
2026-02-22T02:14:30.9066466Z [36;1mif ($LASTEXITCODE -ne 0) { throw "git clean failed (exit=$LASTEXITCODE)" }[0m
2026-02-22T02:14:30.9066833Z [36;1m[0m
2026-02-22T02:14:30.9067081Z [36;1mgit config --global --add safe.directory $repoDir[0m
2026-02-22T02:14:30.9067379Z [36;1m[0m
2026-02-22T02:14:30.9067660Z [36;1mAdd-Content -Path $env:GITHUB_ENV -Value "REPO_ROOT=$repoDir"[0m
2026-02-22T02:14:30.9068107Z [36;1mWrite-Host "REPO_ROOT=$repoDir"[0m
2026-02-22T02:14:30.9068446Z [36;1m$headShort = git -C $repoDir rev-parse --short HEAD[0m
2026-02-22T02:14:30.9068772Z [36;1mWrite-Host "HEAD=$headShort"[0m
2026-02-22T02:14:30.9090663Z shell: C:\Windows\System32\WindowsPowerShell\v1.0\powershell.EXE -NoProfile -ExecutionPolicy Bypass -Command "{0}"
2026-02-22T02:14:30.9091522Z env:
2026-02-22T02:14:30.9092970Z   GIT_TERMINAL_PROMPT: 0
2026-02-22T02:14:30.9093221Z ##[endgroup]
2026-02-22T02:14:31.3353843Z [repo] fetch/reset in C:\work\apex_repo_cache\ApexTraderAI
2026-02-22T02:14:32.8213633Z From https://github.com/toki866/ApexTraderAI
2026-02-22T02:14:32.8214535Z  * [new branch]      codex/inject-stepfconfig-defaults-in-pipeline -> origin/codex/inject-stepfconfig-defaults-in-pipeline
2026-02-22T02:14:32.8215229Z    be1d284..e6b94df  diag-logs  -> origin/diag-logs
2026-02-22T02:14:32.8215608Z    8f63c24..2a88571  main       -> origin/main
2026-02-22T02:14:32.8847562Z Previous HEAD position was 8f63c24 Merge pull request #73 from toki866/codex/ensure-stepe-always-executes-in-pipeline
2026-02-22T02:14:32.8848543Z HEAD is now at 2a88571 Merge pull request #74 from toki866/codex/inject-stepfconfig-defaults-in-pipeline
2026-02-22T02:14:32.9435504Z HEAD is now at 2a88571 Merge pull request #74 from toki866/codex/inject-stepfconfig-defaults-in-pipeline
2026-02-22T02:14:32.9801693Z Removing ai_core/__pycache__/
2026-02-22T02:14:32.9804391Z Removing ai_core/config/__pycache__/
2026-02-22T02:14:32.9804897Z Removing ai_core/models/__pycache__/
2026-02-22T02:14:32.9805423Z Removing ai_core/services/__pycache__/
2026-02-22T02:14:32.9806055Z Removing ai_core/types/__pycache__/
2026-02-22T02:14:32.9806567Z Removing ai_core/utils/__pycache__/
2026-02-22T02:14:32.9807078Z Removing output/
2026-02-22T02:14:32.9807508Z Removing temp/
2026-02-22T02:14:33.0311405Z REPO_ROOT=C:\work\apex_repo_cache\ApexTraderAI
2026-02-22T02:14:33.0653261Z HEAD=2a88571

----- FILE: actions_logs/run/3_Initialize ONE_TAP error report.txt -----
ï»¿2026-02-22T02:14:33.1029142Z ##[group]Run $ErrorActionPreference = 'Stop'
2026-02-22T02:14:33.1029600Z [36;1m$ErrorActionPreference = 'Stop'[0m
2026-02-22T02:14:33.1029938Z [36;1m$reportDir = Join-Path $env:GITHUB_WORKSPACE 'temp'[0m
2026-02-22T02:14:33.1030346Z [36;1m$null = New-Item -Path $reportDir -ItemType Directory -Force[0m
2026-02-22T02:14:33.1044521Z [36;1m$reportPath = Join-Path $reportDir 'ONE_TAP_ERROR_REPORT.txt'[0m
2026-02-22T02:14:33.1045029Z [36;1m[0m
2026-02-22T02:14:33.1045200Z [36;1m@([0m
2026-02-22T02:14:33.1045387Z [36;1m  '=== ONE TAP ERROR REPORT ===',[0m
2026-02-22T02:14:33.1045836Z [36;1m  ('timestamp={0}' -f (Get-Date -Format 'yyyy-MM-dd HH:mm:ss zzz')),[0m
2026-02-22T02:14:33.1046220Z [36;1m  ('repo=toki866/ApexTraderAI'),[0m
2026-02-22T02:14:33.1046483Z [36;1m  ('ref=refs/heads/main'),[0m
2026-02-22T02:14:33.1046787Z [36;1m  ('sha=2a88571b42cb883eeeb4694c1b6539edbb2afb2c'),[0m
2026-02-22T02:14:33.1047155Z [36;1m  ('run_id=22268676913'),[0m
2026-02-22T02:14:33.1047414Z [36;1m  ('run_attempt=1'),[0m
2026-02-22T02:14:33.1047681Z [36;1m  ''[0m
2026-02-22T02:14:33.1047963Z [36;1m) | Set-Content -Path $reportPath -Encoding UTF8[0m
2026-02-22T02:14:33.1048279Z [36;1m[0m
2026-02-22T02:14:33.1048496Z [36;1mAdd-Content -Path $reportPath -Value @([0m
2026-02-22T02:14:33.1048816Z [36;1m  '[STEP] initialize_one_tap_report',[0m
2026-02-22T02:14:33.1049096Z [36;1m  '[OK] report initialized',[0m
2026-02-22T02:14:33.1049348Z [36;1m  ('[PATH] {0}' -f $reportPath),[0m
2026-02-22T02:14:33.1049646Z [36;1m  ('[INFO] REPO_ROOT={0}' -f $env:REPO_ROOT),[0m
2026-02-22T02:14:33.1050022Z [36;1m  ('[INFO] HEAD={0}' -f (git -C $env:REPO_ROOT rev-parse --short HEAD)),[0m
2026-02-22T02:14:33.1050353Z [36;1m  ''[0m
2026-02-22T02:14:33.1050544Z [36;1m)[0m
2026-02-22T02:14:33.1068524Z shell: C:\Windows\System32\WindowsPowerShell\v1.0\powershell.EXE -NoProfile -ExecutionPolicy Bypass -Command "{0}"
2026-02-22T02:14:33.1069072Z env:
2026-02-22T02:14:33.1069272Z   REPO_ROOT: C:\work\apex_repo_cache\ApexTraderAI
2026-02-22T02:14:33.1069596Z ##[endgroup]

----- FILE: actions_logs/run/4_Verify scripts directory (post-prepare).txt -----
ï»¿2026-02-22T02:14:33.4242217Z ##[group]Run $ErrorActionPreference='Stop'
2026-02-22T02:14:33.4245222Z [36;1m$ErrorActionPreference='Stop'[0m
2026-02-22T02:14:33.4245581Z [36;1m$repoRoot = $env:REPO_ROOT[0m
2026-02-22T02:14:33.4248354Z [36;1mSet-Location $repoRoot[0m
2026-02-22T02:14:33.4248880Z [36;1mWrite-Host "***"[0m
2026-02-22T02:14:33.4254907Z [36;1mWrite-Host "HEAD=$(git rev-parse --short HEAD)"[0m
2026-02-22T02:14:33.4257733Z [36;1mWrite-Host "=== workspace listing ==="[0m
2026-02-22T02:14:33.4258177Z [36;1mGet-ChildItem -Path $repoRoot | Select-Object Name, FullName | Format-Table -AutoSize[0m
2026-02-22T02:14:33.4261271Z [36;1m$scriptsDir = Join-Path $repoRoot 'scripts'[0m
2026-02-22T02:14:33.4264072Z [36;1mWrite-Host "scripts_dir=$scriptsDir"[0m
2026-02-22T02:14:33.4264485Z [36;1mif (!(Test-Path $scriptsDir)) { throw "scripts directory not found: $scriptsDir" }[0m
2026-02-22T02:14:33.4267588Z [36;1mGet-ChildItem -Path $scriptsDir | Select-Object Name, Length, LastWriteTime | Format-Table -AutoSize[0m
2026-02-22T02:14:33.4359026Z shell: C:\Windows\System32\WindowsPowerShell\v1.0\powershell.EXE -NoProfile -ExecutionPolicy Bypass -Command "{0}"
2026-02-22T02:14:33.4361436Z env:
2026-02-22T02:14:33.4361632Z   REPO_ROOT: C:\work\apex_repo_cache\ApexTraderAI
2026-02-22T02:14:33.4363755Z ##[endgroup]
2026-02-22T02:14:33.6901098Z ***
2026-02-22T02:14:33.7233797Z HEAD=2a88571
2026-02-22T02:14:33.7237206Z === workspace listing ===
2026-02-22T02:14:33.7308139Z 
2026-02-22T02:14:33.7347512Z Name                                               FullName                                                            
2026-02-22T02:14:33.7348362Z ----                                               --------                                                            
2026-02-22T02:14:33.7349050Z .github                                            C:\work\apex_repo_cache\ApexTraderAI\.github                        
2026-02-22T02:14:33.7349797Z ai_core                                            C:\work\apex_repo_cache\ApexTraderAI\ai_core                        
2026-02-22T02:14:33.7350633Z archive                                            C:\work\apex_repo_cache\ApexTraderAI\archive                        
2026-02-22T02:14:33.7351383Z config                                             C:\work\apex_repo_cache\ApexTraderAI\config                         
2026-02-22T02:14:33.7352086Z data                                               C:\work\apex_repo_cache\ApexTraderAI\data                           
2026-02-22T02:14:33.7352819Z docs                                               C:\work\apex_repo_cache\ApexTraderAI\docs                           
2026-02-22T02:14:33.7353645Z engine                                             C:\work\apex_repo_cache\ApexTraderAI\engine                         
2026-02-22T02:14:33.7354415Z scripts                                            C:\work\apex_repo_cache\ApexTraderAI\scripts                        
2026-02-22T02:14:33.7355162Z specs                                              C:\work\apex_repo_cache\ApexTraderAI\specs                          
2026-02-22T02:14:33.7355902Z tools                                              C:\work\apex_repo_cache\ApexTraderAI\tools                          
2026-02-22T02:14:33.7356592Z .gitignore                                         C:\work\apex_repo_cache\ApexTraderAI\.gitignore                     
2026-02-22T02:14:33.7357443Z AGENTS.md                                          C:\work\apex_repo_cache\ApexTraderAI\AGENTS.md                      
2026-02-22T02:14:33.7358228Z auto_trader.py                                     C:\work\apex_repo_cache\ApexTraderAI\auto_trader.py                 
2026-02-22T02:14:33.7358935Z main_v0_6.py                                       C:\work\apex_repo_cache\ApexTraderAI\main_v0_6.py                   
2026-02-22T02:14:33.7359681Z README.md                                          C:\work\apex_repo_cache\ApexTraderAI\README.md                      
2026-02-22T02:14:33.7360362Z requirements.txt                                   C:\work\apex_repo_cache\ApexTraderAI\requirements.txt               
2026-02-22T02:14:33.7362725Z run_stepd_prime.py                                 C:\work\apex_repo_cache\ApexTraderAI\run_stepd_prime.py             
2026-02-22T02:14:33.7363450Z run_steps_a_f_headless.py                          C:\work\apex_repo_cache\ApexTraderAI\run_steps_a_f_headless.py      
2026-02-22T02:14:33.7365848Z run_steps_a_f_headless_safe3_lazy_import.py        C:\work\apex_repo_cache\ApexTraderAI\run_steps_a_f_headless_safe3...
2026-02-22T02:14:33.7372641Z run_steps_a_f_headless_safe4_force_stepb_agents.py C:\work\apex_repo_cache\ApexTraderAI\run_steps_a_f_headless_safe4...
2026-02-22T02:14:33.7373206Z 
2026-02-22T02:14:33.7373228Z 
2026-02-22T02:14:33.7390482Z scripts_dir=C:\work\apex_repo_cache\ApexTraderAI\scripts
2026-02-22T02:14:33.7451174Z 
2026-02-22T02:14:33.7467566Z Name                                Length LastWriteTime      
2026-02-22T02:14:33.7468742Z ----                                ------ -------------      
2026-02-22T02:14:33.7470020Z bat_config.bat                        1658 2026/02/22 10:59:45
2026-02-22T02:14:33.7470639Z copy_run_to_onedrive.bat              1072 2026/02/21 10:12:46
2026-02-22T02:14:33.7471493Z doctor.bat                            1973 2026/02/21 10:12:46
2026-02-22T02:14:33.7472199Z evaluate_run_outputs.py              17014 2026/02/22 10:59:45
2026-02-22T02:14:33.7473034Z package_diagnostics.ps1                801 2026/02/21 10:12:46
2026-02-22T02:14:33.7473902Z package_diagnostics_to_onedrive.ps1   3248 2026/02/21 10:51:29
2026-02-22T02:14:33.7474591Z run_all_local_then_copy.bat           9260 2026/02/22 10:59:45
2026-02-22T02:14:33.7474850Z 
2026-02-22T02:14:33.7474965Z 

----- FILE: actions_logs/run/5_Debug shells.txt -----
ï»¿2026-02-22T02:14:33.7727294Z ##[group]Run echo RUNNER_OS=%RUNNER_OS%
2026-02-22T02:14:33.7727700Z [36;1mecho RUNNER_OS=%RUNNER_OS%[0m
2026-02-22T02:14:33.7727937Z [36;1mecho === powershell path ===[0m
2026-02-22T02:14:33.7728181Z [36;1mwhere powershell >nul 2>&1[0m
2026-02-22T02:14:33.7728407Z [36;1mif %ERRORLEVEL% EQU 0 ([0m
2026-02-22T02:14:33.7728621Z [36;1m  where powershell[0m
2026-02-22T02:14:33.7728817Z [36;1m) else ([0m
2026-02-22T02:14:33.7728991Z [36;1m  echo powershell_not_found[0m
2026-02-22T02:14:33.7729204Z [36;1m)[0m
2026-02-22T02:14:33.7729398Z [36;1mecho === pwsh path (optional) ===[0m
2026-02-22T02:14:33.7729711Z [36;1mwhere pwsh >nul 2>&1[0m
2026-02-22T02:14:33.7729953Z [36;1mif %ERRORLEVEL% EQU 0 ([0m
2026-02-22T02:14:33.7730164Z [36;1m  pwsh -v[0m
2026-02-22T02:14:33.7730328Z [36;1m) else ([0m
2026-02-22T02:14:33.7730504Z [36;1m  echo pwsh_not_found (OK)[0m
2026-02-22T02:14:33.7730713Z [36;1m)[0m
2026-02-22T02:14:33.7730853Z [36;1mexit /b 0[0m
2026-02-22T02:14:33.7745977Z shell: C:\Windows\system32\cmd.EXE /D /E:ON /V:OFF /S /C "CALL "{0}""
2026-02-22T02:14:33.7746386Z env:
2026-02-22T02:14:33.7746608Z   REPO_ROOT: C:\work\apex_repo_cache\ApexTraderAI
2026-02-22T02:14:33.7746872Z ##[endgroup]
2026-02-22T02:14:33.7928607Z RUNNER_OS=Windows
2026-02-22T02:14:33.7930570Z === powershell path ===
2026-02-22T02:14:34.0388876Z C:\Windows\System32\WindowsPowerShell\v1.0\powershell.exe
2026-02-22T02:14:34.0455277Z === pwsh path (optional) ===
2026-02-22T02:14:34.1600871Z pwsh_not_found (OK

----- FILE: actions_logs/run/6_Debug python environment.txt -----
ï»¿2026-02-22T02:14:34.1787484Z ##[group]Run where python
2026-02-22T02:14:34.1787864Z [36;1mwhere python[0m
2026-02-22T02:14:34.1788115Z [36;1mpython --version[0m
2026-02-22T02:14:34.1788354Z [36;1mecho RUNNER_TEMP=%RUNNER_TEMP%[0m
2026-02-22T02:14:34.1788636Z [36;1mecho GITHUB_WORKSPACE=%GITHUB_WORKSPACE%[0m
2026-02-22T02:14:34.1793047Z shell: C:\Windows\system32\cmd.EXE /D /E:ON /V:OFF /S /C "CALL "{0}""
2026-02-22T02:14:34.1793391Z env:
2026-02-22T02:14:34.1793595Z   REPO_ROOT: C:\work\apex_repo_cache\ApexTraderAI
2026-02-22T02:14:34.1793853Z ##[endgroup]
2026-02-22T02:14:34.3133287Z C:\Users\becky\AppData\Local\Programs\Python\Python310\python.exe
2026-02-22T02:14:34.3240788Z Python 3.10.6
2026-02-22T02:14:34.3250727Z RUNNER_TEMP=C:\Users\becky\OneDrive\ãƒ‡ã‚¹ã‚¯ãƒˆãƒƒãƒ—\Python\apex-trader-ai\actions-runner\_work\_temp
2026-02-22T02:14:34.3257473Z GITHUB_WORKSPACE=C:\Users\becky\OneDrive\ãƒ‡ã‚¹ã‚¯ãƒˆãƒƒãƒ—\Python\apex-trader-ai\actions-runner\_work\ApexTraderAI\ApexTraderAI

----- FILE: actions_logs/run/7_Verify required scripts.txt -----
ï»¿2026-02-22T02:14:34.3394969Z ##[group]Run $ErrorActionPreference = 'Stop'
2026-02-22T02:14:34.3395933Z [36;1m$ErrorActionPreference = 'Stop'[0m
2026-02-22T02:14:34.3396414Z [36;1mSet-Location $env:REPO_ROOT[0m
2026-02-22T02:14:34.3396699Z [36;1m[0m
2026-02-22T02:14:34.3396914Z [36;1m$reportDir = Join-Path $env:REPO_ROOT 'temp'[0m
2026-02-22T02:14:34.3397293Z [36;1m$null = New-Item -Path $reportDir -ItemType Directory -Force[0m
2026-02-22T02:14:34.3397727Z [36;1m$reportPath = Join-Path $reportDir 'ONE_TAP_ERROR_REPORT.txt'[0m
2026-02-22T02:14:34.3398048Z [36;1m[0m
2026-02-22T02:14:34.3398537Z [36;1mAdd-Content -Path $reportPath -Value @([0m
2026-02-22T02:14:34.3398982Z [36;1m  '[STEP] verify_required_scripts',[0m
2026-02-22T02:14:34.3399324Z [36;1m  ('[INFO] REPO_ROOT={0}' -f $env:REPO_ROOT),[0m
2026-02-22T02:14:34.3399672Z [36;1m  ('[INFO] GITHUB_WORKSPACE={0}' -f $env:GITHUB_WORKSPACE),[0m
2026-02-22T02:14:34.3400137Z [36;1m  ('[INFO] ***' -f $PWD),[0m
2026-02-22T02:14:34.3400343Z [36;1m  ''[0m
2026-02-22T02:14:34.3400615Z [36;1m)[0m
2026-02-22T02:14:34.3400993Z [36;1m[0m
2026-02-22T02:14:34.3401311Z [36;1mWrite-Host '=== Verify scripts directory ==='[0m
2026-02-22T02:14:34.3401702Z [36;1mWrite-Host "REPO_ROOT=$env:REPO_ROOT"[0m
2026-02-22T02:14:34.3402027Z [36;1m$headShort = git rev-parse --short HEAD 2>$null[0m
2026-02-22T02:14:34.3402345Z [36;1mif ($LASTEXITCODE -eq 0 -and $headShort) {[0m
2026-02-22T02:14:34.3402663Z [36;1m  Write-Host ("HEAD={0}" -f $headShort.Trim())[0m
2026-02-22T02:14:34.3402930Z [36;1m} else {[0m
2026-02-22T02:14:34.3403626Z [36;1m  Write-Warning 'Unable to resolve HEAD via git rev-parse --short HEAD'[0m
2026-02-22T02:14:34.3404084Z [36;1m}[0m
2026-02-22T02:14:34.3404296Z [36;1mWrite-Host 'git ls-files scripts (best effort):'[0m
2026-02-22T02:14:34.3404603Z [36;1mgit ls-files scripts 2>$null[0m
2026-02-22T02:14:34.3404914Z [36;1m$scriptsDir = Join-Path $env:REPO_ROOT 'scripts'[0m
2026-02-22T02:14:34.3405232Z [36;1mWrite-Host "scripts_dir=$scriptsDir"[0m
2026-02-22T02:14:34.3430015Z [36;1mif (Test-Path $scriptsDir) {[0m
2026-02-22T02:14:34.3430837Z [36;1m  Get-ChildItem -Path $scriptsDir | Select-Object Name, Length, LastWriteTime | Format-Table -AutoSize[0m
2026-02-22T02:14:34.3431462Z [36;1m} else {[0m
2026-02-22T02:14:34.3431727Z [36;1m  Write-Warning "scripts directory not found: $scriptsDir"[0m
2026-02-22T02:14:34.3432058Z [36;1m}[0m
2026-02-22T02:14:34.3432245Z [36;1m[0m
2026-02-22T02:14:34.3432390Z [36;1m$expected = @([0m
2026-02-22T02:14:34.3432703Z [36;1m  (Join-Path $env:REPO_ROOT 'scripts\run_all_local_then_copy.bat'),[0m
2026-02-22T02:14:34.3433142Z [36;1m  (Join-Path $env:REPO_ROOT 'scripts\package_diagnostics.ps1'),[0m
2026-02-22T02:14:34.3433609Z [36;1m  (Join-Path $env:REPO_ROOT 'scripts\package_diagnostics_to_onedrive.ps1')[0m
2026-02-22T02:14:34.3433969Z [36;1m)[0m
2026-02-22T02:14:34.3434109Z [36;1m[0m
2026-02-22T02:14:34.3434270Z [36;1m$missing = @()[0m
2026-02-22T02:14:34.3434520Z [36;1mforeach ($path in $expected) {[0m
2026-02-22T02:14:34.3434871Z [36;1m  if (Test-Path $path) {[0m
2026-02-22T02:14:34.3435115Z [36;1m    Write-Host "[FOUND] $path"[0m
2026-02-22T02:14:34.3435343Z [36;1m  } else {[0m
2026-02-22T02:14:34.3435548Z [36;1m    Write-Warning "[MISSING] $path"[0m
2026-02-22T02:14:34.3435797Z [36;1m    $missing += $path[0m
2026-02-22T02:14:34.3436001Z [36;1m  }[0m
2026-02-22T02:14:34.3436143Z [36;1m}[0m
2026-02-22T02:14:34.3436284Z [36;1m[0m
2026-02-22T02:14:34.3436446Z [36;1m$searchResults = [ordered]@{}[0m
2026-02-22T02:14:34.3437029Z [36;1mforeach ($fileName in @('run_all_local_then_copy.bat', 'package_diagnostics.ps1', 'package_diagnostics_to_onedrive.ps1')) {[0m
2026-02-22T02:14:34.3437823Z [36;1m  $hits = Get-ChildItem -Path $env:REPO_ROOT -Recurse -Filter $fileName -File -ErrorAction SilentlyContinue |[0m
2026-02-22T02:14:34.3438386Z [36;1m    Select-Object -First 5 -ExpandProperty FullName[0m
2026-02-22T02:14:34.3438812Z [36;1m  $searchResults[$fileName] = if ($hits) { $hits } else { @('(no matches)') }[0m
2026-02-22T02:14:34.3441620Z [36;1m}[0m
2026-02-22T02:14:34.3441821Z [36;1m[0m
2026-02-22T02:14:34.3442030Z [36;1mAdd-Content -Path $reportPath -Value @([0m
2026-02-22T02:14:34.3442333Z [36;1m  '## REQUIRED_SCRIPT_CHECK',[0m
2026-02-22T02:14:34.3442591Z [36;1m  ('repo_root={0}' -f $env:REPO_ROOT),[0m
2026-02-22T02:14:34.3442917Z [36;1m  ('scripts_dir_exists={0}' -f (Test-Path $scriptsDir)),[0m
2026-02-22T02:14:34.3443336Z [36;1m  ('scripts_dir={0}' -f $scriptsDir),[0m
2026-02-22T02:14:34.3443612Z [36;1m  '',[0m
2026-02-22T02:14:34.3443781Z [36;1m  '### scripts_dir_listing',[0m
2026-02-22T02:14:34.3444010Z [36;1m  $([0m
2026-02-22T02:14:34.3444237Z [36;1m    if (Test-Path $scriptsDir) {[0m
2026-02-22T02:14:34.3444675Z [36;1m      $listing = Get-ChildItem -Path $scriptsDir | Sort-Object Name | ForEach-Object {[0m
2026-02-22T02:14:34.3445190Z [36;1m        '- {0} | len={1} | mtime={2}' -f $_.Name, $_.Length, $_.LastWriteTime[0m
2026-02-22T02:14:34.3445534Z [36;1m      }[0m
2026-02-22T02:14:34.3445757Z [36;1m      if ($listing) { $listing } else { '- (empty)' }[0m
2026-02-22T02:14:34.3446031Z [36;1m    } else {[0m
2026-02-22T02:14:34.3446240Z [36;1m      '- (scripts directory missing)'[0m
2026-02-22T02:14:34.3446472Z [36;1m    }[0m
2026-02-22T02:14:34.3446650Z [36;1m  ),[0m
2026-02-22T02:14:34.3446827Z [36;1m  '',[0m
2026-02-22T02:14:34.3446988Z [36;1m  '### FOUND',[0m
2026-02-22T02:14:34.3447319Z [36;1m  ($expected | Where-Object { Test-Path $_ } | ForEach-Object { "- $_" }),[0m
2026-02-22T02:14:34.3447682Z [36;1m  '',[0m
2026-02-22T02:14:34.3447842Z [36;1m  '### MISSING',[0m
2026-02-22T02:14:34.3448207Z [36;1m  ($(if ($missing.Count -gt 0) { $missing | ForEach-Object { "- $_" } } else { '- (none)' })),[0m
2026-02-22T02:14:34.3448599Z [36;1m  '',[0m
2026-02-22T02:14:34.3448843Z [36;1m  '### recursive_search_run_all_local_then_copy.bat',[0m
2026-02-22T02:14:34.3449310Z [36;1m  ($searchResults['run_all_local_then_copy.bat'] | ForEach-Object { "- $_" }),[0m
2026-02-22T02:14:34.3449683Z [36;1m  '',[0m
2026-02-22T02:14:34.3449909Z [36;1m  '### recursive_search_package_diagnostics.ps1',[0m
2026-02-22T02:14:34.3450334Z [36;1m  ($searchResults['package_diagnostics.ps1'] | ForEach-Object { "- $_" }),[0m
2026-02-22T02:14:34.3450691Z [36;1m  '',[0m
2026-02-22T02:14:34.3450946Z [36;1m  '### recursive_search_package_diagnostics_to_onedrive.ps1',[0m
2026-02-22T02:14:34.3451502Z [36;1m  ($searchResults['package_diagnostics_to_onedrive.ps1'] | ForEach-Object { "- $_" }),[0m
2026-02-22T02:14:34.3451917Z [36;1m  '',[0m
2026-02-22T02:14:34.3452080Z [36;1m  '## NEXT_ACTION',[0m
2026-02-22T02:14:34.3452401Z [36;1m  '- Open Artifact desktop-run-* and copy ONE_TAP_ERROR_REPORT.txt'[0m
2026-02-22T02:14:34.3452744Z [36;1m)[0m
2026-02-22T02:14:34.3452883Z [36;1m[0m
2026-02-22T02:14:34.3453054Z [36;1mif ($missing.Count -gt 0) {[0m
2026-02-22T02:14:34.3453329Z [36;1m  Add-Content -Path $reportPath -Value @([0m
2026-02-22T02:14:34.3453664Z [36;1m    '[NG] verify_required_scripts',[0m
2026-02-22T02:14:34.3453993Z [36;1m    ('[NG] missing_count={0}' -f $missing.Count),[0m
2026-02-22T02:14:34.3454265Z [36;1m    ''[0m
2026-02-22T02:14:34.3454423Z [36;1m  )[0m
2026-02-22T02:14:34.3454579Z [36;1m} else {[0m
2026-02-22T02:14:34.3454806Z [36;1m  Add-Content -Path $reportPath -Value @([0m
2026-02-22T02:14:34.3455095Z [36;1m    '[OK] verify_required_scripts',[0m
2026-02-22T02:14:34.3455335Z [36;1m    ''[0m
2026-02-22T02:14:34.3455486Z [36;1m  )[0m
2026-02-22T02:14:34.3455634Z [36;1m}[0m
2026-02-22T02:14:34.3455776Z [36;1m[0m
2026-02-22T02:14:34.3455997Z [36;1mif ($missing.Count -gt 0) {[0m
2026-02-22T02:14:34.3456315Z [36;1m  Write-Host '=== Required scripts debug summary ==='[0m
2026-02-22T02:14:34.3456653Z [36;1m  Write-Host "REPO_ROOT=$env:REPO_ROOT"[0m
2026-02-22T02:14:34.3456942Z [36;1m  Write-Host "scriptsDir=$scriptsDir"[0m
2026-02-22T02:14:34.3457830Z [36;1m  if (Test-Path $scriptsDir) {[0m
2026-02-22T02:14:34.3458097Z [36;1m    Write-Host 'scriptsDir listing:'[0m
2026-02-22T02:14:34.3458593Z [36;1m    Get-ChildItem -Path $scriptsDir | Select-Object Name, Length, LastWriteTime | Format-Table -AutoSize[0m
2026-02-22T02:14:34.3459096Z [36;1m  }[0m
2026-02-22T02:14:34.3459308Z [36;1m  foreach ($fileName in $searchResults.Keys) {[0m
2026-02-22T02:14:34.3459615Z [36;1m    Write-Host "search($fileName):"[0m
2026-02-22T02:14:34.3459971Z [36;1m    $searchResults[$fileName] | ForEach-Object { Write-Host "  $_" }[0m
2026-02-22T02:14:34.3460301Z [36;1m  }[0m
2026-02-22T02:14:34.3460570Z [36;1m  $missingNames = $missing | ForEach-Object { Split-Path $_ -Leaf }[0m
2026-02-22T02:14:34.3461131Z [36;1m  throw ("Required scripts missing: {0}" -f (($missingNames | Sort-Object -Unique) -join ', '))[0m
2026-02-22T02:14:34.3461560Z [36;1m}[0m
2026-02-22T02:14:34.3479316Z shell: C:\Windows\System32\WindowsPowerShell\v1.0\powershell.EXE -NoProfile -ExecutionPolicy Bypass -Command "{0}"
2026-02-22T02:14:34.3479851Z env:
2026-02-22T02:14:34.3480093Z   REPO_ROOT: C:\work\apex_repo_cache\ApexTraderAI
2026-02-22T02:14:34.3480408Z ##[endgroup]
2026-02-22T02:14:34.6281147Z === Verify scripts directory ===
2026-02-22T02:14:34.6297827Z REPO_ROOT=C:\work\apex_repo_cache\ApexTraderAI
2026-02-22T02:14:34.6662005Z HEAD=2a88571
2026-02-22T02:14:34.6681432Z git ls-files scripts (best effort):
2026-02-22T02:14:34.7036056Z scripts/bat_config.bat
2026-02-22T02:14:34.7038306Z scripts/copy_run_to_onedrive.bat
2026-02-22T02:14:34.7040445Z scripts/doctor.bat
2026-02-22T02:14:34.7040690Z scripts/evaluate_run_outputs.py
2026-02-22T02:14:34.7042837Z scripts/package_diagnostics.ps1
2026-02-22T02:14:34.7043137Z scripts/package_diagnostics_to_onedrive.ps1
2026-02-22T02:14:34.7045453Z scripts/run_all_local_then_copy.bat
2026-02-22T02:14:34.7083590Z scripts_dir=C:\work\apex_repo_cache\ApexTraderAI\scripts
2026-02-22T02:14:34.7166668Z 
2026-02-22T02:14:34.7184898Z Name                                Length LastWriteTime      
2026-02-22T02:14:34.7185861Z ----                                ------ -------------      
2026-02-22T02:14:34.7186776Z bat_config.bat                        1658 2026/02/22 10:59:45
2026-02-22T02:14:34.7187632Z copy_run_to_onedrive.bat              1072 2026/02/21 10:12:46
2026-02-22T02:14:34.7188548Z doctor.bat                            1973 2026/02/21 10:12:46
2026-02-22T02:14:34.7189241Z evaluate_run_outputs.py              17014 2026/02/22 10:59:45
2026-02-22T02:14:34.7190061Z package_diagnostics.ps1                801 2026/02/21 10:12:46
2026-02-22T02:14:34.7190981Z package_diagnostics_to_onedrive.ps1   3248 2026/02/21 10:51:29
2026-02-22T02:14:34.7191689Z run_all_local_then_copy.bat           9260 2026/02/22 10:59:45
2026-02-22T02:14:34.7191972Z 
2026-02-22T02:14:34.7192191Z 
2026-02-22T02:14:34.7204099Z [FOUND] C:\work\apex_repo_cache\ApexTraderAI\scripts\run_all_local_then_copy.bat
2026-02-22T02:14:34.7210526Z [FOUND] C:\work\apex_repo_cache\ApexTraderAI\scripts\package_diagnostics.ps1
2026-02-22T02:14:34.7216962Z [FOUND] C:\work\apex_repo_cache\ApexTraderAI\scripts\package_diagnostics_to_onedrive.ps1

----- FILE: actions_logs/run/8_Runner connectivity and host status.txt -----
ï»¿2026-02-22T02:14:34.7971789Z ##[group]Run Write-Host '=== Runner connectivity / host status ==='
2026-02-22T02:14:34.7972312Z [36;1mWrite-Host '=== Runner connectivity / host status ==='[0m
2026-02-22T02:14:34.7972610Z [36;1mwhoami[0m
2026-02-22T02:14:34.7972804Z [36;1mhostname[0m
2026-02-22T02:14:34.7973059Z [36;1mGet-Date -Format 'yyyy-MM-dd HH:mm:ss zzz'[0m
2026-02-22T02:14:34.7973464Z [36;1mWrite-Host "RUNNER_NAME=$env:RUNNER_NAME"[0m
2026-02-22T02:14:34.7973923Z [36;1mWrite-Host "RUNNER_OS=$env:RUNNER_OS"[0m
2026-02-22T02:14:34.7974514Z [36;1mWrite-Host "RUNNER_ARCH=$env:RUNNER_ARCH"[0m
2026-02-22T02:14:34.7974857Z [36;1mWrite-Host "GITHUB_WORKFLOW=$env:GITHUB_WORKFLOW"[0m
2026-02-22T02:14:34.7975191Z [36;1mWrite-Host "GITHUB_RUN_ID=$env:GITHUB_RUN_ID"[0m
2026-02-22T02:14:34.7975784Z [36;1mGet-Process | Where-Object { $_.Name -like '*Runner*' } |[0m
2026-02-22T02:14:34.7976171Z [36;1m  Select-Object Name, Id, StartTime |[0m
2026-02-22T02:14:34.7976463Z [36;1m  Format-Table -AutoSize[0m
2026-02-22T02:14:34.7994011Z shell: C:\Windows\System32\WindowsPowerShell\v1.0\powershell.EXE -NoProfile -ExecutionPolicy Bypass -Command "{0}"
2026-02-22T02:14:34.7994524Z env:
2026-02-22T02:14:34.7994721Z   REPO_ROOT: C:\work\apex_repo_cache\ApexTraderAI
2026-02-22T02:14:34.7994983Z ##[endgroup]
2026-02-22T02:14:35.0069637Z === Runner connectivity / host status ===
2026-02-22T02:14:35.0281572Z desktop-c54piia\becky
2026-02-22T02:14:35.0439267Z DESKTOP-C54PIIA
2026-02-22T02:14:35.0470361Z 2026-02-22 11:14:35 +09:00
2026-02-22T02:14:35.0484700Z RUNNER_NAME=DESKTOP-C54PIIA
2026-02-22T02:14:35.0488420Z RUNNER_OS=Windows
2026-02-22T02:14:35.0492297Z RUNNER_ARCH=X64
2026-02-22T02:14:35.0495863Z GITHUB_WORKFLOW=Run Desktop Pipeline
2026-02-22T02:14:35.0499573Z GITHUB_RUN_ID=22268676913
2026-02-22T02:14:35.0903177Z 
2026-02-22T02:14:35.0946194Z Name               Id StartTime          
2026-02-22T02:14:35.0948117Z ----               -- ---------          
2026-02-22T02:14:35.0950433Z Runner.Listener  6168 2026/02/22 9:38:51 
2026-02-22T02:14:35.0952640Z Runner.Worker   10884 2026/02/22 11:14:25
2026-02-22T02:14:35.0952946Z RunnerService   14772 2026/02/22 9:38:51 
2026-02-22T02:14:35.0954994Z 
2026-02-22T02:14:35.0954999Z 

----- FILE: actions_logs/run/9_Run desktop BAT.txt -----
ï»¿2026-02-22T02:14:35.1445050Z ##[group]Run $ErrorActionPreference = 'Stop'
2026-02-22T02:14:35.1445476Z [36;1m$ErrorActionPreference = 'Stop'[0m
2026-02-22T02:14:35.1445731Z [36;1mSet-Location $env:REPO_ROOT[0m
2026-02-22T02:14:35.1446111Z [36;1m$consoleLog = Join-Path $env:RUNNER_TEMP 'run_all_local_then_copy_console.log'[0m
2026-02-22T02:14:35.1446663Z [36;1m$reportPath = Join-Path $env:GITHUB_WORKSPACE 'temp\ONE_TAP_ERROR_REPORT.txt'[0m
2026-02-22T02:14:35.1447026Z [36;1m[0m
2026-02-22T02:14:35.1447230Z [36;1mAdd-Content -Path $reportPath -Value @([0m
2026-02-22T02:14:35.1447521Z [36;1m  '[STEP] run_desktop_bat',[0m
2026-02-22T02:14:35.1447781Z [36;1m  ('[INFO] console_log={0}' -f $consoleLog)[0m
2026-02-22T02:14:35.1448025Z [36;1m)[0m
2026-02-22T02:14:35.1448187Z [36;1m$batCandidates = @([0m
2026-02-22T02:14:35.1448495Z [36;1m  (Join-Path $env:REPO_ROOT 'scripts\run_all_local_then_copy.bat')[0m
2026-02-22T02:14:35.1448859Z [36;1m)[0m
2026-02-22T02:14:35.1449169Z [36;1m$bat = $batCandidates | Where-Object { Test-Path $_ } | Select-Object -First 1[0m
2026-02-22T02:14:35.1449570Z [36;1m[0m
2026-02-22T02:14:35.1449780Z [36;1mWrite-Host '=== Run desktop BAT preflight ==='[0m
2026-02-22T02:14:35.1450345Z [36;1mWrite-Host "***"[0m
2026-02-22T02:14:35.1450587Z [36;1mWrite-Host "REPO_ROOT=$env:REPO_ROOT"[0m
2026-02-22T02:14:35.1450902Z [36;1mWrite-Host "GITHUB_WORKSPACE=$env:GITHUB_WORKSPACE"[0m
2026-02-22T02:14:35.1451250Z [36;1mWrite-Host "RUNNER_TEMP=$env:RUNNER_TEMP"[0m
2026-02-22T02:14:35.1451651Z [36;1mGet-ChildItem (Join-Path $env:REPO_ROOT 'scripts') | Select-Object Name[0m
2026-02-22T02:14:35.1452032Z [36;1m& where.exe python 2>$null[0m
2026-02-22T02:14:35.1452382Z [36;1mWrite-Host ("BAT candidate paths: {0}" -f ($batCandidates -join '; '))[0m
2026-02-22T02:14:35.1452722Z [36;1m[0m
2026-02-22T02:14:35.1452874Z [36;1mif (-not $bat) {[0m
2026-02-22T02:14:35.1453113Z [36;1m  Add-Content -Path $reportPath -Value @([0m
2026-02-22T02:14:35.1453387Z [36;1m    '[NG] run_desktop_bat',[0m
2026-02-22T02:14:35.1453683Z [36;1m    '[NG] BAT not found',[0m
2026-02-22T02:14:35.1453935Z [36;1m    ''[0m
2026-02-22T02:14:35.1454094Z [36;1m  )[0m
2026-02-22T02:14:35.1454368Z [36;1m  Write-Error "BAT not found. candidates=$($batCandidates -join '; ')"[0m
2026-02-22T02:14:35.1454714Z [36;1m  exit 1[0m
2026-02-22T02:14:35.1454867Z [36;1m}[0m
2026-02-22T02:14:35.1455008Z [36;1m[0m
2026-02-22T02:14:35.1455165Z [36;1m$bat = (Get-Item $bat).FullName[0m
2026-02-22T02:14:35.1455465Z [36;1mWrite-Host ("Executing BAT full path: {0}" -f $bat)[0m
2026-02-22T02:14:35.1455946Z [36;1m[0m
2026-02-22T02:14:35.1456220Z [36;1m$null = New-Item -Path $consoleLog -ItemType File -Force[0m
2026-02-22T02:14:35.1456648Z [36;1mAdd-Content -Path $consoleLog -Value ("[BAT_FULL_PATH]={0}" -f $bat)[0m
2026-02-22T02:14:35.1456983Z [36;1m[0m
2026-02-22T02:14:35.1457202Z [36;1mWrite-Host '=== Python diagnostics (before BAT) ==='[0m
2026-02-22T02:14:35.1457616Z [36;1m& where.exe python 2>&1 | Tee-Object -FilePath $consoleLog -Append[0m
2026-02-22T02:14:35.1458070Z [36;1m& python --version 2>&1 | Tee-Object -FilePath $consoleLog -Append[0m
2026-02-22T02:14:35.1458454Z [36;1mWrite-Host '=== PATH (before BAT) ==='[0m
2026-02-22T02:14:35.1458754Z [36;1mWrite-Host $env:PATH[0m
2026-02-22T02:14:35.1459064Z [36;1mAdd-Content -Path $consoleLog -Value ('[PATH] ' + $env:PATH)[0m
2026-02-22T02:14:35.1459374Z [36;1m[0m
2026-02-22T02:14:35.1459592Z [36;1m& $bat 2>&1 | Tee-Object -FilePath $consoleLog -Append[0m
2026-02-22T02:14:35.1459893Z [36;1m$rc = $LASTEXITCODE[0m
2026-02-22T02:14:35.1460102Z [36;1mWrite-Host "[RC]=$rc"[0m
2026-02-22T02:14:35.1460385Z [36;1mAdd-Content -Path $consoleLog -Value ("[RC]={0}" -f $rc)[0m
2026-02-22T02:14:35.1460696Z [36;1m[0m
2026-02-22T02:14:35.1460877Z [36;1mif ($rc -ne 0) {[0m
2026-02-22T02:14:35.1461121Z [36;1m  Add-Content -Path $reportPath -Value @([0m
2026-02-22T02:14:35.1461402Z [36;1m    '[NG] run_desktop_bat',[0m
2026-02-22T02:14:35.1462625Z [36;1m    ('[NG] exit_code={0}' -f $rc),[0m
2026-02-22T02:14:35.1462853Z [36;1m    ''[0m
2026-02-22T02:14:35.1463000Z [36;1m  )[0m
2026-02-22T02:14:35.1463281Z [36;1m  Write-Warning "Run desktop BAT failed with rc=$rc"[0m
2026-02-22T02:14:35.1463608Z [36;1m  $workRoot = 'C:\work\apex_work\runs'[0m
2026-02-22T02:14:35.1463891Z [36;1m  $runDir = $null[0m
2026-02-22T02:14:35.1464102Z [36;1m  if (Test-Path $workRoot) {[0m
2026-02-22T02:14:35.1464625Z [36;1m    $runDir = Get-ChildItem -Path $workRoot -Directory | Sort-Object LastWriteTime -Descending | Select-Object -First 1[0m
2026-02-22T02:14:35.1465151Z [36;1m  }[0m
2026-02-22T02:14:35.1465309Z [36;1m[0m
2026-02-22T02:14:35.1465525Z [36;1m  if ($runDir) {[0m
2026-02-22T02:14:35.1465874Z [36;1m    $runLog = Join-Path $runDir.FullName ("logs\run_{0}.log" -f $runDir.Name)[0m
2026-02-22T02:14:35.1473558Z [36;1m    Write-Host ("Latest run_dir={0}" -f $runDir.FullName)[0m
2026-02-22T02:14:35.1474034Z [36;1m    Write-Host ("Expected run_log={0}" -f $runLog)[0m
2026-02-22T02:14:35.1474359Z [36;1m    if (Test-Path $runLog) {[0m
2026-02-22T02:14:35.1474829Z [36;1m      Write-Host '=== tail run_*.log (260 lines) ==='[0m
2026-02-22T02:14:35.1475257Z [36;1m      Get-Content -Path $runLog -Tail 260[0m
2026-02-22T02:14:35.1475574Z [36;1m    } else {[0m
2026-02-22T02:14:35.1475841Z [36;1m      Write-Warning ("run log not found: {0}" -f $runLog)[0m
2026-02-22T02:14:35.1476156Z [36;1m    }[0m
2026-02-22T02:14:35.1476319Z [36;1m  } else {[0m
2026-02-22T02:14:35.1476635Z [36;1m    Write-Warning ("No run directories found under {0}" -f $workRoot)[0m
2026-02-22T02:14:35.1476985Z [36;1m  }[0m
2026-02-22T02:14:35.1477150Z [36;1m  exit $rc[0m
2026-02-22T02:14:35.1477321Z [36;1m}[0m
2026-02-22T02:14:35.1477471Z [36;1m[0m
2026-02-22T02:14:35.1477723Z [36;1mAdd-Content -Path $reportPath -Value @([0m
2026-02-22T02:14:35.1478045Z [36;1m  '[OK] run_desktop_bat',[0m
2026-02-22T02:14:35.1478280Z [36;1m  '[OK] exit_code=0',[0m
2026-02-22T02:14:35.1478486Z [36;1m  ''[0m
2026-02-22T02:14:35.1478641Z [36;1m)[0m
2026-02-22T02:14:35.1478789Z [36;1m[0m
2026-02-22T02:14:35.1479003Z [36;1mif ((Get-Item $reportPath).Length -gt 60000) {[0m
2026-02-22T02:14:35.1479343Z [36;1m  $tail = Get-Content -Path $reportPath -Raw[0m
2026-02-22T02:14:35.1479719Z [36;1m  $tail = $tail.Substring([Math]::Max(0, $tail.Length - 60000))[0m
2026-02-22T02:14:35.1480181Z [36;1m  Set-Content -Path $reportPath -Value $tail -Encoding UTF8[0m
2026-02-22T02:14:35.1481243Z [36;1m}[0m
2026-02-22T02:14:35.1481393Z [36;1m[0m
2026-02-22T02:14:35.1481544Z [36;1mexit 0[0m
2026-02-22T02:14:35.1498097Z shell: C:\Windows\System32\WindowsPowerShell\v1.0\powershell.EXE -NoProfile -ExecutionPolicy Bypass -Command "{0}"
2026-02-22T02:14:35.1498574Z env:
2026-02-22T02:14:35.1498769Z   REPO_ROOT: C:\work\apex_repo_cache\ApexTraderAI
2026-02-22T02:14:35.1499016Z   INPUT_MODE: sim
2026-02-22T02:14:35.1499194Z   INPUT_SYMBOLS: SOXL,SOXS
2026-02-22T02:14:35.1499377Z   INPUT_START: 2014-01-01
2026-02-22T02:14:35.1499560Z   INPUT_END: 2022-03-31
2026-02-22T02:14:35.1499789Z   INPUT_TEST_START: 2022-01-03
2026-02-22T02:14:35.1500014Z   INPUT_TRAIN_YEARS: 8
2026-02-22T02:14:35.1500184Z   INPUT_TEST_MONTHS: 3
2026-02-22T02:14:35.1500355Z   INPUT_COPY_TO_ONEDRIVE: true
2026-02-22T02:14:35.1500563Z   INPUT_STEPS: A,B,C,D,DPRIME,E,F
2026-02-22T02:14:35.1500772Z   INPUT_SKIP_STEPE: false
2026-02-22T02:14:35.1500955Z   RUN_MODE: sim
2026-02-22T02:14:35.1501107Z   SYMBOLS: SOXL,SOXS
2026-02-22T02:14:35.1501267Z   SYMBOL: SOXL
2026-02-22T02:14:35.1501416Z   STEPS: A,B,C,D,DPRIME,E,F
2026-02-22T02:14:35.1501596Z   SKIP_STEPE: 0
2026-02-22T02:14:35.1501748Z   DATA_START: 2014-01-01
2026-02-22T02:14:35.1501915Z   DATA_END: 2022-03-31
2026-02-22T02:14:35.1502108Z   TEST_START: 2022-01-03
2026-02-22T02:14:35.1502306Z   TRAIN_YEARS: 8
2026-02-22T02:14:35.1502483Z   TEST_MONTHS: 3
2026-02-22T02:14:35.1502645Z   WORK_ROOT: C:\work\apex_work\runs
2026-02-22T02:14:35.1503341Z   COPY_TO_ONEDRIVE: 1
2026-02-22T02:14:35.1503504Z   PYTHON_EXE: python
2026-02-22T02:14:35.1503696Z ##[endgroup]
2026-02-22T02:14:35.4489409Z === Run desktop BAT preflight ===
2026-02-22T02:14:35.4508416Z ***
2026-02-22T02:14:35.4515916Z REPO_ROOT=C:\work\apex_repo_cache\ApexTraderAI
2026-02-22T02:14:35.4522905Z GITHUB_WORKSPACE=C:\Users\becky\OneDrive\ãƒ‡ã‚¹ã‚¯ãƒˆãƒƒãƒ—\Python\apex-trader-ai\actions-runner\_work\ApexTraderAI\ApexTraderAI
2026-02-22T02:14:35.4525544Z RUNNER_TEMP=C:\Users\becky\OneDrive\ãƒ‡ã‚¹ã‚¯ãƒˆãƒƒãƒ—\Python\apex-trader-ai\actions-runner\_work\_temp
2026-02-22T02:14:35.4561014Z 
2026-02-22T02:14:35.5976849Z C:\Users\becky\AppData\Local\Programs\Python\Python310\python.exe
2026-02-22T02:14:35.6002413Z BAT candidate paths: C:\work\apex_repo_cache\ApexTraderAI\scripts\run_all_local_then_copy.bat
2026-02-22T02:14:35.6049654Z Executing BAT full path: C:\work\apex_repo_cache\ApexTraderAI\scripts\run_all_local_then_copy.bat
2026-02-22T02:14:35.6086488Z === Python diagnostics (before BAT) ===
2026-02-22T02:14:35.7579764Z Name                               
2026-02-22T02:14:35.7580126Z ----                               
2026-02-22T02:14:35.7580832Z bat_config.bat                     
2026-02-22T02:14:35.7581251Z copy_run_to_onedrive.bat           
2026-02-22T02:14:35.7581933Z doctor.bat                         
2026-02-22T02:14:35.7582289Z evaluate_run_outputs.py            
2026-02-22T02:14:35.7582675Z package_diagnostics.ps1            
2026-02-22T02:14:35.7583068Z package_diagnostics_to_onedrive.ps1
2026-02-22T02:14:35.7583512Z run_all_local_then_copy.bat        
2026-02-22T02:14:35.7584011Z C:\Users\becky\AppData\Local\Programs\Python\Python310\python.exe
2026-02-22T02:14:35.7584380Z Python 3.10.6
2026-02-22T02:14:35.7589886Z === PATH (before BAT) ===
2026-02-22T02:14:35.7596545Z C:\Program Files\Oculus\Support\oculus-runtime;C:\Windows\system32;C:\Windows;C:\Windows\System32\Wbem;C:\Windows\System32\WindowsPowerShell\v1.0\;C:\Windows\System32\OpenSSH\;C:\Program Files (x86)\Intel\Intel(R) Management Engine Components\DAL;C:\Program Files\Intel\Intel(R) Management Engine Components\DAL;C:\Program Files (x86)\NVIDIA Corporation\PhysX\Common;C:\Program Files\NVIDIA Corporation\NVIDIA NvDLISR;C:\Program Files (x86)\QuickTime\QTSystem\;C:\Program Files\Git\cmd;C:\WINDOWS\system32;C:\WINDOWS;C:\WINDOWS\System32\Wbem;C:\WINDOWS\System32\WindowsPowerShell\v1.0\;C:\WINDOWS\System32\OpenSSH\;C:\Users\becky\AppData\Local\Programs\Python\Python310\;C:\ffmpeg\bin\;
2026-02-22T02:14:36.1968781Z [RC] 
2026-02-22T02:14:36.2809159Z [RC] 
2026-02-22T02:14:36.4424494Z [RC] 
2026-02-22T02:14:36.4818258Z [RC] 
2026-02-22T02:14:36.6043998Z [RC] 
2026-02-22T02:14:39.0203402Z [RC] 
2026-02-22T02:17:20.3608350Z [RC] 
2026-02-22T02:17:35.5712266Z [RC] 
2026-02-22T02:17:35.6119577Z [RC] 
2026-02-22T02:17:36.4690189Z [OK] repo_snapshots already exists: "C:\Users\becky\OneDrive\ApexTraderAI\repo_snapshots"
2026-02-22T02:17:36.6604069Z [RC] 
2026-02-22T02:17:36.6717719Z [OK] run_id=20260222_111436
2026-02-22T02:17:36.6719294Z [OK] local=C:\work\apex_work\runs\20260222_111436
2026-02-22T02:17:36.6722462Z [OK] onedrive=C:\Users\becky\OneDrive\ApexTraderAI\runs\20260222_111436
2026-02-22T02:17:36.6758764Z [RC]=0
2026-02-22T02:17:36.6845672Z 
2026-02-22T02:17:36.6845726Z 

----- FILE: actions_logs/run/system.txt -----
2026-02-22T02:14:21.4410000Z Evaluating run.if
2026-02-22T02:14:21.4410000Z Evaluating: success()
2026-02-22T02:14:21.4410000Z Result: true
2026-02-22T02:14:21.4460000Z Requested labels: self-hosted, windows
2026-02-22T02:14:21.4460000Z Job defined at: toki866/ApexTraderAI/.github/workflows/run_desktop_pipeline.yml@refs/heads/main
2026-02-22T02:14:21.4460000Z Waiting for a runner to pick up this job...
2026-02-22T02:14:21.9210000Z Job is about to start running on the runner: DESKTOP-C54PIIA
