Run: https://github.com/toki866/ApexTraderAI/actions/runs/22272555605
SHA: bc61275d2d42bd9b13fd07305c6ceb6b2022b9e7
Attempt: 1
Conclusion: success

==== TAILS (each file last 200 lines) ====

----- FILE: actions_logs/0_run.txt -----
let report = fs.existsSync(reportPath)
  ? fs.readFileSync(reportPath, 'utf8')
  : '(missing ONE_TAP_ERROR_REPORT.txt)';

const evalPath = path.join(process.env.GITHUB_WORKSPACE, 'temp', 'eval', 'EVAL_SUMMARY.txt');
let evalTxt = fs.existsSync(evalPath)
  ? fs.readFileSync(evalPath, 'utf8')
  : '(EVAL_SUMMARY.txt missing)';

if (report.length > 60000) report = report.slice(-60000);
if (evalTxt.length > 15000) evalTxt = evalTxt.slice(-15000);

const runUrl = `${context.serverUrl}/${owner}/${repo}/actions/runs/${context.runId}`;
const title = 'ApexTraderAI Diagnostics (latest)';
const attempt = process.env.GITHUB_RUN_ATTEMPT || '1';
const diagRunFolder = process.env.DIAG_RUN_FOLDER || 'LATEST_CSV.md';
const csvIndexUrl = diagRunFolder === 'LATEST_CSV.md'
  ? `${context.serverUrl}/${owner}/${repo}/blob/diag-logs/runs/LATEST_CSV.md`
  : `${context.serverUrl}/${owner}/${repo}/blob/diag-logs/runs/${diagRunFolder}/CSV_INDEX.md`;
const evalUrl = diagRunFolder === 'LATEST_CSV.md'
  ? `${context.serverUrl}/${owner}/${repo}/blob/diag-logs/runs/LATEST_CSV.md`
  : `${context.serverUrl}/${owner}/${repo}/blob/diag-logs/runs/${diagRunFolder}/csv/EVAL_REPORT.md`;
const body = `Run: ${runUrl}\nSHA: ${context.sha}\nAttempt: ${attempt}\ndiag-logs csv_index: ${csvIndexUrl}\n\n\`\`\`text\n${report}\n\`\`\`\n\n## Evaluation Summary\ndiag-logs eval report: ${evalUrl}\n\n\`\`\`text\n${evalTxt}\n\`\`\`\n`;

const { data: issues } = await github.rest.issues.listForRepo({
  owner,
  repo,
  state: 'open',
  per_page: 100
});
const existing = issues.find(i => i.title === title);

if (existing) {
  await github.rest.issues.update({ owner, repo, issue_number: existing.number, body });
} else {
  await github.rest.issues.create({ owner, repo, title, body });
}

2026-02-22T07:26:53.2827164Z   github-token: ***
2026-02-22T07:26:53.2827361Z   debug: false
2026-02-22T07:26:53.2827552Z   user-agent: actions/github-script
2026-02-22T07:26:53.2827798Z   result-encoding: json
2026-02-22T07:26:53.2828062Z   retries: 0
2026-02-22T07:26:53.2828278Z   retry-exempt-status-codes: 400,401,403,404,422
2026-02-22T07:26:53.2828550Z env:
2026-02-22T07:26:53.2828751Z   REPO_ROOT: C:\work\apex_repo_cache\ApexTraderAI
2026-02-22T07:26:53.2829095Z   DIAG_RUN_FOLDER: 20260222_162650_run22272555605_att1_bc61275
2026-02-22T07:26:53.2829391Z ##[endgroup]
2026-02-22T07:26:55.3032543Z ##[group]Run $ErrorActionPreference = 'Stop'
2026-02-22T07:26:55.3033000Z [36;1m$ErrorActionPreference = 'Stop'[0m
2026-02-22T07:26:55.3033264Z [36;1m[0m
2026-02-22T07:26:55.3033431Z [36;1mfunction Mask-Secrets {[0m
2026-02-22T07:26:55.3033685Z [36;1m  param([string]$Text)[0m
2026-02-22T07:26:55.3033894Z [36;1m[0m
2026-02-22T07:26:55.3034114Z [36;1m  if ([string]::IsNullOrEmpty($Text)) { return $Text }[0m
2026-02-22T07:26:55.3034413Z [36;1m[0m
2026-02-22T07:26:55.3034571Z [36;1m  $masked = $Text[0m
2026-02-22T07:26:55.3034981Z [36;1m  $masked = [regex]::Replace($masked, 'github_pat_[A-Za-z0-9_]{20,}', 'github_pat_***MASKED***')[0m
2026-02-22T07:26:55.3035592Z [36;1m  $masked = [regex]::Replace($masked, 'gh[pousr]_[A-Za-z0-9_]{20,}', 'gh***_***MASKED***')[0m
2026-02-22T07:26:55.3036219Z [36;1m  $masked = [regex]::Replace($masked, '(?im)\b(token|password|secret)\b\s*[:=]\s*\S+', '$1=***MASKED***')[0m
2026-02-22T07:26:55.3036703Z [36;1m  return $masked[0m
2026-02-22T07:26:55.3036898Z [36;1m}[0m
2026-02-22T07:26:55.3037047Z [36;1m[0m
2026-02-22T07:26:55.3037217Z [36;1mfunction Get-MaskedTail {[0m
2026-02-22T07:26:55.3037466Z [36;1m  param([0m
2026-02-22T07:26:55.3037649Z [36;1m    [string]$Path,[0m
2026-02-22T07:26:55.3038051Z [36;1m    [int]$Tail = 200[0m
2026-02-22T07:26:55.3038252Z [36;1m  )[0m
2026-02-22T07:26:55.3038406Z [36;1m[0m
2026-02-22T07:26:55.3038651Z [36;1m  if (-not (Test-Path $Path)) { return "(not found) $Path" }[0m
2026-02-22T07:26:55.3039168Z [36;1m  $raw = (Get-Content -Path $Path -Tail $Tail -ErrorAction SilentlyContinue) -join "`r`n"[0m
2026-02-22T07:26:55.3039745Z [36;1m  return (Mask-Secrets -Text $raw)[0m
2026-02-22T07:26:55.3039978Z [36;1m}[0m
2026-02-22T07:26:55.3040122Z [36;1m[0m
2026-02-22T07:26:55.3040320Z [36;1m$diagOut = Join-Path $env:RUNNER_TEMP 'diag_out'[0m
2026-02-22T07:26:55.3040688Z [36;1m$null = New-Item -Path $diagOut -ItemType Directory -Force[0m
2026-02-22T07:26:55.3040995Z [36;1m[0m
2026-02-22T07:26:55.3041152Z [36;1m$ws = $env:GITHUB_WORKSPACE[0m
2026-02-22T07:26:55.3041470Z [36;1m$runnerRoot = (Resolve-Path (Join-Path $ws '..\..\..')).Path[0m
2026-02-22T07:26:55.3041833Z [36;1m$runnerDiag = Join-Path $runnerRoot '_diag'[0m
2026-02-22T07:26:55.3042107Z [36;1m$runId = '22272555605'[0m
2026-02-22T07:26:55.3042312Z [36;1m$runAttempt = '1'[0m
2026-02-22T07:26:55.3042569Z [36;1m$sha = 'bc61275d2d42bd9b13fd07305c6ceb6b2022b9e7'[0m
2026-02-22T07:26:55.3042853Z [36;1m$branch = 'main'[0m
2026-02-22T07:26:55.3043058Z [36;1m$repo = 'toki866/ApexTraderAI'[0m
2026-02-22T07:26:55.3043356Z [36;1m$artifactName = "diag_full_${runId}_${runAttempt}"[0m
2026-02-22T07:26:55.3043630Z [36;1m[0m
2026-02-22T07:26:55.3043786Z [36;1m$latestRunnerLog = $null[0m
2026-02-22T07:26:55.3044008Z [36;1m$latestWorkerLog = $null[0m
2026-02-22T07:26:55.3044235Z [36;1mif (Test-Path $runnerDiag) {[0m
2026-02-22T07:26:55.3044965Z [36;1m  $latestRunnerLog = Get-ChildItem -Path $runnerDiag -Filter 'Runner_*.log' -File -ErrorAction SilentlyContinue | Sort-Object LastWriteTime -Descending | Select-Object -First 1[0m
2026-02-22T07:26:55.3046161Z [36;1m  $latestWorkerLog = Get-ChildItem -Path $runnerDiag -Filter 'Worker_*.log' -File -ErrorAction SilentlyContinue | Sort-Object LastWriteTime -Descending | Select-Object -First 1[0m
2026-02-22T07:26:55.3046858Z [36;1m}[0m
2026-02-22T07:26:55.3047004Z [36;1m[0m
2026-02-22T07:26:55.3047304Z [36;1m$workflowLog = Join-Path $env:RUNNER_TEMP 'run_all_local_then_copy_console.log'[0m
2026-02-22T07:26:55.3047850Z [36;1m$runLogPath = 'C:\work\apex_work\runs\20260222_161032\logs\run_20260222_161032.log'[0m
2026-02-22T07:26:55.3048333Z [36;1m$stepSummaryGlob = Join-Path $env:RUNNER_TEMP 'step_summary_*'[0m
2026-02-22T07:26:55.3048862Z [36;1m$oneTapReportWorkspace = Join-Path $env:GITHUB_WORKSPACE 'temp\ONE_TAP_ERROR_REPORT.txt'[0m
2026-02-22T07:26:55.3049277Z [36;1m[0m
2026-02-22T07:26:55.3050720Z [36;1mif ($latestRunnerLog) { Copy-Item -Path $latestRunnerLog.FullName -Destination (Join-Path $diagOut $latestRunnerLog.Name) -Force }[0m
2026-02-22T07:26:55.3051659Z [36;1mif ($latestWorkerLog) { Copy-Item -Path $latestWorkerLog.FullName -Destination (Join-Path $diagOut $latestWorkerLog.Name) -Force }[0m
2026-02-22T07:26:55.3052535Z [36;1mif (Test-Path $workflowLog) { Copy-Item -Path $workflowLog -Destination (Join-Path $diagOut 'workflow_console.log') -Force }[0m
2026-02-22T07:26:55.3053450Z [36;1mif ($runLogPath -and (Test-Path $runLogPath)) { Copy-Item -Path $runLogPath -Destination (Join-Path $diagOut (Split-Path $runLogPath -Leaf)) -Force }[0m
2026-02-22T07:26:55.3054458Z [36;1mif (Test-Path $oneTapReportWorkspace) { Copy-Item -Path $oneTapReportWorkspace -Destination (Join-Path $diagOut 'ONE_TAP_ERROR_REPORT.txt') -Force }[0m
2026-02-22T07:26:55.3055293Z [36;1mGet-ChildItem -Path $stepSummaryGlob -File -ErrorAction SilentlyContinue | ForEach-Object {[0m
2026-02-22T07:26:55.3055891Z [36;1m  Copy-Item -Path $_.FullName -Destination (Join-Path $diagOut $_.Name) -Force[0m
2026-02-22T07:26:55.3056280Z [36;1m}[0m
2026-02-22T07:26:55.3056423Z [36;1m[0m
2026-02-22T07:26:55.3056620Z [36;1mforeach ($subDir in @('pages', 'blocks')) {[0m
2026-02-22T07:26:55.3057033Z [36;1m  $src = Join-Path $runnerDiag $subDir[0m
2026-02-22T07:26:55.3063569Z [36;1m  if (Test-Path $src) {[0m
2026-02-22T07:26:55.3063980Z [36;1m    Copy-Item -Path $src -Destination (Join-Path $diagOut $subDir) -Recurse -Force[0m
2026-02-22T07:26:55.3064370Z [36;1m  }[0m
2026-02-22T07:26:55.3064515Z [36;1m}[0m
2026-02-22T07:26:55.3064656Z [36;1m[0m
2026-02-22T07:26:55.3065154Z [36;1m$runnerTailText = if ($latestRunnerLog) { Get-MaskedTail -Path $latestRunnerLog.FullName -Tail 200 } else { '(runner diag not found)' }[0m
2026-02-22T07:26:55.3066040Z [36;1m$workflowTailText = if (Test-Path $workflowLog) { Get-MaskedTail -Path $workflowLog -Tail 200 } else { '(workflow log not found)' }[0m
2026-02-22T07:26:55.3066581Z [36;1m[0m
2026-02-22T07:26:55.3066792Z [36;1m$summaryPath = Join-Path $diagOut 'summary.md'[0m
2026-02-22T07:26:55.3067072Z [36;1m$summary = @([0m
2026-02-22T07:26:55.3067264Z [36;1m  '# Diagnostics Summary',[0m
2026-02-22T07:26:55.3067556Z [36;1m  '',[0m
2026-02-22T07:26:55.3067844Z [36;1m  "- repo: $repo",[0m
2026-02-22T07:26:55.3068064Z [36;1m  "- branch: $branch",[0m
2026-02-22T07:26:55.3068271Z [36;1m  "- sha: $sha",[0m
2026-02-22T07:26:55.3068461Z [36;1m  "- run_id: $runId",[0m
2026-02-22T07:26:55.3068668Z [36;1m  "- attempt: $runAttempt",[0m
2026-02-22T07:26:55.3068920Z [36;1m  "- failing_step: $env:FAILING_STEP",[0m
2026-02-22T07:26:55.3069196Z [36;1m  "- artifact_name: $artifactName",[0m
2026-02-22T07:26:55.3069495Z [36;1m  '- one_tap_report: See ONE_TAP_ERROR_REPORT.txt',[0m
2026-02-22T07:26:55.3069767Z [36;1m  '',[0m
2026-02-22T07:26:55.3069961Z [36;1m  '## runner_diag_tail (last 200 lines)',[0m
2026-02-22T07:26:55.3070207Z [36;1m  '```text',[0m
2026-02-22T07:26:55.3070391Z [36;1m  $runnerTailText,[0m
2026-02-22T07:26:55.3070585Z [36;1m  '```',[0m
2026-02-22T07:26:55.3070739Z [36;1m  '',[0m
2026-02-22T07:26:55.3070915Z [36;1m  '## workflow_tail (last 200 lines)',[0m
2026-02-22T07:26:55.3071166Z [36;1m  '```text',[0m
2026-02-22T07:26:55.3071347Z [36;1m  $workflowTailText,[0m
2026-02-22T07:26:55.3071536Z [36;1m  '```'[0m
2026-02-22T07:26:55.3071698Z [36;1m) -join "`r`n"[0m
2026-02-22T07:26:55.3071915Z [36;1m$summary = Mask-Secrets -Text $summary[0m
2026-02-22T07:26:55.3072275Z [36;1mSet-Content -Path $summaryPath -Value $summary -Encoding UTF8[0m
2026-02-22T07:26:55.3072601Z [36;1m[0m
2026-02-22T07:26:55.3072848Z [36;1m$runnerTailPath = Join-Path $diagOut 'runner_diag_tail.txt'[0m
2026-02-22T07:26:55.3073312Z [36;1mSet-Content -Path $runnerTailPath -Value $runnerTailText -Encoding UTF8[0m
2026-02-22T07:26:55.3073769Z [36;1m$workflowTailPath = Join-Path $diagOut 'workflow_tail.txt'[0m
2026-02-22T07:26:55.3074769Z [36;1mSet-Content -Path $workflowTailPath -Value $workflowTailText -Encoding UTF8[0m
2026-02-22T07:26:55.3075165Z [36;1m[0m
2026-02-22T07:26:55.3075426Z [36;1m$fullZip = Join-Path $env:RUNNER_TEMP ("{0}.zip" -f $artifactName)[0m
2026-02-22T07:26:55.3075848Z [36;1mif (Test-Path $fullZip) { Remove-Item $fullZip -Force }[0m
2026-02-22T07:26:55.3076318Z [36;1mCompress-Archive -Path (Join-Path $diagOut '*') -DestinationPath $fullZip -Force[0m
2026-02-22T07:26:55.3076708Z [36;1m[0m
2026-02-22T07:26:55.3077010Z [36;1m"diag_out=$diagOut" | Out-File -FilePath $env:GITHUB_OUTPUT -Encoding utf8 -Append[0m
2026-02-22T07:26:55.3077606Z [36;1m"diag_summary=$summaryPath" | Out-File -FilePath $env:GITHUB_OUTPUT -Encoding utf8 -Append[0m
2026-02-22T07:26:55.3078235Z [36;1m"diag_runner_tail=$runnerTailPath" | Out-File -FilePath $env:GITHUB_OUTPUT -Encoding utf8 -Append[0m
2026-02-22T07:26:55.3078904Z [36;1m"diag_workflow_tail=$workflowTailPath" | Out-File -FilePath $env:GITHUB_OUTPUT -Encoding utf8 -Append[0m
2026-02-22T07:26:55.3079512Z [36;1m"diag_zip=$fullZip" | Out-File -FilePath $env:GITHUB_OUTPUT -Encoding utf8 -Append[0m
2026-02-22T07:26:55.3080098Z [36;1m"diag_artifact_name=$artifactName" | Out-File -FilePath $env:GITHUB_OUTPUT -Encoding utf8 -Append[0m
2026-02-22T07:26:55.3095414Z shell: C:\Windows\System32\WindowsPowerShell\v1.0\powershell.EXE -NoProfile -ExecutionPolicy Bypass -Command "{0}"
2026-02-22T07:26:55.3095899Z env:
2026-02-22T07:26:55.3096087Z   REPO_ROOT: C:\work\apex_repo_cache\ApexTraderAI
2026-02-22T07:26:55.3096345Z   FAILING_STEP: unknown
2026-02-22T07:26:55.3096520Z ##[endgroup]
2026-02-22T07:26:56.4165123Z ##[group]Run actions/upload-artifact@v4
2026-02-22T07:26:56.4165421Z with:
2026-02-22T07:26:56.4165599Z   name: diag_full_22272555605_1
2026-02-22T07:26:56.4165869Z   if-no-files-found: warn
2026-02-22T07:26:56.4166076Z   retention-days: 7
2026-02-22T07:26:56.4166519Z   path: C:\Users\becky\OneDrive\ãƒ‡ã‚¹ã‚¯ãƒˆãƒƒãƒ—\Python\apex-trader-ai\actions-runner\_work\_temp\diag_full_22272555605_1.zip
2026-02-22T07:26:56.4167023Z   compression-level: 6
2026-02-22T07:26:56.4167220Z   overwrite: false
2026-02-22T07:26:56.4167421Z   include-hidden-files: false
2026-02-22T07:26:56.4167649Z env:
2026-02-22T07:26:56.4167863Z   REPO_ROOT: C:\work\apex_repo_cache\ApexTraderAI
2026-02-22T07:26:56.4168201Z ##[endgroup]
2026-02-22T07:26:56.7018359Z With the provided path, there will be 1 file uploaded
2026-02-22T07:26:56.7025331Z Artifact name is valid!
2026-02-22T07:26:56.7028919Z Root directory input is valid!
2026-02-22T07:26:57.2750184Z Beginning upload of artifact content to blob storage
2026-02-22T07:26:58.3314785Z Uploaded bytes 89361
2026-02-22T07:26:58.5090391Z Finished uploading artifact content to blob storage!
2026-02-22T07:26:58.5093469Z SHA256 digest of uploaded artifact zip is 88c3360eab8c6fc310dc3ee42a83cd4c4c0cc1f503005adbbffec6cd28ee7148
2026-02-22T07:26:58.5095215Z Finalizing artifact upload
2026-02-22T07:26:58.7417739Z Artifact diag_full_22272555605_1.zip successfully finalized. Artifact ID 5605771988
2026-02-22T07:26:58.7420185Z Artifact diag_full_22272555605_1 has been successfully uploaded! Final size is 89361 bytes. Artifact ID is 5605771988
2026-02-22T07:26:58.7431737Z Artifact download URL: https://github.com/toki866/ApexTraderAI/actions/runs/22272555605/artifacts/5605771988
2026-02-22T07:26:58.7823097Z ##[group]Run actions/upload-artifact@v4
2026-02-22T07:26:58.7823697Z with:
2026-02-22T07:26:58.7823922Z   name: diagnostics
2026-02-22T07:26:58.7824121Z   if-no-files-found: warn
2026-02-22T07:26:58.7824367Z   path: _diagnostics/**/*
2026-02-22T07:26:58.7824577Z   compression-level: 6
2026-02-22T07:26:58.7824778Z   overwrite: false
2026-02-22T07:26:58.7824973Z   include-hidden-files: false
2026-02-22T07:26:58.7825186Z env:
2026-02-22T07:26:58.7825383Z   REPO_ROOT: C:\work\apex_repo_cache\ApexTraderAI
2026-02-22T07:26:58.7825668Z ##[endgroup]
2026-02-22T07:26:59.1183096Z ##[warning]No files were found with the provided path: _diagnostics/**/*. No artifacts will be uploaded.
2026-02-22T07:26:59.1307354Z Cleaning up orphan processes

----- FILE: actions_logs/run/10_Stage console log in workspace.txt -----
ï»¿2026-02-22T07:26:31.9272790Z ##[group]Run $workspaceTemp = Join-Path $env:GITHUB_WORKSPACE 'temp'
2026-02-22T07:26:31.9277797Z [36;1m$workspaceTemp = Join-Path $env:GITHUB_WORKSPACE 'temp'[0m
2026-02-22T07:26:31.9282498Z [36;1m$null = New-Item -Path $workspaceTemp -ItemType Directory -Force[0m
2026-02-22T07:26:31.9287466Z [36;1m$consoleLog = Join-Path $env:RUNNER_TEMP 'run_all_local_then_copy_console.log'[0m
2026-02-22T07:26:31.9292420Z [36;1m$workspaceConsoleLog = Join-Path $workspaceTemp 'run_all_local_then_copy_console.log'[0m
2026-02-22T07:26:31.9295237Z [36;1mif (Test-Path $consoleLog) {[0m
2026-02-22T07:26:31.9299738Z [36;1m  Copy-Item -Path $consoleLog -Destination $workspaceConsoleLog -Force[0m
2026-02-22T07:26:31.9303052Z [36;1m  Write-Host "Staged console log: $workspaceConsoleLog"[0m
2026-02-22T07:26:31.9303576Z [36;1m} else {[0m
2026-02-22T07:26:31.9303958Z [36;1m  Write-Warning "Console log not found at: $consoleLog"[0m
2026-02-22T07:26:31.9304441Z [36;1m  @([0m
2026-02-22T07:26:31.9304842Z [36;1m    '[WARN] Console log was not generated by BAT execution.',[0m
2026-02-22T07:26:31.9305721Z [36;1m    '[WARN] Never finish a workflow run without leaving a readable log artifact.',[0m
2026-02-22T07:26:31.9308785Z [36;1m    ('[WARN] generated_at={0}' -f (Get-Date -Format 'yyyy-MM-dd HH:mm:ss zzz'))[0m
2026-02-22T07:26:31.9311436Z [36;1m  ) | Set-Content -Path $workspaceConsoleLog -Encoding UTF8[0m
2026-02-22T07:26:31.9314299Z [36;1m  Write-Host "Created fallback console log: $workspaceConsoleLog"[0m
2026-02-22T07:26:31.9317507Z [36;1m}[0m
2026-02-22T07:26:31.9446002Z shell: C:\Windows\System32\WindowsPowerShell\v1.0\powershell.EXE -NoProfile -ExecutionPolicy Bypass -Command "{0}"
2026-02-22T07:26:31.9454197Z env:
2026-02-22T07:26:31.9454853Z   REPO_ROOT: C:\work\apex_repo_cache\ApexTraderAI
2026-02-22T07:26:31.9459633Z ##[endgroup]
2026-02-22T07:26:32.2383996Z Staged console log: C:\Users\becky\OneDrive\ãƒ‡ã‚¹ã‚¯ãƒˆãƒƒãƒ—\Python\apex-trader-ai\actions-runner\_work\ApexTraderAI\ApexTraderAI\temp\run_all_local_then_copy_console.log

----- FILE: actions_logs/run/11_Append error tails to ONE_TAP (always).txt -----
ï»¿2026-02-22T07:26:32.2651281Z ##[group]Run $ErrorActionPreference = 'Continue'
2026-02-22T07:26:32.2652130Z [36;1m$ErrorActionPreference = 'Continue'[0m
2026-02-22T07:26:32.2652618Z [36;1m[0m
2026-02-22T07:26:32.2653133Z [36;1m$report = Join-Path $env:GITHUB_WORKSPACE 'temp\ONE_TAP_ERROR_REPORT.txt'[0m
2026-02-22T07:26:32.2653919Z [36;1mif (!(Test-Path $report)) {[0m
2026-02-22T07:26:32.2654634Z [36;1m  New-Item -Path (Split-Path $report -Parent) -ItemType Directory -Force | Out-Null[0m
2026-02-22T07:26:32.2655726Z [36;1m  '[WARN] ONE_TAP report missing; created.' | Set-Content -Path $report -Encoding UTF8[0m
2026-02-22T07:26:32.2656460Z [36;1m}[0m
2026-02-22T07:26:32.2656762Z [36;1m[0m
2026-02-22T07:26:32.2657061Z [36;1mAdd-Content $report ""[0m
2026-02-22T07:26:32.2657563Z [36;1mAdd-Content $report "[STEP] append_error_tails"[0m
2026-02-22T07:26:32.2658545Z [36;1mAdd-Content $report ("timestamp={0}" -f (Get-Date -Format 'yyyy-MM-dd HH:mm:ss zzz'))[0m
2026-02-22T07:26:32.2659434Z [36;1m[0m
2026-02-22T07:26:32.2659839Z [36;1m# python env snapshot (to compare with local)[0m
2026-02-22T07:26:32.2660432Z [36;1mAdd-Content $report "---- python_env ----"[0m
2026-02-22T07:26:32.2661338Z [36;1mtry { (& where.exe python 2>&1) | Add-Content $report } catch { ($_ | Out-String) | Add-Content $report }[0m
2026-02-22T07:26:32.2662935Z [36;1mtry { (& python --version 2>&1) | Add-Content $report } catch { ($_ | Out-String) | Add-Content $report }[0m
2026-02-22T07:26:32.2664369Z [36;1mtry { (& python -c "import sys; print(sys.executable)" 2>&1) | Add-Content $report } catch { ($_ | Out-String) | Add-Content $report }[0m
2026-02-22T07:26:32.2665370Z [36;1m[0m
2026-02-22T07:26:32.2665665Z [36;1m# console log tail[0m
2026-02-22T07:26:32.2666314Z [36;1m$consoleLog = Join-Path $env:RUNNER_TEMP 'run_all_local_then_copy_console.log'[0m
2026-02-22T07:26:32.2667228Z [36;1mAdd-Content $report ("[INFO] console_log={0}" -f $consoleLog)[0m
2026-02-22T07:26:32.2667839Z [36;1mif (Test-Path $consoleLog) {[0m
2026-02-22T07:26:32.2668448Z [36;1m  Add-Content $report "---- console_log_tail (last 350 lines) ----"[0m
2026-02-22T07:26:32.2669423Z [36;1m  (Get-Content $consoleLog -Tail 350 -ErrorAction SilentlyContinue) | Add-Content $report[0m
2026-02-22T07:26:32.2670406Z [36;1m} else {[0m
2026-02-22T07:26:32.2681248Z [36;1m  Add-Content $report "[WARN] console log not found"[0m
2026-02-22T07:26:32.2681797Z [36;1m}[0m
2026-02-22T07:26:32.2682053Z [36;1m[0m
2026-02-22T07:26:32.2682317Z [36;1m# run_*.log tail (best effort)[0m
2026-02-22T07:26:32.2682764Z [36;1m$workRoot = 'C:\work\apex_work\runs'[0m
2026-02-22T07:26:32.2683636Z [36;1m$latestRunDir = Get-ChildItem -Path $workRoot -Directory -ErrorAction SilentlyContinue |[0m
2026-02-22T07:26:32.2684646Z [36;1m  Sort-Object LastWriteTime -Descending | Select-Object -First 1[0m
2026-02-22T07:26:32.2685442Z [36;1mAdd-Content $report ("[INFO] work_root={0}" -f $workRoot)[0m
2026-02-22T07:26:32.2686057Z [36;1mif ($latestRunDir) {[0m
2026-02-22T07:26:32.2686645Z [36;1m  Add-Content $report ("[INFO] latest_run_dir={0}" -f $latestRunDir.FullName)[0m
2026-02-22T07:26:32.2688034Z [36;1m  $latestRunLog = Get-ChildItem -Path (Join-Path $latestRunDir.FullName 'logs') -Filter 'run_*.log' -File -ErrorAction SilentlyContinue |[0m
2026-02-22T07:26:32.2689273Z [36;1m    Sort-Object LastWriteTime -Descending | Select-Object -First 1[0m
2026-02-22T07:26:32.2689915Z [36;1m  if ($latestRunLog) {[0m
2026-02-22T07:26:32.2690506Z [36;1m    Add-Content $report ("[INFO] run_log={0}" -f $latestRunLog.FullName)[0m
2026-02-22T07:26:32.2691282Z [36;1m    Add-Content $report "---- run_log_tail (last 350 lines) ----"[0m
2026-02-22T07:26:32.2692050Z [36;1m    (Get-Content $latestRunLog.FullName -Tail 350 -ErrorAction SilentlyContinue) | Add-Content $report[0m
2026-02-22T07:26:32.2692504Z [36;1m  } else {[0m
2026-02-22T07:26:32.2692823Z [36;1m    Add-Content $report "[WARN] run_*.log not found under latest_run_dir\logs"[0m
2026-02-22T07:26:32.2694664Z [36;1m  }[0m
2026-02-22T07:26:32.2694815Z [36;1m} else {[0m
2026-02-22T07:26:32.2695076Z [36;1m  Add-Content $report "[WARN] no run_dir found under work_root"[0m
2026-02-22T07:26:32.2695385Z [36;1m}[0m
2026-02-22T07:26:32.2695535Z [36;1m[0m
2026-02-22T07:26:32.2695697Z [36;1m$global:LASTEXITCODE = 0[0m
2026-02-22T07:26:32.2695903Z [36;1mexit 0[0m
2026-02-22T07:26:32.2711476Z shell: C:\Windows\System32\WindowsPowerShell\v1.0\powershell.EXE -NoProfile -ExecutionPolicy Bypass -Command "{0}"
2026-02-22T07:26:32.2711964Z env:
2026-02-22T07:26:32.2712157Z   REPO_ROOT: C:\work\apex_repo_cache\ApexTraderAI
2026-02-22T07:26:32.2712406Z ##[endgroup]

----- FILE: actions_logs/run/12_Package diagnostics to OneDrive (always).txt -----
ï»¿2026-02-22T07:26:33.0651263Z ##[group]Run $ErrorActionPreference = 'Stop'
2026-02-22T07:26:33.0652030Z [36;1m$ErrorActionPreference = 'Stop'[0m
2026-02-22T07:26:33.0652545Z [36;1m$diagScript = Join-Path $env:REPO_ROOT 'scripts\package_diagnostics_to_onedrive.ps1'[0m
2026-02-22T07:26:33.0653165Z [36;1m$reportPath = Join-Path $env:GITHUB_WORKSPACE 'temp\ONE_TAP_ERROR_REPORT.txt'[0m
2026-02-22T07:26:33.0653583Z [36;1m[0m
2026-02-22T07:26:33.0653816Z [36;1mAdd-Content -Path $reportPath -Value @([0m
2026-02-22T07:26:33.0654173Z [36;1m  '[STEP] package_diagnostics_to_onedrive',[0m
2026-02-22T07:26:33.0654779Z [36;1m  ('[INFO] diag_script={0}' -f $diagScript)[0m
2026-02-22T07:26:33.0655053Z [36;1m)[0m
2026-02-22T07:26:33.0655301Z [36;1mWrite-Host "Diagnostics script path: $diagScript"[0m
2026-02-22T07:26:33.0655617Z [36;1m[0m
2026-02-22T07:26:33.0655806Z [36;1m$diagDirCandidates = @()[0m
2026-02-22T07:26:33.0656057Z [36;1mif ($env:OneDrive) {[0m
2026-02-22T07:26:33.0656453Z [36;1m  $diagDirCandidates += (Join-Path $env:OneDrive 'ApexTraderAI\diagnostics')[0m
2026-02-22T07:26:33.0656900Z [36;1m}[0m
2026-02-22T07:26:33.0657085Z [36;1mif ($env:USERPROFILE) {[0m
2026-02-22T07:26:33.0657523Z [36;1m  $diagDirCandidates += (Join-Path $env:USERPROFILE 'OneDrive\ApexTraderAI\diagnostics')[0m
2026-02-22T07:26:33.0658110Z [36;1m}[0m
2026-02-22T07:26:33.0658426Z [36;1m$diagDirCandidates += (Join-Path $env:RUNNER_TEMP 'ApexTraderAI\diagnostics')[0m
2026-02-22T07:26:33.0658827Z [36;1m[0m
2026-02-22T07:26:33.0658992Z [36;1m$selectedDiagDir = $null[0m
2026-02-22T07:26:33.0659288Z [36;1mforeach ($candidate in $diagDirCandidates) {[0m
2026-02-22T07:26:33.0659570Z [36;1m  try {[0m
2026-02-22T07:26:33.0659905Z [36;1m    $null = New-Item -Path $candidate -ItemType Directory -Force -ErrorAction Stop[0m
2026-02-22T07:26:33.0660356Z [36;1m    $selectedDiagDir = $candidate[0m
2026-02-22T07:26:33.0660604Z [36;1m    break[0m
2026-02-22T07:26:33.0660785Z [36;1m  } catch {[0m
2026-02-22T07:26:33.0661235Z [36;1m    Write-Warning "Diagnostics dir candidate unavailable: $candidate ($($_.Exception.Message))"[0m
2026-02-22T07:26:33.0661717Z [36;1m  }[0m
2026-02-22T07:26:33.0661889Z [36;1m}[0m
2026-02-22T07:26:33.0662037Z [36;1m[0m
2026-02-22T07:26:33.0662252Z [36;1mif (-not $selectedDiagDir) {[0m
2026-02-22T07:26:33.0662566Z [36;1m  Add-Content -Path $reportPath -Value @([0m
2026-02-22T07:26:33.0662903Z [36;1m    '[NG] package_diagnostics_to_onedrive',[0m
2026-02-22T07:26:33.0663226Z [36;1m    '[NG] selected diagnostics dir unavailable',[0m
2026-02-22T07:26:33.0663529Z [36;1m    ''[0m
2026-02-22T07:26:33.0663696Z [36;1m  )[0m
2026-02-22T07:26:33.0664132Z [36;1m  throw 'Unable to resolve diagnostics output directory from OneDrive/USERPROFILE/RUNNER_TEMP candidates.'[0m
2026-02-22T07:26:33.0664633Z [36;1m}[0m
2026-02-22T07:26:33.0664789Z [36;1m[0m
2026-02-22T07:26:33.0665071Z [36;1mWrite-Host "Selected diagnostics output dir: $selectedDiagDir"[0m
2026-02-22T07:26:33.0665641Z [36;1m"diag_dir=$selectedDiagDir" | Out-File -FilePath $env:GITHUB_OUTPUT -Encoding utf8 -Append[0m
2026-02-22T07:26:33.0666083Z [36;1m[0m
2026-02-22T07:26:33.0666256Z [36;1mif (Test-Path $diagScript) {[0m
2026-02-22T07:26:33.0666735Z [36;1m  powershell -NoProfile -ExecutionPolicy Bypass -File $diagScript -DiagDir "$selectedDiagDir"[0m
2026-02-22T07:26:33.0667222Z [36;1m  if ($LASTEXITCODE -ne 0) {[0m
2026-02-22T07:26:33.0667508Z [36;1m    Add-Content -Path $reportPath -Value @([0m
2026-02-22T07:26:33.0667843Z [36;1m      '[NG] package_diagnostics_to_onedrive',[0m
2026-02-22T07:26:33.0668167Z [36;1m      ('[NG] exit_code={0}' -f $LASTEXITCODE),[0m
2026-02-22T07:26:33.0668439Z [36;1m      ''[0m
2026-02-22T07:26:33.0668597Z [36;1m    )[0m
2026-02-22T07:26:33.0668891Z [36;1m    Write-Error "Diagnostics script exited with code $LASTEXITCODE"[0m
2026-02-22T07:26:33.0669278Z [36;1m    exit $LASTEXITCODE[0m
2026-02-22T07:26:33.0669487Z [36;1m  }[0m
2026-02-22T07:26:33.0671361Z [36;1m  Add-Content -Path $reportPath -Value @([0m
2026-02-22T07:26:33.0671677Z [36;1m    '[OK] package_diagnostics_to_onedrive',[0m
2026-02-22T07:26:33.0671997Z [36;1m    ('[OK] diag_dir={0}' -f $selectedDiagDir),[0m
2026-02-22T07:26:33.0672288Z [36;1m    ''[0m
2026-02-22T07:26:33.0672451Z [36;1m  )[0m
2026-02-22T07:26:33.0672611Z [36;1m} else {[0m
2026-02-22T07:26:33.0672832Z [36;1m  Add-Content -Path $reportPath -Value @([0m
2026-02-22T07:26:33.0673168Z [36;1m    '[NG] package_diagnostics_to_onedrive',[0m
2026-02-22T07:26:33.0673478Z [36;1m    '[NG] diagnostics script not found',[0m
2026-02-22T07:26:33.0673907Z [36;1m    ''[0m
2026-02-22T07:26:33.0674058Z [36;1m  )[0m
2026-02-22T07:26:33.0674321Z [36;1m  Write-Error "Diagnostics script not found: $diagScript"[0m
2026-02-22T07:26:33.0674635Z [36;1m  exit 1[0m
2026-02-22T07:26:33.0674799Z [36;1m}[0m
2026-02-22T07:26:33.0674956Z [36;1m[0m
2026-02-22T07:26:33.0675168Z [36;1mif ((Get-Item $reportPath).Length -gt 60000) {[0m
2026-02-22T07:26:33.0675509Z [36;1m  $tail = Get-Content -Path $reportPath -Raw[0m
2026-02-22T07:26:33.0675884Z [36;1m  $tail = $tail.Substring([Math]::Max(0, $tail.Length - 60000))[0m
2026-02-22T07:26:33.0676318Z [36;1m  Set-Content -Path $reportPath -Value $tail -Encoding UTF8[0m
2026-02-22T07:26:33.0676643Z [36;1m}[0m
2026-02-22T07:26:33.0694411Z shell: C:\Windows\System32\WindowsPowerShell\v1.0\powershell.EXE -NoProfile -ExecutionPolicy Bypass -Command "{0}"
2026-02-22T07:26:33.0694980Z env:
2026-02-22T07:26:33.0705274Z   REPO_ROOT: C:\work\apex_repo_cache\ApexTraderAI
2026-02-22T07:26:33.0705808Z ##[endgroup]
2026-02-22T07:26:33.3319369Z Diagnostics script path: C:\work\apex_repo_cache\ApexTraderAI\scripts\package_diagnostics_to_onedrive.ps1
2026-02-22T07:26:33.3409073Z Selected diagnostics output dir: C:\Users\becky\OneDrive\ApexTraderAI\diagnostics
2026-02-22T07:26:33.6130679Z runnerDiag=C:\Users\becky\OneDrive\ãƒ‡ã‚¹ã‚¯ãƒˆãƒƒãƒ—\Python\apex-trader-ai\actions-runner\_diag
2026-02-22T07:26:33.6136801Z diagDir=C:\Users\becky\OneDrive\ApexTraderAI\diagnostics
2026-02-22T07:26:34.1118313Z WARNING: Primary diagnostics archive failed: The process cannot access the file 
2026-02-22T07:26:34.1119200Z 'C:\Users\becky\OneDrive\ãƒ‡ã‚¹ã‚¯ãƒˆãƒƒãƒ—\Python\apex-trader-ai\actions-runner\_diag\blocks\448abe95-3c06-4102-a727-795e6520a4ce_
2026-02-22T07:26:34.1119998Z 16924426-1288-5aac-bf48-097bb2d9582a.1' because it is being used by another process.
2026-02-22T07:26:34.1706720Z zipPath=C:\Users\becky\OneDrive\ApexTraderAI\diagnostics\diag_22272555605_1_20260222_162633.zip
2026-02-22T07:26:34.1944528Z 
2026-02-22T07:26:34.1944916Z 
2026-02-22T07:26:34.1946871Z     ãƒ‡ã‚£ãƒ¬ã‚¯ãƒˆãƒª: C:\Users\becky\OneDrive\ApexTraderAI\diagnostics
2026-02-22T07:26:34.1947182Z 
2026-02-22T07:26:34.1947188Z 
2026-02-22T07:26:34.1951804Z Mode                 LastWriteTime         Length Name                                                                 
2026-02-22T07:26:34.1953544Z ----                 -------------         ------ ----                                                                 
2026-02-22T07:26:34.1957971Z -a----        2026/02/22     16:26           4823 diag_22272555605_1_20260222_162633.zip                               
2026-02-22T07:26:34.1980689Z -a----        2026/02/22     15:58           5932 diag_22272392052_1_20260222_155847.zip                               
2026-02-22T07:26:34.1991117Z -a----        2026/02/22     15:31           4959 diag_22272036196_1_20260222_153148.zip                               
2026-02-22T07:26:34.1999917Z -a----        2026/02/22     12:43           4931 diag_22269818512_1_20260222_124330.zip                               
2026-02-22T07:26:34.2029394Z -a----        2026/02/22     11:45           4930 diag_22269035409_1_20260222_114503.zip                               
2026-02-22T07:26:34.2055793Z -a----        2026/02/22     11:17           4934 diag_22268676913_1_20260222_111738.zip                               
2026-02-22T07:26:34.2091559Z -a----        2026/02/22     11:01           6771 diag_22268462317_1_20260222_110151.zip                               
2026-02-22T07:26:34.2117802Z -a----        2026/02/22      9:55           6061 diag_22267589833_1_20260222_095503.zip                               
2026-02-22T07:26:34.2126549Z -a----        2026/02/21     20:02           5153 diag_22255636168_1_20260221_200205.zip                               
2026-02-22T07:26:34.2133686Z -a----        2026/02/21     19:50           5225 diag_22255482209_1_20260221_195016.zip                               
2026-02-22T07:26:34.2140258Z -a----        2026/02/21     18:51           5266 diag_22254693514_1_20260221_185125.zip                               
2026-02-22T07:26:34.2146893Z -a----        2026/02/21     18:03           4845 diag_22254040899_1_20260221_180313.zip                               
2026-02-22T07:26:34.2153441Z -a----        2026/02/21     17:57           4845 diag_22253961100_1_20260221_175721.zip                               
2026-02-22T07:26:34.2160331Z -a----        2026/02/21     17:23           4840 diag_22253509025_1_20260221_172305.zip                               
2026-02-22T07:26:34.2166498Z -a----        2026/02/21     16:43           4839 diag_22252976665_1_20260221_164333.zip                               
2026-02-22T07:26:34.2173146Z -a----        2026/02/21     16:11           4806 diag_22252533924_1_20260221_161105.zip                               
2026-02-22T07:26:34.2180126Z -a----        2026/02/21     15:35           4851 diag_22252052676_1_20260221_153526.zip                               
2026-02-22T07:26:34.2186611Z -a----        2026/02/21     15:17           4846 diag_22251800216_1_20260221_151709.zip                               
2026-02-22T07:26:34.2193398Z -a----        2026/02/21     13:43           4912 diag_22250512578_1_20260221_134327.zip                               
2026-02-22T07:26:34.2200004Z -a----        2026/02/21     11:34           4944 diag_22248695422_1_20260221_113420.zip                               
2026-02-22T07:26:34.2206568Z -a----        2026/02/21     11:09           4759 diag_22248308415_1_20260221_110900.zip                               
2026-02-22T07:26:34.2213198Z -a----        2026/02/21     10:51           4964 diag_22248046183_1_20260221_105148.zip                               
2026-02-22T07:26:34.2213637Z 
2026-02-22T07:26:34.2213648Z 

----- FILE: actions_logs/run/13_Verify diagnostics directory content.txt -----
ï»¿2026-02-22T07:26:34.2820907Z ##[group]Run $ErrorActionPreference = 'Stop'
2026-02-22T07:26:34.2821509Z [36;1m$ErrorActionPreference = 'Stop'[0m
2026-02-22T07:26:34.2822059Z [36;1m$diagDir = 'C:\Users\becky\OneDrive\ApexTraderAI\diagnostics'[0m
2026-02-22T07:26:34.2822696Z [36;1mif (-not $diagDir) {[0m
2026-02-22T07:26:34.2823371Z [36;1m  $diagDir = Join-Path $env:RUNNER_TEMP 'ApexTraderAI\diagnostics'[0m
2026-02-22T07:26:34.2823925Z [36;1m}[0m
2026-02-22T07:26:34.2824238Z [36;1mWrite-Host '=== diagnostics dir listing ==='[0m
2026-02-22T07:26:34.2824693Z [36;1mif (Test-Path $diagDir) {[0m
2026-02-22T07:26:34.2825119Z [36;1m  dir $diagDir[0m
2026-02-22T07:26:34.2825454Z [36;1m} else {[0m
2026-02-22T07:26:34.2825913Z [36;1m  Write-Warning "Diagnostics directory not found: $diagDir"[0m
2026-02-22T07:26:34.2826520Z [36;1m}[0m
2026-02-22T07:26:34.2826803Z [36;1m[0m
2026-02-22T07:26:34.2827589Z [36;1m$latestZip = Get-ChildItem -Path $diagDir -File -Filter 'diag_*.zip' -ErrorAction SilentlyContinue |[0m
2026-02-22T07:26:34.2828709Z [36;1m  Sort-Object LastWriteTime -Descending |[0m
2026-02-22T07:26:34.2829267Z [36;1m  Select-Object -First 1[0m
2026-02-22T07:26:34.2829690Z [36;1m[0m
2026-02-22T07:26:34.2830098Z [36;1mif (-not $latestZip) {[0m
2026-02-22T07:26:34.2830695Z [36;1m  Write-Warning "diag zip missing in $diagDir"[0m
2026-02-22T07:26:34.2831432Z [36;1m  Write-Host 'Hint: package diagnostics step uses OneDrive -> USERPROFILE\\OneDrive -> RUNNER_TEMP fallback. Check step logs for selected path and creation errors.'[0m
2026-02-22T07:26:34.2832111Z [36;1m  exit 0[0m
2026-02-22T07:26:34.2832268Z [36;1m}[0m
2026-02-22T07:26:34.2832414Z [36;1m[0m
2026-02-22T07:26:34.2832672Z [36;1mWrite-Host "latestDiagZip=$($latestZip.FullName)"[0m
2026-02-22T07:26:34.2850711Z shell: C:\Windows\System32\WindowsPowerShell\v1.0\powershell.EXE -NoProfile -ExecutionPolicy Bypass -Command "{0}"
2026-02-22T07:26:34.2851232Z env:
2026-02-22T07:26:34.2851423Z   REPO_ROOT: C:\work\apex_repo_cache\ApexTraderAI
2026-02-22T07:26:34.2851706Z ##[endgroup]
2026-02-22T07:26:34.4958491Z === diagnostics dir listing ===
2026-02-22T07:26:34.5385740Z 
2026-02-22T07:26:34.5386269Z 
2026-02-22T07:26:34.5388081Z     ãƒ‡ã‚£ãƒ¬ã‚¯ãƒˆãƒª: C:\Users\becky\OneDrive\ApexTraderAI\diagnostics
2026-02-22T07:26:34.5388364Z 
2026-02-22T07:26:34.5388370Z 
2026-02-22T07:26:34.5391988Z Mode                 LastWriteTime         Length Name                                                                 
2026-02-22T07:26:34.5393267Z ----                 -------------         ------ ----                                                                 
2026-02-22T07:26:34.5396629Z -a----        2026/02/21     10:51           4964 diag_22248046183_1_20260221_105148.zip                               
2026-02-22T07:26:34.5405451Z -a----        2026/02/21     11:09           4759 diag_22248308415_1_20260221_110900.zip                               
2026-02-22T07:26:34.5412643Z -a----        2026/02/21     11:34           4944 diag_22248695422_1_20260221_113420.zip                               
2026-02-22T07:26:34.5419780Z -a----        2026/02/21     13:43           4912 diag_22250512578_1_20260221_134327.zip                               
2026-02-22T07:26:34.5426682Z -a----        2026/02/21     15:17           4846 diag_22251800216_1_20260221_151709.zip                               
2026-02-22T07:26:34.5433590Z -a----        2026/02/21     15:35           4851 diag_22252052676_1_20260221_153526.zip                               
2026-02-22T07:26:34.5440464Z -a----        2026/02/21     16:11           4806 diag_22252533924_1_20260221_161105.zip                               
2026-02-22T07:26:34.5447481Z -a----        2026/02/21     16:43           4839 diag_22252976665_1_20260221_164333.zip                               
2026-02-22T07:26:34.5454538Z -a----        2026/02/21     17:23           4840 diag_22253509025_1_20260221_172305.zip                               
2026-02-22T07:26:34.5461839Z -a----        2026/02/21     17:57           4845 diag_22253961100_1_20260221_175721.zip                               
2026-02-22T07:26:34.5468893Z -a----        2026/02/21     18:03           4845 diag_22254040899_1_20260221_180313.zip                               
2026-02-22T07:26:34.5475936Z -a----        2026/02/21     18:51           5266 diag_22254693514_1_20260221_185125.zip                               
2026-02-22T07:26:34.5482890Z -a----        2026/02/21     19:50           5225 diag_22255482209_1_20260221_195016.zip                               
2026-02-22T07:26:34.5490002Z -a----        2026/02/21     20:02           5153 diag_22255636168_1_20260221_200205.zip                               
2026-02-22T07:26:34.5496866Z -a----        2026/02/22      9:55           6061 diag_22267589833_1_20260222_095503.zip                               
2026-02-22T07:26:34.5504316Z -a----        2026/02/22     11:01           6771 diag_22268462317_1_20260222_110151.zip                               
2026-02-22T07:26:34.5518975Z -a----        2026/02/22     11:17           4934 diag_22268676913_1_20260222_111738.zip                               
2026-02-22T07:26:34.5520305Z -a----        2026/02/22     11:45           4930 diag_22269035409_1_20260222_114503.zip                               
2026-02-22T07:26:34.5526933Z -a----        2026/02/22     12:43           4931 diag_22269818512_1_20260222_124330.zip                               
2026-02-22T07:26:34.5534930Z -a----        2026/02/22     15:31           4959 diag_22272036196_1_20260222_153148.zip                               
2026-02-22T07:26:34.5543332Z -a----        2026/02/22     15:58           5932 diag_22272392052_1_20260222_155847.zip                               
2026-02-22T07:26:34.5550635Z -a----        2026/02/22     16:26           4823 diag_22272555605_1_20260222_162633.zip                               
2026-02-22T07:26:34.5669556Z latestDiagZip=C:\Users\becky\OneDrive\ApexTraderAI\diagnostics\diag_22272555605_1_20260222_162633.zip
2026-02-22T07:26:34.5674299Z 
2026-02-22T07:26:34.5674416Z 

----- FILE: actions_logs/run/15_Resolve latest run artifacts.txt -----
ï»¿2026-02-22T07:26:34.6013476Z ##[group]Run $workRoot = 'C:\work\apex_work\runs'
2026-02-22T07:26:34.6014507Z [36;1m$workRoot = 'C:\work\apex_work\runs'[0m
2026-02-22T07:26:34.6015197Z [36;1m$consoleLog = Join-Path $env:RUNNER_TEMP 'run_all_local_then_copy_console.log'[0m
2026-02-22T07:26:34.6015749Z [36;1m$reportPath = Join-Path $env:GITHUB_WORKSPACE 'temp\ONE_TAP_ERROR_REPORT.txt'[0m
2026-02-22T07:26:34.6016139Z [36;1m[0m
2026-02-22T07:26:34.6016345Z [36;1mAdd-Content -Path $reportPath -Value @([0m
2026-02-22T07:26:34.6016714Z [36;1m  '[STEP] resolve_latest_run_artifacts',[0m
2026-02-22T07:26:34.6017065Z [36;1m  ('[INFO] work_root={0}' -f $workRoot)[0m
2026-02-22T07:26:34.6017322Z [36;1m)[0m
2026-02-22T07:26:34.6017467Z [36;1m[0m
2026-02-22T07:26:34.6017616Z [36;1m$runId = ''[0m
2026-02-22T07:26:34.6017816Z [36;1mif (Test-Path $consoleLog) {[0m
2026-02-22T07:26:34.6018293Z [36;1m  $runIdLine = Select-String -Path $consoleLog -Pattern '^\[OK\] run_id=' | Select-Object -Last 1[0m
2026-02-22T07:26:34.6018794Z [36;1m  if ($runIdLine) {[0m
2026-02-22T07:26:34.6019121Z [36;1m    $runId = ($runIdLine.Line -replace '^\[OK\] run_id=', '').Trim()[0m
2026-02-22T07:26:34.6019464Z [36;1m  }[0m
2026-02-22T07:26:34.6019686Z [36;1m}[0m
2026-02-22T07:26:34.6019890Z [36;1m[0m
2026-02-22T07:26:34.6020046Z [36;1m$runDir = $null[0m
2026-02-22T07:26:34.6020266Z [36;1mif ($runId) {[0m
2026-02-22T07:26:34.6020501Z [36;1m  $candidateDir = Join-Path $workRoot $runId[0m
2026-02-22T07:26:34.6020808Z [36;1m  if (Test-Path $candidateDir) {[0m
2026-02-22T07:26:34.6021078Z [36;1m    $runDir = Get-Item $candidateDir[0m
2026-02-22T07:26:34.6021352Z [36;1m  }[0m
2026-02-22T07:26:34.6021505Z [36;1m}[0m
2026-02-22T07:26:34.6021652Z [36;1m[0m
2026-02-22T07:26:34.6021868Z [36;1mif (-not $runDir -and (Test-Path $workRoot)) {[0m
2026-02-22T07:26:34.6022457Z [36;1m  $runDir = Get-ChildItem -Path $workRoot -Directory | Sort-Object LastWriteTime -Descending | Select-Object -First 1[0m
2026-02-22T07:26:34.6023087Z [36;1m  if ($runDir -and -not $runId) {[0m
2026-02-22T07:26:34.6023338Z [36;1m    $runId = $runDir.Name[0m
2026-02-22T07:26:34.6023564Z [36;1m  }[0m
2026-02-22T07:26:34.6023708Z [36;1m}[0m
2026-02-22T07:26:34.6023862Z [36;1m[0m
2026-02-22T07:26:34.6024014Z [36;1mif ($runId) {[0m
2026-02-22T07:26:34.6024362Z [36;1m  "run_id=$runId" | Out-File -FilePath $env:GITHUB_OUTPUT -Encoding utf8 -Append[0m
2026-02-22T07:26:34.6024793Z [36;1m  Write-Host "Resolved run_id=$runId"[0m
2026-02-22T07:26:34.6025041Z [36;1m} else {[0m
2026-02-22T07:26:34.6025417Z [36;1m  Add-Content -Path $reportPath -Value '[NG] resolve_latest_run_artifacts run_id unresolved'[0m
2026-02-22T07:26:34.6026026Z [36;1m  Write-Warning 'Failed to resolve run_id from console log and latest run folder.'[0m
2026-02-22T07:26:34.6026509Z [36;1m}[0m
2026-02-22T07:26:34.6026657Z [36;1m[0m
2026-02-22T07:26:34.6026803Z [36;1mif ($runDir) {[0m
2026-02-22T07:26:34.6027087Z [36;1m  $logGlob = Join-Path $runDir.FullName 'logs\run_*.log'[0m
2026-02-22T07:26:34.6027532Z [36;1m  $zipPath = Join-Path $runDir.FullName ("run_{0}.zip" -f $runDir.Name)[0m
2026-02-22T07:26:34.6028060Z [36;1m  $runLogPath = Join-Path $runDir.FullName ("logs\run_{0}.log" -f $runDir.Name)[0m
2026-02-22T07:26:34.6028625Z [36;1m  "log_glob=$logGlob" | Out-File -FilePath $env:GITHUB_OUTPUT -Encoding utf8 -Append[0m
2026-02-22T07:26:34.6029296Z [36;1m  "zip_path=$zipPath" | Out-File -FilePath $env:GITHUB_OUTPUT -Encoding utf8 -Append[0m
2026-02-22T07:26:34.6029900Z [36;1m  "run_log_path=$runLogPath" | Out-File -FilePath $env:GITHUB_OUTPUT -Encoding utf8 -Append[0m
2026-02-22T07:26:34.6030525Z [36;1m  "run_dir=$($runDir.FullName)" | Out-File -FilePath $env:GITHUB_OUTPUT -Encoding utf8 -Append[0m
2026-02-22T07:26:34.6031074Z [36;1m  Write-Host "Resolved run directory: $($runDir.FullName)"[0m
2026-02-22T07:26:34.6031392Z [36;1m}[0m
2026-02-22T07:26:34.6031543Z [36;1m[0m
2026-02-22T07:26:34.6031697Z [36;1mif ($runDir) {[0m
2026-02-22T07:26:34.6033228Z [36;1m  Add-Content -Path $reportPath -Value @([0m
2026-02-22T07:26:34.6033544Z [36;1m    '[OK] resolve_latest_run_artifacts',[0m
2026-02-22T07:26:34.6034493Z [36;1m    ('[OK] run_dir={0}' -f $runDir.FullName),[0m
2026-02-22T07:26:34.6034787Z [36;1m    ('[OK] run_id={0}' -f $runId),[0m
2026-02-22T07:26:34.6035020Z [36;1m    ''[0m
2026-02-22T07:26:34.6035193Z [36;1m  )[0m
2026-02-22T07:26:34.6035334Z [36;1m}[0m
2026-02-22T07:26:34.6035483Z [36;1m[0m
2026-02-22T07:26:34.6035701Z [36;1mif ((Get-Item $reportPath).Length -gt 60000) {[0m
2026-02-22T07:26:34.6036034Z [36;1m  $tail = Get-Content -Path $reportPath -Raw[0m
2026-02-22T07:26:34.6036406Z [36;1m  $tail = $tail.Substring([Math]::Max(0, $tail.Length - 60000))[0m
2026-02-22T07:26:34.6036836Z [36;1m  Set-Content -Path $reportPath -Value $tail -Encoding UTF8[0m
2026-02-22T07:26:34.6037159Z [36;1m}[0m
2026-02-22T07:26:34.6055535Z shell: C:\Windows\System32\WindowsPowerShell\v1.0\powershell.EXE -NoProfile -ExecutionPolicy Bypass -Command "{0}"
2026-02-22T07:26:34.6056081Z env:
2026-02-22T07:26:34.6056287Z   REPO_ROOT: C:\work\apex_repo_cache\ApexTraderAI
2026-02-22T07:26:34.6056560Z ##[endgroup]
2026-02-22T07:26:34.9126547Z Resolved run_id=20260222_161032
2026-02-22T07:26:34.9186808Z Resolved run directory: C:\work\apex_work\runs\20260222_161032

----- FILE: actions_logs/run/16_Trim ONE_TAP report size.txt -----
ï»¿2026-02-22T07:26:34.9577920Z ##[group]Run $reportPath = Join-Path $env:GITHUB_WORKSPACE 'temp\ONE_TAP_ERROR_REPORT.txt'
2026-02-22T07:26:34.9578612Z [36;1m$reportPath = Join-Path $env:GITHUB_WORKSPACE 'temp\ONE_TAP_ERROR_REPORT.txt'[0m
2026-02-22T07:26:34.9579015Z [36;1m$maxBytes = 60000[0m
2026-02-22T07:26:34.9579386Z [36;1mif ((Test-Path $reportPath) -and ((Get-Item $reportPath).Length -gt $maxBytes)) {[0m
2026-02-22T07:26:34.9579865Z [36;1m  $tail = Get-Content -Path $reportPath -Raw[0m
2026-02-22T07:26:34.9580250Z [36;1m  $tail = $tail.Substring([Math]::Max(0, $tail.Length - $maxBytes))[0m
2026-02-22T07:26:34.9580698Z [36;1m  Set-Content -Path $reportPath -Value $tail -Encoding UTF8[0m
2026-02-22T07:26:34.9581016Z [36;1m}[0m
2026-02-22T07:26:34.9597472Z shell: C:\Windows\System32\WindowsPowerShell\v1.0\powershell.EXE -NoProfile -ExecutionPolicy Bypass -Command "{0}"
2026-02-22T07:26:34.9597995Z env:
2026-02-22T07:26:34.9598189Z   REPO_ROOT: C:\work\apex_repo_cache\ApexTraderAI
2026-02-22T07:26:34.9598460Z ##[endgroup]

----- FILE: actions_logs/run/17_Stage run artifacts.txt -----
ï»¿2026-02-22T07:26:35.2568055Z ##[group]Run $artifactRoot = Join-Path $env:GITHUB_WORKSPACE 'temp\desktop_artifacts'
2026-02-22T07:26:35.2568855Z [36;1m$artifactRoot = Join-Path $env:GITHUB_WORKSPACE 'temp\desktop_artifacts'[0m
2026-02-22T07:26:35.2569393Z [36;1m$null = New-Item -Path $artifactRoot -ItemType Directory -Force[0m
2026-02-22T07:26:35.2569897Z [36;1m$workspaceLogRoot = Join-Path $env:GITHUB_WORKSPACE 'artifacts\logs'[0m
2026-02-22T07:26:35.2570412Z [36;1m$null = New-Item -Path $workspaceLogRoot -ItemType Directory -Force[0m
2026-02-22T07:26:35.2570776Z [36;1m[0m
2026-02-22T07:26:35.2571137Z [36;1m$reportSource = Join-Path $env:GITHUB_WORKSPACE 'temp\ONE_TAP_ERROR_REPORT.txt'[0m
2026-02-22T07:26:35.2571702Z [36;1m$reportDest = Join-Path $artifactRoot 'ONE_TAP_ERROR_REPORT.txt'[0m
2026-02-22T07:26:35.2572109Z [36;1mif (Test-Path $reportSource) {[0m
2026-02-22T07:26:35.2572490Z [36;1m  Copy-Item -Path $reportSource -Destination $reportDest -Force[0m
2026-02-22T07:26:35.2572841Z [36;1m} else {[0m
2026-02-22T07:26:35.2573053Z [36;1m  @([0m
2026-02-22T07:26:35.2573342Z [36;1m    '[WARN] ONE_TAP_ERROR_REPORT.txt was missing at stage time.',[0m
2026-02-22T07:26:35.2573877Z [36;1m    ('timestamp={0}' -f (Get-Date -Format 'yyyy-MM-dd HH:mm:ss zzz'))[0m
2026-02-22T07:26:35.2574446Z [36;1m  ) | Set-Content -Path $reportDest -Encoding UTF8[0m
2026-02-22T07:26:35.2574732Z [36;1m}[0m
2026-02-22T07:26:35.2574876Z [36;1m[0m
2026-02-22T07:26:35.2575228Z [36;1m$consoleLog = Join-Path $env:GITHUB_WORKSPACE 'temp\run_all_local_then_copy_console.log'[0m
2026-02-22T07:26:35.2575677Z [36;1mif (Test-Path $consoleLog) {[0m
2026-02-22T07:26:35.2576225Z [36;1m  Copy-Item -Path $consoleLog -Destination (Join-Path $artifactRoot 'run_all_local_then_copy_console.log') -Force[0m
2026-02-22T07:26:35.2576971Z [36;1m}[0m
2026-02-22T07:26:35.2577120Z [36;1m[0m
2026-02-22T07:26:35.2577411Z [36;1m$runLog = 'C:\work\apex_work\runs\20260222_161032\logs\run_20260222_161032.log'[0m
2026-02-22T07:26:35.2577856Z [36;1mif ((-not $runLog) -or (-not (Test-Path $runLog))) {[0m
2026-02-22T07:26:35.2578217Z [36;1m  $runDir = 'C:\work\apex_work\runs\20260222_161032'[0m
2026-02-22T07:26:35.2578569Z [36;1m  if ($runDir -and (Test-Path $runDir)) {[0m
2026-02-22T07:26:35.2579396Z [36;1m    $latestRunLog = Get-ChildItem -Path (Join-Path $runDir 'logs') -Filter 'run_*.log' -File -ErrorAction SilentlyContinue | Sort-Object LastWriteTime -Descending | Select-Object -First 1[0m
2026-02-22T07:26:35.2580174Z [36;1m    if ($latestRunLog) {[0m
2026-02-22T07:26:35.2580428Z [36;1m      $runLog = $latestRunLog.FullName[0m
2026-02-22T07:26:35.2580681Z [36;1m    }[0m
2026-02-22T07:26:35.2580844Z [36;1m  }[0m
2026-02-22T07:26:35.2581047Z [36;1m}[0m
2026-02-22T07:26:35.2581193Z [36;1m[0m
2026-02-22T07:26:35.2581389Z [36;1mif ($runLog -and (Test-Path $runLog)) {[0m
2026-02-22T07:26:35.2581713Z [36;1m  $runLogName = Split-Path -Path $runLog -Leaf[0m
2026-02-22T07:26:35.2582180Z [36;1m  Copy-Item -Path $runLog -Destination (Join-Path $artifactRoot $runLogName) -Force[0m
2026-02-22T07:26:35.2582797Z [36;1m  Copy-Item -Path $runLog -Destination (Join-Path $workspaceLogRoot $runLogName) -Force[0m
2026-02-22T07:26:35.2583303Z [36;1m  Write-Host "Staged run log: $runLog"[0m
2026-02-22T07:26:35.2583589Z [36;1m} else {[0m
2026-02-22T07:26:35.2584112Z [36;1m  Write-Warning 'Run log was not found for artifact staging. Uploading console log artifact only.'[0m
2026-02-22T07:26:35.2584570Z [36;1m  @([0m
2026-02-22T07:26:35.2584851Z [36;1m    '[WARN] run_*.log was not found. Artifact includes console log only.',[0m
2026-02-22T07:26:35.2585357Z [36;1m    '[WARN] Never finish a workflow run without leaving a readable log artifact.',[0m
2026-02-22T07:26:35.2585887Z [36;1m    ('[WARN] generated_at={0}' -f (Get-Date -Format 'yyyy-MM-dd HH:mm:ss zzz'))[0m
2026-02-22T07:26:35.2586462Z [36;1m  ) | Set-Content -Path (Join-Path $artifactRoot 'missing_run_log_warning.txt') -Encoding UTF8[0m
2026-02-22T07:26:35.2588198Z [36;1m}[0m
2026-02-22T07:26:35.2588349Z [36;1m[0m
2026-02-22T07:26:35.2588616Z [36;1m$zipPath = 'C:\work\apex_work\runs\20260222_161032\run_20260222_161032.zip'[0m
2026-02-22T07:26:35.2589029Z [36;1mif ($zipPath -and (Test-Path $zipPath)) {[0m
2026-02-22T07:26:35.2589565Z [36;1m  Copy-Item -Path $zipPath -Destination (Join-Path $artifactRoot (Split-Path -Path $zipPath -Leaf)) -Force[0m
2026-02-22T07:26:35.2590060Z [36;1m}[0m
2026-02-22T07:26:35.2590203Z [36;1m[0m
2026-02-22T07:26:35.2590565Z [36;1m"artifact_path=$artifactRoot" | Out-File -FilePath $env:GITHUB_OUTPUT -Encoding utf8 -Append[0m
2026-02-22T07:26:35.2591094Z [36;1mWrite-Host "Staged artifacts under: $artifactRoot"[0m
2026-02-22T07:26:35.2609531Z shell: C:\Windows\System32\WindowsPowerShell\v1.0\powershell.EXE -NoProfile -ExecutionPolicy Bypass -Command "{0}"
2026-02-22T07:26:35.2610104Z env:
2026-02-22T07:26:35.2610312Z   REPO_ROOT: C:\work\apex_repo_cache\ApexTraderAI
2026-02-22T07:26:35.2610583Z ##[endgroup]
2026-02-22T07:26:35.5255985Z Staged run log: C:\work\apex_work\runs\20260222_161032\logs\run_20260222_161032.log
2026-02-22T07:26:35.5361095Z Staged artifacts under: C:\Users\becky\OneDrive\ãƒ‡ã‚¹ã‚¯ãƒˆãƒƒãƒ—\Python\apex-trader-ai\actions-runner\_work\ApexTraderAI\ApexTraderAI\temp\desktop_artifacts

----- FILE: actions_logs/run/18_Upload run artifacts.txt -----
ï»¿2026-02-22T07:26:35.5708684Z ##[group]Run actions/upload-artifact@v4
2026-02-22T07:26:35.5709374Z with:
2026-02-22T07:26:35.5709635Z   name: desktop-run-20260222_161032
2026-02-22T07:26:35.5709895Z   if-no-files-found: warn
2026-02-22T07:26:35.5710479Z   path: C:\Users\becky\OneDrive\ãƒ‡ã‚¹ã‚¯ãƒˆãƒƒãƒ—\Python\apex-trader-ai\actions-runner\_work\ApexTraderAI\ApexTraderAI\temp\desktop_artifacts\**
2026-02-22T07:26:35.5711347Z   compression-level: 6
2026-02-22T07:26:35.5711542Z   overwrite: false
2026-02-22T07:26:35.5711757Z   include-hidden-files: false
2026-02-22T07:26:35.5711973Z env:
2026-02-22T07:26:35.5712174Z   REPO_ROOT: C:\work\apex_repo_cache\ApexTraderAI
2026-02-22T07:26:35.5712458Z ##[endgroup]
2026-02-22T07:26:36.3625386Z With the provided path, there will be 41 files uploaded
2026-02-22T07:26:36.3631149Z Artifact name is valid!
2026-02-22T07:26:36.3634035Z Root directory input is valid!
2026-02-22T07:26:37.0409455Z Beginning upload of artifact content to blob storage
2026-02-22T07:26:40.7451840Z Uploaded bytes 8388608
2026-02-22T07:26:40.8709947Z Uploaded bytes 16777216
2026-02-22T07:26:42.0007962Z Uploaded bytes 25165824
2026-02-22T07:26:42.6917759Z Uploaded bytes 33554432
2026-02-22T07:26:44.3940055Z Uploaded bytes 41943040
2026-02-22T07:26:46.0701369Z Uploaded bytes 48275042
2026-02-22T07:26:46.2478033Z Finished uploading artifact content to blob storage!
2026-02-22T07:26:46.2482322Z SHA256 digest of uploaded artifact zip is c991ff1209c8ffc5887ca8da182e71fbbc2af90c34561f110f4da374948c5fdd
2026-02-22T07:26:46.2484803Z Finalizing artifact upload
2026-02-22T07:26:46.8397389Z Artifact desktop-run-20260222_161032.zip successfully finalized. Artifact ID 5605771205
2026-02-22T07:26:46.8399083Z Artifact desktop-run-20260222_161032 has been successfully uploaded! Final size is 48275042 bytes. Artifact ID is 5605771205
2026-02-22T07:26:46.8412260Z Artifact download URL: https://github.com/toki866/ApexTraderAI/actions/runs/22272555605/artifacts/5605771205

----- FILE: actions_logs/run/19_Evaluate outputs (StepA_StepE best-effort) and write report.txt -----
ï»¿2026-02-22T07:26:46.9240613Z ##[group]Run $ErrorActionPreference='Continue'
2026-02-22T07:26:46.9242904Z [36;1m$ErrorActionPreference='Continue'[0m
2026-02-22T07:26:46.9245046Z [36;1mSet-Location $env:REPO_ROOT[0m
2026-02-22T07:26:46.9245274Z [36;1m[0m
2026-02-22T07:26:46.9247297Z [36;1m$workRoot='C:\work\apex_work\runs'[0m
2026-02-22T07:26:46.9249904Z [36;1m$latest=Get-ChildItem $workRoot -Directory -ErrorAction SilentlyContinue | Sort-Object LastWriteTime -Desc | Select-Object -First 1[0m
2026-02-22T07:26:46.9252458Z [36;1mif (-not $latest) { Write-Host "[WARN] no run_dir"; exit 0 }[0m
2026-02-22T07:26:46.9254625Z [36;1m[0m
2026-02-22T07:26:46.9254835Z [36;1m$outputRoot=Join-Path $latest.FullName 'output'[0m
2026-02-22T07:26:46.9257141Z [36;1mif (-not (Test-Path $outputRoot)) { Write-Host "[WARN] no output_root"; exit 0 }[0m
2026-02-22T07:26:46.9259375Z [36;1m[0m
2026-02-22T07:26:46.9261726Z [36;1m$repDir=Join-Path $env:GITHUB_WORKSPACE 'temp\eval'[0m
2026-02-22T07:26:46.9264058Z [36;1mNew-Item $repDir -ItemType Directory -Force | Out-Null[0m
2026-02-22T07:26:46.9266300Z [36;1m$md=Join-Path $repDir 'EVAL_REPORT.md'[0m
2026-02-22T07:26:46.9266602Z [36;1m$js=Join-Path $repDir 'EVAL_REPORT.json'[0m
2026-02-22T07:26:46.9268760Z [36;1m$summary=Join-Path $repDir 'EVAL_SUMMARY.txt'[0m
2026-02-22T07:26:46.9270873Z [36;1m[0m
2026-02-22T07:26:46.9271033Z [36;1m$symbols = 'SOXL,SOXS'[0m
2026-02-22T07:26:46.9271245Z [36;1m$symbol = 'SOXL'[0m
2026-02-22T07:26:46.9273398Z [36;1mif (-not [string]::IsNullOrWhiteSpace($symbols)) {[0m
2026-02-22T07:26:46.9275567Z [36;1m  $symbol = ($symbols -split ',')[0].Trim()[0m
2026-02-22T07:26:46.9275928Z [36;1m  if ([string]::IsNullOrWhiteSpace($symbol)) { $symbol = 'SOXL' }[0m
2026-02-22T07:26:46.9278102Z [36;1m}[0m
2026-02-22T07:26:46.9278248Z [36;1m$mode = 'sim'[0m
2026-02-22T07:26:46.9280364Z [36;1mif ([string]::IsNullOrWhiteSpace($mode)) { $mode = 'sim' }[0m
2026-02-22T07:26:46.9282546Z [36;1m[0m
2026-02-22T07:26:46.9284935Z [36;1mpython scripts/evaluate_run_outputs.py --output-root "$outputRoot" --mode "$mode" --symbol "$symbol" --out-md "$md" --out-json "$js" --out-summary "$summary"[0m
2026-02-22T07:26:46.9287427Z [36;1mexit 0[0m
2026-02-22T07:26:46.9362226Z shell: C:\Windows\System32\WindowsPowerShell\v1.0\powershell.EXE -NoProfile -ExecutionPolicy Bypass -Command "{0}"
2026-02-22T07:26:46.9364572Z env:
2026-02-22T07:26:46.9364764Z   REPO_ROOT: C:\work\apex_repo_cache\ApexTraderAI
2026-02-22T07:26:46.9367027Z ##[endgroup]

----- FILE: actions_logs/run/1_Set up job.txt -----
ï»¿2026-02-22T07:10:22.5701015Z Current runner version: '2.331.0'
2026-02-22T07:10:22.5716728Z Runner name: 'DESKTOP-C54PIIA'
2026-02-22T07:10:22.5717916Z Runner group name: 'Default'
2026-02-22T07:10:22.5718981Z Machine name: 'DESKTOP-C54PIIA'
2026-02-22T07:10:22.5725126Z ##[group]GITHUB_TOKEN Permissions
2026-02-22T07:10:22.5729080Z Actions: read
2026-02-22T07:10:22.5729955Z Contents: write
2026-02-22T07:10:22.5730650Z Issues: write
2026-02-22T07:10:22.5731311Z Metadata: read
2026-02-22T07:10:22.5732172Z ##[endgroup]
2026-02-22T07:10:22.5734792Z Secret source: Actions
2026-02-22T07:10:22.5735498Z Prepare workflow directory
2026-02-22T07:10:22.6477471Z Prepare all required actions
2026-02-22T07:10:22.6661203Z Getting action download info
2026-02-22T07:10:23.9905311Z Download action repository 'actions/upload-artifact@v4' (SHA:ea165f8d65b6e75b540449e92b4886f43607fa02)
2026-02-22T07:10:25.7233773Z Download action repository 'actions/github-script@v7' (SHA:f28e40c7f34bde8b3046d885e986cb6290c5673b)
2026-02-22T07:10:26.6329159Z Complete job name: run

----- FILE: actions_logs/run/20_Publish ONE_TAP report to diag-logs branch.txt -----
2026-02-22T07:26:47.8889750Z [36;1m    ('run_id=22272555605'),[0m
2026-02-22T07:26:47.8890027Z [36;1m    ('run_attempt=1')[0m
2026-02-22T07:26:47.8890313Z [36;1m  ) | Set-Content -Path $oneTapDest -Encoding UTF8[0m
2026-02-22T07:26:47.8890606Z [36;1m}[0m
2026-02-22T07:26:47.8890750Z [36;1m[0m
2026-02-22T07:26:47.8891052Z [36;1m$evalMdSource = Join-Path $env:GITHUB_WORKSPACE 'temp\eval\EVAL_REPORT.md'[0m
2026-02-22T07:26:47.8891463Z [36;1mif (Test-Path $evalMdSource) {[0m
2026-02-22T07:26:47.8891926Z [36;1m  Copy-Item -Path $evalMdSource -Destination (Join-Path $csvOutDir 'EVAL_REPORT.md') -Force[0m
2026-02-22T07:26:47.8892398Z [36;1m}[0m
2026-02-22T07:26:47.8892728Z [36;1m$evalJsonSource = Join-Path $env:GITHUB_WORKSPACE 'temp\eval\EVAL_REPORT.json'[0m
2026-02-22T07:26:47.8893415Z [36;1mif (Test-Path $evalJsonSource) {[0m
2026-02-22T07:26:47.8895346Z [36;1m  Copy-Item -Path $evalJsonSource -Destination (Join-Path $csvOutDir 'EVAL_REPORT.json') -Force[0m
2026-02-22T07:26:47.8895835Z [36;1m}[0m
2026-02-22T07:26:47.8896172Z [36;1m$evalSummarySource = Join-Path $env:GITHUB_WORKSPACE 'temp\eval\EVAL_SUMMARY.txt'[0m
2026-02-22T07:26:47.8896627Z [36;1mif (Test-Path $evalSummarySource) {[0m
2026-02-22T07:26:47.8897151Z [36;1m  Copy-Item -Path $evalSummarySource -Destination (Join-Path $csvOutDir 'EVAL_SUMMARY.txt') -Force[0m
2026-02-22T07:26:47.8897646Z [36;1m}[0m
2026-02-22T07:26:47.8897800Z [36;1m[0m
2026-02-22T07:26:47.8898169Z [36;1m$runDir = 'C:\work\apex_work\runs\20260222_161032'[0m
2026-02-22T07:26:47.8898626Z [36;1mif ([string]::IsNullOrWhiteSpace($runDir) -or -not (Test-Path $runDir)) {[0m
2026-02-22T07:26:47.8899079Z [36;1m  $runsRoot = 'C:\work\apex_work\runs'[0m
2026-02-22T07:26:47.8899381Z [36;1m  if (Test-Path $runsRoot) {[0m
2026-02-22T07:26:47.8899880Z [36;1m    $latestRun = Get-ChildItem -Path $runsRoot -Directory -ErrorAction SilentlyContinue |[0m
2026-02-22T07:26:47.8900421Z [36;1m      Sort-Object LastWriteTime -Descending |[0m
2026-02-22T07:26:47.8900746Z [36;1m      Select-Object -First 1[0m
2026-02-22T07:26:47.8901003Z [36;1m    if ($latestRun) {[0m
2026-02-22T07:26:47.8901257Z [36;1m      $runDir = $latestRun.FullName[0m
2026-02-22T07:26:47.8901518Z [36;1m    }[0m
2026-02-22T07:26:47.8901685Z [36;1m  }[0m
2026-02-22T07:26:47.8901842Z [36;1m}[0m
2026-02-22T07:26:47.8901997Z [36;1m[0m
2026-02-22T07:26:47.8902427Z [36;1m$outputRoot = if ([string]::IsNullOrWhiteSpace($runDir)) { '' } else { Join-Path $runDir 'output' }[0m
2026-02-22T07:26:47.8902919Z [36;1m$maxCsvBytes = 5MB[0m
2026-02-22T07:26:47.8903148Z [36;1m$headLines = 500[0m
2026-02-22T07:26:47.8903505Z [36;1m$publishedCsv = New-Object System.Collections.Generic.List[object][0m
2026-02-22T07:26:47.8903892Z [36;1m[0m
2026-02-22T07:26:47.8904251Z [36;1mif (-not [string]::IsNullOrWhiteSpace($outputRoot) -and (Test-Path $outputRoot)) {[0m
2026-02-22T07:26:47.8904759Z [36;1m  $csvPatterns = @([0m
2026-02-22T07:26:47.8905107Z [36;1m    (Join-Path $outputRoot 'stepA\*\stepA_split_summary_*.csv'),[0m
2026-02-22T07:26:47.8905566Z [36;1m    (Join-Path $outputRoot 'stepA\*\stepA_prices_test_*.csv'),[0m
2026-02-22T07:26:47.8906047Z [36;1m    (Join-Path $outputRoot 'stepB\*\stepB_split_summary_*.csv'),[0m
2026-02-22T07:26:47.8906901Z [36;1m    (Join-Path $outputRoot 'stepB\*\stepB_pred_*.csv'),[0m
2026-02-22T07:26:47.8907490Z [36;1m    (Join-Path $outputRoot 'stepC\*\*summary*.csv'),[0m
2026-02-22T07:26:47.8907902Z [36;1m    (Join-Path $outputRoot 'stepD_prime\*\*summary*.csv'),[0m
2026-02-22T07:26:47.8908339Z [36;1m    (Join-Path $outputRoot 'stepE\*\stepE_daily_log_*.csv'),[0m
2026-02-22T07:26:47.8908750Z [36;1m    (Join-Path $outputRoot 'stepF\*\*summary*.csv')[0m
2026-02-22T07:26:47.8909077Z [36;1m  )[0m
2026-02-22T07:26:47.8909244Z [36;1m[0m
2026-02-22T07:26:47.8909423Z [36;1m  $sourceCsvFiles = @()[0m
2026-02-22T07:26:47.8909774Z [36;1m  foreach ($pattern in $csvPatterns) {[0m
2026-02-22T07:26:47.8910261Z [36;1m    $sourceCsvFiles += Get-ChildItem -Path $pattern -File -ErrorAction SilentlyContinue[0m
2026-02-22T07:26:47.8910716Z [36;1m  }[0m
2026-02-22T07:26:47.8910878Z [36;1m[0m
2026-02-22T07:26:47.8911071Z [36;1m  $sourceCsvFiles = $sourceCsvFiles |[0m
2026-02-22T07:26:47.8911379Z [36;1m    Sort-Object FullName -Unique[0m
2026-02-22T07:26:47.8911631Z [36;1m[0m
2026-02-22T07:26:47.8911822Z [36;1m  foreach ($src in $sourceCsvFiles) {[0m
2026-02-22T07:26:47.8912158Z [36;1m    $destName = $src.Name[0m
2026-02-22T07:26:47.8912436Z [36;1m    $headOnly = $false[0m
2026-02-22T07:26:47.8912654Z [36;1m[0m
2026-02-22T07:26:47.8912853Z [36;1m    if ($src.Length -le $maxCsvBytes) {[0m
2026-02-22T07:26:47.8913333Z [36;1m      Copy-Item -Path $src.FullName -Destination (Join-Path $csvOutDir $destName) -Force[0m
2026-02-22T07:26:47.8914559Z [36;1m    } else {[0m
2026-02-22T07:26:47.8914873Z [36;1m      $destName = '{0}__HEAD{1}' -f $src.BaseName, $src.Extension[0m
2026-02-22T07:26:47.8915441Z [36;1m      Get-Content -Path $src.FullName -TotalCount $headLines -ErrorAction SilentlyContinue |[0m
2026-02-22T07:26:47.8916085Z [36;1m        Set-Content -Path (Join-Path $csvOutDir $destName) -Encoding UTF8[0m
2026-02-22T07:26:47.8916485Z [36;1m      $headOnly = $true[0m
2026-02-22T07:26:47.8916743Z [36;1m    }[0m
2026-02-22T07:26:47.8916944Z [36;1m[0m
2026-02-22T07:26:47.8917180Z [36;1m    $destPath = Join-Path $csvOutDir $destName[0m
2026-02-22T07:26:47.8917499Z [36;1m    if (Test-Path $destPath) {[0m
2026-02-22T07:26:47.8917987Z [36;1m      $previewLines = Get-Content -Path $destPath -TotalCount 2 -ErrorAction SilentlyContinue[0m
2026-02-22T07:26:47.8918510Z [36;1m      $publishedCsv.Add([PSCustomObject]@{[0m
2026-02-22T07:26:47.8918814Z [36;1m        Name = $destName[0m
2026-02-22T07:26:47.8919084Z [36;1m        RelativePath = "./csv/$destName"[0m
2026-02-22T07:26:47.8919493Z [36;1m        SizeBytes = (Get-Item -Path $destPath).Length[0m
2026-02-22T07:26:47.8919820Z [36;1m        HeadOnly = $headOnly[0m
2026-02-22T07:26:47.8920101Z [36;1m        PreviewLines = @($previewLines)[0m
2026-02-22T07:26:47.8920376Z [36;1m      })[0m
2026-02-22T07:26:47.8920554Z [36;1m    }[0m
2026-02-22T07:26:47.8920719Z [36;1m  }[0m
2026-02-22T07:26:47.8920878Z [36;1m}[0m
2026-02-22T07:26:47.8921034Z [36;1m[0m
2026-02-22T07:26:47.8921277Z [36;1m$csvIndexPath = Join-Path $runFolder 'CSV_INDEX.md'[0m
2026-02-22T07:26:47.8921887Z [36;1m$csvIndexLines = New-Object System.Collections.Generic.List[string][0m
2026-02-22T07:26:47.8922307Z [36;1m$csvIndexLines.Add('# CSV Index')[0m
2026-02-22T07:26:47.8922571Z [36;1m$csvIndexLines.Add('')[0m
2026-02-22T07:26:47.8922854Z [36;1m$csvIndexLines.Add("- source_run_dir: $runDir")[0m
2026-02-22T07:26:47.8923248Z [36;1m$csvIndexLines.Add("- source_output_root: $outputRoot")[0m
2026-02-22T07:26:47.8923587Z [36;1m$csvIndexLines.Add('')[0m
2026-02-22T07:26:47.8923801Z [36;1m[0m
2026-02-22T07:26:47.8924036Z [36;1mif ($publishedCsv.Count -eq 0) {[0m
2026-02-22T07:26:47.8924476Z [36;1m  $csvIndexLines.Add('_No CSV files matched the publish patterns for this run._')[0m
2026-02-22T07:26:47.8924874Z [36;1m} else {[0m
2026-02-22T07:26:47.8925076Z [36;1m  foreach ($item in $publishedCsv) {[0m
2026-02-22T07:26:47.8925465Z [36;1m    $headNote = if ($item.HeadOnly) { 'yes (500-line sample)' } else { 'no' }[0m
2026-02-22T07:26:47.8926112Z [36;1m    $csvIndexLines.Add("- file: $($item.RelativePath) | size_bytes: $($item.SizeBytes) | head_only: $headNote")[0m
2026-02-22T07:26:47.8926693Z [36;1m    if ($item.PreviewLines.Count -gt 0) {[0m
2026-02-22T07:26:47.8927164Z [36;1m      $csvIndexLines.Add('  - preview:')[0m
2026-02-22T07:26:47.8927509Z [36;1m      foreach ($line in $item.PreviewLines) {[0m
2026-02-22T07:26:47.8927829Z [36;1m        $safeLine = [string]$line[0m
2026-02-22T07:26:47.8928135Z [36;1m        $csvIndexLines.Add("    - $safeLine")[0m
2026-02-22T07:26:47.8928416Z [36;1m      }[0m
2026-02-22T07:26:47.8928592Z [36;1m    }[0m
2026-02-22T07:26:47.8928758Z [36;1m  }[0m
2026-02-22T07:26:47.8928964Z [36;1m}[0m
2026-02-22T07:26:47.8929145Z [36;1m[0m
2026-02-22T07:26:47.8929403Z [36;1mif (Test-Path (Join-Path $csvOutDir 'EVAL_REPORT.md')) {[0m
2026-02-22T07:26:47.8929755Z [36;1m  $csvIndexLines.Add('')[0m
2026-02-22T07:26:47.8930100Z [36;1m  $csvIndexLines.Add('- eval_report: ./csv/EVAL_REPORT.md')[0m
2026-02-22T07:26:47.8930439Z [36;1m}[0m
2026-02-22T07:26:47.8930708Z [36;1mif (Test-Path (Join-Path $csvOutDir 'EVAL_SUMMARY.txt')) {[0m
2026-02-22T07:26:47.8931166Z [36;1m  $csvIndexLines.Add('- eval_summary: ./csv/EVAL_SUMMARY.txt')[0m
2026-02-22T07:26:47.8931526Z [36;1m}[0m
2026-02-22T07:26:47.8931831Z [36;1m[0m
2026-02-22T07:26:47.8932175Z [36;1m$csvIndexLines -join "`r`n" | Set-Content -Path $csvIndexPath -Encoding UTF8[0m
2026-02-22T07:26:47.8932678Z [36;1m[0m
2026-02-22T07:26:47.8932955Z [36;1m$latestOneTapPath = Join-Path $runsDir 'LATEST_ONE_TAP.md'[0m
2026-02-22T07:26:47.8933384Z [36;1m$latestCsvPath = Join-Path $runsDir 'LATEST_CSV.md'[0m
2026-02-22T07:26:47.8933748Z [36;1m$keepLatest = 10[0m
2026-02-22T07:26:47.8934068Z [36;1mtry { $keepLatest = [int]'10' } catch { $keepLatest = 10 }[0m
2026-02-22T07:26:47.8934454Z [36;1mif ($keepLatest -lt 1) { $keepLatest = 1 }[0m
2026-02-22T07:26:47.8934734Z [36;1m[0m
2026-02-22T07:26:47.8934890Z [36;1m@([0m
2026-02-22T07:26:47.8935074Z [36;1m  '# Latest ONE_TAP report',[0m
2026-02-22T07:26:47.8935314Z [36;1m  '',[0m
2026-02-22T07:26:47.8935500Z [36;1m  "- folder: $runFolderName",[0m
2026-02-22T07:26:47.8935869Z [36;1m  "- report: ./runs/$runFolderName/ONE_TAP_ERROR_REPORT.txt"[0m
2026-02-22T07:26:47.8936362Z [36;1m) -join "`r`n" | Set-Content -Path $latestOneTapPath -Encoding UTF8[0m
2026-02-22T07:26:47.8936724Z [36;1m[0m
2026-02-22T07:26:47.8936874Z [36;1m@([0m
2026-02-22T07:26:47.8937051Z [36;1m  '# Latest CSV index',[0m
2026-02-22T07:26:47.8937270Z [36;1m  '',[0m
2026-02-22T07:26:47.8937464Z [36;1m  "- folder: $runFolderName",[0m
2026-02-22T07:26:47.8937735Z [36;1m  "- keep_latest: $keepLatest",[0m
2026-02-22T07:26:47.8938061Z [36;1m  "- csv_index: ./runs/$runFolderName/CSV_INDEX.md"[0m
2026-02-22T07:26:47.8938499Z [36;1m) -join "`r`n" | Set-Content -Path $latestCsvPath -Encoding UTF8[0m
2026-02-22T07:26:47.8938846Z [36;1m[0m
2026-02-22T07:26:47.8939223Z [36;1m$runFolders = Get-ChildItem -Path $runsDir -Directory -ErrorAction SilentlyContinue |[0m
2026-02-22T07:26:47.8939777Z [36;1m  Where-Object { $_.Name -match '^\d{8}_\d{6}_run\d+_' } |[0m
2026-02-22T07:26:47.8940137Z [36;1m  Sort-Object Name -Descending[0m
2026-02-22T07:26:47.8940391Z [36;1m[0m
2026-02-22T07:26:47.8940657Z [36;1m$toDelete = $runFolders | Select-Object -Skip $keepLatest[0m
2026-02-22T07:26:47.8941073Z [36;1mforeach ($d in $toDelete) {[0m
2026-02-22T07:26:47.8941455Z [36;1m  Write-Host ("[RETENTION] delete old run folder: {0}" -f $d.FullName)[0m
2026-02-22T07:26:47.8942012Z [36;1m  Remove-Item -Path $d.FullName -Recurse -Force -ErrorAction SilentlyContinue[0m
2026-02-22T07:26:47.8942422Z [36;1m}[0m
2026-02-22T07:26:47.8942580Z [36;1m[0m
2026-02-22T07:26:47.8942955Z [36;1m"run_folder=$runFolderName" | Out-File -FilePath $env:GITHUB_OUTPUT -Encoding utf8 -Append[0m
2026-02-22T07:26:47.8943618Z [36;1m[0m
2026-02-22T07:26:47.8943773Z [36;1mgit add runs[0m
2026-02-22T07:26:47.8943980Z [36;1mif (git diff --cached --quiet) {[0m
2026-02-22T07:26:47.8957948Z [36;1m  Write-Host 'No diagnostics changes to commit.'[0m
2026-02-22T07:26:47.8958625Z [36;1m  exit 0[0m
2026-02-22T07:26:47.8958906Z [36;1m}[0m
2026-02-22T07:26:47.8959172Z [36;1m[0m
2026-02-22T07:26:47.8959634Z [36;1mgit commit -m "diag: add one_tap report $runFolderName"[0m
2026-02-22T07:26:47.8960260Z [36;1mcmd /c "git push origin diag-logs"[0m
2026-02-22T07:26:47.8960723Z [36;1m$pushRc = $LASTEXITCODE[0m
2026-02-22T07:26:47.8961157Z [36;1mif ($pushRc -ne 0) {[0m
2026-02-22T07:26:47.8961966Z [36;1m  Write-Warning ('Failed to push ONE_TAP report to diag-logs branch. git push rc={0}' -f $pushRc)[0m
2026-02-22T07:26:47.8963184Z [36;1m  Write-Warning 'Enable Settings > Actions > Workflow permissions: Read and write permissions'[0m
2026-02-22T07:26:47.8964152Z [36;1m}[0m
2026-02-22T07:26:47.8992797Z shell: C:\Windows\System32\WindowsPowerShell\v1.0\powershell.EXE -NoProfile -ExecutionPolicy Bypass -Command "{0}"
2026-02-22T07:26:47.8993724Z env:
2026-02-22T07:26:47.8994059Z   REPO_ROOT: C:\work\apex_repo_cache\ApexTraderAI
2026-02-22T07:26:47.8994522Z ##[endgroup]
2026-02-22T07:26:48.3021692Z Initialized empty Git repository in C:/Users/becky/OneDrive/ãƒ‡ã‚¹ã‚¯ãƒˆãƒƒãƒ—/Python/apex-trader-ai/actions-runner/_work/_temp/diag_repo/.git/
2026-02-22T07:26:50.3692522Z Switched to a new branch 'diag-logs'
2026-02-22T07:26:50.3693418Z branch 'diag-logs' set up to track 'origin/diag-logs'.
2026-02-22T07:26:50.9024791Z [RETENTION] delete old run folder: C:\Users\becky\OneDrive\ãƒ‡ã‚¹ã‚¯ãƒˆãƒƒãƒ—\Python\apex-trader-ai\actions-runner\_work\_temp\diag_repo\runs\20260222_034413_run22269818512_att1_failure_fbae013
2026-02-22T07:26:50.9069071Z [RETENTION] delete old run folder: C:\Users\becky\OneDrive\ãƒ‡ã‚¹ã‚¯ãƒˆãƒƒãƒ—\Python\apex-trader-ai\actions-runner\_work\_temp\diag_repo\runs\20260222_024541_run22269035409_att1_success_78098d7
2026-02-22T07:26:51.2311961Z [diag-logs f00e5cc] diag: add one_tap report 20260222_162650_run22272555605_att1_bc61275
2026-02-22T07:26:51.2312965Z  26 files changed, 27549 insertions(+), 3477 deletions(-)
2026-02-22T07:26:51.2313601Z  delete mode 100644 runs/20260222_024541_run22269035409_att1_success_78098d7/ACTIONS_JOB_LOG_TAIL.txt
2026-02-22T07:26:51.2314336Z  delete mode 100644 runs/20260222_024541_run22269035409_att1_success_78098d7/actions_logs.zip
2026-02-22T07:26:51.2315090Z  delete mode 100644 runs/20260222_034413_run22269818512_att1_failure_fbae013/ACTIONS_JOB_LOG_TAIL.txt
2026-02-22T07:26:51.2315825Z  delete mode 100644 runs/20260222_034413_run22269818512_att1_failure_fbae013/actions_logs.zip
2026-02-22T07:26:51.2316495Z  create mode 100644 runs/20260222_162650_run22272555605_att1_bc61275/CSV_INDEX.md
2026-02-22T07:26:51.2317162Z  create mode 100644 runs/20260222_162650_run22272555605_att1_bc61275/ONE_TAP_ERROR_REPORT.txt
2026-02-22T07:26:51.2317846Z  create mode 100644 runs/20260222_162650_run22272555605_att1_bc61275/csv/EVAL_REPORT.json
2026-02-22T07:26:51.2318478Z  create mode 100644 runs/20260222_162650_run22272555605_att1_bc61275/csv/EVAL_REPORT.md
2026-02-22T07:26:51.2319110Z  create mode 100644 runs/20260222_162650_run22272555605_att1_bc61275/csv/EVAL_SUMMARY.txt
2026-02-22T07:26:51.2319801Z  create mode 100644 runs/20260222_162650_run22272555605_att1_bc61275/csv/stepA_prices_test_SOXL.csv
2026-02-22T07:26:51.2320543Z  create mode 100644 runs/20260222_162650_run22272555605_att1_bc61275/csv/stepA_split_summary_SOXL.csv
2026-02-22T07:26:51.2321308Z  create mode 100644 runs/20260222_162650_run22272555605_att1_bc61275/csv/stepB_pred_close_mamba_SOXL.csv
2026-02-22T07:26:51.2322071Z  create mode 100644 runs/20260222_162650_run22272555605_att1_bc61275/csv/stepB_pred_path_mamba_SOXL.csv
2026-02-22T07:26:51.2322810Z  create mode 100644 runs/20260222_162650_run22272555605_att1_bc61275/csv/stepB_pred_time_all_SOXL.csv
2026-02-22T07:26:51.2323635Z  create mode 100644 runs/20260222_162650_run22272555605_att1_bc61275/csv/stepE_daily_log_dprime_all_features_3scale_SOXL.csv
2026-02-22T07:26:51.2324538Z  create mode 100644 runs/20260222_162650_run22272555605_att1_bc61275/csv/stepE_daily_log_dprime_all_features_h01_SOXL.csv
2026-02-22T07:26:51.2325534Z  create mode 100644 runs/20260222_162650_run22272555605_att1_bc61275/csv/stepE_daily_log_dprime_all_features_h02_SOXL.csv
2026-02-22T07:26:51.2326401Z  create mode 100644 runs/20260222_162650_run22272555605_att1_bc61275/csv/stepE_daily_log_dprime_all_features_h03_SOXL.csv
2026-02-22T07:26:51.2327219Z  create mode 100644 runs/20260222_162650_run22272555605_att1_bc61275/csv/stepE_daily_log_dprime_bnf_3scale_SOXL.csv
2026-02-22T07:26:51.2328008Z  create mode 100644 runs/20260222_162650_run22272555605_att1_bc61275/csv/stepE_daily_log_dprime_bnf_h01_SOXL.csv
2026-02-22T07:26:51.2328803Z  create mode 100644 runs/20260222_162650_run22272555605_att1_bc61275/csv/stepE_daily_log_dprime_bnf_h02_SOXL.csv
2026-02-22T07:26:51.2329564Z  create mode 100644 runs/20260222_162650_run22272555605_att1_bc61275/csv/stepE_daily_log_dprime_bnf_h03_SOXL.csv
2026-02-22T07:26:51.2330330Z  create mode 100644 runs/20260222_162650_run22272555605_att1_bc61275/csv/stepE_daily_log_dprime_mix_3scale_SOXL.csv
2026-02-22T07:26:51.2331169Z  create mode 100644 runs/20260222_162650_run22272555605_att1_bc61275/csv/stepE_daily_log_dprime_mix_h01_SOXL.csv
2026-02-22T07:26:53.2289512Z To https://github.com/toki866/ApexTraderAI.git
2026-02-22T07:26:53.2290253Z    7e83a64..f00e5cc  diag-logs -> diag-logs

----- FILE: actions_logs/run/21_Publish diagnostics to Issue (always).txt -----
ï»¿2026-02-22T07:26:53.2813305Z ##[group]Run actions/github-script@v7
2026-02-22T07:26:53.2813811Z with:
2026-02-22T07:26:53.2820130Z   script: const fs = require('fs');
const path = require('path');

const owner = context.repo.owner;
const repo = context.repo.repo;

const reportPath = path.join(process.env.GITHUB_WORKSPACE, 'temp', 'ONE_TAP_ERROR_REPORT.txt');
let report = fs.existsSync(reportPath)
  ? fs.readFileSync(reportPath, 'utf8')
  : '(missing ONE_TAP_ERROR_REPORT.txt)';

const evalPath = path.join(process.env.GITHUB_WORKSPACE, 'temp', 'eval', 'EVAL_SUMMARY.txt');
let evalTxt = fs.existsSync(evalPath)
  ? fs.readFileSync(evalPath, 'utf8')
  : '(EVAL_SUMMARY.txt missing)';

if (report.length > 60000) report = report.slice(-60000);
if (evalTxt.length > 15000) evalTxt = evalTxt.slice(-15000);

const runUrl = `${context.serverUrl}/${owner}/${repo}/actions/runs/${context.runId}`;
const title = 'ApexTraderAI Diagnostics (latest)';
const attempt = process.env.GITHUB_RUN_ATTEMPT || '1';
const diagRunFolder = process.env.DIAG_RUN_FOLDER || 'LATEST_CSV.md';
const csvIndexUrl = diagRunFolder === 'LATEST_CSV.md'
  ? `${context.serverUrl}/${owner}/${repo}/blob/diag-logs/runs/LATEST_CSV.md`
  : `${context.serverUrl}/${owner}/${repo}/blob/diag-logs/runs/${diagRunFolder}/CSV_INDEX.md`;
const evalUrl = diagRunFolder === 'LATEST_CSV.md'
  ? `${context.serverUrl}/${owner}/${repo}/blob/diag-logs/runs/LATEST_CSV.md`
  : `${context.serverUrl}/${owner}/${repo}/blob/diag-logs/runs/${diagRunFolder}/csv/EVAL_REPORT.md`;
const body = `Run: ${runUrl}\nSHA: ${context.sha}\nAttempt: ${attempt}\ndiag-logs csv_index: ${csvIndexUrl}\n\n\`\`\`text\n${report}\n\`\`\`\n\n## Evaluation Summary\ndiag-logs eval report: ${evalUrl}\n\n\`\`\`text\n${evalTxt}\n\`\`\`\n`;

const { data: issues } = await github.rest.issues.listForRepo({
  owner,
  repo,
  state: 'open',
  per_page: 100
});
const existing = issues.find(i => i.title === title);

if (existing) {
  await github.rest.issues.update({ owner, repo, issue_number: existing.number, body });
} else {
  await github.rest.issues.create({ owner, repo, title, body });
}

2026-02-22T07:26:53.2827155Z   github-token: ***
2026-02-22T07:26:53.2827358Z   debug: false
2026-02-22T07:26:53.2827549Z   user-agent: actions/github-script
2026-02-22T07:26:53.2827796Z   result-encoding: json
2026-02-22T07:26:53.2828059Z   retries: 0
2026-02-22T07:26:53.2828275Z   retry-exempt-status-codes: 400,401,403,404,422
2026-02-22T07:26:53.2828546Z env:
2026-02-22T07:26:53.2828748Z   REPO_ROOT: C:\work\apex_repo_cache\ApexTraderAI
2026-02-22T07:26:53.2829091Z   DIAG_RUN_FOLDER: 20260222_162650_run22272555605_att1_bc61275
2026-02-22T07:26:53.2829389Z ##[endgroup]

----- FILE: actions_logs/run/22_Collect diagnostics.txt -----
ï»¿2026-02-22T07:26:55.3032525Z ##[group]Run $ErrorActionPreference = 'Stop'
2026-02-22T07:26:55.3032997Z [36;1m$ErrorActionPreference = 'Stop'[0m
2026-02-22T07:26:55.3033262Z [36;1m[0m
2026-02-22T07:26:55.3033429Z [36;1mfunction Mask-Secrets {[0m
2026-02-22T07:26:55.3033683Z [36;1m  param([string]$Text)[0m
2026-02-22T07:26:55.3033891Z [36;1m[0m
2026-02-22T07:26:55.3034111Z [36;1m  if ([string]::IsNullOrEmpty($Text)) { return $Text }[0m
2026-02-22T07:26:55.3034411Z [36;1m[0m
2026-02-22T07:26:55.3034569Z [36;1m  $masked = $Text[0m
2026-02-22T07:26:55.3034978Z [36;1m  $masked = [regex]::Replace($masked, 'github_pat_[A-Za-z0-9_]{20,}', 'github_pat_***MASKED***')[0m
2026-02-22T07:26:55.3035590Z [36;1m  $masked = [regex]::Replace($masked, 'gh[pousr]_[A-Za-z0-9_]{20,}', 'gh***_***MASKED***')[0m
2026-02-22T07:26:55.3036216Z [36;1m  $masked = [regex]::Replace($masked, '(?im)\b(token|password|secret)\b\s*[:=]\s*\S+', '$1=***MASKED***')[0m
2026-02-22T07:26:55.3036675Z [36;1m  return $masked[0m
2026-02-22T07:26:55.3036895Z [36;1m}[0m
2026-02-22T07:26:55.3037045Z [36;1m[0m
2026-02-22T07:26:55.3037214Z [36;1mfunction Get-MaskedTail {[0m
2026-02-22T07:26:55.3037464Z [36;1m  param([0m
2026-02-22T07:26:55.3037646Z [36;1m    [string]$Path,[0m
2026-02-22T07:26:55.3038049Z [36;1m    [int]$Tail = 200[0m
2026-02-22T07:26:55.3038249Z [36;1m  )[0m
2026-02-22T07:26:55.3038404Z [36;1m[0m
2026-02-22T07:26:55.3038648Z [36;1m  if (-not (Test-Path $Path)) { return "(not found) $Path" }[0m
2026-02-22T07:26:55.3039165Z [36;1m  $raw = (Get-Content -Path $Path -Tail $Tail -ErrorAction SilentlyContinue) -join "`r`n"[0m
2026-02-22T07:26:55.3039742Z [36;1m  return (Mask-Secrets -Text $raw)[0m
2026-02-22T07:26:55.3039976Z [36;1m}[0m
2026-02-22T07:26:55.3040120Z [36;1m[0m
2026-02-22T07:26:55.3040317Z [36;1m$diagOut = Join-Path $env:RUNNER_TEMP 'diag_out'[0m
2026-02-22T07:26:55.3040686Z [36;1m$null = New-Item -Path $diagOut -ItemType Directory -Force[0m
2026-02-22T07:26:55.3040987Z [36;1m[0m
2026-02-22T07:26:55.3041150Z [36;1m$ws = $env:GITHUB_WORKSPACE[0m
2026-02-22T07:26:55.3041468Z [36;1m$runnerRoot = (Resolve-Path (Join-Path $ws '..\..\..')).Path[0m
2026-02-22T07:26:55.3041830Z [36;1m$runnerDiag = Join-Path $runnerRoot '_diag'[0m
2026-02-22T07:26:55.3042105Z [36;1m$runId = '22272555605'[0m
2026-02-22T07:26:55.3042309Z [36;1m$runAttempt = '1'[0m
2026-02-22T07:26:55.3042567Z [36;1m$sha = 'bc61275d2d42bd9b13fd07305c6ceb6b2022b9e7'[0m
2026-02-22T07:26:55.3042851Z [36;1m$branch = 'main'[0m
2026-02-22T07:26:55.3043056Z [36;1m$repo = 'toki866/ApexTraderAI'[0m
2026-02-22T07:26:55.3043354Z [36;1m$artifactName = "diag_full_${runId}_${runAttempt}"[0m
2026-02-22T07:26:55.3043628Z [36;1m[0m
2026-02-22T07:26:55.3043780Z [36;1m$latestRunnerLog = $null[0m
2026-02-22T07:26:55.3044006Z [36;1m$latestWorkerLog = $null[0m
2026-02-22T07:26:55.3044232Z [36;1mif (Test-Path $runnerDiag) {[0m
2026-02-22T07:26:55.3044956Z [36;1m  $latestRunnerLog = Get-ChildItem -Path $runnerDiag -Filter 'Runner_*.log' -File -ErrorAction SilentlyContinue | Sort-Object LastWriteTime -Descending | Select-Object -First 1[0m
2026-02-22T07:26:55.3046153Z [36;1m  $latestWorkerLog = Get-ChildItem -Path $runnerDiag -Filter 'Worker_*.log' -File -ErrorAction SilentlyContinue | Sort-Object LastWriteTime -Descending | Select-Object -First 1[0m
2026-02-22T07:26:55.3046855Z [36;1m}[0m
2026-02-22T07:26:55.3047001Z [36;1m[0m
2026-02-22T07:26:55.3047301Z [36;1m$workflowLog = Join-Path $env:RUNNER_TEMP 'run_all_local_then_copy_console.log'[0m
2026-02-22T07:26:55.3047848Z [36;1m$runLogPath = 'C:\work\apex_work\runs\20260222_161032\logs\run_20260222_161032.log'[0m
2026-02-22T07:26:55.3048330Z [36;1m$stepSummaryGlob = Join-Path $env:RUNNER_TEMP 'step_summary_*'[0m
2026-02-22T07:26:55.3048859Z [36;1m$oneTapReportWorkspace = Join-Path $env:GITHUB_WORKSPACE 'temp\ONE_TAP_ERROR_REPORT.txt'[0m
2026-02-22T07:26:55.3049275Z [36;1m[0m
2026-02-22T07:26:55.3049762Z [36;1mif ($latestRunnerLog) { Copy-Item -Path $latestRunnerLog.FullName -Destination (Join-Path $diagOut $latestRunnerLog.Name) -Force }[0m
2026-02-22T07:26:55.3051656Z [36;1mif ($latestWorkerLog) { Copy-Item -Path $latestWorkerLog.FullName -Destination (Join-Path $diagOut $latestWorkerLog.Name) -Force }[0m
2026-02-22T07:26:55.3052533Z [36;1mif (Test-Path $workflowLog) { Copy-Item -Path $workflowLog -Destination (Join-Path $diagOut 'workflow_console.log') -Force }[0m
2026-02-22T07:26:55.3053448Z [36;1mif ($runLogPath -and (Test-Path $runLogPath)) { Copy-Item -Path $runLogPath -Destination (Join-Path $diagOut (Split-Path $runLogPath -Leaf)) -Force }[0m
2026-02-22T07:26:55.3054456Z [36;1mif (Test-Path $oneTapReportWorkspace) { Copy-Item -Path $oneTapReportWorkspace -Destination (Join-Path $diagOut 'ONE_TAP_ERROR_REPORT.txt') -Force }[0m
2026-02-22T07:26:55.3055291Z [36;1mGet-ChildItem -Path $stepSummaryGlob -File -ErrorAction SilentlyContinue | ForEach-Object {[0m
2026-02-22T07:26:55.3055885Z [36;1m  Copy-Item -Path $_.FullName -Destination (Join-Path $diagOut $_.Name) -Force[0m
2026-02-22T07:26:55.3056278Z [36;1m}[0m
2026-02-22T07:26:55.3056420Z [36;1m[0m
2026-02-22T07:26:55.3056618Z [36;1mforeach ($subDir in @('pages', 'blocks')) {[0m
2026-02-22T07:26:55.3057030Z [36;1m  $src = Join-Path $runnerDiag $subDir[0m
2026-02-22T07:26:55.3063561Z [36;1m  if (Test-Path $src) {[0m
2026-02-22T07:26:55.3063977Z [36;1m    Copy-Item -Path $src -Destination (Join-Path $diagOut $subDir) -Recurse -Force[0m
2026-02-22T07:26:55.3064368Z [36;1m  }[0m
2026-02-22T07:26:55.3064513Z [36;1m}[0m
2026-02-22T07:26:55.3064653Z [36;1m[0m
2026-02-22T07:26:55.3065150Z [36;1m$runnerTailText = if ($latestRunnerLog) { Get-MaskedTail -Path $latestRunnerLog.FullName -Tail 200 } else { '(runner diag not found)' }[0m
2026-02-22T07:26:55.3066032Z [36;1m$workflowTailText = if (Test-Path $workflowLog) { Get-MaskedTail -Path $workflowLog -Tail 200 } else { '(workflow log not found)' }[0m
2026-02-22T07:26:55.3066570Z [36;1m[0m
2026-02-22T07:26:55.3066789Z [36;1m$summaryPath = Join-Path $diagOut 'summary.md'[0m
2026-02-22T07:26:55.3067064Z [36;1m$summary = @([0m
2026-02-22T07:26:55.3067261Z [36;1m  '# Diagnostics Summary',[0m
2026-02-22T07:26:55.3067552Z [36;1m  '',[0m
2026-02-22T07:26:55.3067837Z [36;1m  "- repo: $repo",[0m
2026-02-22T07:26:55.3068062Z [36;1m  "- branch: $branch",[0m
2026-02-22T07:26:55.3068269Z [36;1m  "- sha: $sha",[0m
2026-02-22T07:26:55.3068459Z [36;1m  "- run_id: $runId",[0m
2026-02-22T07:26:55.3068666Z [36;1m  "- attempt: $runAttempt",[0m
2026-02-22T07:26:55.3068918Z [36;1m  "- failing_step: $env:FAILING_STEP",[0m
2026-02-22T07:26:55.3069194Z [36;1m  "- artifact_name: $artifactName",[0m
2026-02-22T07:26:55.3069492Z [36;1m  '- one_tap_report: See ONE_TAP_ERROR_REPORT.txt',[0m
2026-02-22T07:26:55.3069765Z [36;1m  '',[0m
2026-02-22T07:26:55.3069959Z [36;1m  '## runner_diag_tail (last 200 lines)',[0m
2026-02-22T07:26:55.3070205Z [36;1m  '```text',[0m
2026-02-22T07:26:55.3070382Z [36;1m  $runnerTailText,[0m
2026-02-22T07:26:55.3070583Z [36;1m  '```',[0m
2026-02-22T07:26:55.3070737Z [36;1m  '',[0m
2026-02-22T07:26:55.3070913Z [36;1m  '## workflow_tail (last 200 lines)',[0m
2026-02-22T07:26:55.3071164Z [36;1m  '```text',[0m
2026-02-22T07:26:55.3071345Z [36;1m  $workflowTailText,[0m
2026-02-22T07:26:55.3071534Z [36;1m  '```'[0m
2026-02-22T07:26:55.3071695Z [36;1m) -join "`r`n"[0m
2026-02-22T07:26:55.3071913Z [36;1m$summary = Mask-Secrets -Text $summary[0m
2026-02-22T07:26:55.3072267Z [36;1mSet-Content -Path $summaryPath -Value $summary -Encoding UTF8[0m
2026-02-22T07:26:55.3072598Z [36;1m[0m
2026-02-22T07:26:55.3072846Z [36;1m$runnerTailPath = Join-Path $diagOut 'runner_diag_tail.txt'[0m
2026-02-22T07:26:55.3073310Z [36;1mSet-Content -Path $runnerTailPath -Value $runnerTailText -Encoding UTF8[0m
2026-02-22T07:26:55.3073767Z [36;1m$workflowTailPath = Join-Path $diagOut 'workflow_tail.txt'[0m
2026-02-22T07:26:55.3074234Z [36;1mSet-Content -Path $workflowTailPath -Value $workflowTailText -Encoding UTF8[0m
2026-02-22T07:26:55.3075162Z [36;1m[0m
2026-02-22T07:26:55.3075423Z [36;1m$fullZip = Join-Path $env:RUNNER_TEMP ("{0}.zip" -f $artifactName)[0m
2026-02-22T07:26:55.3075846Z [36;1mif (Test-Path $fullZip) { Remove-Item $fullZip -Force }[0m
2026-02-22T07:26:55.3076316Z [36;1mCompress-Archive -Path (Join-Path $diagOut '*') -DestinationPath $fullZip -Force[0m
2026-02-22T07:26:55.3076706Z [36;1m[0m
2026-02-22T07:26:55.3077008Z [36;1m"diag_out=$diagOut" | Out-File -FilePath $env:GITHUB_OUTPUT -Encoding utf8 -Append[0m
2026-02-22T07:26:55.3077603Z [36;1m"diag_summary=$summaryPath" | Out-File -FilePath $env:GITHUB_OUTPUT -Encoding utf8 -Append[0m
2026-02-22T07:26:55.3078232Z [36;1m"diag_runner_tail=$runnerTailPath" | Out-File -FilePath $env:GITHUB_OUTPUT -Encoding utf8 -Append[0m
2026-02-22T07:26:55.3078897Z [36;1m"diag_workflow_tail=$workflowTailPath" | Out-File -FilePath $env:GITHUB_OUTPUT -Encoding utf8 -Append[0m
2026-02-22T07:26:55.3079505Z [36;1m"diag_zip=$fullZip" | Out-File -FilePath $env:GITHUB_OUTPUT -Encoding utf8 -Append[0m
2026-02-22T07:26:55.3080096Z [36;1m"diag_artifact_name=$artifactName" | Out-File -FilePath $env:GITHUB_OUTPUT -Encoding utf8 -Append[0m
2026-02-22T07:26:55.3095408Z shell: C:\Windows\System32\WindowsPowerShell\v1.0\powershell.EXE -NoProfile -ExecutionPolicy Bypass -Command "{0}"
2026-02-22T07:26:55.3095897Z env:
2026-02-22T07:26:55.3096084Z   REPO_ROOT: C:\work\apex_repo_cache\ApexTraderAI
2026-02-22T07:26:55.3096343Z   FAILING_STEP: unknown
2026-02-22T07:26:55.3096518Z ##[endgroup]

----- FILE: actions_logs/run/23_Upload full diagnostics artifact.txt -----
ï»¿2026-02-22T07:26:56.4165104Z ##[group]Run actions/upload-artifact@v4
2026-02-22T07:26:56.4165419Z with:
2026-02-22T07:26:56.4165595Z   name: diag_full_22272555605_1
2026-02-22T07:26:56.4165867Z   if-no-files-found: warn
2026-02-22T07:26:56.4166073Z   retention-days: 7
2026-02-22T07:26:56.4166514Z   path: C:\Users\becky\OneDrive\ãƒ‡ã‚¹ã‚¯ãƒˆãƒƒãƒ—\Python\apex-trader-ai\actions-runner\_work\_temp\diag_full_22272555605_1.zip
2026-02-22T07:26:56.4167020Z   compression-level: 6
2026-02-22T07:26:56.4167217Z   overwrite: false
2026-02-22T07:26:56.4167418Z   include-hidden-files: false
2026-02-22T07:26:56.4167646Z env:
2026-02-22T07:26:56.4167860Z   REPO_ROOT: C:\work\apex_repo_cache\ApexTraderAI
2026-02-22T07:26:56.4168198Z ##[endgroup]
2026-02-22T07:26:56.7018322Z With the provided path, there will be 1 file uploaded
2026-02-22T07:26:56.7025318Z Artifact name is valid!
2026-02-22T07:26:56.7028910Z Root directory input is valid!
2026-02-22T07:26:57.2750151Z Beginning upload of artifact content to blob storage
2026-02-22T07:26:58.3314688Z Uploaded bytes 89361
2026-02-22T07:26:58.5090364Z Finished uploading artifact content to blob storage!
2026-02-22T07:26:58.5093456Z SHA256 digest of uploaded artifact zip is 88c3360eab8c6fc310dc3ee42a83cd4c4c0cc1f503005adbbffec6cd28ee7148
2026-02-22T07:26:58.5095210Z Finalizing artifact upload
2026-02-22T07:26:58.7417715Z Artifact diag_full_22272555605_1.zip successfully finalized. Artifact ID 5605771988
2026-02-22T07:26:58.7420180Z Artifact diag_full_22272555605_1 has been successfully uploaded! Final size is 89361 bytes. Artifact ID is 5605771988
2026-02-22T07:26:58.7431725Z Artifact download URL: https://github.com/toki866/ApexTraderAI/actions/runs/22272555605/artifacts/5605771988

----- FILE: actions_logs/run/24_Upload diagnostics artifact.txt -----
ï»¿2026-02-22T07:26:58.7823077Z ##[group]Run actions/upload-artifact@v4
2026-02-22T07:26:58.7823670Z with:
2026-02-22T07:26:58.7823918Z   name: diagnostics
2026-02-22T07:26:58.7824118Z   if-no-files-found: warn
2026-02-22T07:26:58.7824365Z   path: _diagnostics/**/*
2026-02-22T07:26:58.7824575Z   compression-level: 6
2026-02-22T07:26:58.7824775Z   overwrite: false
2026-02-22T07:26:58.7824970Z   include-hidden-files: false
2026-02-22T07:26:58.7825184Z env:
2026-02-22T07:26:58.7825380Z   REPO_ROOT: C:\work\apex_repo_cache\ApexTraderAI
2026-02-22T07:26:58.7825666Z ##[endgroup]
2026-02-22T07:26:59.1183064Z ##[warning]No files were found with the provided path: _diagnostics/**/*. No artifacts will be uploaded.

----- FILE: actions_logs/run/25_Complete job.txt -----
ï»¿2026-02-22T07:26:59.1307324Z Cleaning up orphan processes

----- FILE: actions_logs/run/2_Prepare repo in C_work (no OneDrive cleanup).txt -----
ï»¿2026-02-22T07:10:26.7702714Z ##[group]Run $ErrorActionPreference = 'Stop'
2026-02-22T07:10:26.7703393Z [36;1m$ErrorActionPreference = 'Stop'[0m
2026-02-22T07:10:26.7703764Z [36;1mgit config --global core.longpaths true[0m
2026-02-22T07:10:26.7704125Z [36;1m[0m
2026-02-22T07:10:26.7705229Z [36;1m$repoUrl = "***github.com/toki866/ApexTraderAI.git"[0m
2026-02-22T07:10:26.7705638Z [36;1m$cacheRoot = "C:\work\apex_repo_cache"[0m
2026-02-22T07:10:26.7706029Z [36;1m$repoDir = Join-Path $cacheRoot "ApexTraderAI"[0m
2026-02-22T07:10:26.7720674Z [36;1m[0m
2026-02-22T07:10:26.7721053Z [36;1mNew-Item -Path $cacheRoot -ItemType Directory -Force | Out-Null[0m
2026-02-22T07:10:26.7721448Z [36;1m[0m
2026-02-22T07:10:26.7721704Z [36;1mif (!(Test-Path (Join-Path $repoDir ".git"))) {[0m
2026-02-22T07:10:26.7722091Z [36;1m  Write-Host "[repo] cloning to $repoDir"[0m
2026-02-22T07:10:26.7722734Z [36;1m  if (Test-Path $repoDir) { Remove-Item -Path $repoDir -Recurse -Force -ErrorAction SilentlyContinue }[0m
2026-02-22T07:10:26.7723467Z [36;1m  git clone $repoUrl $repoDir[0m
2026-02-22T07:10:26.7723883Z [36;1m  if ($LASTEXITCODE -ne 0) { throw "git clone failed (exit=$LASTEXITCODE)" }[0m
2026-02-22T07:10:26.7724292Z [36;1m} else {[0m
2026-02-22T07:10:26.7724567Z [36;1m  Write-Host "[repo] fetch/reset in $repoDir"[0m
2026-02-22T07:10:26.7724979Z [36;1m  git -C $repoDir remote set-url origin $repoUrl | Out-Null[0m
2026-02-22T07:10:26.7725391Z [36;1m  git -C $repoDir fetch --force --prune origin[0m
2026-02-22T07:10:26.7725837Z [36;1m  if ($LASTEXITCODE -ne 0) { throw "git fetch failed (exit=$LASTEXITCODE)" }[0m
2026-02-22T07:10:26.7726232Z [36;1m}[0m
2026-02-22T07:10:26.7726527Z [36;1m[0m
2026-02-22T07:10:26.7726846Z [36;1mgit -C $repoDir checkout -f $env:GITHUB_SHA[0m
2026-02-22T07:10:26.7727398Z [36;1mif ($LASTEXITCODE -ne 0) { throw "git checkout SHA failed (exit=$LASTEXITCODE)" }[0m
2026-02-22T07:10:26.7727892Z [36;1mgit -C $repoDir reset --hard $env:GITHUB_SHA[0m
2026-02-22T07:10:26.7728356Z [36;1mif ($LASTEXITCODE -ne 0) { throw "git reset SHA failed (exit=$LASTEXITCODE)" }[0m
2026-02-22T07:10:26.7728816Z [36;1mgit -C $repoDir clean -ffdx[0m
2026-02-22T07:10:26.7729241Z [36;1mif ($LASTEXITCODE -ne 0) { throw "git clean failed (exit=$LASTEXITCODE)" }[0m
2026-02-22T07:10:26.7729653Z [36;1m[0m
2026-02-22T07:10:26.7729977Z [36;1mgit config --global --add safe.directory $repoDir[0m
2026-02-22T07:10:26.7730393Z [36;1m[0m
2026-02-22T07:10:26.7730692Z [36;1mAdd-Content -Path $env:GITHUB_ENV -Value "REPO_ROOT=$repoDir"[0m
2026-02-22T07:10:26.7731173Z [36;1mWrite-Host "REPO_ROOT=$repoDir"[0m
2026-02-22T07:10:26.7731531Z [36;1m$headShort = git -C $repoDir rev-parse --short HEAD[0m
2026-02-22T07:10:26.7731883Z [36;1mWrite-Host "HEAD=$headShort"[0m
2026-02-22T07:10:26.7771729Z shell: C:\Windows\System32\WindowsPowerShell\v1.0\powershell.EXE -NoProfile -ExecutionPolicy Bypass -Command "{0}"
2026-02-22T07:10:26.7773870Z env:
2026-02-22T07:10:26.7776348Z   GIT_TERMINAL_PROMPT: 0
2026-02-22T07:10:26.7776885Z ##[endgroup]
2026-02-22T07:10:27.1638898Z [repo] fetch/reset in C:\work\apex_repo_cache\ApexTraderAI
2026-02-22T07:10:29.0112344Z From https://github.com/toki866/ApexTraderAI
2026-02-22T07:10:29.0112909Z    aec1542..7e83a64  diag-logs  -> origin/diag-logs
2026-02-22T07:10:29.0113316Z    f10760f..bc61275  main       -> origin/main
2026-02-22T07:10:29.1401284Z Previous HEAD position was f10760f Merge pull request #79 from toki866/codex/fix-stepbservice-to-handle-stepbagentresult
2026-02-22T07:10:29.1402282Z HEAD is now at bc61275 Merge pull request #80 from toki866/codex/fix-stepe-to-ignore-agents-in-run-pipeline
2026-02-22T07:10:29.2223626Z HEAD is now at bc61275 Merge pull request #80 from toki866/codex/fix-stepe-to-ignore-agents-in-run-pipeline
2026-02-22T07:10:29.2568833Z Removing ai_core/__pycache__/
2026-02-22T07:10:29.2571457Z Removing ai_core/config/__pycache__/
2026-02-22T07:10:29.2573774Z Removing ai_core/models/__pycache__/
2026-02-22T07:10:29.2576001Z Removing ai_core/services/__pycache__/
2026-02-22T07:10:29.2578598Z Removing ai_core/types/__pycache__/
2026-02-22T07:10:29.2579143Z Removing ai_core/utils/__pycache__/
2026-02-22T07:10:29.2579623Z Removing output/
2026-02-22T07:10:29.2579994Z Removing temp/
2026-02-22T07:10:29.3718938Z REPO_ROOT=C:\work\apex_repo_cache\ApexTraderAI
2026-02-22T07:10:29.4250592Z HEAD=bc61275

----- FILE: actions_logs/run/3_Initialize ONE_TAP error report.txt -----
ï»¿2026-02-22T07:10:29.4676592Z ##[group]Run $ErrorActionPreference = 'Stop'
2026-02-22T07:10:29.4677049Z [36;1m$ErrorActionPreference = 'Stop'[0m
2026-02-22T07:10:29.4677399Z [36;1m$reportDir = Join-Path $env:GITHUB_WORKSPACE 'temp'[0m
2026-02-22T07:10:29.4677838Z [36;1m$null = New-Item -Path $reportDir -ItemType Directory -Force[0m
2026-02-22T07:10:29.4678279Z [36;1m$reportPath = Join-Path $reportDir 'ONE_TAP_ERROR_REPORT.txt'[0m
2026-02-22T07:10:29.4678618Z [36;1m[0m
2026-02-22T07:10:29.4678768Z [36;1m@([0m
2026-02-22T07:10:29.4678957Z [36;1m  '=== ONE TAP ERROR REPORT ===',[0m
2026-02-22T07:10:29.4679342Z [36;1m  ('timestamp={0}' -f (Get-Date -Format 'yyyy-MM-dd HH:mm:ss zzz')),[0m
2026-02-22T07:10:29.4679711Z [36;1m  ('repo=toki866/ApexTraderAI'),[0m
2026-02-22T07:10:29.4680034Z [36;1m  ('ref=refs/heads/main'),[0m
2026-02-22T07:10:29.4680337Z [36;1m  ('sha=bc61275d2d42bd9b13fd07305c6ceb6b2022b9e7'),[0m
2026-02-22T07:10:29.4680646Z [36;1m  ('run_id=22272555605'),[0m
2026-02-22T07:10:29.4680934Z [36;1m  ('run_attempt=1'),[0m
2026-02-22T07:10:29.4681213Z [36;1m  ''[0m
2026-02-22T07:10:29.4681446Z [36;1m) | Set-Content -Path $reportPath -Encoding UTF8[0m
2026-02-22T07:10:29.4681968Z [36;1m[0m
2026-02-22T07:10:29.4682237Z [36;1mAdd-Content -Path $reportPath -Value @([0m
2026-02-22T07:10:29.4682589Z [36;1m  '[STEP] initialize_one_tap_report',[0m
2026-02-22T07:10:29.4682852Z [36;1m  '[OK] report initialized',[0m
2026-02-22T07:10:29.4683103Z [36;1m  ('[PATH] {0}' -f $reportPath),[0m
2026-02-22T07:10:29.4683390Z [36;1m  ('[INFO] REPO_ROOT={0}' -f $env:REPO_ROOT),[0m
2026-02-22T07:10:29.4683789Z [36;1m  ('[INFO] HEAD={0}' -f (git -C $env:REPO_ROOT rev-parse --short HEAD)),[0m
2026-02-22T07:10:29.4697266Z [36;1m  ''[0m
2026-02-22T07:10:29.4697843Z [36;1m)[0m
2026-02-22T07:10:29.4722043Z shell: C:\Windows\System32\WindowsPowerShell\v1.0\powershell.EXE -NoProfile -ExecutionPolicy Bypass -Command "{0}"
2026-02-22T07:10:29.4722627Z env:
2026-02-22T07:10:29.4722843Z   REPO_ROOT: C:\work\apex_repo_cache\ApexTraderAI
2026-02-22T07:10:29.4723156Z ##[endgroup]

----- FILE: actions_logs/run/4_Verify scripts directory (post-prepare).txt -----
ï»¿2026-02-22T07:10:29.8398177Z ##[group]Run $ErrorActionPreference='Stop'
2026-02-22T07:10:29.8398661Z [36;1m$ErrorActionPreference='Stop'[0m
2026-02-22T07:10:29.8398921Z [36;1m$repoRoot = $env:REPO_ROOT[0m
2026-02-22T07:10:29.8399158Z [36;1mSet-Location $repoRoot[0m
2026-02-22T07:10:29.8399534Z [36;1mWrite-Host "***"[0m
2026-02-22T07:10:29.8399805Z [36;1mWrite-Host "HEAD=$(git rev-parse --short HEAD)"[0m
2026-02-22T07:10:29.8400143Z [36;1mWrite-Host "=== workspace listing ==="[0m
2026-02-22T07:10:29.8401410Z [36;1mGet-ChildItem -Path $repoRoot | Select-Object Name, FullName | Format-Table -AutoSize[0m
2026-02-22T07:10:29.8401894Z [36;1m$scriptsDir = Join-Path $repoRoot 'scripts'[0m
2026-02-22T07:10:29.8402207Z [36;1mWrite-Host "scripts_dir=$scriptsDir"[0m
2026-02-22T07:10:29.8402624Z [36;1mif (!(Test-Path $scriptsDir)) { throw "scripts directory not found: $scriptsDir" }[0m
2026-02-22T07:10:29.8403292Z [36;1mGet-ChildItem -Path $scriptsDir | Select-Object Name, Length, LastWriteTime | Format-Table -AutoSize[0m
2026-02-22T07:10:29.8420383Z shell: C:\Windows\System32\WindowsPowerShell\v1.0\powershell.EXE -NoProfile -ExecutionPolicy Bypass -Command "{0}"
2026-02-22T07:10:29.8420934Z env:
2026-02-22T07:10:29.8421129Z   REPO_ROOT: C:\work\apex_repo_cache\ApexTraderAI
2026-02-22T07:10:29.8421390Z ##[endgroup]
2026-02-22T07:10:30.0633247Z ***
2026-02-22T07:10:30.1010495Z HEAD=bc61275
2026-02-22T07:10:30.1015084Z === workspace listing ===
2026-02-22T07:10:30.1085477Z 
2026-02-22T07:10:30.1125167Z Name                                               FullName                                                            
2026-02-22T07:10:30.1126523Z ----                                               --------                                                            
2026-02-22T07:10:30.1129035Z .github                                            C:\work\apex_repo_cache\ApexTraderAI\.github                        
2026-02-22T07:10:30.1133175Z ai_core                                            C:\work\apex_repo_cache\ApexTraderAI\ai_core                        
2026-02-22T07:10:30.1134191Z archive                                            C:\work\apex_repo_cache\ApexTraderAI\archive                        
2026-02-22T07:10:30.1135162Z config                                             C:\work\apex_repo_cache\ApexTraderAI\config                         
2026-02-22T07:10:30.1136061Z data                                               C:\work\apex_repo_cache\ApexTraderAI\data                           
2026-02-22T07:10:30.1137007Z docs                                               C:\work\apex_repo_cache\ApexTraderAI\docs                           
2026-02-22T07:10:30.1137801Z engine                                             C:\work\apex_repo_cache\ApexTraderAI\engine                         
2026-02-22T07:10:30.1138718Z scripts                                            C:\work\apex_repo_cache\ApexTraderAI\scripts                        
2026-02-22T07:10:30.1139687Z specs                                              C:\work\apex_repo_cache\ApexTraderAI\specs                          
2026-02-22T07:10:30.1140509Z tools                                              C:\work\apex_repo_cache\ApexTraderAI\tools                          
2026-02-22T07:10:30.1141391Z .gitignore                                         C:\work\apex_repo_cache\ApexTraderAI\.gitignore                     
2026-02-22T07:10:30.1142306Z AGENTS.md                                          C:\work\apex_repo_cache\ApexTraderAI\AGENTS.md                      
2026-02-22T07:10:30.1143160Z auto_trader.py                                     C:\work\apex_repo_cache\ApexTraderAI\auto_trader.py                 
2026-02-22T07:10:30.1144198Z main_v0_6.py                                       C:\work\apex_repo_cache\ApexTraderAI\main_v0_6.py                   
2026-02-22T07:10:30.1144956Z README.md                                          C:\work\apex_repo_cache\ApexTraderAI\README.md                      
2026-02-22T07:10:30.1145892Z requirements.txt                                   C:\work\apex_repo_cache\ApexTraderAI\requirements.txt               
2026-02-22T07:10:30.1149511Z run_stepd_prime.py                                 C:\work\apex_repo_cache\ApexTraderAI\run_stepd_prime.py             
2026-02-22T07:10:30.1150445Z run_steps_a_f_headless.py                          C:\work\apex_repo_cache\ApexTraderAI\run_steps_a_f_headless.py      
2026-02-22T07:10:30.1151633Z run_steps_a_f_headless_safe3_lazy_import.py        C:\work\apex_repo_cache\ApexTraderAI\run_steps_a_f_headless_safe3...
2026-02-22T07:10:30.1157972Z run_steps_a_f_headless_safe4_force_stepb_agents.py C:\work\apex_repo_cache\ApexTraderAI\run_steps_a_f_headless_safe4...
2026-02-22T07:10:30.1158469Z 
2026-02-22T07:10:30.1158477Z 
2026-02-22T07:10:30.1179835Z scripts_dir=C:\work\apex_repo_cache\ApexTraderAI\scripts
2026-02-22T07:10:30.1234263Z 
2026-02-22T07:10:30.1249616Z Name                                Length LastWriteTime      
2026-02-22T07:10:30.1250416Z ----                                ------ -------------      
2026-02-22T07:10:30.1251312Z bat_config.bat                        1397 2026/02/22 12:43:15
2026-02-22T07:10:30.1252014Z copy_run_to_onedrive.bat              1072 2026/02/21 10:12:46
2026-02-22T07:10:30.1252922Z doctor.bat                            1973 2026/02/21 10:12:46
2026-02-22T07:10:30.1253629Z evaluate_run_outputs.py              17459 2026/02/22 12:43:15
2026-02-22T07:10:30.1254501Z package_diagnostics.ps1                801 2026/02/21 10:12:46
2026-02-22T07:10:30.1255172Z package_diagnostics_to_onedrive.ps1   3248 2026/02/21 10:51:29
2026-02-22T07:10:30.1256381Z run_all_local_then_copy.bat           9023 2026/02/22 12:43:15
2026-02-22T07:10:30.1256642Z 
2026-02-22T07:10:30.1256701Z 

----- FILE: actions_logs/run/5_Debug shells.txt -----
ï»¿2026-02-22T07:10:30.1506616Z ##[group]Run echo RUNNER_OS=%RUNNER_OS%
2026-02-22T07:10:30.1507000Z [36;1mecho RUNNER_OS=%RUNNER_OS%[0m
2026-02-22T07:10:30.1507249Z [36;1mecho === powershell path ===[0m
2026-02-22T07:10:30.1507496Z [36;1mwhere powershell >nul 2>&1[0m
2026-02-22T07:10:30.1507749Z [36;1mif %ERRORLEVEL% EQU 0 ([0m
2026-02-22T07:10:30.1507996Z [36;1m  where powershell[0m
2026-02-22T07:10:30.1508215Z [36;1m) else ([0m
2026-02-22T07:10:30.1508414Z [36;1m  echo powershell_not_found[0m
2026-02-22T07:10:30.1508641Z [36;1m)[0m
2026-02-22T07:10:30.1508829Z [36;1mecho === pwsh path (optional) ===[0m
2026-02-22T07:10:30.1509093Z [36;1mwhere pwsh >nul 2>&1[0m
2026-02-22T07:10:30.1509336Z [36;1mif %ERRORLEVEL% EQU 0 ([0m
2026-02-22T07:10:30.1509559Z [36;1m  pwsh -v[0m
2026-02-22T07:10:30.1509735Z [36;1m) else ([0m
2026-02-22T07:10:30.1509923Z [36;1m  echo pwsh_not_found (OK)[0m
2026-02-22T07:10:30.1510148Z [36;1m)[0m
2026-02-22T07:10:30.1510350Z [36;1mexit /b 0[0m
2026-02-22T07:10:30.1516176Z shell: C:\Windows\system32\cmd.EXE /D /E:ON /V:OFF /S /C "CALL "{0}""
2026-02-22T07:10:30.1516590Z env:
2026-02-22T07:10:30.1516783Z   REPO_ROOT: C:\work\apex_repo_cache\ApexTraderAI
2026-02-22T07:10:30.1517049Z ##[endgroup]
2026-02-22T07:10:30.1704678Z RUNNER_OS=Windows
2026-02-22T07:10:30.1706579Z === powershell path ===
2026-02-22T07:10:30.4292957Z C:\Windows\System32\WindowsPowerShell\v1.0\powershell.exe
2026-02-22T07:10:30.4354233Z === pwsh path (optional) ===
2026-02-22T07:10:30.5436004Z pwsh_not_found (OK

----- FILE: actions_logs/run/6_Debug python environment.txt -----
ï»¿2026-02-22T07:10:30.5558427Z ##[group]Run where python
2026-02-22T07:10:30.5558756Z [36;1mwhere python[0m
2026-02-22T07:10:30.5558949Z [36;1mpython --version[0m
2026-02-22T07:10:30.5559267Z [36;1mecho RUNNER_TEMP=%RUNNER_TEMP%[0m
2026-02-22T07:10:30.5559563Z [36;1mecho GITHUB_WORKSPACE=%GITHUB_WORKSPACE%[0m
2026-02-22T07:10:30.5563643Z shell: C:\Windows\system32\cmd.EXE /D /E:ON /V:OFF /S /C "CALL "{0}""
2026-02-22T07:10:30.5564010Z env:
2026-02-22T07:10:30.5564266Z   REPO_ROOT: C:\work\apex_repo_cache\ApexTraderAI
2026-02-22T07:10:30.5564531Z ##[endgroup]
2026-02-22T07:10:30.6908139Z C:\Users\becky\AppData\Local\Programs\Python\Python310\python.exe
2026-02-22T07:10:30.7050799Z Python 3.10.6
2026-02-22T07:10:30.7060714Z RUNNER_TEMP=C:\Users\becky\OneDrive\ãƒ‡ã‚¹ã‚¯ãƒˆãƒƒãƒ—\Python\apex-trader-ai\actions-runner\_work\_temp
2026-02-22T07:10:30.7062106Z GITHUB_WORKSPACE=C:\Users\becky\OneDrive\ãƒ‡ã‚¹ã‚¯ãƒˆãƒƒãƒ—\Python\apex-trader-ai\actions-runner\_work\ApexTraderAI\ApexTraderAI

----- FILE: actions_logs/run/7_Verify required scripts.txt -----
ï»¿2026-02-22T07:10:30.7182712Z ##[group]Run $ErrorActionPreference = 'Stop'
2026-02-22T07:10:30.7183309Z [36;1m$ErrorActionPreference = 'Stop'[0m
2026-02-22T07:10:30.7183593Z [36;1mSet-Location $env:REPO_ROOT[0m
2026-02-22T07:10:30.7184055Z [36;1m[0m
2026-02-22T07:10:30.7184282Z [36;1m$reportDir = Join-Path $env:REPO_ROOT 'temp'[0m
2026-02-22T07:10:30.7184666Z [36;1m$null = New-Item -Path $reportDir -ItemType Directory -Force[0m
2026-02-22T07:10:30.7185145Z [36;1m$reportPath = Join-Path $reportDir 'ONE_TAP_ERROR_REPORT.txt'[0m
2026-02-22T07:10:30.7185479Z [36;1m[0m
2026-02-22T07:10:30.7185678Z [36;1mAdd-Content -Path $reportPath -Value @([0m
2026-02-22T07:10:30.7185983Z [36;1m  '[STEP] verify_required_scripts',[0m
2026-02-22T07:10:30.7186289Z [36;1m  ('[INFO] REPO_ROOT={0}' -f $env:REPO_ROOT),[0m
2026-02-22T07:10:30.7186689Z [36;1m  ('[INFO] GITHUB_WORKSPACE={0}' -f $env:GITHUB_WORKSPACE),[0m
2026-02-22T07:10:30.7187189Z [36;1m  ('[INFO] ***' -f $PWD),[0m
2026-02-22T07:10:30.7187556Z [36;1m  ''[0m
2026-02-22T07:10:30.7187920Z [36;1m)[0m
2026-02-22T07:10:30.7188184Z [36;1m[0m
2026-02-22T07:10:30.7188451Z [36;1mWrite-Host '=== Verify scripts directory ==='[0m
2026-02-22T07:10:30.7188790Z [36;1mWrite-Host "REPO_ROOT=$env:REPO_ROOT"[0m
2026-02-22T07:10:30.7189142Z [36;1m$headShort = git rev-parse --short HEAD 2>$null[0m
2026-02-22T07:10:30.7189521Z [36;1mif ($LASTEXITCODE -eq 0 -and $headShort) {[0m
2026-02-22T07:10:30.7189856Z [36;1m  Write-Host ("HEAD={0}" -f $headShort.Trim())[0m
2026-02-22T07:10:30.7190131Z [36;1m} else {[0m
2026-02-22T07:10:30.7190441Z [36;1m  Write-Warning 'Unable to resolve HEAD via git rev-parse --short HEAD'[0m
2026-02-22T07:10:30.7190800Z [36;1m}[0m
2026-02-22T07:10:30.7191026Z [36;1mWrite-Host 'git ls-files scripts (best effort):'[0m
2026-02-22T07:10:30.7191333Z [36;1mgit ls-files scripts 2>$null[0m
2026-02-22T07:10:30.7191670Z [36;1m$scriptsDir = Join-Path $env:REPO_ROOT 'scripts'[0m
2026-02-22T07:10:30.7191996Z [36;1mWrite-Host "scripts_dir=$scriptsDir"[0m
2026-02-22T07:10:30.7192283Z [36;1mif (Test-Path $scriptsDir) {[0m
2026-02-22T07:10:30.7192779Z [36;1m  Get-ChildItem -Path $scriptsDir | Select-Object Name, Length, LastWriteTime | Format-Table -AutoSize[0m
2026-02-22T07:10:30.7193288Z [36;1m} else {[0m
2026-02-22T07:10:30.7193564Z [36;1m  Write-Warning "scripts directory not found: $scriptsDir"[0m
2026-02-22T07:10:30.7193973Z [36;1m}[0m
2026-02-22T07:10:30.7194172Z [36;1m[0m
2026-02-22T07:10:30.7194346Z [36;1m$expected = @([0m
2026-02-22T07:10:30.7194670Z [36;1m  (Join-Path $env:REPO_ROOT 'scripts\run_all_local_then_copy.bat'),[0m
2026-02-22T07:10:30.7195147Z [36;1m  (Join-Path $env:REPO_ROOT 'scripts\package_diagnostics.ps1'),[0m
2026-02-22T07:10:30.7195660Z [36;1m  (Join-Path $env:REPO_ROOT 'scripts\package_diagnostics_to_onedrive.ps1')[0m
2026-02-22T07:10:30.7196062Z [36;1m)[0m
2026-02-22T07:10:30.7196264Z [36;1m[0m
2026-02-22T07:10:30.7196475Z [36;1m$missing = @()[0m
2026-02-22T07:10:30.7196735Z [36;1mforeach ($path in $expected) {[0m
2026-02-22T07:10:30.7196989Z [36;1m  if (Test-Path $path) {[0m
2026-02-22T07:10:30.7197237Z [36;1m    Write-Host "[FOUND] $path"[0m
2026-02-22T07:10:30.7197515Z [36;1m  } else {[0m
2026-02-22T07:10:30.7197727Z [36;1m    Write-Warning "[MISSING] $path"[0m
2026-02-22T07:10:30.7197979Z [36;1m    $missing += $path[0m
2026-02-22T07:10:30.7198202Z [36;1m  }[0m
2026-02-22T07:10:30.7198356Z [36;1m}[0m
2026-02-22T07:10:30.7198504Z [36;1m[0m
2026-02-22T07:10:30.7198677Z [36;1m$searchResults = [ordered]@{}[0m
2026-02-22T07:10:30.7199394Z [36;1mforeach ($fileName in @('run_all_local_then_copy.bat', 'package_diagnostics.ps1', 'package_diagnostics_to_onedrive.ps1')) {[0m
2026-02-22T07:10:30.7200240Z [36;1m  $hits = Get-ChildItem -Path $env:REPO_ROOT -Recurse -Filter $fileName -File -ErrorAction SilentlyContinue |[0m
2026-02-22T07:10:30.7200858Z [36;1m    Select-Object -First 5 -ExpandProperty FullName[0m
2026-02-22T07:10:30.7201374Z [36;1m  $searchResults[$fileName] = if ($hits) { $hits } else { @('(no matches)') }[0m
2026-02-22T07:10:30.7203380Z [36;1m}[0m
2026-02-22T07:10:30.7203572Z [36;1m[0m
2026-02-22T07:10:30.7204395Z [36;1mAdd-Content -Path $reportPath -Value @([0m
2026-02-22T07:10:30.7204684Z [36;1m  '## REQUIRED_SCRIPT_CHECK',[0m
2026-02-22T07:10:30.7230786Z [36;1m  ('repo_root={0}' -f $env:REPO_ROOT),[0m
2026-02-22T07:10:30.7231469Z [36;1m  ('scripts_dir_exists={0}' -f (Test-Path $scriptsDir)),[0m
2026-02-22T07:10:30.7231821Z [36;1m  ('scripts_dir={0}' -f $scriptsDir),[0m
2026-02-22T07:10:30.7232065Z [36;1m  '',[0m
2026-02-22T07:10:30.7232246Z [36;1m  '### scripts_dir_listing',[0m
2026-02-22T07:10:30.7232472Z [36;1m  $([0m
2026-02-22T07:10:30.7232696Z [36;1m    if (Test-Path $scriptsDir) {[0m
2026-02-22T07:10:30.7233134Z [36;1m      $listing = Get-ChildItem -Path $scriptsDir | Sort-Object Name | ForEach-Object {[0m
2026-02-22T07:10:30.7233654Z [36;1m        '- {0} | len={1} | mtime={2}' -f $_.Name, $_.Length, $_.LastWriteTime[0m
2026-02-22T07:10:30.7234027Z [36;1m      }[0m
2026-02-22T07:10:30.7234272Z [36;1m      if ($listing) { $listing } else { '- (empty)' }[0m
2026-02-22T07:10:30.7234567Z [36;1m    } else {[0m
2026-02-22T07:10:30.7234797Z [36;1m      '- (scripts directory missing)'[0m
2026-02-22T07:10:30.7235054Z [36;1m    }[0m
2026-02-22T07:10:30.7235213Z [36;1m  ),[0m
2026-02-22T07:10:30.7235361Z [36;1m  '',[0m
2026-02-22T07:10:30.7235528Z [36;1m  '### FOUND',[0m
2026-02-22T07:10:30.7235857Z [36;1m  ($expected | Where-Object { Test-Path $_ } | ForEach-Object { "- $_" }),[0m
2026-02-22T07:10:30.7236223Z [36;1m  '',[0m
2026-02-22T07:10:30.7236382Z [36;1m  '### MISSING',[0m
2026-02-22T07:10:30.7236753Z [36;1m  ($(if ($missing.Count -gt 0) { $missing | ForEach-Object { "- $_" } } else { '- (none)' })),[0m
2026-02-22T07:10:30.7237220Z [36;1m  '',[0m
2026-02-22T07:10:30.7237479Z [36;1m  '### recursive_search_run_all_local_then_copy.bat',[0m
2026-02-22T07:10:30.7237933Z [36;1m  ($searchResults['run_all_local_then_copy.bat'] | ForEach-Object { "- $_" }),[0m
2026-02-22T07:10:30.7238324Z [36;1m  '',[0m
2026-02-22T07:10:30.7238556Z [36;1m  '### recursive_search_package_diagnostics.ps1',[0m
2026-02-22T07:10:30.7238987Z [36;1m  ($searchResults['package_diagnostics.ps1'] | ForEach-Object { "- $_" }),[0m
2026-02-22T07:10:30.7239364Z [36;1m  '',[0m
2026-02-22T07:10:30.7239627Z [36;1m  '### recursive_search_package_diagnostics_to_onedrive.ps1',[0m
2026-02-22T07:10:30.7240187Z [36;1m  ($searchResults['package_diagnostics_to_onedrive.ps1'] | ForEach-Object { "- $_" }),[0m
2026-02-22T07:10:30.7240599Z [36;1m  '',[0m
2026-02-22T07:10:30.7240768Z [36;1m  '## NEXT_ACTION',[0m
2026-02-22T07:10:30.7241086Z [36;1m  '- Open Artifact desktop-run-* and copy ONE_TAP_ERROR_REPORT.txt'[0m
2026-02-22T07:10:30.7241442Z [36;1m)[0m
2026-02-22T07:10:30.7241594Z [36;1m[0m
2026-02-22T07:10:30.7241756Z [36;1mif ($missing.Count -gt 0) {[0m
2026-02-22T07:10:30.7242077Z [36;1m  Add-Content -Path $reportPath -Value @([0m
2026-02-22T07:10:30.7242421Z [36;1m    '[NG] verify_required_scripts',[0m
2026-02-22T07:10:30.7242723Z [36;1m    ('[NG] missing_count={0}' -f $missing.Count),[0m
2026-02-22T07:10:30.7243004Z [36;1m    ''[0m
2026-02-22T07:10:30.7243165Z [36;1m  )[0m
2026-02-22T07:10:30.7243315Z [36;1m} else {[0m
2026-02-22T07:10:30.7243536Z [36;1m  Add-Content -Path $reportPath -Value @([0m
2026-02-22T07:10:30.7243837Z [36;1m    '[OK] verify_required_scripts',[0m
2026-02-22T07:10:30.7244069Z [36;1m    ''[0m
2026-02-22T07:10:30.7244223Z [36;1m  )[0m
2026-02-22T07:10:30.7244365Z [36;1m}[0m
2026-02-22T07:10:30.7244539Z [36;1m[0m
2026-02-22T07:10:30.7244730Z [36;1mif ($missing.Count -gt 0) {[0m
2026-02-22T07:10:30.7245035Z [36;1m  Write-Host '=== Required scripts debug summary ==='[0m
2026-02-22T07:10:30.7245375Z [36;1m  Write-Host "REPO_ROOT=$env:REPO_ROOT"[0m
2026-02-22T07:10:30.7245672Z [36;1m  Write-Host "scriptsDir=$scriptsDir"[0m
2026-02-22T07:10:30.7246944Z [36;1m  if (Test-Path $scriptsDir) {[0m
2026-02-22T07:10:30.7247249Z [36;1m    Write-Host 'scriptsDir listing:'[0m
2026-02-22T07:10:30.7248553Z [36;1m    Get-ChildItem -Path $scriptsDir | Select-Object Name, Length, LastWriteTime | Format-Table -AutoSize[0m
2026-02-22T07:10:30.7249062Z [36;1m  }[0m
2026-02-22T07:10:30.7249296Z [36;1m  foreach ($fileName in $searchResults.Keys) {[0m
2026-02-22T07:10:30.7249641Z [36;1m    Write-Host "search($fileName):"[0m
2026-02-22T07:10:30.7250039Z [36;1m    $searchResults[$fileName] | ForEach-Object { Write-Host "  $_" }[0m
2026-02-22T07:10:30.7250406Z [36;1m  }[0m
2026-02-22T07:10:30.7250688Z [36;1m  $missingNames = $missing | ForEach-Object { Split-Path $_ -Leaf }[0m
2026-02-22T07:10:30.7251267Z [36;1m  throw ("Required scripts missing: {0}" -f (($missingNames | Sort-Object -Unique) -join ', '))[0m
2026-02-22T07:10:30.7251716Z [36;1m}[0m
2026-02-22T07:10:30.7270113Z shell: C:\Windows\System32\WindowsPowerShell\v1.0\powershell.EXE -NoProfile -ExecutionPolicy Bypass -Command "{0}"
2026-02-22T07:10:30.7270640Z env:
2026-02-22T07:10:30.7270836Z   REPO_ROOT: C:\work\apex_repo_cache\ApexTraderAI
2026-02-22T07:10:30.7271125Z ##[endgroup]
2026-02-22T07:10:31.0515376Z === Verify scripts directory ===
2026-02-22T07:10:31.0575813Z REPO_ROOT=C:\work\apex_repo_cache\ApexTraderAI
2026-02-22T07:10:31.0958684Z HEAD=bc61275
2026-02-22T07:10:31.0959053Z git ls-files scripts (best effort):
2026-02-22T07:10:31.1185371Z scripts/bat_config.bat
2026-02-22T07:10:31.1185739Z scripts/copy_run_to_onedrive.bat
2026-02-22T07:10:31.1186030Z scripts/doctor.bat
2026-02-22T07:10:31.1186279Z scripts/evaluate_run_outputs.py
2026-02-22T07:10:31.1186612Z scripts/package_diagnostics.ps1
2026-02-22T07:10:31.1186930Z scripts/package_diagnostics_to_onedrive.ps1
2026-02-22T07:10:31.1187270Z scripts/run_all_local_then_copy.bat
2026-02-22T07:10:31.1227374Z scripts_dir=C:\work\apex_repo_cache\ApexTraderAI\scripts
2026-02-22T07:10:31.1311137Z 
2026-02-22T07:10:31.1328890Z Name                                Length LastWriteTime      
2026-02-22T07:10:31.1329502Z ----                                ------ -------------      
2026-02-22T07:10:31.1330281Z bat_config.bat                        1397 2026/02/22 12:43:15
2026-02-22T07:10:31.1331122Z copy_run_to_onedrive.bat              1072 2026/02/21 10:12:46
2026-02-22T07:10:31.1331816Z doctor.bat                            1973 2026/02/21 10:12:46
2026-02-22T07:10:31.1332615Z evaluate_run_outputs.py              17459 2026/02/22 12:43:15
2026-02-22T07:10:31.1333296Z package_diagnostics.ps1                801 2026/02/21 10:12:46
2026-02-22T07:10:31.1334102Z package_diagnostics_to_onedrive.ps1   3248 2026/02/21 10:51:29
2026-02-22T07:10:31.1334908Z run_all_local_then_copy.bat           9023 2026/02/22 12:43:15
2026-02-22T07:10:31.1335167Z 
2026-02-22T07:10:31.1335683Z 
2026-02-22T07:10:31.1347336Z [FOUND] C:\work\apex_repo_cache\ApexTraderAI\scripts\run_all_local_then_copy.bat
2026-02-22T07:10:31.1353830Z [FOUND] C:\work\apex_repo_cache\ApexTraderAI\scripts\package_diagnostics.ps1
2026-02-22T07:10:31.1360086Z [FOUND] C:\work\apex_repo_cache\ApexTraderAI\scripts\package_diagnostics_to_onedrive.ps1

----- FILE: actions_logs/run/8_Runner connectivity and host status.txt -----
ï»¿2026-02-22T07:10:31.1977767Z ##[group]Run Write-Host '=== Runner connectivity / host status ==='
2026-02-22T07:10:31.1978325Z [36;1mWrite-Host '=== Runner connectivity / host status ==='[0m
2026-02-22T07:10:31.1978635Z [36;1mwhoami[0m
2026-02-22T07:10:31.1978796Z [36;1mhostname[0m
2026-02-22T07:10:31.1979021Z [36;1mGet-Date -Format 'yyyy-MM-dd HH:mm:ss zzz'[0m
2026-02-22T07:10:31.1979340Z [36;1mWrite-Host "RUNNER_NAME=$env:RUNNER_NAME"[0m
2026-02-22T07:10:31.1979660Z [36;1mWrite-Host "RUNNER_OS=$env:RUNNER_OS"[0m
2026-02-22T07:10:31.1979974Z [36;1mWrite-Host "RUNNER_ARCH=$env:RUNNER_ARCH"[0m
2026-02-22T07:10:31.1980315Z [36;1mWrite-Host "GITHUB_WORKFLOW=$env:GITHUB_WORKFLOW"[0m
2026-02-22T07:10:31.1980681Z [36;1mWrite-Host "GITHUB_RUN_ID=$env:GITHUB_RUN_ID"[0m
2026-02-22T07:10:31.1981055Z [36;1mGet-Process | Where-Object { $_.Name -like '*Runner*' } |[0m
2026-02-22T07:10:31.1981427Z [36;1m  Select-Object Name, Id, StartTime |[0m
2026-02-22T07:10:31.1981925Z [36;1m  Format-Table -AutoSize[0m
2026-02-22T07:10:31.2005669Z shell: C:\Windows\System32\WindowsPowerShell\v1.0\powershell.EXE -NoProfile -ExecutionPolicy Bypass -Command "{0}"
2026-02-22T07:10:31.2006199Z env:
2026-02-22T07:10:31.2006405Z   REPO_ROOT: C:\work\apex_repo_cache\ApexTraderAI
2026-02-22T07:10:31.2006665Z ##[endgroup]
2026-02-22T07:10:31.4151899Z === Runner connectivity / host status ===
2026-02-22T07:10:31.4254572Z desktop-c54piia\becky
2026-02-22T07:10:31.4370137Z DESKTOP-C54PIIA
2026-02-22T07:10:31.4401887Z 2026-02-22 16:10:31 +09:00
2026-02-22T07:10:31.4416095Z RUNNER_NAME=DESKTOP-C54PIIA
2026-02-22T07:10:31.4419746Z RUNNER_OS=Windows
2026-02-22T07:10:31.4423155Z RUNNER_ARCH=X64
2026-02-22T07:10:31.4426640Z GITHUB_WORKFLOW=Run Desktop Pipeline
2026-02-22T07:10:31.4430128Z GITHUB_RUN_ID=22272555605
2026-02-22T07:10:31.4773520Z 
2026-02-22T07:10:31.4816450Z Name               Id StartTime          
2026-02-22T07:10:31.4817201Z ----               -- ---------          
2026-02-22T07:10:31.4818211Z Runner.Listener  6168 2026/02/22 9:38:51 
2026-02-22T07:10:31.4819037Z Runner.Worker    1496 2026/02/22 16:10:22
2026-02-22T07:10:31.4819777Z RunnerService   14772 2026/02/22 9:38:51 
2026-02-22T07:10:31.4820103Z 
2026-02-22T07:10:31.4820198Z 

----- FILE: actions_logs/run/9_Run desktop BAT.txt -----
ï»¿2026-02-22T07:10:31.5093520Z ##[group]Run $ErrorActionPreference = 'Stop'
2026-02-22T07:10:31.5094208Z [36;1m$ErrorActionPreference = 'Stop'[0m
2026-02-22T07:10:31.5094481Z [36;1mSet-Location $env:REPO_ROOT[0m
2026-02-22T07:10:31.5094873Z [36;1m$consoleLog = Join-Path $env:RUNNER_TEMP 'run_all_local_then_copy_console.log'[0m
2026-02-22T07:10:31.5095428Z [36;1m$reportPath = Join-Path $env:GITHUB_WORKSPACE 'temp\ONE_TAP_ERROR_REPORT.txt'[0m
2026-02-22T07:10:31.5095807Z [36;1m[0m
2026-02-22T07:10:31.5096018Z [36;1mAdd-Content -Path $reportPath -Value @([0m
2026-02-22T07:10:31.5096335Z [36;1m  '[STEP] run_desktop_bat',[0m
2026-02-22T07:10:31.5096605Z [36;1m  ('[INFO] console_log={0}' -f $consoleLog)[0m
2026-02-22T07:10:31.5096869Z [36;1m)[0m
2026-02-22T07:10:31.5097036Z [36;1m$batCandidates = @([0m
2026-02-22T07:10:31.5097353Z [36;1m  (Join-Path $env:REPO_ROOT 'scripts\run_all_local_then_copy.bat')[0m
2026-02-22T07:10:31.5097703Z [36;1m)[0m
2026-02-22T07:10:31.5098056Z [36;1m$bat = $batCandidates | Where-Object { Test-Path $_ } | Select-Object -First 1[0m
2026-02-22T07:10:31.5098611Z [36;1m[0m
2026-02-22T07:10:31.5098846Z [36;1mWrite-Host '=== Run desktop BAT preflight ==='[0m
2026-02-22T07:10:31.5099501Z [36;1mWrite-Host "***"[0m
2026-02-22T07:10:31.5099764Z [36;1mWrite-Host "REPO_ROOT=$env:REPO_ROOT"[0m
2026-02-22T07:10:31.5100117Z [36;1mWrite-Host "GITHUB_WORKSPACE=$env:GITHUB_WORKSPACE"[0m
2026-02-22T07:10:31.5100494Z [36;1mWrite-Host "RUNNER_TEMP=$env:RUNNER_TEMP"[0m
2026-02-22T07:10:31.5100933Z [36;1mGet-ChildItem (Join-Path $env:REPO_ROOT 'scripts') | Select-Object Name[0m
2026-02-22T07:10:31.5101342Z [36;1m& where.exe python 2>$null[0m
2026-02-22T07:10:31.5101729Z [36;1mWrite-Host ("BAT candidate paths: {0}" -f ($batCandidates -join '; '))[0m
2026-02-22T07:10:31.5102101Z [36;1m[0m
2026-02-22T07:10:31.5102266Z [36;1mif (-not $bat) {[0m
2026-02-22T07:10:31.5102529Z [36;1m  Add-Content -Path $reportPath -Value @([0m
2026-02-22T07:10:31.5102843Z [36;1m    '[NG] run_desktop_bat',[0m
2026-02-22T07:10:31.5103126Z [36;1m    '[NG] BAT not found',[0m
2026-02-22T07:10:31.5103344Z [36;1m    ''[0m
2026-02-22T07:10:31.5103514Z [36;1m  )[0m
2026-02-22T07:10:31.5103806Z [36;1m  Write-Error "BAT not found. candidates=$($batCandidates -join '; ')"[0m
2026-02-22T07:10:31.5104188Z [36;1m  exit 1[0m
2026-02-22T07:10:31.5104354Z [36;1m}[0m
2026-02-22T07:10:31.5104508Z [36;1m[0m
2026-02-22T07:10:31.5104680Z [36;1m$bat = (Get-Item $bat).FullName[0m
2026-02-22T07:10:31.5105007Z [36;1mWrite-Host ("Executing BAT full path: {0}" -f $bat)[0m
2026-02-22T07:10:31.5105416Z [36;1m[0m
2026-02-22T07:10:31.5105674Z [36;1m$null = New-Item -Path $consoleLog -ItemType File -Force[0m
2026-02-22T07:10:31.5106423Z [36;1mAdd-Content -Path $consoleLog -Value ("[BAT_FULL_PATH]={0}" -f $bat)[0m
2026-02-22T07:10:31.5106790Z [36;1m[0m
2026-02-22T07:10:31.5107154Z [36;1mWrite-Host '=== Python diagnostics (before BAT) ==='[0m
2026-02-22T07:10:31.5107643Z [36;1m& where.exe python 2>&1 | Tee-Object -FilePath $consoleLog -Append[0m
2026-02-22T07:10:31.5108173Z [36;1m& python --version 2>&1 | Tee-Object -FilePath $consoleLog -Append[0m
2026-02-22T07:10:31.5108578Z [36;1mWrite-Host '=== PATH (before BAT) ==='[0m
2026-02-22T07:10:31.5108858Z [36;1mWrite-Host $env:PATH[0m
2026-02-22T07:10:31.5109194Z [36;1mAdd-Content -Path $consoleLog -Value ('[PATH] ' + $env:PATH)[0m
2026-02-22T07:10:31.5109533Z [36;1m[0m
2026-02-22T07:10:31.5109771Z [36;1m& $bat 2>&1 | Tee-Object -FilePath $consoleLog -Append[0m
2026-02-22T07:10:31.5110106Z [36;1m$rc = $LASTEXITCODE[0m
2026-02-22T07:10:31.5110356Z [36;1mWrite-Host "[RC]=$rc"[0m
2026-02-22T07:10:31.5110684Z [36;1mAdd-Content -Path $consoleLog -Value ("[RC]={0}" -f $rc)[0m
2026-02-22T07:10:31.5111012Z [36;1m[0m
2026-02-22T07:10:31.5111176Z [36;1mif ($rc -ne 0) {[0m
2026-02-22T07:10:31.5111431Z [36;1m  Add-Content -Path $reportPath -Value @([0m
2026-02-22T07:10:31.5111734Z [36;1m    '[NG] run_desktop_bat',[0m
2026-02-22T07:10:31.5113417Z [36;1m    ('[NG] exit_code={0}' -f $rc),[0m
2026-02-22T07:10:31.5113664Z [36;1m    ''[0m
2026-02-22T07:10:31.5113824Z [36;1m  )[0m
2026-02-22T07:10:31.5114070Z [36;1m  Write-Warning "Run desktop BAT failed with rc=$rc"[0m
2026-02-22T07:10:31.5114429Z [36;1m  $workRoot = 'C:\work\apex_work\runs'[0m
2026-02-22T07:10:31.5114699Z [36;1m  $runDir = $null[0m
2026-02-22T07:10:31.5114931Z [36;1m  if (Test-Path $workRoot) {[0m
2026-02-22T07:10:31.5115541Z [36;1m    $runDir = Get-ChildItem -Path $workRoot -Directory | Sort-Object LastWriteTime -Descending | Select-Object -First 1[0m
2026-02-22T07:10:31.5116126Z [36;1m  }[0m
2026-02-22T07:10:31.5116292Z [36;1m[0m
2026-02-22T07:10:31.5116455Z [36;1m  if ($runDir) {[0m
2026-02-22T07:10:31.5116807Z [36;1m    $runLog = Join-Path $runDir.FullName ("logs\run_{0}.log" -f $runDir.Name)[0m
2026-02-22T07:10:31.5117380Z [36;1m    Write-Host ("Latest run_dir={0}" -f $runDir.FullName)[0m
2026-02-22T07:10:31.5117780Z [36;1m    Write-Host ("Expected run_log={0}" -f $runLog)[0m
2026-02-22T07:10:31.5118092Z [36;1m    if (Test-Path $runLog) {[0m
2026-02-22T07:10:31.5118395Z [36;1m      Write-Host '=== tail run_*.log (260 lines) ==='[0m
2026-02-22T07:10:31.5118737Z [36;1m      Get-Content -Path $runLog -Tail 260[0m
2026-02-22T07:10:31.5119012Z [36;1m    } else {[0m
2026-02-22T07:10:31.5119283Z [36;1m      Write-Warning ("run log not found: {0}" -f $runLog)[0m
2026-02-22T07:10:31.5119618Z [36;1m    }[0m
2026-02-22T07:10:31.5119844Z [36;1m  } else {[0m
2026-02-22T07:10:31.5120184Z [36;1m    Write-Warning ("No run directories found under {0}" -f $workRoot)[0m
2026-02-22T07:10:31.5120555Z [36;1m  }[0m
2026-02-22T07:10:31.5120720Z [36;1m  exit $rc[0m
2026-02-22T07:10:31.5120895Z [36;1m}[0m
2026-02-22T07:10:31.5121040Z [36;1m[0m
2026-02-22T07:10:31.5121248Z [36;1mAdd-Content -Path $reportPath -Value @([0m
2026-02-22T07:10:31.5121549Z [36;1m  '[OK] run_desktop_bat',[0m
2026-02-22T07:10:31.5121792Z [36;1m  '[OK] exit_code=0',[0m
2026-02-22T07:10:31.5122044Z [36;1m  ''[0m
2026-02-22T07:10:31.5122198Z [36;1m)[0m
2026-02-22T07:10:31.5122363Z [36;1m[0m
2026-02-22T07:10:31.5122582Z [36;1mif ((Get-Item $reportPath).Length -gt 60000) {[0m
2026-02-22T07:10:31.5122932Z [36;1m  $tail = Get-Content -Path $reportPath -Raw[0m
2026-02-22T07:10:31.5123315Z [36;1m  $tail = $tail.Substring([Math]::Max(0, $tail.Length - 60000))[0m
2026-02-22T07:10:31.5123788Z [36;1m  Set-Content -Path $reportPath -Value $tail -Encoding UTF8[0m
2026-02-22T07:10:31.5124119Z [36;1m}[0m
2026-02-22T07:10:31.5124273Z [36;1m[0m
2026-02-22T07:10:31.5124452Z [36;1mexit 0[0m
2026-02-22T07:10:31.5142346Z shell: C:\Windows\System32\WindowsPowerShell\v1.0\powershell.EXE -NoProfile -ExecutionPolicy Bypass -Command "{0}"
2026-02-22T07:10:31.5149691Z env:
2026-02-22T07:10:31.5149973Z   REPO_ROOT: C:\work\apex_repo_cache\ApexTraderAI
2026-02-22T07:10:31.5150266Z   INPUT_MODE: sim
2026-02-22T07:10:31.5150470Z   INPUT_SYMBOLS: SOXL,SOXS
2026-02-22T07:10:31.5150679Z   INPUT_START: 2014-01-01
2026-02-22T07:10:31.5150909Z   INPUT_END: 2022-03-31
2026-02-22T07:10:31.5151125Z   INPUT_TEST_START: 2022-01-03
2026-02-22T07:10:31.5151351Z   INPUT_TRAIN_YEARS: 8
2026-02-22T07:10:31.5151536Z   INPUT_TEST_MONTHS: 3
2026-02-22T07:10:31.5151737Z   INPUT_COPY_TO_ONEDRIVE: true
2026-02-22T07:10:31.5151964Z   INPUT_STEPS: A,B,C,D,DPRIME,E,F
2026-02-22T07:10:31.5152203Z   INPUT_SKIP_STEPE: false
2026-02-22T07:10:31.5152399Z   RUN_MODE: sim
2026-02-22T07:10:31.5152572Z   SYMBOLS: SOXL,SOXS
2026-02-22T07:10:31.5152745Z   SYMBOL: SOXL
2026-02-22T07:10:31.5152919Z   STEPS: A,B,C,D,DPRIME,E,F
2026-02-22T07:10:31.5153132Z   SKIP_STEPE: 0
2026-02-22T07:10:31.5153338Z   DATA_START: 2014-01-01
2026-02-22T07:10:31.5153553Z   DATA_END: 2022-03-31
2026-02-22T07:10:31.5153737Z   TEST_START: 2022-01-03
2026-02-22T07:10:31.5153957Z   TRAIN_YEARS: 8
2026-02-22T07:10:31.5154128Z   TEST_MONTHS: 3
2026-02-22T07:10:31.5154306Z   WORK_ROOT: C:\work\apex_work\runs
2026-02-22T07:10:31.5155288Z   COPY_TO_ONEDRIVE: 1
2026-02-22T07:10:31.5155480Z   PYTHON_EXE: python
2026-02-22T07:10:31.5155715Z ##[endgroup]
2026-02-22T07:10:31.7832634Z === Run desktop BAT preflight ===
2026-02-22T07:10:31.7851744Z ***
2026-02-22T07:10:31.7866581Z REPO_ROOT=C:\work\apex_repo_cache\ApexTraderAI
2026-02-22T07:10:31.7888041Z GITHUB_WORKSPACE=C:\Users\becky\OneDrive\ãƒ‡ã‚¹ã‚¯ãƒˆãƒƒãƒ—\Python\apex-trader-ai\actions-runner\_work\ApexTraderAI\ApexTraderAI
2026-02-22T07:10:31.7890161Z RUNNER_TEMP=C:\Users\becky\OneDrive\ãƒ‡ã‚¹ã‚¯ãƒˆãƒƒãƒ—\Python\apex-trader-ai\actions-runner\_work\_temp
2026-02-22T07:10:31.7929923Z 
2026-02-22T07:10:31.9172256Z C:\Users\becky\AppData\Local\Programs\Python\Python310\python.exe
2026-02-22T07:10:31.9195428Z BAT candidate paths: C:\work\apex_repo_cache\ApexTraderAI\scripts\run_all_local_then_copy.bat
2026-02-22T07:10:31.9240410Z Executing BAT full path: C:\work\apex_repo_cache\ApexTraderAI\scripts\run_all_local_then_copy.bat
2026-02-22T07:10:31.9276929Z === Python diagnostics (before BAT) ===
2026-02-22T07:10:32.0632795Z === PATH (before BAT) ===
2026-02-22T07:10:32.0639690Z C:\Program Files\Oculus\Support\oculus-runtime;C:\Windows\system32;C:\Windows;C:\Windows\System32\Wbem;C:\Windows\System32\WindowsPowerShell\v1.0\;C:\Windows\System32\OpenSSH\;C:\Program Files (x86)\Intel\Intel(R) Management Engine Components\DAL;C:\Program Files\Intel\Intel(R) Management Engine Components\DAL;C:\Program Files (x86)\NVIDIA Corporation\PhysX\Common;C:\Program Files\NVIDIA Corporation\NVIDIA NvDLISR;C:\Program Files (x86)\QuickTime\QTSystem\;C:\Program Files\Git\cmd;C:\WINDOWS\system32;C:\WINDOWS;C:\WINDOWS\System32\Wbem;C:\WINDOWS\System32\WindowsPowerShell\v1.0\;C:\WINDOWS\System32\OpenSSH\;C:\Users\becky\AppData\Local\Programs\Python\Python310\;C:\ffmpeg\bin\;
2026-02-22T07:10:32.3839971Z Name                               
2026-02-22T07:10:32.3840443Z ----                               
2026-02-22T07:10:32.3840780Z bat_config.bat                     
2026-02-22T07:10:32.3841129Z copy_run_to_onedrive.bat           
2026-02-22T07:10:32.3841417Z doctor.bat                         
2026-02-22T07:10:32.3841775Z evaluate_run_outputs.py            
2026-02-22T07:10:32.3842297Z package_diagnostics.ps1            
2026-02-22T07:10:32.3842697Z package_diagnostics_to_onedrive.ps1
2026-02-22T07:10:32.3847400Z run_all_local_then_copy.bat        
2026-02-22T07:10:32.3849877Z C:\Users\becky\AppData\Local\Programs\Python\Python310\python.exe
2026-02-22T07:10:32.3850250Z Python 3.10.6
2026-02-22T07:10:32.3852306Z [RC] 
2026-02-22T07:10:32.4799346Z [RC] 
2026-02-22T07:10:32.6592225Z [RC] 
2026-02-22T07:10:32.7220710Z [RC] 
2026-02-22T07:10:32.7997795Z [RC] 
2026-02-22T07:10:34.7625235Z [RC] 
2026-02-22T07:26:17.7657787Z [RC] 
2026-02-22T07:26:30.6036651Z [RC] 
2026-02-22T07:26:30.6462796Z [RC] 
2026-02-22T07:26:31.5645352Z [OK] repo_snapshots already exists: "C:\Users\becky\OneDrive\ApexTraderAI\repo_snapshots"
2026-02-22T07:26:31.8298168Z [RC] 
2026-02-22T07:26:31.8411096Z [OK] run_id=20260222_161032
2026-02-22T07:26:31.8411786Z [OK] local=C:\work\apex_work\runs\20260222_161032
2026-02-22T07:26:31.8415446Z [OK] onedrive=C:\Users\becky\OneDrive\ApexTraderAI\runs\20260222_161032
2026-02-22T07:26:31.8485121Z [RC]=0
2026-02-22T07:26:31.8593524Z 
2026-02-22T07:26:31.8593587Z 

----- FILE: actions_logs/run/system.txt -----
2026-02-22T07:10:18.5520000Z Evaluating run.if
2026-02-22T07:10:18.5520000Z Evaluating: success()
2026-02-22T07:10:18.5520000Z Result: true
2026-02-22T07:10:18.5530000Z Requested labels: self-hosted, windows
2026-02-22T07:10:18.5530000Z Job defined at: toki866/ApexTraderAI/.github/workflows/run_desktop_pipeline.yml@refs/heads/main
2026-02-22T07:10:18.5530000Z Waiting for a runner to pick up this job...
2026-02-22T07:10:19.0580000Z Job is about to start running on the runner: DESKTOP-C54PIIA
