Run: https://github.com/toki866/ApexTraderAI/actions/runs/22273241605
SHA: 83c718732eee78d80fb9293af133e205e6890b9f
Attempt: 1
Conclusion: success

==== TAILS (each file last 200 lines) ====

----- FILE: actions_logs/0_run.txt -----
  ? fs.readFileSync(reportPath, 'utf8')
  : '(missing ONE_TAP_ERROR_REPORT.txt)';

const evalPath = path.join(process.env.GITHUB_WORKSPACE, 'temp', 'eval', 'EVAL_SUMMARY.txt');
let evalTxt = fs.existsSync(evalPath)
  ? fs.readFileSync(evalPath, 'utf8')
  : '(EVAL_SUMMARY.txt missing)';

if (report.length > 60000) report = report.slice(-60000);
if (evalTxt.length > 15000) evalTxt = evalTxt.slice(-15000);

const runUrl = `${context.serverUrl}/${owner}/${repo}/actions/runs/${context.runId}`;
const title = 'ApexTraderAI Diagnostics (latest)';
const attempt = process.env.GITHUB_RUN_ATTEMPT || '1';
const diagRunFolder = process.env.DIAG_RUN_FOLDER || 'LATEST_CSV.md';
const csvIndexUrl = diagRunFolder === 'LATEST_CSV.md'
  ? `${context.serverUrl}/${owner}/${repo}/blob/diag-logs/runs/LATEST_CSV.md`
  : `${context.serverUrl}/${owner}/${repo}/blob/diag-logs/runs/${diagRunFolder}/CSV_INDEX.md`;
const evalPathInBranch = diagRunFolder === 'LATEST_CSV.md'
  ? 'runs/LATEST_CSV.md'
  : `runs/${diagRunFolder}/csv/EVAL_REPORT.md`;
const evalUrl = `${context.serverUrl}/${owner}/${repo}/blob/diag-logs/${evalPathInBranch}`;
const body = `Run: ${runUrl}\nSHA: ${context.sha}\nAttempt: ${attempt}\ndiag-logs csv_index: ${csvIndexUrl}\n\n## Evaluation Summary\ndiag-logs: [${evalPathInBranch}](${evalUrl})\n\n\`\`\`text\n${evalTxt}\n\`\`\`\n\n\`\`\`text\n${report}\n\`\`\`\n`;

const { data: issues } = await github.rest.issues.listForRepo({
  owner,
  repo,
  state: 'open',
  per_page: 100
});
const existing = issues.find(i => i.title === title);

if (existing) {
  await github.rest.issues.update({ owner, repo, issue_number: existing.number, body });
} else {
  await github.rest.issues.create({ owner, repo, title, body });
}

2026-02-22T08:16:42.7135394Z   github-token: ***
2026-02-22T08:16:42.7135636Z   debug: false
2026-02-22T08:16:42.7135874Z   user-agent: actions/github-script
2026-02-22T08:16:42.7136128Z   result-encoding: json
2026-02-22T08:16:42.7136315Z   retries: 0
2026-02-22T08:16:42.7136533Z   retry-exempt-status-codes: 400,401,403,404,422
2026-02-22T08:16:42.7136803Z env:
2026-02-22T08:16:42.7137019Z   REPO_ROOT: C:\work\apex_repo_cache\ApexTraderAI
2026-02-22T08:16:42.7137371Z   DIAG_RUN_FOLDER: 20260222_171640_run22273241605_att1_83c7187
2026-02-22T08:16:42.7137679Z ##[endgroup]
2026-02-22T08:16:44.5832290Z ##[group]Run $ErrorActionPreference = 'Stop'
2026-02-22T08:16:44.5832938Z [36;1m$ErrorActionPreference = 'Stop'[0m
2026-02-22T08:16:44.5833217Z [36;1m[0m
2026-02-22T08:16:44.5833380Z [36;1mfunction Mask-Secrets {[0m
2026-02-22T08:16:44.5833619Z [36;1m  param([string]$Text)[0m
2026-02-22T08:16:44.5833824Z [36;1m[0m
2026-02-22T08:16:44.5834043Z [36;1m  if ([string]::IsNullOrEmpty($Text)) { return $Text }[0m
2026-02-22T08:16:44.5834335Z [36;1m[0m
2026-02-22T08:16:44.5834536Z [36;1m  $masked = $Text[0m
2026-02-22T08:16:44.5834967Z [36;1m  $masked = [regex]::Replace($masked, 'github_pat_[A-Za-z0-9_]{20,}', 'github_pat_***MASKED***')[0m
2026-02-22T08:16:44.5835770Z [36;1m  $masked = [regex]::Replace($masked, 'gh[pousr]_[A-Za-z0-9_]{20,}', 'gh***_***MASKED***')[0m
2026-02-22T08:16:44.5836391Z [36;1m  $masked = [regex]::Replace($masked, '(?im)\b(token|password|secret)\b\s*[:=]\s*\S+', '$1=***MASKED***')[0m
2026-02-22T08:16:44.5836950Z [36;1m  return $masked[0m
2026-02-22T08:16:44.5837194Z [36;1m}[0m
2026-02-22T08:16:44.5837341Z [36;1m[0m
2026-02-22T08:16:44.5837505Z [36;1mfunction Get-MaskedTail {[0m
2026-02-22T08:16:44.5837724Z [36;1m  param([0m
2026-02-22T08:16:44.5837900Z [36;1m    [string]$Path,[0m
2026-02-22T08:16:44.5838103Z [36;1m    [int]$Tail = 200[0m
2026-02-22T08:16:44.5838294Z [36;1m  )[0m
2026-02-22T08:16:44.5838445Z [36;1m[0m
2026-02-22T08:16:44.5838683Z [36;1m  if (-not (Test-Path $Path)) { return "(not found) $Path" }[0m
2026-02-22T08:16:44.5839211Z [36;1m  $raw = (Get-Content -Path $Path -Tail $Tail -ErrorAction SilentlyContinue) -join "`r`n"[0m
2026-02-22T08:16:44.5839679Z [36;1m  return (Mask-Secrets -Text $raw)[0m
2026-02-22T08:16:44.5839930Z [36;1m}[0m
2026-02-22T08:16:44.5840078Z [36;1m[0m
2026-02-22T08:16:44.5840282Z [36;1m$diagOut = Join-Path $env:RUNNER_TEMP 'diag_out'[0m
2026-02-22T08:16:44.5840658Z [36;1m$null = New-Item -Path $diagOut -ItemType Directory -Force[0m
2026-02-22T08:16:44.5840976Z [36;1m[0m
2026-02-22T08:16:44.5841135Z [36;1m$ws = $env:GITHUB_WORKSPACE[0m
2026-02-22T08:16:44.5841462Z [36;1m$runnerRoot = (Resolve-Path (Join-Path $ws '..\..\..')).Path[0m
2026-02-22T08:16:44.5841898Z [36;1m$runnerDiag = Join-Path $runnerRoot '_diag'[0m
2026-02-22T08:16:44.5842176Z [36;1m$runId = '22273241605'[0m
2026-02-22T08:16:44.5842390Z [36;1m$runAttempt = '1'[0m
2026-02-22T08:16:44.5842647Z [36;1m$sha = '83c718732eee78d80fb9293af133e205e6890b9f'[0m
2026-02-22T08:16:44.5842930Z [36;1m$branch = 'main'[0m
2026-02-22T08:16:44.5843138Z [36;1m$repo = 'toki866/ApexTraderAI'[0m
2026-02-22T08:16:44.5843444Z [36;1m$artifactName = "diag_full_${runId}_${runAttempt}"[0m
2026-02-22T08:16:44.5843735Z [36;1m[0m
2026-02-22T08:16:44.5843937Z [36;1m$latestRunnerLog = $null[0m
2026-02-22T08:16:44.5844223Z [36;1m$latestWorkerLog = $null[0m
2026-02-22T08:16:44.5844459Z [36;1mif (Test-Path $runnerDiag) {[0m
2026-02-22T08:16:44.5845206Z [36;1m  $latestRunnerLog = Get-ChildItem -Path $runnerDiag -Filter 'Runner_*.log' -File -ErrorAction SilentlyContinue | Sort-Object LastWriteTime -Descending | Select-Object -First 1[0m
2026-02-22T08:16:44.5846464Z [36;1m  $latestWorkerLog = Get-ChildItem -Path $runnerDiag -Filter 'Worker_*.log' -File -ErrorAction SilentlyContinue | Sort-Object LastWriteTime -Descending | Select-Object -First 1[0m
2026-02-22T08:16:44.5847207Z [36;1m}[0m
2026-02-22T08:16:44.5847355Z [36;1m[0m
2026-02-22T08:16:44.5847666Z [36;1m$workflowLog = Join-Path $env:RUNNER_TEMP 'run_all_local_then_copy_console.log'[0m
2026-02-22T08:16:44.5848204Z [36;1m$runLogPath = 'C:\work\apex_work\runs\20260222_170025\logs\run_20260222_170025.log'[0m
2026-02-22T08:16:44.5848710Z [36;1m$stepSummaryGlob = Join-Path $env:RUNNER_TEMP 'step_summary_*'[0m
2026-02-22T08:16:44.5849273Z [36;1m$oneTapReportWorkspace = Join-Path $env:GITHUB_WORKSPACE 'temp\ONE_TAP_ERROR_REPORT.txt'[0m
2026-02-22T08:16:44.5849699Z [36;1m[0m
2026-02-22T08:16:44.5851464Z [36;1mif ($latestRunnerLog) { Copy-Item -Path $latestRunnerLog.FullName -Destination (Join-Path $diagOut $latestRunnerLog.Name) -Force }[0m
2026-02-22T08:16:44.5852440Z [36;1mif ($latestWorkerLog) { Copy-Item -Path $latestWorkerLog.FullName -Destination (Join-Path $diagOut $latestWorkerLog.Name) -Force }[0m
2026-02-22T08:16:44.5853361Z [36;1mif (Test-Path $workflowLog) { Copy-Item -Path $workflowLog -Destination (Join-Path $diagOut 'workflow_console.log') -Force }[0m
2026-02-22T08:16:44.5854302Z [36;1mif ($runLogPath -and (Test-Path $runLogPath)) { Copy-Item -Path $runLogPath -Destination (Join-Path $diagOut (Split-Path $runLogPath -Leaf)) -Force }[0m
2026-02-22T08:16:44.5855342Z [36;1mif (Test-Path $oneTapReportWorkspace) { Copy-Item -Path $oneTapReportWorkspace -Destination (Join-Path $diagOut 'ONE_TAP_ERROR_REPORT.txt') -Force }[0m
2026-02-22T08:16:44.5856369Z [36;1mGet-ChildItem -Path $stepSummaryGlob -File -ErrorAction SilentlyContinue | ForEach-Object {[0m
2026-02-22T08:16:44.5857012Z [36;1m  Copy-Item -Path $_.FullName -Destination (Join-Path $diagOut $_.Name) -Force[0m
2026-02-22T08:16:44.5857403Z [36;1m}[0m
2026-02-22T08:16:44.5857556Z [36;1m[0m
2026-02-22T08:16:44.5857750Z [36;1mforeach ($subDir in @('pages', 'blocks')) {[0m
2026-02-22T08:16:44.5858101Z [36;1m  $src = Join-Path $runnerDiag $subDir[0m
2026-02-22T08:16:44.5858410Z [36;1m  if (Test-Path $src) {[0m
2026-02-22T08:16:44.5858794Z [36;1m    Copy-Item -Path $src -Destination (Join-Path $diagOut $subDir) -Recurse -Force[0m
2026-02-22T08:16:44.5859189Z [36;1m  }[0m
2026-02-22T08:16:44.5859341Z [36;1m}[0m
2026-02-22T08:16:44.5859482Z [36;1m[0m
2026-02-22T08:16:44.5860001Z [36;1m$runnerTailText = if ($latestRunnerLog) { Get-MaskedTail -Path $latestRunnerLog.FullName -Tail 200 } else { '(runner diag not found)' }[0m
2026-02-22T08:16:44.5860952Z [36;1m$workflowTailText = if (Test-Path $workflowLog) { Get-MaskedTail -Path $workflowLog -Tail 200 } else { '(workflow log not found)' }[0m
2026-02-22T08:16:44.5861515Z [36;1m[0m
2026-02-22T08:16:44.5861725Z [36;1m$summaryPath = Join-Path $diagOut 'summary.md'[0m
2026-02-22T08:16:44.5862016Z [36;1m$summary = @([0m
2026-02-22T08:16:44.5862219Z [36;1m  '# Diagnostics Summary',[0m
2026-02-22T08:16:44.5862440Z [36;1m  '',[0m
2026-02-22T08:16:44.5862606Z [36;1m  "- repo: $repo",[0m
2026-02-22T08:16:44.5862874Z [36;1m  "- branch: $branch",[0m
2026-02-22T08:16:44.5863142Z [36;1m  "- sha: $sha",[0m
2026-02-22T08:16:44.5863337Z [36;1m  "- run_id: $runId",[0m
2026-02-22T08:16:44.5863560Z [36;1m  "- attempt: $runAttempt",[0m
2026-02-22T08:16:44.5863823Z [36;1m  "- failing_step: $env:FAILING_STEP",[0m
2026-02-22T08:16:44.5864106Z [36;1m  "- artifact_name: $artifactName",[0m
2026-02-22T08:16:44.5864433Z [36;1m  '- one_tap_report: See ONE_TAP_ERROR_REPORT.txt',[0m
2026-02-22T08:16:44.5864718Z [36;1m  '',[0m
2026-02-22T08:16:44.5864920Z [36;1m  '## runner_diag_tail (last 200 lines)',[0m
2026-02-22T08:16:44.5865223Z [36;1m  '```text',[0m
2026-02-22T08:16:44.5865468Z [36;1m  $runnerTailText,[0m
2026-02-22T08:16:44.5865672Z [36;1m  '```',[0m
2026-02-22T08:16:44.5872372Z [36;1m  '',[0m
2026-02-22T08:16:44.5872706Z [36;1m  '## workflow_tail (last 200 lines)',[0m
2026-02-22T08:16:44.5872971Z [36;1m  '```text',[0m
2026-02-22T08:16:44.5873166Z [36;1m  $workflowTailText,[0m
2026-02-22T08:16:44.5873371Z [36;1m  '```'[0m
2026-02-22T08:16:44.5873543Z [36;1m) -join "`r`n"[0m
2026-02-22T08:16:44.5873768Z [36;1m$summary = Mask-Secrets -Text $summary[0m
2026-02-22T08:16:44.5874150Z [36;1mSet-Content -Path $summaryPath -Value $summary -Encoding UTF8[0m
2026-02-22T08:16:44.5874483Z [36;1m[0m
2026-02-22T08:16:44.5874854Z [36;1m$runnerTailPath = Join-Path $diagOut 'runner_diag_tail.txt'[0m
2026-02-22T08:16:44.5875353Z [36;1mSet-Content -Path $runnerTailPath -Value $runnerTailText -Encoding UTF8[0m
2026-02-22T08:16:44.5875837Z [36;1m$workflowTailPath = Join-Path $diagOut 'workflow_tail.txt'[0m
2026-02-22T08:16:44.5876768Z [36;1mSet-Content -Path $workflowTailPath -Value $workflowTailText -Encoding UTF8[0m
2026-02-22T08:16:44.5877265Z [36;1m[0m
2026-02-22T08:16:44.5877622Z [36;1m$fullZip = Join-Path $env:RUNNER_TEMP ("{0}.zip" -f $artifactName)[0m
2026-02-22T08:16:44.5878240Z [36;1mif (Test-Path $fullZip) { Remove-Item $fullZip -Force }[0m
2026-02-22T08:16:44.5878727Z [36;1mCompress-Archive -Path (Join-Path $diagOut '*') -DestinationPath $fullZip -Force[0m
2026-02-22T08:16:44.5879132Z [36;1m[0m
2026-02-22T08:16:44.5879475Z [36;1m"diag_out=$diagOut" | Out-File -FilePath $env:GITHUB_OUTPUT -Encoding utf8 -Append[0m
2026-02-22T08:16:44.5880070Z [36;1m"diag_summary=$summaryPath" | Out-File -FilePath $env:GITHUB_OUTPUT -Encoding utf8 -Append[0m
2026-02-22T08:16:44.5880870Z [36;1m"diag_runner_tail=$runnerTailPath" | Out-File -FilePath $env:GITHUB_OUTPUT -Encoding utf8 -Append[0m
2026-02-22T08:16:44.5881566Z [36;1m"diag_workflow_tail=$workflowTailPath" | Out-File -FilePath $env:GITHUB_OUTPUT -Encoding utf8 -Append[0m
2026-02-22T08:16:44.5882238Z [36;1m"diag_zip=$fullZip" | Out-File -FilePath $env:GITHUB_OUTPUT -Encoding utf8 -Append[0m
2026-02-22T08:16:44.5882842Z [36;1m"diag_artifact_name=$artifactName" | Out-File -FilePath $env:GITHUB_OUTPUT -Encoding utf8 -Append[0m
2026-02-22T08:16:44.5899112Z shell: C:\Windows\System32\WindowsPowerShell\v1.0\powershell.EXE -NoProfile -ExecutionPolicy Bypass -Command "{0}"
2026-02-22T08:16:44.5899592Z env:
2026-02-22T08:16:44.5899780Z   REPO_ROOT: C:\work\apex_repo_cache\ApexTraderAI
2026-02-22T08:16:44.5900041Z   FAILING_STEP: unknown
2026-02-22T08:16:44.5900211Z ##[endgroup]
2026-02-22T08:16:45.6707637Z ##[group]Run actions/upload-artifact@v4
2026-02-22T08:16:45.6708074Z with:
2026-02-22T08:16:45.6708246Z   name: diag_full_22273241605_1
2026-02-22T08:16:45.6708489Z   if-no-files-found: warn
2026-02-22T08:16:45.6708704Z   retention-days: 7
2026-02-22T08:16:45.6709166Z   path: C:\Users\becky\OneDrive\ãƒ‡ã‚¹ã‚¯ãƒˆãƒƒãƒ—\Python\apex-trader-ai\actions-runner\_work\_temp\diag_full_22273241605_1.zip
2026-02-22T08:16:45.6709698Z   compression-level: 6
2026-02-22T08:16:45.6709905Z   overwrite: false
2026-02-22T08:16:45.6710111Z   include-hidden-files: false
2026-02-22T08:16:45.6710330Z env:
2026-02-22T08:16:45.6710532Z   REPO_ROOT: C:\work\apex_repo_cache\ApexTraderAI
2026-02-22T08:16:45.6710832Z ##[endgroup]
2026-02-22T08:16:45.9529678Z With the provided path, there will be 1 file uploaded
2026-02-22T08:16:45.9535826Z Artifact name is valid!
2026-02-22T08:16:45.9538856Z Root directory input is valid!
2026-02-22T08:16:46.5629021Z Beginning upload of artifact content to blob storage
2026-02-22T08:16:47.6469597Z Uploaded bytes 92894
2026-02-22T08:16:47.8280125Z Finished uploading artifact content to blob storage!
2026-02-22T08:16:47.8285941Z SHA256 digest of uploaded artifact zip is a1d8bd9f96349f4d342f86632825cdaaed34cd9568db867079f15ab8fd1b5672
2026-02-22T08:16:47.8288373Z Finalizing artifact upload
2026-02-22T08:16:48.0678436Z Artifact diag_full_22273241605_1.zip successfully finalized. Artifact ID 5605958629
2026-02-22T08:16:48.0679289Z Artifact diag_full_22273241605_1 has been successfully uploaded! Final size is 92894 bytes. Artifact ID is 5605958629
2026-02-22T08:16:48.0696137Z Artifact download URL: https://github.com/toki866/ApexTraderAI/actions/runs/22273241605/artifacts/5605958629
2026-02-22T08:16:48.1001470Z ##[group]Run actions/upload-artifact@v4
2026-02-22T08:16:48.1001821Z with:
2026-02-22T08:16:48.1001985Z   name: diagnostics
2026-02-22T08:16:48.1002178Z   if-no-files-found: warn
2026-02-22T08:16:48.1002392Z   path: _diagnostics/**/*
2026-02-22T08:16:48.1002601Z   compression-level: 6
2026-02-22T08:16:48.1002831Z   overwrite: false
2026-02-22T08:16:48.1003122Z   include-hidden-files: false
2026-02-22T08:16:48.1003360Z env:
2026-02-22T08:16:48.1003562Z   REPO_ROOT: C:\work\apex_repo_cache\ApexTraderAI
2026-02-22T08:16:48.1003832Z ##[endgroup]
2026-02-22T08:16:48.3981797Z ##[warning]No files were found with the provided path: _diagnostics/**/*. No artifacts will be uploaded.
2026-02-22T08:16:48.4103555Z Cleaning up orphan processes

----- FILE: actions_logs/run/10_Stage console log in workspace.txt -----
ï»¿2026-02-22T08:16:11.9997409Z ##[group]Run $workspaceTemp = Join-Path $env:GITHUB_WORKSPACE 'temp'
2026-02-22T08:16:11.9998255Z [36;1m$workspaceTemp = Join-Path $env:GITHUB_WORKSPACE 'temp'[0m
2026-02-22T08:16:11.9998700Z [36;1m$null = New-Item -Path $workspaceTemp -ItemType Directory -Force[0m
2026-02-22T08:16:11.9999207Z [36;1m$consoleLog = Join-Path $env:RUNNER_TEMP 'run_all_local_then_copy_console.log'[0m
2026-02-22T08:16:11.9999834Z [36;1m$workspaceConsoleLog = Join-Path $workspaceTemp 'run_all_local_then_copy_console.log'[0m
2026-02-22T08:16:12.0000293Z [36;1mif (Test-Path $consoleLog) {[0m
2026-02-22T08:16:12.0000657Z [36;1m  Copy-Item -Path $consoleLog -Destination $workspaceConsoleLog -Force[0m
2026-02-22T08:16:12.0001110Z [36;1m  Write-Host "Staged console log: $workspaceConsoleLog"[0m
2026-02-22T08:16:12.0001413Z [36;1m} else {[0m
2026-02-22T08:16:12.0001656Z [36;1m  Write-Warning "Console log not found at: $consoleLog"[0m
2026-02-22T08:16:12.0001993Z [36;1m  @([0m
2026-02-22T08:16:12.0002257Z [36;1m    '[WARN] Console log was not generated by BAT execution.',[0m
2026-02-22T08:16:12.0002943Z [36;1m    '[WARN] Never finish a workflow run without leaving a readable log artifact.',[0m
2026-02-22T08:16:12.0003614Z [36;1m    ('[WARN] generated_at={0}' -f (Get-Date -Format 'yyyy-MM-dd HH:mm:ss zzz'))[0m
2026-02-22T08:16:12.0004082Z [36;1m  ) | Set-Content -Path $workspaceConsoleLog -Encoding UTF8[0m
2026-02-22T08:16:12.0004533Z [36;1m  Write-Host "Created fallback console log: $workspaceConsoleLog"[0m
2026-02-22T08:16:12.0004876Z [36;1m}[0m
2026-02-22T08:16:12.0025352Z shell: C:\Windows\System32\WindowsPowerShell\v1.0\powershell.EXE -NoProfile -ExecutionPolicy Bypass -Command "{0}"
2026-02-22T08:16:12.0026445Z env:
2026-02-22T08:16:12.0026804Z   REPO_ROOT: C:\work\apex_repo_cache\ApexTraderAI
2026-02-22T08:16:12.0027314Z ##[endgroup]
2026-02-22T08:16:12.2924218Z Staged console log: C:\Users\becky\OneDrive\ãƒ‡ã‚¹ã‚¯ãƒˆãƒƒãƒ—\Python\apex-trader-ai\actions-runner\_work\ApexTraderAI\ApexTraderAI\temp\run_all_local_then_copy_console.log

----- FILE: actions_logs/run/11_Append error tails to ONE_TAP (always).txt -----
ï»¿2026-02-22T08:16:12.3286213Z ##[group]Run $ErrorActionPreference = 'Continue'
2026-02-22T08:16:12.3286971Z [36;1m$ErrorActionPreference = 'Continue'[0m
2026-02-22T08:16:12.3287444Z [36;1m[0m
2026-02-22T08:16:12.3287972Z [36;1m$report = Join-Path $env:GITHUB_WORKSPACE 'temp\ONE_TAP_ERROR_REPORT.txt'[0m
2026-02-22T08:16:12.3288780Z [36;1mif (!(Test-Path $report)) {[0m
2026-02-22T08:16:12.3289578Z [36;1m  New-Item -Path (Split-Path $report -Parent) -ItemType Directory -Force | Out-Null[0m
2026-02-22T08:16:12.3290731Z [36;1m  '[WARN] ONE_TAP report missing; created.' | Set-Content -Path $report -Encoding UTF8[0m
2026-02-22T08:16:12.3291491Z [36;1m}[0m
2026-02-22T08:16:12.3291780Z [36;1m[0m
2026-02-22T08:16:12.3292080Z [36;1mAdd-Content $report ""[0m
2026-02-22T08:16:12.3292609Z [36;1mAdd-Content $report "[STEP] append_error_tails"[0m
2026-02-22T08:16:12.3293537Z [36;1mAdd-Content $report ("timestamp={0}" -f (Get-Date -Format 'yyyy-MM-dd HH:mm:ss zzz'))[0m
2026-02-22T08:16:12.3294318Z [36;1m[0m
2026-02-22T08:16:12.3294786Z [36;1m# python env snapshot (to compare with local)[0m
2026-02-22T08:16:12.3295426Z [36;1mAdd-Content $report "---- python_env ----"[0m
2026-02-22T08:16:12.3296371Z [36;1mtry { (& where.exe python 2>&1) | Add-Content $report } catch { ($_ | Out-String) | Add-Content $report }[0m
2026-02-22T08:16:12.3298865Z [36;1mtry { (& python --version 2>&1) | Add-Content $report } catch { ($_ | Out-String) | Add-Content $report }[0m
2026-02-22T08:16:12.3300344Z [36;1mtry { (& python -c "import sys; print(sys.executable)" 2>&1) | Add-Content $report } catch { ($_ | Out-String) | Add-Content $report }[0m
2026-02-22T08:16:12.3300939Z [36;1m[0m
2026-02-22T08:16:12.3301188Z [36;1m# console log tail[0m
2026-02-22T08:16:12.3301864Z [36;1m$consoleLog = Join-Path $env:RUNNER_TEMP 'run_all_local_then_copy_console.log'[0m
2026-02-22T08:16:12.3302834Z [36;1mAdd-Content $report ("[INFO] console_log={0}" -f $consoleLog)[0m
2026-02-22T08:16:12.3303499Z [36;1mif (Test-Path $consoleLog) {[0m
2026-02-22T08:16:12.3304155Z [36;1m  Add-Content $report "---- console_log_tail (last 350 lines) ----"[0m
2026-02-22T08:16:12.3305003Z [36;1m  (Get-Content $consoleLog -Tail 350 -ErrorAction SilentlyContinue) | Add-Content $report[0m
2026-02-22T08:16:12.3305877Z [36;1m} else {[0m
2026-02-22T08:16:12.3306325Z [36;1m  Add-Content $report "[WARN] console log not found"[0m
2026-02-22T08:16:12.3306881Z [36;1m}[0m
2026-02-22T08:16:12.3307142Z [36;1m[0m
2026-02-22T08:16:12.3307439Z [36;1m# run_*.log tail (best effort)[0m
2026-02-22T08:16:12.3307962Z [36;1m$workRoot = 'C:\work\apex_work\runs'[0m
2026-02-22T08:16:12.3308888Z [36;1m$latestRunDir = Get-ChildItem -Path $workRoot -Directory -ErrorAction SilentlyContinue |[0m
2026-02-22T08:16:12.3309967Z [36;1m  Sort-Object LastWriteTime -Descending | Select-Object -First 1[0m
2026-02-22T08:16:12.3310884Z [36;1mAdd-Content $report ("[INFO] work_root={0}" -f $workRoot)[0m
2026-02-22T08:16:12.3311521Z [36;1mif ($latestRunDir) {[0m
2026-02-22T08:16:12.3312208Z [36;1m  Add-Content $report ("[INFO] latest_run_dir={0}" -f $latestRunDir.FullName)[0m
2026-02-22T08:16:12.3313695Z [36;1m  $latestRunLog = Get-ChildItem -Path (Join-Path $latestRunDir.FullName 'logs') -Filter 'run_*.log' -File -ErrorAction SilentlyContinue |[0m
2026-02-22T08:16:12.3315156Z [36;1m    Sort-Object LastWriteTime -Descending | Select-Object -First 1[0m
2026-02-22T08:16:12.3316018Z [36;1m  if ($latestRunLog) {[0m
2026-02-22T08:16:12.3316621Z [36;1m    Add-Content $report ("[INFO] run_log={0}" -f $latestRunLog.FullName)[0m
2026-02-22T08:16:12.3317453Z [36;1m    Add-Content $report "---- run_log_tail (last 350 lines) ----"[0m
2026-02-22T08:16:12.3318604Z [36;1m    (Get-Content $latestRunLog.FullName -Tail 350 -ErrorAction SilentlyContinue) | Add-Content $report[0m
2026-02-22T08:16:12.3319663Z [36;1m  } else {[0m
2026-02-22T08:16:12.3320263Z [36;1m    Add-Content $report "[WARN] run_*.log not found under latest_run_dir\logs"[0m
2026-02-22T08:16:12.3322923Z [36;1m  }[0m
2026-02-22T08:16:12.3323235Z [36;1m} else {[0m
2026-02-22T08:16:12.3323780Z [36;1m  Add-Content $report "[WARN] no run_dir found under work_root"[0m
2026-02-22T08:16:12.3324403Z [36;1m}[0m
2026-02-22T08:16:12.3324684Z [36;1m[0m
2026-02-22T08:16:12.3324986Z [36;1m$global:LASTEXITCODE = 0[0m
2026-02-22T08:16:12.3325394Z [36;1mexit 0[0m
2026-02-22T08:16:12.3353088Z shell: C:\Windows\System32\WindowsPowerShell\v1.0\powershell.EXE -NoProfile -ExecutionPolicy Bypass -Command "{0}"
2026-02-22T08:16:12.3354141Z env:
2026-02-22T08:16:12.3364441Z   REPO_ROOT: C:\work\apex_repo_cache\ApexTraderAI
2026-02-22T08:16:12.3365000Z ##[endgroup]

----- FILE: actions_logs/run/12_Package diagnostics to OneDrive (always).txt -----
ï»¿2026-02-22T08:16:13.1546368Z ##[group]Run $ErrorActionPreference = 'Stop'
2026-02-22T08:16:13.1546856Z [36;1m$ErrorActionPreference = 'Stop'[0m
2026-02-22T08:16:13.1547323Z [36;1m$diagScript = Join-Path $env:REPO_ROOT 'scripts\package_diagnostics_to_onedrive.ps1'[0m
2026-02-22T08:16:13.1547888Z [36;1m$reportPath = Join-Path $env:GITHUB_WORKSPACE 'temp\ONE_TAP_ERROR_REPORT.txt'[0m
2026-02-22T08:16:13.1548265Z [36;1m[0m
2026-02-22T08:16:13.1548465Z [36;1mAdd-Content -Path $reportPath -Value @([0m
2026-02-22T08:16:13.1548783Z [36;1m  '[STEP] package_diagnostics_to_onedrive',[0m
2026-02-22T08:16:13.1550003Z [36;1m  ('[INFO] diag_script={0}' -f $diagScript)[0m
2026-02-22T08:16:13.1550255Z [36;1m)[0m
2026-02-22T08:16:13.1550482Z [36;1mWrite-Host "Diagnostics script path: $diagScript"[0m
2026-02-22T08:16:13.1550759Z [36;1m[0m
2026-02-22T08:16:13.1550921Z [36;1m$diagDirCandidates = @()[0m
2026-02-22T08:16:13.1551145Z [36;1mif ($env:OneDrive) {[0m
2026-02-22T08:16:13.1551501Z [36;1m  $diagDirCandidates += (Join-Path $env:OneDrive 'ApexTraderAI\diagnostics')[0m
2026-02-22T08:16:13.1551998Z [36;1m}[0m
2026-02-22T08:16:13.1552175Z [36;1mif ($env:USERPROFILE) {[0m
2026-02-22T08:16:13.1552612Z [36;1m  $diagDirCandidates += (Join-Path $env:USERPROFILE 'OneDrive\ApexTraderAI\diagnostics')[0m
2026-02-22T08:16:13.1553029Z [36;1m}[0m
2026-02-22T08:16:13.1553331Z [36;1m$diagDirCandidates += (Join-Path $env:RUNNER_TEMP 'ApexTraderAI\diagnostics')[0m
2026-02-22T08:16:13.1553707Z [36;1m[0m
2026-02-22T08:16:13.1553863Z [36;1m$selectedDiagDir = $null[0m
2026-02-22T08:16:13.1554181Z [36;1mforeach ($candidate in $diagDirCandidates) {[0m
2026-02-22T08:16:13.1554460Z [36;1m  try {[0m
2026-02-22T08:16:13.1554945Z [36;1m    $null = New-Item -Path $candidate -ItemType Directory -Force -ErrorAction Stop[0m
2026-02-22T08:16:13.1555390Z [36;1m    $selectedDiagDir = $candidate[0m
2026-02-22T08:16:13.1555633Z [36;1m    break[0m
2026-02-22T08:16:13.1555815Z [36;1m  } catch {[0m
2026-02-22T08:16:13.1556236Z [36;1m    Write-Warning "Diagnostics dir candidate unavailable: $candidate ($($_.Exception.Message))"[0m
2026-02-22T08:16:13.1556753Z [36;1m  }[0m
2026-02-22T08:16:13.1556920Z [36;1m}[0m
2026-02-22T08:16:13.1557076Z [36;1m[0m
2026-02-22T08:16:13.1557248Z [36;1mif (-not $selectedDiagDir) {[0m
2026-02-22T08:16:13.1557538Z [36;1m  Add-Content -Path $reportPath -Value @([0m
2026-02-22T08:16:13.1557866Z [36;1m    '[NG] package_diagnostics_to_onedrive',[0m
2026-02-22T08:16:13.1558198Z [36;1m    '[NG] selected diagnostics dir unavailable',[0m
2026-02-22T08:16:13.1558485Z [36;1m    ''[0m
2026-02-22T08:16:13.1558644Z [36;1m  )[0m
2026-02-22T08:16:13.1559108Z [36;1m  throw 'Unable to resolve diagnostics output directory from OneDrive/USERPROFILE/RUNNER_TEMP candidates.'[0m
2026-02-22T08:16:13.1559618Z [36;1m}[0m
2026-02-22T08:16:13.1559768Z [36;1m[0m
2026-02-22T08:16:13.1560054Z [36;1mWrite-Host "Selected diagnostics output dir: $selectedDiagDir"[0m
2026-02-22T08:16:13.1560628Z [36;1m"diag_dir=$selectedDiagDir" | Out-File -FilePath $env:GITHUB_OUTPUT -Encoding utf8 -Append[0m
2026-02-22T08:16:13.1561075Z [36;1m[0m
2026-02-22T08:16:13.1561289Z [36;1mif (Test-Path $diagScript) {[0m
2026-02-22T08:16:13.1562074Z [36;1m  powershell -NoProfile -ExecutionPolicy Bypass -File $diagScript -DiagDir "$selectedDiagDir"[0m
2026-02-22T08:16:13.1562602Z [36;1m  if ($LASTEXITCODE -ne 0) {[0m
2026-02-22T08:16:13.1562895Z [36;1m    Add-Content -Path $reportPath -Value @([0m
2026-02-22T08:16:13.1563230Z [36;1m      '[NG] package_diagnostics_to_onedrive',[0m
2026-02-22T08:16:13.1563562Z [36;1m      ('[NG] exit_code={0}' -f $LASTEXITCODE),[0m
2026-02-22T08:16:13.1563832Z [36;1m      ''[0m
2026-02-22T08:16:13.1564013Z [36;1m    )[0m
2026-02-22T08:16:13.1564350Z [36;1m    Write-Error "Diagnostics script exited with code $LASTEXITCODE"[0m
2026-02-22T08:16:13.1564742Z [36;1m    exit $LASTEXITCODE[0m
2026-02-22T08:16:13.1564951Z [36;1m  }[0m
2026-02-22T08:16:13.1566679Z [36;1m  Add-Content -Path $reportPath -Value @([0m
2026-02-22T08:16:13.1567015Z [36;1m    '[OK] package_diagnostics_to_onedrive',[0m
2026-02-22T08:16:13.1567341Z [36;1m    ('[OK] diag_dir={0}' -f $selectedDiagDir),[0m
2026-02-22T08:16:13.1567617Z [36;1m    ''[0m
2026-02-22T08:16:13.1567779Z [36;1m  )[0m
2026-02-22T08:16:13.1567935Z [36;1m} else {[0m
2026-02-22T08:16:13.1568152Z [36;1m  Add-Content -Path $reportPath -Value @([0m
2026-02-22T08:16:13.1568475Z [36;1m    '[NG] package_diagnostics_to_onedrive',[0m
2026-02-22T08:16:13.1568826Z [36;1m    '[NG] diagnostics script not found',[0m
2026-02-22T08:16:13.1569556Z [36;1m    ''[0m
2026-02-22T08:16:13.1569712Z [36;1m  )[0m
2026-02-22T08:16:13.1569972Z [36;1m  Write-Error "Diagnostics script not found: $diagScript"[0m
2026-02-22T08:16:13.1570295Z [36;1m  exit 1[0m
2026-02-22T08:16:13.1570461Z [36;1m}[0m
2026-02-22T08:16:13.1570612Z [36;1m[0m
2026-02-22T08:16:13.1570823Z [36;1mif ((Get-Item $reportPath).Length -gt 60000) {[0m
2026-02-22T08:16:13.1571220Z [36;1m  $tail = Get-Content -Path $reportPath -Raw[0m
2026-02-22T08:16:13.1571599Z [36;1m  $tail = $tail.Substring([Math]::Max(0, $tail.Length - 60000))[0m
2026-02-22T08:16:13.1572051Z [36;1m  Set-Content -Path $reportPath -Value $tail -Encoding UTF8[0m
2026-02-22T08:16:13.1572381Z [36;1m}[0m
2026-02-22T08:16:13.1590059Z shell: C:\Windows\System32\WindowsPowerShell\v1.0\powershell.EXE -NoProfile -ExecutionPolicy Bypass -Command "{0}"
2026-02-22T08:16:13.1590631Z env:
2026-02-22T08:16:13.1590851Z   REPO_ROOT: C:\work\apex_repo_cache\ApexTraderAI
2026-02-22T08:16:13.1591132Z ##[endgroup]
2026-02-22T08:16:13.4524981Z Diagnostics script path: C:\work\apex_repo_cache\ApexTraderAI\scripts\package_diagnostics_to_onedrive.ps1
2026-02-22T08:16:13.4634329Z Selected diagnostics output dir: C:\Users\becky\OneDrive\ApexTraderAI\diagnostics
2026-02-22T08:16:13.7194856Z runnerDiag=C:\Users\becky\OneDrive\ãƒ‡ã‚¹ã‚¯ãƒˆãƒƒãƒ—\Python\apex-trader-ai\actions-runner\_diag
2026-02-22T08:16:13.7199303Z diagDir=C:\Users\becky\OneDrive\ApexTraderAI\diagnostics
2026-02-22T08:16:14.2600655Z WARNING: Primary diagnostics archive failed: The process cannot access the file 
2026-02-22T08:16:14.2602080Z 'C:\Users\becky\OneDrive\ãƒ‡ã‚¹ã‚¯ãƒˆãƒƒãƒ—\Python\apex-trader-ai\actions-runner\_diag\blocks\52ef93cc-d6d6-41dd-add5-1294bf09f3bf_
2026-02-22T08:16:14.2603177Z c5c0cb4e-6691-4b55-b369-4eaad08e9a89.1' because it is being used by another process.
2026-02-22T08:16:14.3299412Z zipPath=C:\Users\becky\OneDrive\ApexTraderAI\diagnostics\diag_22273241605_1_20260222_171613.zip
2026-02-22T08:16:14.3905789Z 
2026-02-22T08:16:14.3906726Z 
2026-02-22T08:16:14.3909103Z     ãƒ‡ã‚£ãƒ¬ã‚¯ãƒˆãƒª: C:\Users\becky\OneDrive\ApexTraderAI\diagnostics
2026-02-22T08:16:14.3909629Z 
2026-02-22T08:16:14.3909642Z 
2026-02-22T08:16:14.3913089Z Mode                 LastWriteTime         Length Name                                                                 
2026-02-22T08:16:14.3914866Z ----                 -------------         ------ ----                                                                 
2026-02-22T08:16:14.3918214Z -a----        2026/02/22     17:16           4824 diag_22273241605_1_20260222_171613.zip                               
2026-02-22T08:16:14.3927087Z -a----        2026/02/22     16:26           4823 diag_22272555605_1_20260222_162633.zip                               
2026-02-22T08:16:14.3944624Z -a----        2026/02/22     15:58           5932 diag_22272392052_1_20260222_155847.zip                               
2026-02-22T08:16:14.3952120Z -a----        2026/02/22     15:31           4959 diag_22272036196_1_20260222_153148.zip                               
2026-02-22T08:16:14.3959932Z -a----        2026/02/22     12:43           4931 diag_22269818512_1_20260222_124330.zip                               
2026-02-22T08:16:14.3970710Z -a----        2026/02/22     11:45           4930 diag_22269035409_1_20260222_114503.zip                               
2026-02-22T08:16:14.3984663Z -a----        2026/02/22     11:17           4934 diag_22268676913_1_20260222_111738.zip                               
2026-02-22T08:16:14.3997615Z -a----        2026/02/22     11:01           6771 diag_22268462317_1_20260222_110151.zip                               
2026-02-22T08:16:14.4006519Z -a----        2026/02/22      9:55           6061 diag_22267589833_1_20260222_095503.zip                               
2026-02-22T08:16:14.4015028Z -a----        2026/02/21     20:02           5153 diag_22255636168_1_20260221_200205.zip                               
2026-02-22T08:16:14.4026965Z -a----        2026/02/21     19:50           5225 diag_22255482209_1_20260221_195016.zip                               
2026-02-22T08:16:14.4036201Z -a----        2026/02/21     18:51           5266 diag_22254693514_1_20260221_185125.zip                               
2026-02-22T08:16:14.4043528Z -a----        2026/02/21     18:03           4845 diag_22254040899_1_20260221_180313.zip                               
2026-02-22T08:16:14.4051457Z -a----        2026/02/21     17:57           4845 diag_22253961100_1_20260221_175721.zip                               
2026-02-22T08:16:14.4060186Z -a----        2026/02/21     17:23           4840 diag_22253509025_1_20260221_172305.zip                               
2026-02-22T08:16:14.4069514Z -a----        2026/02/21     16:43           4839 diag_22252976665_1_20260221_164333.zip                               
2026-02-22T08:16:14.4075940Z -a----        2026/02/21     16:11           4806 diag_22252533924_1_20260221_161105.zip                               
2026-02-22T08:16:14.4087323Z -a----        2026/02/21     15:35           4851 diag_22252052676_1_20260221_153526.zip                               
2026-02-22T08:16:14.4097477Z -a----        2026/02/21     15:17           4846 diag_22251800216_1_20260221_151709.zip                               
2026-02-22T08:16:14.4105402Z -a----        2026/02/21     13:43           4912 diag_22250512578_1_20260221_134327.zip                               
2026-02-22T08:16:14.4114508Z -a----        2026/02/21     11:34           4944 diag_22248695422_1_20260221_113420.zip                               
2026-02-22T08:16:14.4122018Z -a----        2026/02/21     11:09           4759 diag_22248308415_1_20260221_110900.zip                               
2026-02-22T08:16:14.4129535Z -a----        2026/02/21     10:51           4964 diag_22248046183_1_20260221_105148.zip                               
2026-02-22T08:16:14.4130819Z 
2026-02-22T08:16:14.4130836Z 

----- FILE: actions_logs/run/13_Verify diagnostics directory content.txt -----
ï»¿2026-02-22T08:16:14.4825822Z ##[group]Run $ErrorActionPreference = 'Stop'
2026-02-22T08:16:14.4826707Z [36;1m$ErrorActionPreference = 'Stop'[0m
2026-02-22T08:16:14.4827377Z [36;1m$diagDir = 'C:\Users\becky\OneDrive\ApexTraderAI\diagnostics'[0m
2026-02-22T08:16:14.4828035Z [36;1mif (-not $diagDir) {[0m
2026-02-22T08:16:14.4828653Z [36;1m  $diagDir = Join-Path $env:RUNNER_TEMP 'ApexTraderAI\diagnostics'[0m
2026-02-22T08:16:14.4829265Z [36;1m}[0m
2026-02-22T08:16:14.4829619Z [36;1mWrite-Host '=== diagnostics dir listing ==='[0m
2026-02-22T08:16:14.4830126Z [36;1mif (Test-Path $diagDir) {[0m
2026-02-22T08:16:14.4830536Z [36;1m  dir $diagDir[0m
2026-02-22T08:16:14.4830864Z [36;1m} else {[0m
2026-02-22T08:16:14.4831359Z [36;1m  Write-Warning "Diagnostics directory not found: $diagDir"[0m
2026-02-22T08:16:14.4831923Z [36;1m}[0m
2026-02-22T08:16:14.4832163Z [36;1m[0m
2026-02-22T08:16:14.4833223Z [36;1m$latestZip = Get-ChildItem -Path $diagDir -File -Filter 'diag_*.zip' -ErrorAction SilentlyContinue |[0m
2026-02-22T08:16:14.4834509Z [36;1m  Sort-Object LastWriteTime -Descending |[0m
2026-02-22T08:16:14.4835281Z [36;1m  Select-Object -First 1[0m
2026-02-22T08:16:14.4835796Z [36;1m[0m
2026-02-22T08:16:14.4836116Z [36;1mif (-not $latestZip) {[0m
2026-02-22T08:16:14.4836624Z [36;1m  Write-Warning "diag zip missing in $diagDir"[0m
2026-02-22T08:16:14.4838492Z [36;1m  Write-Host 'Hint: package diagnostics step uses OneDrive -> USERPROFILE\\OneDrive -> RUNNER_TEMP fallback. Check step logs for selected path and creation errors.'[0m
2026-02-22T08:16:14.4839779Z [36;1m  exit 0[0m
2026-02-22T08:16:14.4840128Z [36;1m}[0m
2026-02-22T08:16:14.4840487Z [36;1m[0m
2026-02-22T08:16:14.4840886Z [36;1mWrite-Host "latestDiagZip=$($latestZip.FullName)"[0m
2026-02-22T08:16:14.4857850Z shell: C:\Windows\System32\WindowsPowerShell\v1.0\powershell.EXE -NoProfile -ExecutionPolicy Bypass -Command "{0}"
2026-02-22T08:16:14.4858376Z env:
2026-02-22T08:16:14.4858565Z   REPO_ROOT: C:\work\apex_repo_cache\ApexTraderAI
2026-02-22T08:16:14.4858850Z ##[endgroup]
2026-02-22T08:16:14.7073125Z === diagnostics dir listing ===
2026-02-22T08:16:14.7526997Z 
2026-02-22T08:16:14.7527319Z 
2026-02-22T08:16:14.7529393Z     ãƒ‡ã‚£ãƒ¬ã‚¯ãƒˆãƒª: C:\Users\becky\OneDrive\ApexTraderAI\diagnostics
2026-02-22T08:16:14.7529858Z 
2026-02-22T08:16:14.7529866Z 
2026-02-22T08:16:14.7534088Z Mode                 LastWriteTime         Length Name                                                                 
2026-02-22T08:16:14.7535419Z ----                 -------------         ------ ----                                                                 
2026-02-22T08:16:14.7539073Z -a----        2026/02/21     10:51           4964 diag_22248046183_1_20260221_105148.zip                               
2026-02-22T08:16:14.7548778Z -a----        2026/02/21     11:09           4759 diag_22248308415_1_20260221_110900.zip                               
2026-02-22T08:16:14.7556331Z -a----        2026/02/21     11:34           4944 diag_22248695422_1_20260221_113420.zip                               
2026-02-22T08:16:14.7564354Z -a----        2026/02/21     13:43           4912 diag_22250512578_1_20260221_134327.zip                               
2026-02-22T08:16:14.7571678Z -a----        2026/02/21     15:17           4846 diag_22251800216_1_20260221_151709.zip                               
2026-02-22T08:16:14.7579183Z -a----        2026/02/21     15:35           4851 diag_22252052676_1_20260221_153526.zip                               
2026-02-22T08:16:14.7586787Z -a----        2026/02/21     16:11           4806 diag_22252533924_1_20260221_161105.zip                               
2026-02-22T08:16:14.7593565Z -a----        2026/02/21     16:43           4839 diag_22252976665_1_20260221_164333.zip                               
2026-02-22T08:16:14.7600737Z -a----        2026/02/21     17:23           4840 diag_22253509025_1_20260221_172305.zip                               
2026-02-22T08:16:14.7607964Z -a----        2026/02/21     17:57           4845 diag_22253961100_1_20260221_175721.zip                               
2026-02-22T08:16:14.7615232Z -a----        2026/02/21     18:03           4845 diag_22254040899_1_20260221_180313.zip                               
2026-02-22T08:16:14.7622539Z -a----        2026/02/21     18:51           5266 diag_22254693514_1_20260221_185125.zip                               
2026-02-22T08:16:14.7629772Z -a----        2026/02/21     19:50           5225 diag_22255482209_1_20260221_195016.zip                               
2026-02-22T08:16:14.7637110Z -a----        2026/02/21     20:02           5153 diag_22255636168_1_20260221_200205.zip                               
2026-02-22T08:16:14.7644694Z -a----        2026/02/22      9:55           6061 diag_22267589833_1_20260222_095503.zip                               
2026-02-22T08:16:14.7652064Z -a----        2026/02/22     11:01           6771 diag_22268462317_1_20260222_110151.zip                               
2026-02-22T08:16:14.7659016Z -a----        2026/02/22     11:17           4934 diag_22268676913_1_20260222_111738.zip                               
2026-02-22T08:16:14.7665836Z -a----        2026/02/22     11:45           4930 diag_22269035409_1_20260222_114503.zip                               
2026-02-22T08:16:14.7673153Z -a----        2026/02/22     12:43           4931 diag_22269818512_1_20260222_124330.zip                               
2026-02-22T08:16:14.7683010Z -a----        2026/02/22     15:31           4959 diag_22272036196_1_20260222_153148.zip                               
2026-02-22T08:16:14.7689763Z -a----        2026/02/22     15:58           5932 diag_22272392052_1_20260222_155847.zip                               
2026-02-22T08:16:14.7697027Z -a----        2026/02/22     16:26           4823 diag_22272555605_1_20260222_162633.zip                               
2026-02-22T08:16:14.7705986Z -a----        2026/02/22     17:16           4824 diag_22273241605_1_20260222_171613.zip                               
2026-02-22T08:16:14.7826825Z latestDiagZip=C:\Users\becky\OneDrive\ApexTraderAI\diagnostics\diag_22273241605_1_20260222_171613.zip
2026-02-22T08:16:14.7832613Z 
2026-02-22T08:16:14.7832926Z 

----- FILE: actions_logs/run/15_Resolve latest run artifacts.txt -----
ï»¿2026-02-22T08:16:14.8126120Z ##[group]Run $workRoot = 'C:\work\apex_work\runs'
2026-02-22T08:16:14.8126629Z [36;1m$workRoot = 'C:\work\apex_work\runs'[0m
2026-02-22T08:16:14.8127082Z [36;1m$consoleLog = Join-Path $env:RUNNER_TEMP 'run_all_local_then_copy_console.log'[0m
2026-02-22T08:16:14.8127652Z [36;1m$reportPath = Join-Path $env:GITHUB_WORKSPACE 'temp\ONE_TAP_ERROR_REPORT.txt'[0m
2026-02-22T08:16:14.8128052Z [36;1m[0m
2026-02-22T08:16:14.8128297Z [36;1mAdd-Content -Path $reportPath -Value @([0m
2026-02-22T08:16:14.8128628Z [36;1m  '[STEP] resolve_latest_run_artifacts',[0m
2026-02-22T08:16:14.8128928Z [36;1m  ('[INFO] work_root={0}' -f $workRoot)[0m
2026-02-22T08:16:14.8129181Z [36;1m)[0m
2026-02-22T08:16:14.8129341Z [36;1m[0m
2026-02-22T08:16:14.8129488Z [36;1m$runId = ''[0m
2026-02-22T08:16:14.8129695Z [36;1mif (Test-Path $consoleLog) {[0m
2026-02-22T08:16:14.8130186Z [36;1m  $runIdLine = Select-String -Path $consoleLog -Pattern '^\[OK\] run_id=' | Select-Object -Last 1[0m
2026-02-22T08:16:14.8130722Z [36;1m  if ($runIdLine) {[0m
2026-02-22T08:16:14.8131048Z [36;1m    $runId = ($runIdLine.Line -replace '^\[OK\] run_id=', '').Trim()[0m
2026-02-22T08:16:14.8131391Z [36;1m  }[0m
2026-02-22T08:16:14.8131562Z [36;1m}[0m
2026-02-22T08:16:14.8131713Z [36;1m[0m
2026-02-22T08:16:14.8131862Z [36;1m$runDir = $null[0m
2026-02-22T08:16:14.8132066Z [36;1mif ($runId) {[0m
2026-02-22T08:16:14.8132311Z [36;1m  $candidateDir = Join-Path $workRoot $runId[0m
2026-02-22T08:16:14.8132621Z [36;1m  if (Test-Path $candidateDir) {[0m
2026-02-22T08:16:14.8132898Z [36;1m    $runDir = Get-Item $candidateDir[0m
2026-02-22T08:16:14.8133153Z [36;1m  }[0m
2026-02-22T08:16:14.8133300Z [36;1m}[0m
2026-02-22T08:16:14.8133447Z [36;1m[0m
2026-02-22T08:16:14.8133793Z [36;1mif (-not $runDir -and (Test-Path $workRoot)) {[0m
2026-02-22T08:16:14.8134390Z [36;1m  $runDir = Get-ChildItem -Path $workRoot -Directory | Sort-Object LastWriteTime -Descending | Select-Object -First 1[0m
2026-02-22T08:16:14.8134958Z [36;1m  if ($runDir -and -not $runId) {[0m
2026-02-22T08:16:14.8135207Z [36;1m    $runId = $runDir.Name[0m
2026-02-22T08:16:14.8135436Z [36;1m  }[0m
2026-02-22T08:16:14.8135583Z [36;1m}[0m
2026-02-22T08:16:14.8135727Z [36;1m[0m
2026-02-22T08:16:14.8135872Z [36;1mif ($runId) {[0m
2026-02-22T08:16:14.8136216Z [36;1m  "run_id=$runId" | Out-File -FilePath $env:GITHUB_OUTPUT -Encoding utf8 -Append[0m
2026-02-22T08:16:14.8136652Z [36;1m  Write-Host "Resolved run_id=$runId"[0m
2026-02-22T08:16:14.8136907Z [36;1m} else {[0m
2026-02-22T08:16:14.8137291Z [36;1m  Add-Content -Path $reportPath -Value '[NG] resolve_latest_run_artifacts run_id unresolved'[0m
2026-02-22T08:16:14.8137903Z [36;1m  Write-Warning 'Failed to resolve run_id from console log and latest run folder.'[0m
2026-02-22T08:16:14.8138330Z [36;1m}[0m
2026-02-22T08:16:14.8138479Z [36;1m[0m
2026-02-22T08:16:14.8138630Z [36;1mif ($runDir) {[0m
2026-02-22T08:16:14.8138897Z [36;1m  $logGlob = Join-Path $runDir.FullName 'logs\run_*.log'[0m
2026-02-22T08:16:14.8139341Z [36;1m  $zipPath = Join-Path $runDir.FullName ("run_{0}.zip" -f $runDir.Name)[0m
2026-02-22T08:16:14.8139869Z [36;1m  $runLogPath = Join-Path $runDir.FullName ("logs\run_{0}.log" -f $runDir.Name)[0m
2026-02-22T08:16:14.8140431Z [36;1m  "log_glob=$logGlob" | Out-File -FilePath $env:GITHUB_OUTPUT -Encoding utf8 -Append[0m
2026-02-22T08:16:14.8140988Z [36;1m  "zip_path=$zipPath" | Out-File -FilePath $env:GITHUB_OUTPUT -Encoding utf8 -Append[0m
2026-02-22T08:16:14.8141595Z [36;1m  "run_log_path=$runLogPath" | Out-File -FilePath $env:GITHUB_OUTPUT -Encoding utf8 -Append[0m
2026-02-22T08:16:14.8142222Z [36;1m  "run_dir=$($runDir.FullName)" | Out-File -FilePath $env:GITHUB_OUTPUT -Encoding utf8 -Append[0m
2026-02-22T08:16:14.8142753Z [36;1m  Write-Host "Resolved run directory: $($runDir.FullName)"[0m
2026-02-22T08:16:14.8143319Z [36;1m}[0m
2026-02-22T08:16:14.8143473Z [36;1m[0m
2026-02-22T08:16:14.8143624Z [36;1mif ($runDir) {[0m
2026-02-22T08:16:14.8145291Z [36;1m  Add-Content -Path $reportPath -Value @([0m
2026-02-22T08:16:14.8145614Z [36;1m    '[OK] resolve_latest_run_artifacts',[0m
2026-02-22T08:16:14.8145909Z [36;1m    ('[OK] run_dir={0}' -f $runDir.FullName),[0m
2026-02-22T08:16:14.8146290Z [36;1m    ('[OK] run_id={0}' -f $runId),[0m
2026-02-22T08:16:14.8146538Z [36;1m    ''[0m
2026-02-22T08:16:14.8146700Z [36;1m  )[0m
2026-02-22T08:16:14.8146840Z [36;1m}[0m
2026-02-22T08:16:14.8146980Z [36;1m[0m
2026-02-22T08:16:14.8147179Z [36;1mif ((Get-Item $reportPath).Length -gt 60000) {[0m
2026-02-22T08:16:14.8147507Z [36;1m  $tail = Get-Content -Path $reportPath -Raw[0m
2026-02-22T08:16:14.8147875Z [36;1m  $tail = $tail.Substring([Math]::Max(0, $tail.Length - 60000))[0m
2026-02-22T08:16:14.8148328Z [36;1m  Set-Content -Path $reportPath -Value $tail -Encoding UTF8[0m
2026-02-22T08:16:14.8148679Z [36;1m}[0m
2026-02-22T08:16:14.8165328Z shell: C:\Windows\System32\WindowsPowerShell\v1.0\powershell.EXE -NoProfile -ExecutionPolicy Bypass -Command "{0}"
2026-02-22T08:16:14.8165885Z env:
2026-02-22T08:16:14.8166092Z   REPO_ROOT: C:\work\apex_repo_cache\ApexTraderAI
2026-02-22T08:16:14.8166362Z ##[endgroup]
2026-02-22T08:16:15.0896726Z Resolved run_id=20260222_170025
2026-02-22T08:16:15.0963710Z Resolved run directory: C:\work\apex_work\runs\20260222_170025

----- FILE: actions_logs/run/16_Trim ONE_TAP report size.txt -----
ï»¿2026-02-22T08:16:15.1451162Z ##[group]Run $reportPath = Join-Path $env:GITHUB_WORKSPACE 'temp\ONE_TAP_ERROR_REPORT.txt'
2026-02-22T08:16:15.1452119Z [36;1m$reportPath = Join-Path $env:GITHUB_WORKSPACE 'temp\ONE_TAP_ERROR_REPORT.txt'[0m
2026-02-22T08:16:15.1452521Z [36;1m$maxBytes = 60000[0m
2026-02-22T08:16:15.1452894Z [36;1mif ((Test-Path $reportPath) -and ((Get-Item $reportPath).Length -gt $maxBytes)) {[0m
2026-02-22T08:16:15.1453350Z [36;1m  $tail = Get-Content -Path $reportPath -Raw[0m
2026-02-22T08:16:15.1453747Z [36;1m  $tail = $tail.Substring([Math]::Max(0, $tail.Length - $maxBytes))[0m
2026-02-22T08:16:15.1454188Z [36;1m  Set-Content -Path $reportPath -Value $tail -Encoding UTF8[0m
2026-02-22T08:16:15.1454557Z [36;1m}[0m
2026-02-22T08:16:15.1478534Z shell: C:\Windows\System32\WindowsPowerShell\v1.0\powershell.EXE -NoProfile -ExecutionPolicy Bypass -Command "{0}"
2026-02-22T08:16:15.1479065Z env:
2026-02-22T08:16:15.1479283Z   REPO_ROOT: C:\work\apex_repo_cache\ApexTraderAI
2026-02-22T08:16:15.1479546Z ##[endgroup]

----- FILE: actions_logs/run/17_Stage run artifacts.txt -----
ï»¿2026-02-22T08:16:15.4362282Z ##[group]Run $artifactRoot = Join-Path $env:GITHUB_WORKSPACE 'temp\desktop_artifacts'
2026-02-22T08:16:15.4364498Z [36;1m$artifactRoot = Join-Path $env:GITHUB_WORKSPACE 'temp\desktop_artifacts'[0m
2026-02-22T08:16:15.4365844Z [36;1m$null = New-Item -Path $artifactRoot -ItemType Directory -Force[0m
2026-02-22T08:16:15.4367118Z [36;1m$workspaceLogRoot = Join-Path $env:GITHUB_WORKSPACE 'artifacts\logs'[0m
2026-02-22T08:16:15.4368499Z [36;1m$null = New-Item -Path $workspaceLogRoot -ItemType Directory -Force[0m
2026-02-22T08:16:15.4369581Z [36;1m[0m
2026-02-22T08:16:15.4370361Z [36;1m$reportSource = Join-Path $env:GITHUB_WORKSPACE 'temp\ONE_TAP_ERROR_REPORT.txt'[0m
2026-02-22T08:16:15.4371792Z [36;1m$reportDest = Join-Path $artifactRoot 'ONE_TAP_ERROR_REPORT.txt'[0m
2026-02-22T08:16:15.4372955Z [36;1mif (Test-Path $reportSource) {[0m
2026-02-22T08:16:15.4374156Z [36;1m  Copy-Item -Path $reportSource -Destination $reportDest -Force[0m
2026-02-22T08:16:15.4375421Z [36;1m} else {[0m
2026-02-22T08:16:15.4376051Z [36;1m  @([0m
2026-02-22T08:16:15.4376972Z [36;1m    '[WARN] ONE_TAP_ERROR_REPORT.txt was missing at stage time.',[0m
2026-02-22T08:16:15.4378562Z [36;1m    ('timestamp={0}' -f (Get-Date -Format 'yyyy-MM-dd HH:mm:ss zzz'))[0m
2026-02-22T08:16:15.4380039Z [36;1m  ) | Set-Content -Path $reportDest -Encoding UTF8[0m
2026-02-22T08:16:15.4381085Z [36;1m}[0m
2026-02-22T08:16:15.4382000Z [36;1m[0m
2026-02-22T08:16:15.4382955Z [36;1m$consoleLog = Join-Path $env:GITHUB_WORKSPACE 'temp\run_all_local_then_copy_console.log'[0m
2026-02-22T08:16:15.4389109Z [36;1mif (Test-Path $consoleLog) {[0m
2026-02-22T08:16:15.4394783Z [36;1m  Copy-Item -Path $consoleLog -Destination (Join-Path $artifactRoot 'run_all_local_then_copy_console.log') -Force[0m
2026-02-22T08:16:15.4402567Z [36;1m}[0m
2026-02-22T08:16:15.4402988Z [36;1m[0m
2026-02-22T08:16:15.4405785Z [36;1m$runLog = 'C:\work\apex_work\runs\20260222_170025\logs\run_20260222_170025.log'[0m
2026-02-22T08:16:15.4412946Z [36;1mif ((-not $runLog) -or (-not (Test-Path $runLog))) {[0m
2026-02-22T08:16:15.4417990Z [36;1m  $runDir = 'C:\work\apex_work\runs\20260222_170025'[0m
2026-02-22T08:16:15.4420862Z [36;1m  if ($runDir -and (Test-Path $runDir)) {[0m
2026-02-22T08:16:15.4425540Z [36;1m    $latestRunLog = Get-ChildItem -Path (Join-Path $runDir 'logs') -Filter 'run_*.log' -File -ErrorAction SilentlyContinue | Sort-Object LastWriteTime -Descending | Select-Object -First 1[0m
2026-02-22T08:16:15.4428262Z [36;1m    if ($latestRunLog) {[0m
2026-02-22T08:16:15.4430395Z [36;1m      $runLog = $latestRunLog.FullName[0m
2026-02-22T08:16:15.4430678Z [36;1m    }[0m
2026-02-22T08:16:15.4430834Z [36;1m  }[0m
2026-02-22T08:16:15.4432946Z [36;1m}[0m
2026-02-22T08:16:15.4433204Z [36;1m[0m
2026-02-22T08:16:15.4433464Z [36;1mif ($runLog -and (Test-Path $runLog)) {[0m
2026-02-22T08:16:15.4435996Z [36;1m  $runLogName = Split-Path -Path $runLog -Leaf[0m
2026-02-22T08:16:15.4443666Z [36;1m  Copy-Item -Path $runLog -Destination (Join-Path $artifactRoot $runLogName) -Force[0m
2026-02-22T08:16:15.4451351Z [36;1m  Copy-Item -Path $runLog -Destination (Join-Path $workspaceLogRoot $runLogName) -Force[0m
2026-02-22T08:16:15.4458441Z [36;1m  Write-Host "Staged run log: $runLog"[0m
2026-02-22T08:16:15.4461090Z [36;1m} else {[0m
2026-02-22T08:16:15.4466464Z [36;1m  Write-Warning 'Run log was not found for artifact staging. Uploading console log artifact only.'[0m
2026-02-22T08:16:15.4475853Z [36;1m  @([0m
2026-02-22T08:16:15.4476213Z [36;1m    '[WARN] run_*.log was not found. Artifact includes console log only.',[0m
2026-02-22T08:16:15.4478627Z [36;1m    '[WARN] Never finish a workflow run without leaving a readable log artifact.',[0m
2026-02-22T08:16:15.4481050Z [36;1m    ('[WARN] generated_at={0}' -f (Get-Date -Format 'yyyy-MM-dd HH:mm:ss zzz'))[0m
2026-02-22T08:16:15.4483567Z [36;1m  ) | Set-Content -Path (Join-Path $artifactRoot 'missing_run_log_warning.txt') -Encoding UTF8[0m
2026-02-22T08:16:15.4493630Z [36;1m}[0m
2026-02-22T08:16:15.4495695Z [36;1m[0m
2026-02-22T08:16:15.4496003Z [36;1m$zipPath = 'C:\work\apex_work\runs\20260222_170025\run_20260222_170025.zip'[0m
2026-02-22T08:16:15.4498332Z [36;1mif ($zipPath -and (Test-Path $zipPath)) {[0m
2026-02-22T08:16:15.4500786Z [36;1m  Copy-Item -Path $zipPath -Destination (Join-Path $artifactRoot (Split-Path -Path $zipPath -Leaf)) -Force[0m
2026-02-22T08:16:15.4503246Z [36;1m}[0m
2026-02-22T08:16:15.4503399Z [36;1m[0m
2026-02-22T08:16:15.4505694Z [36;1m"artifact_path=$artifactRoot" | Out-File -FilePath $env:GITHUB_OUTPUT -Encoding utf8 -Append[0m
2026-02-22T08:16:15.4508145Z [36;1mWrite-Host "Staged artifacts under: $artifactRoot"[0m
2026-02-22T08:16:15.4589108Z shell: C:\Windows\System32\WindowsPowerShell\v1.0\powershell.EXE -NoProfile -ExecutionPolicy Bypass -Command "{0}"
2026-02-22T08:16:15.4591509Z env:
2026-02-22T08:16:15.4593575Z   REPO_ROOT: C:\work\apex_repo_cache\ApexTraderAI
2026-02-22T08:16:15.4593839Z ##[endgroup]
2026-02-22T08:16:15.7407009Z Staged run log: C:\work\apex_work\runs\20260222_170025\logs\run_20260222_170025.log
2026-02-22T08:16:15.7516099Z Staged artifacts under: C:\Users\becky\OneDrive\ãƒ‡ã‚¹ã‚¯ãƒˆãƒƒãƒ—\Python\apex-trader-ai\actions-runner\_work\ApexTraderAI\ApexTraderAI\temp\desktop_artifacts

----- FILE: actions_logs/run/18_Upload run artifacts.txt -----
ï»¿2026-02-22T08:16:15.8216872Z ##[group]Run actions/upload-artifact@v4
2026-02-22T08:16:15.8219106Z with:
2026-02-22T08:16:15.8221551Z   name: desktop-run-20260222_170025
2026-02-22T08:16:15.8221816Z   if-no-files-found: warn
2026-02-22T08:16:15.8224236Z   path: C:\Users\becky\OneDrive\ãƒ‡ã‚¹ã‚¯ãƒˆãƒƒãƒ—\Python\apex-trader-ai\actions-runner\_work\ApexTraderAI\ApexTraderAI\temp\desktop_artifacts\**
2026-02-22T08:16:15.8228553Z   compression-level: 6
2026-02-22T08:16:15.8228736Z   overwrite: false
2026-02-22T08:16:15.8228916Z   include-hidden-files: false
2026-02-22T08:16:15.8230966Z env:
2026-02-22T08:16:15.8231199Z   REPO_ROOT: C:\work\apex_repo_cache\ApexTraderAI
2026-02-22T08:16:15.8233325Z ##[endgroup]
2026-02-22T08:16:16.6117750Z With the provided path, there will be 43 files uploaded
2026-02-22T08:16:16.6123404Z Artifact name is valid!
2026-02-22T08:16:16.6126153Z Root directory input is valid!
2026-02-22T08:16:17.2214629Z Beginning upload of artifact content to blob storage
2026-02-22T08:16:20.3738515Z Uploaded bytes 8388608
2026-02-22T08:16:21.6948893Z Uploaded bytes 16777216
2026-02-22T08:16:22.9236395Z Uploaded bytes 25165824
2026-02-22T08:16:23.0186663Z Uploaded bytes 33554432
2026-02-22T08:16:23.2498230Z Uploaded bytes 41943040
2026-02-22T08:16:34.1299762Z Uploaded bytes 50331648
2026-02-22T08:16:36.3782008Z Uploaded bytes 54479333
2026-02-22T08:16:36.5675055Z Finished uploading artifact content to blob storage!
2026-02-22T08:16:36.5679544Z SHA256 digest of uploaded artifact zip is 3cabd7f3362929ba3233fb4ebb5c7a57b33070768960c82c1fdc4cb349adeba2
2026-02-22T08:16:36.5681952Z Finalizing artifact upload
2026-02-22T08:16:37.1720030Z Artifact desktop-run-20260222_170025.zip successfully finalized. Artifact ID 5605957904
2026-02-22T08:16:37.1720938Z Artifact desktop-run-20260222_170025 has been successfully uploaded! Final size is 54479333 bytes. Artifact ID is 5605957904
2026-02-22T08:16:37.1738766Z Artifact download URL: https://github.com/toki866/ApexTraderAI/actions/runs/22273241605/artifacts/5605957904

----- FILE: actions_logs/run/19_Evaluate outputs (StepA_StepE best-effort) and write report.txt -----
ï»¿2026-02-22T08:16:37.2044927Z ##[group]Run $ErrorActionPreference='Continue'
2026-02-22T08:16:37.2045352Z [36;1m$ErrorActionPreference='Continue'[0m
2026-02-22T08:16:37.2045652Z [36;1mSet-Location $env:REPO_ROOT[0m
2026-02-22T08:16:37.2045921Z [36;1m[0m
2026-02-22T08:16:37.2046104Z [36;1m$workRoot='C:\work\apex_work\runs'[0m
2026-02-22T08:16:37.2046738Z [36;1m$latest=Get-ChildItem $workRoot -Directory -ErrorAction SilentlyContinue | Sort-Object LastWriteTime -Desc | Select-Object -First 1[0m
2026-02-22T08:16:37.2047444Z [36;1mif (-not $latest) { Write-Host "[WARN] no run_dir"; exit 0 }[0m
2026-02-22T08:16:37.2047763Z [36;1m[0m
2026-02-22T08:16:37.2048054Z [36;1m$outputRoot=Join-Path $latest.FullName 'output'[0m
2026-02-22T08:16:37.2048547Z [36;1mif (-not (Test-Path $outputRoot)) { Write-Host "[WARN] no output_root"; exit 0 }[0m
2026-02-22T08:16:37.2048942Z [36;1m[0m
2026-02-22T08:16:37.2049181Z [36;1m$repDir=Join-Path $env:GITHUB_WORKSPACE 'temp\eval'[0m
2026-02-22T08:16:37.2049587Z [36;1mNew-Item $repDir -ItemType Directory -Force | Out-Null[0m
2026-02-22T08:16:37.2049978Z [36;1m$md=Join-Path $repDir 'EVAL_REPORT.md'[0m
2026-02-22T08:16:37.2050298Z [36;1m$js=Join-Path $repDir 'EVAL_REPORT.json'[0m
2026-02-22T08:16:37.2050656Z [36;1m$summary=Join-Path $repDir 'EVAL_SUMMARY.txt'[0m
2026-02-22T08:16:37.2050932Z [36;1m[0m
2026-02-22T08:16:37.2051095Z [36;1m$symbols = 'SOXL,SOXS'[0m
2026-02-22T08:16:37.2051327Z [36;1m$symbol = 'SOXL'[0m
2026-02-22T08:16:37.2051595Z [36;1mif (-not [string]::IsNullOrWhiteSpace($symbols)) {[0m
2026-02-22T08:16:37.2051931Z [36;1m  $symbol = ($symbols -split ',')[0].Trim()[0m
2026-02-22T08:16:37.2052300Z [36;1m  if ([string]::IsNullOrWhiteSpace($symbol)) { $symbol = 'SOXL' }[0m
2026-02-22T08:16:37.2052632Z [36;1m}[0m
2026-02-22T08:16:37.2052820Z [36;1m$mode = 'sim'[0m
2026-02-22T08:16:37.2053127Z [36;1mif ([string]::IsNullOrWhiteSpace($mode)) { $mode = 'sim' }[0m
2026-02-22T08:16:37.2053452Z [36;1m[0m
2026-02-22T08:16:37.2054030Z [36;1mpython scripts/evaluate_run_outputs.py --output-root "$outputRoot" --mode "$mode" --symbol "$symbol" --out-md "$md" --out-json "$js" --out-summary "$summary"[0m
2026-02-22T08:16:37.2054910Z [36;1mexit 0[0m
2026-02-22T08:16:37.2071658Z shell: C:\Windows\System32\WindowsPowerShell\v1.0\powershell.EXE -NoProfile -ExecutionPolicy Bypass -Command "{0}"
2026-02-22T08:16:37.2072239Z env:
2026-02-22T08:16:37.2072446Z   REPO_ROOT: C:\work\apex_repo_cache\ApexTraderAI
2026-02-22T08:16:37.2072708Z ##[endgroup]

----- FILE: actions_logs/run/1_Set up job.txt -----
ï»¿2026-02-22T08:00:15.5792220Z Current runner version: '2.331.0'
2026-02-22T08:00:15.5803658Z Runner name: 'DESKTOP-C54PIIA'
2026-02-22T08:00:15.5804433Z Runner group name: 'Default'
2026-02-22T08:00:15.5805183Z Machine name: 'DESKTOP-C54PIIA'
2026-02-22T08:00:15.5808952Z ##[group]GITHUB_TOKEN Permissions
2026-02-22T08:00:15.5811074Z Actions: read
2026-02-22T08:00:15.5811629Z Contents: write
2026-02-22T08:00:15.5812059Z Issues: write
2026-02-22T08:00:15.5812507Z Metadata: read
2026-02-22T08:00:15.5813017Z ##[endgroup]
2026-02-22T08:00:15.5815042Z Secret source: Actions
2026-02-22T08:00:15.5815635Z Prepare workflow directory
2026-02-22T08:00:15.6414690Z Prepare all required actions
2026-02-22T08:00:15.6451215Z Getting action download info
2026-02-22T08:00:16.8773651Z Download action repository 'actions/upload-artifact@v4' (SHA:ea165f8d65b6e75b540449e92b4886f43607fa02)
2026-02-22T08:00:18.5483035Z Download action repository 'actions/github-script@v7' (SHA:f28e40c7f34bde8b3046d885e986cb6290c5673b)
2026-02-22T08:00:19.6081645Z Complete job name: run

----- FILE: actions_logs/run/20_Publish ONE_TAP report to diag-logs branch.txt -----
2026-02-22T08:16:40.8530421Z New-Object : Cannot convert 'System.Object[]' to the type 'System.String' required by parameter 'ComObject'. Specified 
2026-02-22T08:16:40.8531111Z method is not supported.
2026-02-22T08:16:40.8531766Z At C:\Users\becky\OneDrive\ãƒ‡ã‚¹ã‚¯ãƒˆãƒƒãƒ—\Python\apex-trader-ai\actions-runner\_work\_temp\5ed4709f-031c-404e-8a07-bfdabe180385
2026-02-22T08:16:40.8532328Z .ps1:94 char:29
2026-02-22T08:16:40.8532701Z + ... ms = New-Object System.Collections.Generic.Dictionary[string, object]
2026-02-22T08:16:40.8533514Z +                     ~~~~~~~~~~~~~~~~~~~~~~~~~~~~~~~~~~~~~~~~~~~~~~~~~~~~~
2026-02-22T08:16:40.8534046Z     + CategoryInfo          : InvalidArgument: (:) [New-Object], ParameterBindingException
2026-02-22T08:16:40.8534773Z     + FullyQualifiedErrorId : CannotConvertArgument,Microsoft.PowerShell.Commands.NewObjectCommand
2026-02-22T08:16:40.8535284Z  
2026-02-22T08:16:40.8920423Z You cannot call a method on a null-valued expression.
2026-02-22T08:16:40.8927790Z At C:\Users\becky\OneDrive\ãƒ‡ã‚¹ã‚¯ãƒˆãƒƒãƒ—\Python\apex-trader-ai\actions-runner\_work\_temp\5ed4709f-031c-404e-8a07-bfdabe180385
2026-02-22T08:16:40.8932081Z .ps1:98 char:11
2026-02-22T08:16:40.8932398Z +       if (-not $sourceItems.ContainsKey($hit.FullName)) {
2026-02-22T08:16:40.8934649Z +           ~~~~~~~~~~~~~~~~~~~~~~~~~~~~~~~~~~~~~~~~~~~~
2026-02-22T08:16:40.8936946Z     + CategoryInfo          : InvalidOperation: (:) [], RuntimeException
2026-02-22T08:16:40.8939249Z     + FullyQualifiedErrorId : InvokeMethodOnNull
2026-02-22T08:16:40.8939557Z  
2026-02-22T08:16:40.8958958Z You cannot call a method on a null-valued expression.
2026-02-22T08:16:40.8959675Z At C:\Users\becky\OneDrive\ãƒ‡ã‚¹ã‚¯ãƒˆãƒƒãƒ—\Python\apex-trader-ai\actions-runner\_work\_temp\5ed4709f-031c-404e-8a07-bfdabe180385
2026-02-22T08:16:40.8960987Z .ps1:98 char:11
2026-02-22T08:16:40.8963211Z +       if (-not $sourceItems.ContainsKey($hit.FullName)) {
2026-02-22T08:16:40.8965479Z +           ~~~~~~~~~~~~~~~~~~~~~~~~~~~~~~~~~~~~~~~~~~~~
2026-02-22T08:16:40.8967826Z     + CategoryInfo          : InvalidOperation: (:) [], RuntimeException
2026-02-22T08:16:40.8970126Z     + FullyQualifiedErrorId : InvokeMethodOnNull
2026-02-22T08:16:40.8970414Z  
2026-02-22T08:16:40.9048237Z You cannot call a method on a null-valued expression.
2026-02-22T08:16:40.9050884Z At C:\Users\becky\OneDrive\ãƒ‡ã‚¹ã‚¯ãƒˆãƒƒãƒ—\Python\apex-trader-ai\actions-runner\_work\_temp\5ed4709f-031c-404e-8a07-bfdabe180385
2026-02-22T08:16:40.9053295Z .ps1:98 char:11
2026-02-22T08:16:40.9055520Z +       if (-not $sourceItems.ContainsKey($hit.FullName)) {
2026-02-22T08:16:40.9057770Z +           ~~~~~~~~~~~~~~~~~~~~~~~~~~~~~~~~~~~~~~~~~~~~
2026-02-22T08:16:40.9060048Z     + CategoryInfo          : InvalidOperation: (:) [], RuntimeException
2026-02-22T08:16:40.9062349Z     + FullyQualifiedErrorId : InvokeMethodOnNull
2026-02-22T08:16:40.9062637Z  
2026-02-22T08:16:40.9066878Z You cannot call a method on a null-valued expression.
2026-02-22T08:16:40.9067835Z At C:\Users\becky\OneDrive\ãƒ‡ã‚¹ã‚¯ãƒˆãƒƒãƒ—\Python\apex-trader-ai\actions-runner\_work\_temp\5ed4709f-031c-404e-8a07-bfdabe180385
2026-02-22T08:16:40.9068411Z .ps1:98 char:11
2026-02-22T08:16:40.9068710Z +       if (-not $sourceItems.ContainsKey($hit.FullName)) {
2026-02-22T08:16:40.9069880Z +           ~~~~~~~~~~~~~~~~~~~~~~~~~~~~~~~~~~~~~~~~~~~~
2026-02-22T08:16:40.9070335Z     + CategoryInfo          : InvalidOperation: (:) [], RuntimeException
2026-02-22T08:16:40.9070764Z     + FullyQualifiedErrorId : InvokeMethodOnNull
2026-02-22T08:16:40.9072107Z  
2026-02-22T08:16:40.9093304Z You cannot call a method on a null-valued expression.
2026-02-22T08:16:40.9094031Z At C:\Users\becky\OneDrive\ãƒ‡ã‚¹ã‚¯ãƒˆãƒƒãƒ—\Python\apex-trader-ai\actions-runner\_work\_temp\5ed4709f-031c-404e-8a07-bfdabe180385
2026-02-22T08:16:40.9094580Z .ps1:98 char:11
2026-02-22T08:16:40.9094879Z +       if (-not $sourceItems.ContainsKey($hit.FullName)) {
2026-02-22T08:16:40.9095369Z +           ~~~~~~~~~~~~~~~~~~~~~~~~~~~~~~~~~~~~~~~~~~~~
2026-02-22T08:16:40.9095811Z     + CategoryInfo          : InvalidOperation: (:) [], RuntimeException
2026-02-22T08:16:40.9096231Z     + FullyQualifiedErrorId : InvokeMethodOnNull
2026-02-22T08:16:40.9096512Z  
2026-02-22T08:16:40.9181634Z You cannot call a method on a null-valued expression.
2026-02-22T08:16:40.9183516Z At C:\Users\becky\OneDrive\ãƒ‡ã‚¹ã‚¯ãƒˆãƒƒãƒ—\Python\apex-trader-ai\actions-runner\_work\_temp\5ed4709f-031c-404e-8a07-bfdabe180385
2026-02-22T08:16:40.9184086Z .ps1:98 char:11
2026-02-22T08:16:40.9184389Z +       if (-not $sourceItems.ContainsKey($hit.FullName)) {
2026-02-22T08:16:40.9185157Z +           ~~~~~~~~~~~~~~~~~~~~~~~~~~~~~~~~~~~~~~~~~~~~
2026-02-22T08:16:40.9185579Z     + CategoryInfo          : InvalidOperation: (:) [], RuntimeException
2026-02-22T08:16:40.9186003Z     + FullyQualifiedErrorId : InvokeMethodOnNull
2026-02-22T08:16:40.9186285Z  
2026-02-22T08:16:40.9207457Z You cannot call a method on a null-valued expression.
2026-02-22T08:16:40.9208461Z At C:\Users\becky\OneDrive\ãƒ‡ã‚¹ã‚¯ãƒˆãƒƒãƒ—\Python\apex-trader-ai\actions-runner\_work\_temp\5ed4709f-031c-404e-8a07-bfdabe180385
2026-02-22T08:16:40.9209022Z .ps1:98 char:11
2026-02-22T08:16:40.9209322Z +       if (-not $sourceItems.ContainsKey($hit.FullName)) {
2026-02-22T08:16:40.9209696Z +           ~~~~~~~~~~~~~~~~~~~~~~~~~~~~~~~~~~~~~~~~~~~~
2026-02-22T08:16:40.9210121Z     + CategoryInfo          : InvalidOperation: (:) [], RuntimeException
2026-02-22T08:16:40.9210541Z     + FullyQualifiedErrorId : InvokeMethodOnNull
2026-02-22T08:16:40.9210851Z  
2026-02-22T08:16:40.9229652Z You cannot call a method on a null-valued expression.
2026-02-22T08:16:40.9230777Z At C:\Users\becky\OneDrive\ãƒ‡ã‚¹ã‚¯ãƒˆãƒƒãƒ—\Python\apex-trader-ai\actions-runner\_work\_temp\5ed4709f-031c-404e-8a07-bfdabe180385
2026-02-22T08:16:40.9231780Z .ps1:98 char:11
2026-02-22T08:16:40.9232351Z +       if (-not $sourceItems.ContainsKey($hit.FullName)) {
2026-02-22T08:16:40.9233013Z +           ~~~~~~~~~~~~~~~~~~~~~~~~~~~~~~~~~~~~~~~~~~~~
2026-02-22T08:16:40.9233789Z     + CategoryInfo          : InvalidOperation: (:) [], RuntimeException
2026-02-22T08:16:40.9234525Z     + FullyQualifiedErrorId : InvokeMethodOnNull
2026-02-22T08:16:40.9235154Z  
2026-02-22T08:16:40.9253630Z You cannot call a method on a null-valued expression.
2026-02-22T08:16:40.9254652Z At C:\Users\becky\OneDrive\ãƒ‡ã‚¹ã‚¯ãƒˆãƒƒãƒ—\Python\apex-trader-ai\actions-runner\_work\_temp\5ed4709f-031c-404e-8a07-bfdabe180385
2026-02-22T08:16:40.9255244Z .ps1:98 char:11
2026-02-22T08:16:40.9255543Z +       if (-not $sourceItems.ContainsKey($hit.FullName)) {
2026-02-22T08:16:40.9256198Z +           ~~~~~~~~~~~~~~~~~~~~~~~~~~~~~~~~~~~~~~~~~~~~
2026-02-22T08:16:40.9256730Z     + CategoryInfo          : InvalidOperation: (:) [], RuntimeException
2026-02-22T08:16:40.9257150Z     + FullyQualifiedErrorId : InvokeMethodOnNull
2026-02-22T08:16:40.9257431Z  
2026-02-22T08:16:40.9312453Z You cannot call a method on a null-valued expression.
2026-02-22T08:16:40.9313364Z At C:\Users\becky\OneDrive\ãƒ‡ã‚¹ã‚¯ãƒˆãƒƒãƒ—\Python\apex-trader-ai\actions-runner\_work\_temp\5ed4709f-031c-404e-8a07-bfdabe180385
2026-02-22T08:16:40.9314083Z .ps1:98 char:11
2026-02-22T08:16:40.9314423Z +       if (-not $sourceItems.ContainsKey($hit.FullName)) {
2026-02-22T08:16:40.9314828Z +           ~~~~~~~~~~~~~~~~~~~~~~~~~~~~~~~~~~~~~~~~~~~~
2026-02-22T08:16:40.9315248Z     + CategoryInfo          : InvalidOperation: (:) [], RuntimeException
2026-02-22T08:16:40.9315894Z     + FullyQualifiedErrorId : InvokeMethodOnNull
2026-02-22T08:16:40.9316658Z  
2026-02-22T08:16:40.9351094Z You cannot call a method on a null-valued expression.
2026-02-22T08:16:40.9353366Z At C:\Users\becky\OneDrive\ãƒ‡ã‚¹ã‚¯ãƒˆãƒƒãƒ—\Python\apex-trader-ai\actions-runner\_work\_temp\5ed4709f-031c-404e-8a07-bfdabe180385
2026-02-22T08:16:40.9354033Z .ps1:98 char:11
2026-02-22T08:16:40.9354338Z +       if (-not $sourceItems.ContainsKey($hit.FullName)) {
2026-02-22T08:16:40.9354779Z +           ~~~~~~~~~~~~~~~~~~~~~~~~~~~~~~~~~~~~~~~~~~~~
2026-02-22T08:16:40.9355222Z     + CategoryInfo          : InvalidOperation: (:) [], RuntimeException
2026-02-22T08:16:40.9355673Z     + FullyQualifiedErrorId : InvokeMethodOnNull
2026-02-22T08:16:40.9355954Z  
2026-02-22T08:16:40.9376763Z You cannot call a method on a null-valued expression.
2026-02-22T08:16:40.9377567Z At C:\Users\becky\OneDrive\ãƒ‡ã‚¹ã‚¯ãƒˆãƒƒãƒ—\Python\apex-trader-ai\actions-runner\_work\_temp\5ed4709f-031c-404e-8a07-bfdabe180385
2026-02-22T08:16:40.9378115Z .ps1:98 char:11
2026-02-22T08:16:40.9378464Z +       if (-not $sourceItems.ContainsKey($hit.FullName)) {
2026-02-22T08:16:40.9379231Z +           ~~~~~~~~~~~~~~~~~~~~~~~~~~~~~~~~~~~~~~~~~~~~
2026-02-22T08:16:40.9379657Z     + CategoryInfo          : InvalidOperation: (:) [], RuntimeException
2026-02-22T08:16:40.9380084Z     + FullyQualifiedErrorId : InvokeMethodOnNull
2026-02-22T08:16:40.9381506Z  
2026-02-22T08:16:40.9405186Z You cannot call a method on a null-valued expression.
2026-02-22T08:16:40.9409657Z At C:\Users\becky\OneDrive\ãƒ‡ã‚¹ã‚¯ãƒˆãƒƒãƒ—\Python\apex-trader-ai\actions-runner\_work\_temp\5ed4709f-031c-404e-8a07-bfdabe180385
2026-02-22T08:16:40.9412320Z .ps1:98 char:11
2026-02-22T08:16:40.9414527Z +       if (-not $sourceItems.ContainsKey($hit.FullName)) {
2026-02-22T08:16:40.9416777Z +           ~~~~~~~~~~~~~~~~~~~~~~~~~~~~~~~~~~~~~~~~~~~~
2026-02-22T08:16:40.9419063Z     + CategoryInfo          : InvalidOperation: (:) [], RuntimeException
2026-02-22T08:16:40.9421342Z     + FullyQualifiedErrorId : InvokeMethodOnNull
2026-02-22T08:16:40.9421627Z  
2026-02-22T08:16:40.9426452Z You cannot call a method on a null-valued expression.
2026-02-22T08:16:40.9427196Z At C:\Users\becky\OneDrive\ãƒ‡ã‚¹ã‚¯ãƒˆãƒƒãƒ—\Python\apex-trader-ai\actions-runner\_work\_temp\5ed4709f-031c-404e-8a07-bfdabe180385
2026-02-22T08:16:40.9427741Z .ps1:98 char:11
2026-02-22T08:16:40.9428122Z +       if (-not $sourceItems.ContainsKey($hit.FullName)) {
2026-02-22T08:16:40.9428615Z +           ~~~~~~~~~~~~~~~~~~~~~~~~~~~~~~~~~~~~~~~~~~~~
2026-02-22T08:16:40.9429084Z     + CategoryInfo          : InvalidOperation: (:) [], RuntimeException
2026-02-22T08:16:40.9429524Z     + FullyQualifiedErrorId : InvokeMethodOnNull
2026-02-22T08:16:40.9429807Z  
2026-02-22T08:16:40.9449085Z You cannot call a method on a null-valued expression.
2026-02-22T08:16:40.9450095Z At C:\Users\becky\OneDrive\ãƒ‡ã‚¹ã‚¯ãƒˆãƒƒãƒ—\Python\apex-trader-ai\actions-runner\_work\_temp\5ed4709f-031c-404e-8a07-bfdabe180385
2026-02-22T08:16:40.9450678Z .ps1:98 char:11
2026-02-22T08:16:40.9450980Z +       if (-not $sourceItems.ContainsKey($hit.FullName)) {
2026-02-22T08:16:40.9451351Z +           ~~~~~~~~~~~~~~~~~~~~~~~~~~~~~~~~~~~~~~~~~~~~
2026-02-22T08:16:40.9451829Z     + CategoryInfo          : InvalidOperation: (:) [], RuntimeException
2026-02-22T08:16:40.9452282Z     + FullyQualifiedErrorId : InvokeMethodOnNull
2026-02-22T08:16:40.9458757Z  
2026-02-22T08:16:40.9471941Z You cannot call a method on a null-valued expression.
2026-02-22T08:16:40.9472791Z At C:\Users\becky\OneDrive\ãƒ‡ã‚¹ã‚¯ãƒˆãƒƒãƒ—\Python\apex-trader-ai\actions-runner\_work\_temp\5ed4709f-031c-404e-8a07-bfdabe180385
2026-02-22T08:16:40.9473385Z .ps1:98 char:11
2026-02-22T08:16:40.9473690Z +       if (-not $sourceItems.ContainsKey($hit.FullName)) {
2026-02-22T08:16:40.9474068Z +           ~~~~~~~~~~~~~~~~~~~~~~~~~~~~~~~~~~~~~~~~~~~~
2026-02-22T08:16:40.9474519Z     + CategoryInfo          : InvalidOperation: (:) [], RuntimeException
2026-02-22T08:16:40.9474948Z     + FullyQualifiedErrorId : InvokeMethodOnNull
2026-02-22T08:16:40.9475231Z  
2026-02-22T08:16:40.9493196Z You cannot call a method on a null-valued expression.
2026-02-22T08:16:40.9494095Z At C:\Users\becky\OneDrive\ãƒ‡ã‚¹ã‚¯ãƒˆãƒƒãƒ—\Python\apex-trader-ai\actions-runner\_work\_temp\5ed4709f-031c-404e-8a07-bfdabe180385
2026-02-22T08:16:40.9494677Z .ps1:98 char:11
2026-02-22T08:16:40.9494988Z +       if (-not $sourceItems.ContainsKey($hit.FullName)) {
2026-02-22T08:16:40.9495367Z +           ~~~~~~~~~~~~~~~~~~~~~~~~~~~~~~~~~~~~~~~~~~~~
2026-02-22T08:16:40.9495790Z     + CategoryInfo          : InvalidOperation: (:) [], RuntimeException
2026-02-22T08:16:40.9496220Z     + FullyQualifiedErrorId : InvokeMethodOnNull
2026-02-22T08:16:40.9496500Z  
2026-02-22T08:16:40.9513673Z You cannot call a method on a null-valued expression.
2026-02-22T08:16:40.9514585Z At C:\Users\becky\OneDrive\ãƒ‡ã‚¹ã‚¯ãƒˆãƒƒãƒ—\Python\apex-trader-ai\actions-runner\_work\_temp\5ed4709f-031c-404e-8a07-bfdabe180385
2026-02-22T08:16:40.9515116Z .ps1:98 char:11
2026-02-22T08:16:40.9515406Z +       if (-not $sourceItems.ContainsKey($hit.FullName)) {
2026-02-22T08:16:40.9515770Z +           ~~~~~~~~~~~~~~~~~~~~~~~~~~~~~~~~~~~~~~~~~~~~
2026-02-22T08:16:40.9516461Z     + CategoryInfo          : InvalidOperation: (:) [], RuntimeException
2026-02-22T08:16:40.9516870Z     + FullyQualifiedErrorId : InvokeMethodOnNull
2026-02-22T08:16:40.9517139Z  
2026-02-22T08:16:40.9533689Z You cannot call a method on a null-valued expression.
2026-02-22T08:16:40.9534728Z At C:\Users\becky\OneDrive\ãƒ‡ã‚¹ã‚¯ãƒˆãƒƒãƒ—\Python\apex-trader-ai\actions-runner\_work\_temp\5ed4709f-031c-404e-8a07-bfdabe180385
2026-02-22T08:16:40.9535504Z .ps1:98 char:11
2026-02-22T08:16:40.9535806Z +       if (-not $sourceItems.ContainsKey($hit.FullName)) {
2026-02-22T08:16:40.9536181Z +           ~~~~~~~~~~~~~~~~~~~~~~~~~~~~~~~~~~~~~~~~~~~~
2026-02-22T08:16:40.9536598Z     + CategoryInfo          : InvalidOperation: (:) [], RuntimeException
2026-02-22T08:16:40.9537020Z     + FullyQualifiedErrorId : InvokeMethodOnNull
2026-02-22T08:16:40.9537300Z  
2026-02-22T08:16:40.9569888Z You cannot call a method on a null-valued expression.
2026-02-22T08:16:40.9570706Z At C:\Users\becky\OneDrive\ãƒ‡ã‚¹ã‚¯ãƒˆãƒƒãƒ—\Python\apex-trader-ai\actions-runner\_work\_temp\5ed4709f-031c-404e-8a07-bfdabe180385
2026-02-22T08:16:40.9571236Z .ps1:98 char:11
2026-02-22T08:16:40.9571524Z +       if (-not $sourceItems.ContainsKey($hit.FullName)) {
2026-02-22T08:16:40.9571877Z +           ~~~~~~~~~~~~~~~~~~~~~~~~~~~~~~~~~~~~~~~~~~~~
2026-02-22T08:16:40.9572271Z     + CategoryInfo          : InvalidOperation: (:) [], RuntimeException
2026-02-22T08:16:40.9572675Z     + FullyQualifiedErrorId : InvokeMethodOnNull
2026-02-22T08:16:40.9572947Z  
2026-02-22T08:16:40.9604256Z You cannot call a method on a null-valued expression.
2026-02-22T08:16:40.9605241Z At C:\Users\becky\OneDrive\ãƒ‡ã‚¹ã‚¯ãƒˆãƒƒãƒ—\Python\apex-trader-ai\actions-runner\_work\_temp\5ed4709f-031c-404e-8a07-bfdabe180385
2026-02-22T08:16:40.9605798Z .ps1:98 char:11
2026-02-22T08:16:40.9606099Z +       if (-not $sourceItems.ContainsKey($hit.FullName)) {
2026-02-22T08:16:40.9606476Z +           ~~~~~~~~~~~~~~~~~~~~~~~~~~~~~~~~~~~~~~~~~~~~
2026-02-22T08:16:40.9606903Z     + CategoryInfo          : InvalidOperation: (:) [], RuntimeException
2026-02-22T08:16:40.9607342Z     + FullyQualifiedErrorId : InvokeMethodOnNull
2026-02-22T08:16:40.9607616Z  
2026-02-22T08:16:40.9639094Z You cannot call a method on a null-valued expression.
2026-02-22T08:16:40.9639908Z At C:\Users\becky\OneDrive\ãƒ‡ã‚¹ã‚¯ãƒˆãƒƒãƒ—\Python\apex-trader-ai\actions-runner\_work\_temp\5ed4709f-031c-404e-8a07-bfdabe180385
2026-02-22T08:16:40.9640422Z .ps1:98 char:11
2026-02-22T08:16:40.9640714Z +       if (-not $sourceItems.ContainsKey($hit.FullName)) {
2026-02-22T08:16:40.9641081Z +           ~~~~~~~~~~~~~~~~~~~~~~~~~~~~~~~~~~~~~~~~~~~~
2026-02-22T08:16:40.9641476Z     + CategoryInfo          : InvalidOperation: (:) [], RuntimeException
2026-02-22T08:16:40.9641869Z     + FullyQualifiedErrorId : InvokeMethodOnNull
2026-02-22T08:16:40.9642135Z  
2026-02-22T08:16:41.0150941Z [RETENTION] delete old run folder: C:\Users\becky\OneDrive\ãƒ‡ã‚¹ã‚¯ãƒˆãƒƒãƒ—\Python\apex-trader-ai\actions-runner\_work\_temp\diag_repo\runs\20260222_065929_run22272392052_att1_failure_f10760f
2026-02-22T08:16:41.0195786Z [RETENTION] delete old run folder: C:\Users\becky\OneDrive\ãƒ‡ã‚¹ã‚¯ãƒˆãƒƒãƒ—\Python\apex-trader-ai\actions-runner\_work\_temp\diag_repo\runs\20260222_063226_run22272036196_att1_failure_f2873e1
2026-02-22T08:16:41.2858572Z [diag-logs 06d63f4] diag: add one_tap report 20260222_171640_run22273241605_att1_83c7187
2026-02-22T08:16:41.2861041Z  11 files changed, 408 insertions(+), 3672 deletions(-)
2026-02-22T08:16:41.2865431Z  delete mode 100644 runs/20260222_063226_run22272036196_att1_failure_f2873e1/ACTIONS_JOB_LOG_TAIL.txt
2026-02-22T08:16:41.2868118Z  delete mode 100644 runs/20260222_063226_run22272036196_att1_failure_f2873e1/actions_logs.zip
2026-02-22T08:16:41.2872480Z  delete mode 100644 runs/20260222_065929_run22272392052_att1_failure_f10760f/ACTIONS_JOB_LOG_TAIL.txt
2026-02-22T08:16:41.2875004Z  delete mode 100644 runs/20260222_065929_run22272392052_att1_failure_f10760f/actions_logs.zip
2026-02-22T08:16:41.2877647Z  create mode 100644 runs/20260222_171640_run22273241605_att1_83c7187/CSV_INDEX.md
2026-02-22T08:16:41.2882234Z  create mode 100644 runs/20260222_171640_run22273241605_att1_83c7187/ONE_TAP_ERROR_REPORT.txt
2026-02-22T08:16:41.2884751Z  create mode 100644 runs/20260222_171640_run22273241605_att1_83c7187/csv/EVAL_REPORT.json
2026-02-22T08:16:41.2887254Z  create mode 100644 runs/20260222_171640_run22273241605_att1_83c7187/csv/EVAL_REPORT.md
2026-02-22T08:16:41.2891614Z  create mode 100644 runs/20260222_171640_run22273241605_att1_83c7187/csv/EVAL_SUMMARY.txt
2026-02-22T08:16:42.6756634Z To https://github.com/toki866/ApexTraderAI.git
2026-02-22T08:16:42.6757067Z    3a08915..06d63f4  diag-logs -> diag-logs

----- FILE: actions_logs/run/21_Publish diagnostics to Issue (always).txt -----
ï»¿2026-02-22T08:16:42.7121424Z ##[group]Run actions/github-script@v7
2026-02-22T08:16:42.7121919Z with:
2026-02-22T08:16:42.7128324Z   script: const fs = require('fs');
const path = require('path');

const owner = context.repo.owner;
const repo = context.repo.repo;

const reportPath = path.join(process.env.GITHUB_WORKSPACE, 'temp', 'ONE_TAP_ERROR_REPORT.txt');
let report = fs.existsSync(reportPath)
  ? fs.readFileSync(reportPath, 'utf8')
  : '(missing ONE_TAP_ERROR_REPORT.txt)';

const evalPath = path.join(process.env.GITHUB_WORKSPACE, 'temp', 'eval', 'EVAL_SUMMARY.txt');
let evalTxt = fs.existsSync(evalPath)
  ? fs.readFileSync(evalPath, 'utf8')
  : '(EVAL_SUMMARY.txt missing)';

if (report.length > 60000) report = report.slice(-60000);
if (evalTxt.length > 15000) evalTxt = evalTxt.slice(-15000);

const runUrl = `${context.serverUrl}/${owner}/${repo}/actions/runs/${context.runId}`;
const title = 'ApexTraderAI Diagnostics (latest)';
const attempt = process.env.GITHUB_RUN_ATTEMPT || '1';
const diagRunFolder = process.env.DIAG_RUN_FOLDER || 'LATEST_CSV.md';
const csvIndexUrl = diagRunFolder === 'LATEST_CSV.md'
  ? `${context.serverUrl}/${owner}/${repo}/blob/diag-logs/runs/LATEST_CSV.md`
  : `${context.serverUrl}/${owner}/${repo}/blob/diag-logs/runs/${diagRunFolder}/CSV_INDEX.md`;
const evalPathInBranch = diagRunFolder === 'LATEST_CSV.md'
  ? 'runs/LATEST_CSV.md'
  : `runs/${diagRunFolder}/csv/EVAL_REPORT.md`;
const evalUrl = `${context.serverUrl}/${owner}/${repo}/blob/diag-logs/${evalPathInBranch}`;
const body = `Run: ${runUrl}\nSHA: ${context.sha}\nAttempt: ${attempt}\ndiag-logs csv_index: ${csvIndexUrl}\n\n## Evaluation Summary\ndiag-logs: [${evalPathInBranch}](${evalUrl})\n\n\`\`\`text\n${evalTxt}\n\`\`\`\n\n\`\`\`text\n${report}\n\`\`\`\n`;

const { data: issues } = await github.rest.issues.listForRepo({
  owner,
  repo,
  state: 'open',
  per_page: 100
});
const existing = issues.find(i => i.title === title);

if (existing) {
  await github.rest.issues.update({ owner, repo, issue_number: existing.number, body });
} else {
  await github.rest.issues.create({ owner, repo, title, body });
}

2026-02-22T08:16:42.7135389Z   github-token: ***
2026-02-22T08:16:42.7135632Z   debug: false
2026-02-22T08:16:42.7135871Z   user-agent: actions/github-script
2026-02-22T08:16:42.7136125Z   result-encoding: json
2026-02-22T08:16:42.7136312Z   retries: 0
2026-02-22T08:16:42.7136530Z   retry-exempt-status-codes: 400,401,403,404,422
2026-02-22T08:16:42.7136801Z env:
2026-02-22T08:16:42.7137016Z   REPO_ROOT: C:\work\apex_repo_cache\ApexTraderAI
2026-02-22T08:16:42.7137368Z   DIAG_RUN_FOLDER: 20260222_171640_run22273241605_att1_83c7187
2026-02-22T08:16:42.7137677Z ##[endgroup]

----- FILE: actions_logs/run/22_Collect diagnostics.txt -----
ï»¿2026-02-22T08:16:44.5832264Z ##[group]Run $ErrorActionPreference = 'Stop'
2026-02-22T08:16:44.5832933Z [36;1m$ErrorActionPreference = 'Stop'[0m
2026-02-22T08:16:44.5833214Z [36;1m[0m
2026-02-22T08:16:44.5833377Z [36;1mfunction Mask-Secrets {[0m
2026-02-22T08:16:44.5833616Z [36;1m  param([string]$Text)[0m
2026-02-22T08:16:44.5833821Z [36;1m[0m
2026-02-22T08:16:44.5834040Z [36;1m  if ([string]::IsNullOrEmpty($Text)) { return $Text }[0m
2026-02-22T08:16:44.5834333Z [36;1m[0m
2026-02-22T08:16:44.5834534Z [36;1m  $masked = $Text[0m
2026-02-22T08:16:44.5834964Z [36;1m  $masked = [regex]::Replace($masked, 'github_pat_[A-Za-z0-9_]{20,}', 'github_pat_***MASKED***')[0m
2026-02-22T08:16:44.5835766Z [36;1m  $masked = [regex]::Replace($masked, 'gh[pousr]_[A-Za-z0-9_]{20,}', 'gh***_***MASKED***')[0m
2026-02-22T08:16:44.5836388Z [36;1m  $masked = [regex]::Replace($masked, '(?im)\b(token|password|secret)\b\s*[:=]\s*\S+', '$1=***MASKED***')[0m
2026-02-22T08:16:44.5836897Z [36;1m  return $masked[0m
2026-02-22T08:16:44.5837190Z [36;1m}[0m
2026-02-22T08:16:44.5837339Z [36;1m[0m
2026-02-22T08:16:44.5837502Z [36;1mfunction Get-MaskedTail {[0m
2026-02-22T08:16:44.5837722Z [36;1m  param([0m
2026-02-22T08:16:44.5837898Z [36;1m    [string]$Path,[0m
2026-02-22T08:16:44.5838102Z [36;1m    [int]$Tail = 200[0m
2026-02-22T08:16:44.5838292Z [36;1m  )[0m
2026-02-22T08:16:44.5838443Z [36;1m[0m
2026-02-22T08:16:44.5838680Z [36;1m  if (-not (Test-Path $Path)) { return "(not found) $Path" }[0m
2026-02-22T08:16:44.5839209Z [36;1m  $raw = (Get-Content -Path $Path -Tail $Tail -ErrorAction SilentlyContinue) -join "`r`n"[0m
2026-02-22T08:16:44.5839677Z [36;1m  return (Mask-Secrets -Text $raw)[0m
2026-02-22T08:16:44.5839927Z [36;1m}[0m
2026-02-22T08:16:44.5840076Z [36;1m[0m
2026-02-22T08:16:44.5840279Z [36;1m$diagOut = Join-Path $env:RUNNER_TEMP 'diag_out'[0m
2026-02-22T08:16:44.5840656Z [36;1m$null = New-Item -Path $diagOut -ItemType Directory -Force[0m
2026-02-22T08:16:44.5840967Z [36;1m[0m
2026-02-22T08:16:44.5841133Z [36;1m$ws = $env:GITHUB_WORKSPACE[0m
2026-02-22T08:16:44.5841460Z [36;1m$runnerRoot = (Resolve-Path (Join-Path $ws '..\..\..')).Path[0m
2026-02-22T08:16:44.5841896Z [36;1m$runnerDiag = Join-Path $runnerRoot '_diag'[0m
2026-02-22T08:16:44.5842174Z [36;1m$runId = '22273241605'[0m
2026-02-22T08:16:44.5842387Z [36;1m$runAttempt = '1'[0m
2026-02-22T08:16:44.5842645Z [36;1m$sha = '83c718732eee78d80fb9293af133e205e6890b9f'[0m
2026-02-22T08:16:44.5842928Z [36;1m$branch = 'main'[0m
2026-02-22T08:16:44.5843135Z [36;1m$repo = 'toki866/ApexTraderAI'[0m
2026-02-22T08:16:44.5843442Z [36;1m$artifactName = "diag_full_${runId}_${runAttempt}"[0m
2026-02-22T08:16:44.5843733Z [36;1m[0m
2026-02-22T08:16:44.5843930Z [36;1m$latestRunnerLog = $null[0m
2026-02-22T08:16:44.5844221Z [36;1m$latestWorkerLog = $null[0m
2026-02-22T08:16:44.5844456Z [36;1mif (Test-Path $runnerDiag) {[0m
2026-02-22T08:16:44.5845199Z [36;1m  $latestRunnerLog = Get-ChildItem -Path $runnerDiag -Filter 'Runner_*.log' -File -ErrorAction SilentlyContinue | Sort-Object LastWriteTime -Descending | Select-Object -First 1[0m
2026-02-22T08:16:44.5846456Z [36;1m  $latestWorkerLog = Get-ChildItem -Path $runnerDiag -Filter 'Worker_*.log' -File -ErrorAction SilentlyContinue | Sort-Object LastWriteTime -Descending | Select-Object -First 1[0m
2026-02-22T08:16:44.5847204Z [36;1m}[0m
2026-02-22T08:16:44.5847353Z [36;1m[0m
2026-02-22T08:16:44.5847664Z [36;1m$workflowLog = Join-Path $env:RUNNER_TEMP 'run_all_local_then_copy_console.log'[0m
2026-02-22T08:16:44.5848201Z [36;1m$runLogPath = 'C:\work\apex_work\runs\20260222_170025\logs\run_20260222_170025.log'[0m
2026-02-22T08:16:44.5848707Z [36;1m$stepSummaryGlob = Join-Path $env:RUNNER_TEMP 'step_summary_*'[0m
2026-02-22T08:16:44.5849270Z [36;1m$oneTapReportWorkspace = Join-Path $env:GITHUB_WORKSPACE 'temp\ONE_TAP_ERROR_REPORT.txt'[0m
2026-02-22T08:16:44.5849697Z [36;1m[0m
2026-02-22T08:16:44.5850200Z [36;1mif ($latestRunnerLog) { Copy-Item -Path $latestRunnerLog.FullName -Destination (Join-Path $diagOut $latestRunnerLog.Name) -Force }[0m
2026-02-22T08:16:44.5852437Z [36;1mif ($latestWorkerLog) { Copy-Item -Path $latestWorkerLog.FullName -Destination (Join-Path $diagOut $latestWorkerLog.Name) -Force }[0m
2026-02-22T08:16:44.5853357Z [36;1mif (Test-Path $workflowLog) { Copy-Item -Path $workflowLog -Destination (Join-Path $diagOut 'workflow_console.log') -Force }[0m
2026-02-22T08:16:44.5854299Z [36;1mif ($runLogPath -and (Test-Path $runLogPath)) { Copy-Item -Path $runLogPath -Destination (Join-Path $diagOut (Split-Path $runLogPath -Leaf)) -Force }[0m
2026-02-22T08:16:44.5855340Z [36;1mif (Test-Path $oneTapReportWorkspace) { Copy-Item -Path $oneTapReportWorkspace -Destination (Join-Path $diagOut 'ONE_TAP_ERROR_REPORT.txt') -Force }[0m
2026-02-22T08:16:44.5856366Z [36;1mGet-ChildItem -Path $stepSummaryGlob -File -ErrorAction SilentlyContinue | ForEach-Object {[0m
2026-02-22T08:16:44.5857004Z [36;1m  Copy-Item -Path $_.FullName -Destination (Join-Path $diagOut $_.Name) -Force[0m
2026-02-22T08:16:44.5857401Z [36;1m}[0m
2026-02-22T08:16:44.5857554Z [36;1m[0m
2026-02-22T08:16:44.5857747Z [36;1mforeach ($subDir in @('pages', 'blocks')) {[0m
2026-02-22T08:16:44.5858099Z [36;1m  $src = Join-Path $runnerDiag $subDir[0m
2026-02-22T08:16:44.5858408Z [36;1m  if (Test-Path $src) {[0m
2026-02-22T08:16:44.5858791Z [36;1m    Copy-Item -Path $src -Destination (Join-Path $diagOut $subDir) -Recurse -Force[0m
2026-02-22T08:16:44.5859186Z [36;1m  }[0m
2026-02-22T08:16:44.5859339Z [36;1m}[0m
2026-02-22T08:16:44.5859479Z [36;1m[0m
2026-02-22T08:16:44.5859998Z [36;1m$runnerTailText = if ($latestRunnerLog) { Get-MaskedTail -Path $latestRunnerLog.FullName -Tail 200 } else { '(runner diag not found)' }[0m
2026-02-22T08:16:44.5860950Z [36;1m$workflowTailText = if (Test-Path $workflowLog) { Get-MaskedTail -Path $workflowLog -Tail 200 } else { '(workflow log not found)' }[0m
2026-02-22T08:16:44.5861509Z [36;1m[0m
2026-02-22T08:16:44.5861723Z [36;1m$summaryPath = Join-Path $diagOut 'summary.md'[0m
2026-02-22T08:16:44.5862013Z [36;1m$summary = @([0m
2026-02-22T08:16:44.5862217Z [36;1m  '# Diagnostics Summary',[0m
2026-02-22T08:16:44.5862432Z [36;1m  '',[0m
2026-02-22T08:16:44.5862604Z [36;1m  "- repo: $repo",[0m
2026-02-22T08:16:44.5862872Z [36;1m  "- branch: $branch",[0m
2026-02-22T08:16:44.5863139Z [36;1m  "- sha: $sha",[0m
2026-02-22T08:16:44.5863334Z [36;1m  "- run_id: $runId",[0m
2026-02-22T08:16:44.5863558Z [36;1m  "- attempt: $runAttempt",[0m
2026-02-22T08:16:44.5863820Z [36;1m  "- failing_step: $env:FAILING_STEP",[0m
2026-02-22T08:16:44.5864104Z [36;1m  "- artifact_name: $artifactName",[0m
2026-02-22T08:16:44.5864430Z [36;1m  '- one_tap_report: See ONE_TAP_ERROR_REPORT.txt',[0m
2026-02-22T08:16:44.5864716Z [36;1m  '',[0m
2026-02-22T08:16:44.5864918Z [36;1m  '## runner_diag_tail (last 200 lines)',[0m
2026-02-22T08:16:44.5865220Z [36;1m  '```text',[0m
2026-02-22T08:16:44.5865462Z [36;1m  $runnerTailText,[0m
2026-02-22T08:16:44.5865670Z [36;1m  '```',[0m
2026-02-22T08:16:44.5872365Z [36;1m  '',[0m
2026-02-22T08:16:44.5872703Z [36;1m  '## workflow_tail (last 200 lines)',[0m
2026-02-22T08:16:44.5872969Z [36;1m  '```text',[0m
2026-02-22T08:16:44.5873163Z [36;1m  $workflowTailText,[0m
2026-02-22T08:16:44.5873369Z [36;1m  '```'[0m
2026-02-22T08:16:44.5873541Z [36;1m) -join "`r`n"[0m
2026-02-22T08:16:44.5873766Z [36;1m$summary = Mask-Secrets -Text $summary[0m
2026-02-22T08:16:44.5874147Z [36;1mSet-Content -Path $summaryPath -Value $summary -Encoding UTF8[0m
2026-02-22T08:16:44.5874480Z [36;1m[0m
2026-02-22T08:16:44.5874852Z [36;1m$runnerTailPath = Join-Path $diagOut 'runner_diag_tail.txt'[0m
2026-02-22T08:16:44.5875350Z [36;1mSet-Content -Path $runnerTailPath -Value $runnerTailText -Encoding UTF8[0m
2026-02-22T08:16:44.5875835Z [36;1m$workflowTailPath = Join-Path $diagOut 'workflow_tail.txt'[0m
2026-02-22T08:16:44.5876318Z [36;1mSet-Content -Path $workflowTailPath -Value $workflowTailText -Encoding UTF8[0m
2026-02-22T08:16:44.5877262Z [36;1m[0m
2026-02-22T08:16:44.5877618Z [36;1m$fullZip = Join-Path $env:RUNNER_TEMP ("{0}.zip" -f $artifactName)[0m
2026-02-22T08:16:44.5878227Z [36;1mif (Test-Path $fullZip) { Remove-Item $fullZip -Force }[0m
2026-02-22T08:16:44.5878725Z [36;1mCompress-Archive -Path (Join-Path $diagOut '*') -DestinationPath $fullZip -Force[0m
2026-02-22T08:16:44.5879130Z [36;1m[0m
2026-02-22T08:16:44.5879472Z [36;1m"diag_out=$diagOut" | Out-File -FilePath $env:GITHUB_OUTPUT -Encoding utf8 -Append[0m
2026-02-22T08:16:44.5880067Z [36;1m"diag_summary=$summaryPath" | Out-File -FilePath $env:GITHUB_OUTPUT -Encoding utf8 -Append[0m
2026-02-22T08:16:44.5880866Z [36;1m"diag_runner_tail=$runnerTailPath" | Out-File -FilePath $env:GITHUB_OUTPUT -Encoding utf8 -Append[0m
2026-02-22T08:16:44.5881557Z [36;1m"diag_workflow_tail=$workflowTailPath" | Out-File -FilePath $env:GITHUB_OUTPUT -Encoding utf8 -Append[0m
2026-02-22T08:16:44.5882236Z [36;1m"diag_zip=$fullZip" | Out-File -FilePath $env:GITHUB_OUTPUT -Encoding utf8 -Append[0m
2026-02-22T08:16:44.5882840Z [36;1m"diag_artifact_name=$artifactName" | Out-File -FilePath $env:GITHUB_OUTPUT -Encoding utf8 -Append[0m
2026-02-22T08:16:44.5899100Z shell: C:\Windows\System32\WindowsPowerShell\v1.0\powershell.EXE -NoProfile -ExecutionPolicy Bypass -Command "{0}"
2026-02-22T08:16:44.5899589Z env:
2026-02-22T08:16:44.5899777Z   REPO_ROOT: C:\work\apex_repo_cache\ApexTraderAI
2026-02-22T08:16:44.5900038Z   FAILING_STEP: unknown
2026-02-22T08:16:44.5900209Z ##[endgroup]

----- FILE: actions_logs/run/23_Upload full diagnostics artifact.txt -----
ï»¿2026-02-22T08:16:45.6707617Z ##[group]Run actions/upload-artifact@v4
2026-02-22T08:16:45.6708070Z with:
2026-02-22T08:16:45.6708243Z   name: diag_full_22273241605_1
2026-02-22T08:16:45.6708486Z   if-no-files-found: warn
2026-02-22T08:16:45.6708702Z   retention-days: 7
2026-02-22T08:16:45.6709161Z   path: C:\Users\becky\OneDrive\ãƒ‡ã‚¹ã‚¯ãƒˆãƒƒãƒ—\Python\apex-trader-ai\actions-runner\_work\_temp\diag_full_22273241605_1.zip
2026-02-22T08:16:45.6709696Z   compression-level: 6
2026-02-22T08:16:45.6709903Z   overwrite: false
2026-02-22T08:16:45.6710103Z   include-hidden-files: false
2026-02-22T08:16:45.6710327Z env:
2026-02-22T08:16:45.6710529Z   REPO_ROOT: C:\work\apex_repo_cache\ApexTraderAI
2026-02-22T08:16:45.6710829Z ##[endgroup]
2026-02-22T08:16:45.9529654Z With the provided path, there will be 1 file uploaded
2026-02-22T08:16:45.9535821Z Artifact name is valid!
2026-02-22T08:16:45.9538853Z Root directory input is valid!
2026-02-22T08:16:46.5628983Z Beginning upload of artifact content to blob storage
2026-02-22T08:16:47.6469508Z Uploaded bytes 92894
2026-02-22T08:16:47.8280101Z Finished uploading artifact content to blob storage!
2026-02-22T08:16:47.8285923Z SHA256 digest of uploaded artifact zip is a1d8bd9f96349f4d342f86632825cdaaed34cd9568db867079f15ab8fd1b5672
2026-02-22T08:16:47.8288369Z Finalizing artifact upload
2026-02-22T08:16:48.0678410Z Artifact diag_full_22273241605_1.zip successfully finalized. Artifact ID 5605958629
2026-02-22T08:16:48.0679286Z Artifact diag_full_22273241605_1 has been successfully uploaded! Final size is 92894 bytes. Artifact ID is 5605958629
2026-02-22T08:16:48.0696108Z Artifact download URL: https://github.com/toki866/ApexTraderAI/actions/runs/22273241605/artifacts/5605958629

----- FILE: actions_logs/run/24_Upload diagnostics artifact.txt -----
ï»¿2026-02-22T08:16:48.1001448Z ##[group]Run actions/upload-artifact@v4
2026-02-22T08:16:48.1001818Z with:
2026-02-22T08:16:48.1001983Z   name: diagnostics
2026-02-22T08:16:48.1002175Z   if-no-files-found: warn
2026-02-22T08:16:48.1002389Z   path: _diagnostics/**/*
2026-02-22T08:16:48.1002598Z   compression-level: 6
2026-02-22T08:16:48.1002829Z   overwrite: false
2026-02-22T08:16:48.1003119Z   include-hidden-files: false
2026-02-22T08:16:48.1003358Z env:
2026-02-22T08:16:48.1003559Z   REPO_ROOT: C:\work\apex_repo_cache\ApexTraderAI
2026-02-22T08:16:48.1003829Z ##[endgroup]
2026-02-22T08:16:48.3981767Z ##[warning]No files were found with the provided path: _diagnostics/**/*. No artifacts will be uploaded.

----- FILE: actions_logs/run/25_Complete job.txt -----
ï»¿2026-02-22T08:16:48.4103536Z Cleaning up orphan processes

----- FILE: actions_logs/run/2_Prepare repo in C_work (no OneDrive cleanup).txt -----
ï»¿2026-02-22T08:00:19.7926501Z ##[group]Run $ErrorActionPreference = 'Stop'
2026-02-22T08:00:19.7928437Z [36;1m$ErrorActionPreference = 'Stop'[0m
2026-02-22T08:00:19.7930105Z [36;1mgit config --global core.longpaths true[0m
2026-02-22T08:00:19.7930424Z [36;1m[0m
2026-02-22T08:00:19.7934350Z [36;1m$repoUrl = "***github.com/toki866/ApexTraderAI.git"[0m
2026-02-22T08:00:19.7936022Z [36;1m$cacheRoot = "C:\work\apex_repo_cache"[0m
2026-02-22T08:00:19.7937626Z [36;1m$repoDir = Join-Path $cacheRoot "ApexTraderAI"[0m
2026-02-22T08:00:19.7939228Z [36;1m[0m
2026-02-22T08:00:19.7940835Z [36;1mNew-Item -Path $cacheRoot -ItemType Directory -Force | Out-Null[0m
2026-02-22T08:00:19.7942474Z [36;1m[0m
2026-02-22T08:00:19.7942726Z [36;1mif (!(Test-Path (Join-Path $repoDir ".git"))) {[0m
2026-02-22T08:00:19.7944362Z [36;1m  Write-Host "[repo] cloning to $repoDir"[0m
2026-02-22T08:00:19.7946182Z [36;1m  if (Test-Path $repoDir) { Remove-Item -Path $repoDir -Recurse -Force -ErrorAction SilentlyContinue }[0m
2026-02-22T08:00:19.7949300Z [36;1m  git clone $repoUrl $repoDir[0m
2026-02-22T08:00:19.7951000Z [36;1m  if ($LASTEXITCODE -ne 0) { throw "git clone failed (exit=$LASTEXITCODE)" }[0m
2026-02-22T08:00:19.7952635Z [36;1m} else {[0m
2026-02-22T08:00:19.7952897Z [36;1m  Write-Host "[repo] fetch/reset in $repoDir"[0m
2026-02-22T08:00:19.7954828Z [36;1m  git -C $repoDir remote set-url origin $repoUrl | Out-Null[0m
2026-02-22T08:00:19.7956516Z [36;1m  git -C $repoDir fetch --force --prune origin[0m
2026-02-22T08:00:19.7958199Z [36;1m  if ($LASTEXITCODE -ne 0) { throw "git fetch failed (exit=$LASTEXITCODE)" }[0m
2026-02-22T08:00:19.7959999Z [36;1m}[0m
2026-02-22T08:00:19.7960198Z [36;1m[0m
2026-02-22T08:00:19.7961729Z [36;1mgit -C $repoDir checkout -f $env:GITHUB_SHA[0m
2026-02-22T08:00:19.7963428Z [36;1mif ($LASTEXITCODE -ne 0) { throw "git checkout SHA failed (exit=$LASTEXITCODE)" }[0m
2026-02-22T08:00:19.7965183Z [36;1mgit -C $repoDir reset --hard $env:GITHUB_SHA[0m
2026-02-22T08:00:19.7966941Z [36;1mif ($LASTEXITCODE -ne 0) { throw "git reset SHA failed (exit=$LASTEXITCODE)" }[0m
2026-02-22T08:00:19.7968619Z [36;1mgit -C $repoDir clean -ffdx[0m
2026-02-22T08:00:19.8026389Z [36;1mif ($LASTEXITCODE -ne 0) { throw "git clean failed (exit=$LASTEXITCODE)" }[0m
2026-02-22T08:00:19.8028695Z [36;1m[0m
2026-02-22T08:00:19.8028971Z [36;1mgit config --global --add safe.directory $repoDir[0m
2026-02-22T08:00:19.8031266Z [36;1m[0m
2026-02-22T08:00:19.8033430Z [36;1mAdd-Content -Path $env:GITHUB_ENV -Value "REPO_ROOT=$repoDir"[0m
2026-02-22T08:00:19.8035702Z [36;1mWrite-Host "REPO_ROOT=$repoDir"[0m
2026-02-22T08:00:19.8036157Z [36;1m$headShort = git -C $repoDir rev-parse --short HEAD[0m
2026-02-22T08:00:19.8038486Z [36;1mWrite-Host "HEAD=$headShort"[0m
2026-02-22T08:00:19.8153489Z shell: C:\Windows\System32\WindowsPowerShell\v1.0\powershell.EXE -NoProfile -ExecutionPolicy Bypass -Command "{0}"
2026-02-22T08:00:19.8158100Z env:
2026-02-22T08:00:19.8165187Z   GIT_TERMINAL_PROMPT: 0
2026-02-22T08:00:19.8167311Z ##[endgroup]
2026-02-22T08:00:20.2600479Z [repo] fetch/reset in C:\work\apex_repo_cache\ApexTraderAI
2026-02-22T08:00:22.0138644Z From https://github.com/toki866/ApexTraderAI
2026-02-22T08:00:22.0139215Z    7e83a64..3a08915  diag-logs  -> origin/diag-logs
2026-02-22T08:00:22.0139636Z    bc61275..83c7187  main       -> origin/main
2026-02-22T08:00:22.1028687Z Previous HEAD position was bc61275 Merge pull request #80 from toki866/codex/fix-stepe-to-ignore-agents-in-run-pipeline
2026-02-22T08:00:22.1033393Z HEAD is now at 83c7187 Merge pull request #85 from toki866/codex/remove-xsr/fedformer-files-and-references
2026-02-22T08:00:22.1567266Z HEAD is now at 83c7187 Merge pull request #85 from toki866/codex/remove-xsr/fedformer-files-and-references
2026-02-22T08:00:22.1876448Z Removing ai_core/__pycache__/
2026-02-22T08:00:22.1876855Z Removing ai_core/config/__pycache__/
2026-02-22T08:00:22.1877262Z Removing ai_core/models/__pycache__/
2026-02-22T08:00:22.1877625Z Removing ai_core/services/__pycache__/
2026-02-22T08:00:22.1879226Z Removing ai_core/types/__pycache__/
2026-02-22T08:00:22.1879588Z Removing ai_core/utils/__pycache__/
2026-02-22T08:00:22.1879913Z Removing output/
2026-02-22T08:00:22.1880124Z Removing temp/
2026-02-22T08:00:22.2386393Z REPO_ROOT=C:\work\apex_repo_cache\ApexTraderAI
2026-02-22T08:00:22.2703989Z HEAD=83c7187

----- FILE: actions_logs/run/3_Initialize ONE_TAP error report.txt -----
ï»¿2026-02-22T08:00:22.3283551Z ##[group]Run $ErrorActionPreference = 'Stop'
2026-02-22T08:00:22.3284271Z [36;1m$ErrorActionPreference = 'Stop'[0m
2026-02-22T08:00:22.3284845Z [36;1m$reportDir = Join-Path $env:GITHUB_WORKSPACE 'temp'[0m
2026-02-22T08:00:22.3285578Z [36;1m$null = New-Item -Path $reportDir -ItemType Directory -Force[0m
2026-02-22T08:00:22.3286353Z [36;1m$reportPath = Join-Path $reportDir 'ONE_TAP_ERROR_REPORT.txt'[0m
2026-02-22T08:00:22.3286971Z [36;1m[0m
2026-02-22T08:00:22.3287241Z [36;1m@([0m
2026-02-22T08:00:22.3287552Z [36;1m  '=== ONE TAP ERROR REPORT ===',[0m
2026-02-22T08:00:22.3288178Z [36;1m  ('timestamp={0}' -f (Get-Date -Format 'yyyy-MM-dd HH:mm:ss zzz')),[0m
2026-02-22T08:00:22.3288816Z [36;1m  ('repo=toki866/ApexTraderAI'),[0m
2026-02-22T08:00:22.3289282Z [36;1m  ('ref=refs/heads/main'),[0m
2026-02-22T08:00:22.3289766Z [36;1m  ('sha=83c718732eee78d80fb9293af133e205e6890b9f'),[0m
2026-02-22T08:00:22.3290305Z [36;1m  ('run_id=22273241605'),[0m
2026-02-22T08:00:22.3290886Z [36;1m  ('run_attempt=1'),[0m
2026-02-22T08:00:22.3291297Z [36;1m  ''[0m
2026-02-22T08:00:22.3291692Z [36;1m) | Set-Content -Path $reportPath -Encoding UTF8[0m
2026-02-22T08:00:22.3292183Z [36;1m[0m
2026-02-22T08:00:22.3292498Z [36;1mAdd-Content -Path $reportPath -Value @([0m
2026-02-22T08:00:22.3293037Z [36;1m  '[STEP] initialize_one_tap_report',[0m
2026-02-22T08:00:22.3293464Z [36;1m  '[OK] report initialized',[0m
2026-02-22T08:00:22.3293873Z [36;1m  ('[PATH] {0}' -f $reportPath),[0m
2026-02-22T08:00:22.3294339Z [36;1m  ('[INFO] REPO_ROOT={0}' -f $env:REPO_ROOT),[0m
2026-02-22T08:00:22.3294964Z [36;1m  ('[INFO] HEAD={0}' -f (git -C $env:REPO_ROOT rev-parse --short HEAD)),[0m
2026-02-22T08:00:22.3295553Z [36;1m  ''[0m
2026-02-22T08:00:22.3295819Z [36;1m)[0m
2026-02-22T08:00:22.3319521Z shell: C:\Windows\System32\WindowsPowerShell\v1.0\powershell.EXE -NoProfile -ExecutionPolicy Bypass -Command "{0}"
2026-02-22T08:00:22.3320076Z env:
2026-02-22T08:00:22.3320281Z   REPO_ROOT: C:\work\apex_repo_cache\ApexTraderAI
2026-02-22T08:00:22.3320591Z ##[endgroup]

----- FILE: actions_logs/run/4_Verify scripts directory (post-prepare).txt -----
ï»¿2026-02-22T08:00:22.6304631Z ##[group]Run $ErrorActionPreference='Stop'
2026-02-22T08:00:22.6305356Z [36;1m$ErrorActionPreference='Stop'[0m
2026-02-22T08:00:22.6305830Z [36;1m$repoRoot = $env:REPO_ROOT[0m
2026-02-22T08:00:22.6306270Z [36;1mSet-Location $repoRoot[0m
2026-02-22T08:00:22.6306872Z [36;1mWrite-Host "***"[0m
2026-02-22T08:00:22.6307351Z [36;1mWrite-Host "HEAD=$(git rev-parse --short HEAD)"[0m
2026-02-22T08:00:22.6307953Z [36;1mWrite-Host "=== workspace listing ==="[0m
2026-02-22T08:00:22.6309843Z [36;1mGet-ChildItem -Path $repoRoot | Select-Object Name, FullName | Format-Table -AutoSize[0m
2026-02-22T08:00:22.6310742Z [36;1m$scriptsDir = Join-Path $repoRoot 'scripts'[0m
2026-02-22T08:00:22.6311313Z [36;1mWrite-Host "scripts_dir=$scriptsDir"[0m
2026-02-22T08:00:22.6312087Z [36;1mif (!(Test-Path $scriptsDir)) { throw "scripts directory not found: $scriptsDir" }[0m
2026-02-22T08:00:22.6313319Z [36;1mGet-ChildItem -Path $scriptsDir | Select-Object Name, Length, LastWriteTime | Format-Table -AutoSize[0m
2026-02-22T08:00:22.6340015Z shell: C:\Windows\System32\WindowsPowerShell\v1.0\powershell.EXE -NoProfile -ExecutionPolicy Bypass -Command "{0}"
2026-02-22T08:00:22.6340598Z env:
2026-02-22T08:00:22.6340819Z   REPO_ROOT: C:\work\apex_repo_cache\ApexTraderAI
2026-02-22T08:00:22.6341110Z ##[endgroup]
2026-02-22T08:00:22.9237665Z ***
2026-02-22T08:00:22.9975855Z HEAD=83c7187
2026-02-22T08:00:22.9979401Z === workspace listing ===
2026-02-22T08:00:23.0045956Z 
2026-02-22T08:00:23.0087955Z Name                                               FullName                                                            
2026-02-22T08:00:23.0088634Z ----                                               --------                                                            
2026-02-22T08:00:23.0089282Z .github                                            C:\work\apex_repo_cache\ApexTraderAI\.github                        
2026-02-22T08:00:23.0090030Z ai_core                                            C:\work\apex_repo_cache\ApexTraderAI\ai_core                        
2026-02-22T08:00:23.0090742Z archive                                            C:\work\apex_repo_cache\ApexTraderAI\archive                        
2026-02-22T08:00:23.0091413Z config                                             C:\work\apex_repo_cache\ApexTraderAI\config                         
2026-02-22T08:00:23.0092148Z data                                               C:\work\apex_repo_cache\ApexTraderAI\data                           
2026-02-22T08:00:23.0092795Z docs                                               C:\work\apex_repo_cache\ApexTraderAI\docs                           
2026-02-22T08:00:23.0093452Z engine                                             C:\work\apex_repo_cache\ApexTraderAI\engine                         
2026-02-22T08:00:23.0094554Z scripts                                            C:\work\apex_repo_cache\ApexTraderAI\scripts                        
2026-02-22T08:00:23.0095342Z specs                                              C:\work\apex_repo_cache\ApexTraderAI\specs                          
2026-02-22T08:00:23.0096015Z tools                                              C:\work\apex_repo_cache\ApexTraderAI\tools                          
2026-02-22T08:00:23.0096724Z .gitignore                                         C:\work\apex_repo_cache\ApexTraderAI\.gitignore                     
2026-02-22T08:00:23.0097586Z AGENTS.md                                          C:\work\apex_repo_cache\ApexTraderAI\AGENTS.md                      
2026-02-22T08:00:23.0098289Z auto_trader.py                                     C:\work\apex_repo_cache\ApexTraderAI\auto_trader.py                 
2026-02-22T08:00:23.0098990Z main_v0_6.py                                       C:\work\apex_repo_cache\ApexTraderAI\main_v0_6.py                   
2026-02-22T08:00:23.0099810Z README.md                                          C:\work\apex_repo_cache\ApexTraderAI\README.md                      
2026-02-22T08:00:23.0100556Z requirements.txt                                   C:\work\apex_repo_cache\ApexTraderAI\requirements.txt               
2026-02-22T08:00:23.0102983Z run_stepd_prime.py                                 C:\work\apex_repo_cache\ApexTraderAI\run_stepd_prime.py             
2026-02-22T08:00:23.0103736Z run_steps_a_f_headless.py                          C:\work\apex_repo_cache\ApexTraderAI\run_steps_a_f_headless.py      
2026-02-22T08:00:23.0107322Z run_steps_a_f_headless_safe3_lazy_import.py        C:\work\apex_repo_cache\ApexTraderAI\run_steps_a_f_headless_safe3...
2026-02-22T08:00:23.0114123Z run_steps_a_f_headless_safe4_force_stepb_agents.py C:\work\apex_repo_cache\ApexTraderAI\run_steps_a_f_headless_safe4...
2026-02-22T08:00:23.0114604Z 
2026-02-22T08:00:23.0114612Z 
2026-02-22T08:00:23.0132212Z scripts_dir=C:\work\apex_repo_cache\ApexTraderAI\scripts
2026-02-22T08:00:23.0189060Z 
2026-02-22T08:00:23.0205262Z Name                                Length LastWriteTime      
2026-02-22T08:00:23.0206161Z ----                                ------ -------------      
2026-02-22T08:00:23.0207167Z bat_config.bat                        1397 2026/02/22 12:43:15
2026-02-22T08:00:23.0207878Z copy_run_to_onedrive.bat              1072 2026/02/21 10:12:46
2026-02-22T08:00:23.0208607Z doctor.bat                            1973 2026/02/21 10:12:46
2026-02-22T08:00:23.0209410Z evaluate_run_outputs.py              23473 2026/02/22 17:00:22
2026-02-22T08:00:23.0210066Z package_diagnostics.ps1                801 2026/02/21 10:12:46
2026-02-22T08:00:23.0211323Z package_diagnostics_to_onedrive.ps1   3248 2026/02/21 10:51:29
2026-02-22T08:00:23.0211977Z run_all_local_then_copy.bat           9023 2026/02/22 12:43:15
2026-02-22T08:00:23.0212208Z 
2026-02-22T08:00:23.0212310Z 

----- FILE: actions_logs/run/5_Debug shells.txt -----
ï»¿2026-02-22T08:00:23.0507653Z ##[group]Run echo RUNNER_OS=%RUNNER_OS%
2026-02-22T08:00:23.0508205Z [36;1mecho RUNNER_OS=%RUNNER_OS%[0m
2026-02-22T08:00:23.0508456Z [36;1mecho === powershell path ===[0m
2026-02-22T08:00:23.0508699Z [36;1mwhere powershell >nul 2>&1[0m
2026-02-22T08:00:23.0508934Z [36;1mif %ERRORLEVEL% EQU 0 ([0m
2026-02-22T08:00:23.0509151Z [36;1m  where powershell[0m
2026-02-22T08:00:23.0509359Z [36;1m) else ([0m
2026-02-22T08:00:23.0509534Z [36;1m  echo powershell_not_found[0m
2026-02-22T08:00:23.0509759Z [36;1m)[0m
2026-02-22T08:00:23.0509932Z [36;1mecho === pwsh path (optional) ===[0m
2026-02-22T08:00:23.0510193Z [36;1mwhere pwsh >nul 2>&1[0m
2026-02-22T08:00:23.0510419Z [36;1mif %ERRORLEVEL% EQU 0 ([0m
2026-02-22T08:00:23.0510633Z [36;1m  pwsh -v[0m
2026-02-22T08:00:23.0510803Z [36;1m) else ([0m
2026-02-22T08:00:23.0510980Z [36;1m  echo pwsh_not_found (OK)[0m
2026-02-22T08:00:23.0511185Z [36;1m)[0m
2026-02-22T08:00:23.0511332Z [36;1mexit /b 0[0m
2026-02-22T08:00:23.0516517Z shell: C:\Windows\system32\cmd.EXE /D /E:ON /V:OFF /S /C "CALL "{0}""
2026-02-22T08:00:23.0516849Z env:
2026-02-22T08:00:23.0517053Z   REPO_ROOT: C:\work\apex_repo_cache\ApexTraderAI
2026-02-22T08:00:23.0517310Z ##[endgroup]
2026-02-22T08:00:23.0833389Z RUNNER_OS=Windows
2026-02-22T08:00:23.0835058Z === powershell path ===
2026-02-22T08:00:23.3256225Z C:\Windows\System32\WindowsPowerShell\v1.0\powershell.exe
2026-02-22T08:00:23.3333323Z === pwsh path (optional) ===
2026-02-22T08:00:23.4473570Z pwsh_not_found (OK

----- FILE: actions_logs/run/6_Debug python environment.txt -----
ï»¿2026-02-22T08:00:23.4625541Z ##[group]Run where python
2026-02-22T08:00:23.4626193Z [36;1mwhere python[0m
2026-02-22T08:00:23.4626510Z [36;1mpython --version[0m
2026-02-22T08:00:23.4626868Z [36;1mecho RUNNER_TEMP=%RUNNER_TEMP%[0m
2026-02-22T08:00:23.4627246Z [36;1mecho GITHUB_WORKSPACE=%GITHUB_WORKSPACE%[0m
2026-02-22T08:00:23.4631506Z shell: C:\Windows\system32\cmd.EXE /D /E:ON /V:OFF /S /C "CALL "{0}""
2026-02-22T08:00:23.4631908Z env:
2026-02-22T08:00:23.4632172Z   REPO_ROOT: C:\work\apex_repo_cache\ApexTraderAI
2026-02-22T08:00:23.4632452Z ##[endgroup]
2026-02-22T08:00:23.5985784Z C:\Users\becky\AppData\Local\Programs\Python\Python310\python.exe
2026-02-22T08:00:23.6111408Z Python 3.10.6
2026-02-22T08:00:23.6130937Z RUNNER_TEMP=C:\Users\becky\OneDrive\ãƒ‡ã‚¹ã‚¯ãƒˆãƒƒãƒ—\Python\apex-trader-ai\actions-runner\_work\_temp
2026-02-22T08:00:23.6140211Z GITHUB_WORKSPACE=C:\Users\becky\OneDrive\ãƒ‡ã‚¹ã‚¯ãƒˆãƒƒãƒ—\Python\apex-trader-ai\actions-runner\_work\ApexTraderAI\ApexTraderAI

----- FILE: actions_logs/run/7_Verify required scripts.txt -----
ï»¿2026-02-22T08:00:23.6288474Z ##[group]Run $ErrorActionPreference = 'Stop'
2026-02-22T08:00:23.6289161Z [36;1m$ErrorActionPreference = 'Stop'[0m
2026-02-22T08:00:23.6289447Z [36;1mSet-Location $env:REPO_ROOT[0m
2026-02-22T08:00:23.6289926Z [36;1m[0m
2026-02-22T08:00:23.6290153Z [36;1m$reportDir = Join-Path $env:REPO_ROOT 'temp'[0m
2026-02-22T08:00:23.6290541Z [36;1m$null = New-Item -Path $reportDir -ItemType Directory -Force[0m
2026-02-22T08:00:23.6290974Z [36;1m$reportPath = Join-Path $reportDir 'ONE_TAP_ERROR_REPORT.txt'[0m
2026-02-22T08:00:23.6291313Z [36;1m[0m
2026-02-22T08:00:23.6291519Z [36;1mAdd-Content -Path $reportPath -Value @([0m
2026-02-22T08:00:23.6291873Z [36;1m  '[STEP] verify_required_scripts',[0m
2026-02-22T08:00:23.6292166Z [36;1m  ('[INFO] REPO_ROOT={0}' -f $env:REPO_ROOT),[0m
2026-02-22T08:00:23.6292523Z [36;1m  ('[INFO] GITHUB_WORKSPACE={0}' -f $env:GITHUB_WORKSPACE),[0m
2026-02-22T08:00:23.6293011Z [36;1m  ('[INFO] ***' -f $PWD),[0m
2026-02-22T08:00:23.6293233Z [36;1m  ''[0m
2026-02-22T08:00:23.6293436Z [36;1m)[0m
2026-02-22T08:00:23.6293584Z [36;1m[0m
2026-02-22T08:00:23.6293783Z [36;1mWrite-Host '=== Verify scripts directory ==='[0m
2026-02-22T08:00:23.6294138Z [36;1mWrite-Host "REPO_ROOT=$env:REPO_ROOT"[0m
2026-02-22T08:00:23.6294448Z [36;1m$headShort = git rev-parse --short HEAD 2>$null[0m
2026-02-22T08:00:23.6294776Z [36;1mif ($LASTEXITCODE -eq 0 -and $headShort) {[0m
2026-02-22T08:00:23.6295104Z [36;1m  Write-Host ("HEAD={0}" -f $headShort.Trim())[0m
2026-02-22T08:00:23.6295380Z [36;1m} else {[0m
2026-02-22T08:00:23.6295691Z [36;1m  Write-Warning 'Unable to resolve HEAD via git rev-parse --short HEAD'[0m
2026-02-22T08:00:23.6296055Z [36;1m}[0m
2026-02-22T08:00:23.6296283Z [36;1mWrite-Host 'git ls-files scripts (best effort):'[0m
2026-02-22T08:00:23.6296594Z [36;1mgit ls-files scripts 2>$null[0m
2026-02-22T08:00:23.6296960Z [36;1m$scriptsDir = Join-Path $env:REPO_ROOT 'scripts'[0m
2026-02-22T08:00:23.6297299Z [36;1mWrite-Host "scripts_dir=$scriptsDir"[0m
2026-02-22T08:00:23.6297590Z [36;1mif (Test-Path $scriptsDir) {[0m
2026-02-22T08:00:23.6298077Z [36;1m  Get-ChildItem -Path $scriptsDir | Select-Object Name, Length, LastWriteTime | Format-Table -AutoSize[0m
2026-02-22T08:00:23.6298565Z [36;1m} else {[0m
2026-02-22T08:00:23.6298830Z [36;1m  Write-Warning "scripts directory not found: $scriptsDir"[0m
2026-02-22T08:00:23.6299175Z [36;1m}[0m
2026-02-22T08:00:23.6299319Z [36;1m[0m
2026-02-22T08:00:23.6299471Z [36;1m$expected = @([0m
2026-02-22T08:00:23.6299780Z [36;1m  (Join-Path $env:REPO_ROOT 'scripts\run_all_local_then_copy.bat'),[0m
2026-02-22T08:00:23.6300240Z [36;1m  (Join-Path $env:REPO_ROOT 'scripts\package_diagnostics.ps1'),[0m
2026-02-22T08:00:23.6300713Z [36;1m  (Join-Path $env:REPO_ROOT 'scripts\package_diagnostics_to_onedrive.ps1')[0m
2026-02-22T08:00:23.6301089Z [36;1m)[0m
2026-02-22T08:00:23.6301244Z [36;1m[0m
2026-02-22T08:00:23.6301445Z [36;1m$missing = @()[0m
2026-02-22T08:00:23.6301713Z [36;1mforeach ($path in $expected) {[0m
2026-02-22T08:00:23.6301964Z [36;1m  if (Test-Path $path) {[0m
2026-02-22T08:00:23.6302210Z [36;1m    Write-Host "[FOUND] $path"[0m
2026-02-22T08:00:23.6302445Z [36;1m  } else {[0m
2026-02-22T08:00:23.6302656Z [36;1m    Write-Warning "[MISSING] $path"[0m
2026-02-22T08:00:23.6302907Z [36;1m    $missing += $path[0m
2026-02-22T08:00:23.6303109Z [36;1m  }[0m
2026-02-22T08:00:23.6303257Z [36;1m}[0m
2026-02-22T08:00:23.6303405Z [36;1m[0m
2026-02-22T08:00:23.6303573Z [36;1m$searchResults = [ordered]@{}[0m
2026-02-22T08:00:23.6304110Z [36;1mforeach ($fileName in @('run_all_local_then_copy.bat', 'package_diagnostics.ps1', 'package_diagnostics_to_onedrive.ps1')) {[0m
2026-02-22T08:00:23.6304917Z [36;1m  $hits = Get-ChildItem -Path $env:REPO_ROOT -Recurse -Filter $fileName -File -ErrorAction SilentlyContinue |[0m
2026-02-22T08:00:23.6305483Z [36;1m    Select-Object -First 5 -ExpandProperty FullName[0m
2026-02-22T08:00:23.6305919Z [36;1m  $searchResults[$fileName] = if ($hits) { $hits } else { @('(no matches)') }[0m
2026-02-22T08:00:23.6308298Z [36;1m}[0m
2026-02-22T08:00:23.6308490Z [36;1m[0m
2026-02-22T08:00:23.6309323Z [36;1mAdd-Content -Path $reportPath -Value @([0m
2026-02-22T08:00:23.6309664Z [36;1m  '## REQUIRED_SCRIPT_CHECK',[0m
2026-02-22T08:00:23.6309936Z [36;1m  ('repo_root={0}' -f $env:REPO_ROOT),[0m
2026-02-22T08:00:23.6310264Z [36;1m  ('scripts_dir_exists={0}' -f (Test-Path $scriptsDir)),[0m
2026-02-22T08:00:23.6310682Z [36;1m  ('scripts_dir={0}' -f $scriptsDir),[0m
2026-02-22T08:00:23.6310958Z [36;1m  '',[0m
2026-02-22T08:00:23.6311133Z [36;1m  '### scripts_dir_listing',[0m
2026-02-22T08:00:23.6311361Z [36;1m  $([0m
2026-02-22T08:00:23.6311545Z [36;1m    if (Test-Path $scriptsDir) {[0m
2026-02-22T08:00:23.6312022Z [36;1m      $listing = Get-ChildItem -Path $scriptsDir | Sort-Object Name | ForEach-Object {[0m
2026-02-22T08:00:23.6312544Z [36;1m        '- {0} | len={1} | mtime={2}' -f $_.Name, $_.Length, $_.LastWriteTime[0m
2026-02-22T08:00:23.6312884Z [36;1m      }[0m
2026-02-22T08:00:23.6313117Z [36;1m      if ($listing) { $listing } else { '- (empty)' }[0m
2026-02-22T08:00:23.6313403Z [36;1m    } else {[0m
2026-02-22T08:00:23.6313613Z [36;1m      '- (scripts directory missing)'[0m
2026-02-22T08:00:23.6313849Z [36;1m    }[0m
2026-02-22T08:00:23.6314005Z [36;1m  ),[0m
2026-02-22T08:00:23.6314156Z [36;1m  '',[0m
2026-02-22T08:00:23.6314359Z [36;1m  '### FOUND',[0m
2026-02-22T08:00:23.6314726Z [36;1m  ($expected | Where-Object { Test-Path $_ } | ForEach-Object { "- $_" }),[0m
2026-02-22T08:00:23.6315101Z [36;1m  '',[0m
2026-02-22T08:00:23.6315272Z [36;1m  '### MISSING',[0m
2026-02-22T08:00:23.6315641Z [36;1m  ($(if ($missing.Count -gt 0) { $missing | ForEach-Object { "- $_" } } else { '- (none)' })),[0m
2026-02-22T08:00:23.6316039Z [36;1m  '',[0m
2026-02-22T08:00:23.6316262Z [36;1m  '### recursive_search_run_all_local_then_copy.bat',[0m
2026-02-22T08:00:23.6316764Z [36;1m  ($searchResults['run_all_local_then_copy.bat'] | ForEach-Object { "- $_" }),[0m
2026-02-22T08:00:23.6317208Z [36;1m  '',[0m
2026-02-22T08:00:23.6317790Z [36;1m  '### recursive_search_package_diagnostics.ps1',[0m
2026-02-22T08:00:23.6318258Z [36;1m  ($searchResults['package_diagnostics.ps1'] | ForEach-Object { "- $_" }),[0m
2026-02-22T08:00:23.6318616Z [36;1m  '',[0m
2026-02-22T08:00:23.6318878Z [36;1m  '### recursive_search_package_diagnostics_to_onedrive.ps1',[0m
2026-02-22T08:00:23.6319411Z [36;1m  ($searchResults['package_diagnostics_to_onedrive.ps1'] | ForEach-Object { "- $_" }),[0m
2026-02-22T08:00:23.6319829Z [36;1m  '',[0m
2026-02-22T08:00:23.6320003Z [36;1m  '## NEXT_ACTION',[0m
2026-02-22T08:00:23.6320323Z [36;1m  '- Open Artifact desktop-run-* and copy ONE_TAP_ERROR_REPORT.txt'[0m
2026-02-22T08:00:23.6320666Z [36;1m)[0m
2026-02-22T08:00:23.6320808Z [36;1m[0m
2026-02-22T08:00:23.6320975Z [36;1mif ($missing.Count -gt 0) {[0m
2026-02-22T08:00:23.6329264Z [36;1m  Add-Content -Path $reportPath -Value @([0m
2026-02-22T08:00:23.6329681Z [36;1m    '[NG] verify_required_scripts',[0m
2026-02-22T08:00:23.6329992Z [36;1m    ('[NG] missing_count={0}' -f $missing.Count),[0m
2026-02-22T08:00:23.6330288Z [36;1m    ''[0m
2026-02-22T08:00:23.6330455Z [36;1m  )[0m
2026-02-22T08:00:23.6330607Z [36;1m} else {[0m
2026-02-22T08:00:23.6330829Z [36;1m  Add-Content -Path $reportPath -Value @([0m
2026-02-22T08:00:23.6331119Z [36;1m    '[OK] verify_required_scripts',[0m
2026-02-22T08:00:23.6331367Z [36;1m    ''[0m
2026-02-22T08:00:23.6331553Z [36;1m  )[0m
2026-02-22T08:00:23.6331720Z [36;1m}[0m
2026-02-22T08:00:23.6331877Z [36;1m[0m
2026-02-22T08:00:23.6332056Z [36;1mif ($missing.Count -gt 0) {[0m
2026-02-22T08:00:23.6332360Z [36;1m  Write-Host '=== Required scripts debug summary ==='[0m
2026-02-22T08:00:23.6332699Z [36;1m  Write-Host "REPO_ROOT=$env:REPO_ROOT"[0m
2026-02-22T08:00:23.6332990Z [36;1m  Write-Host "scriptsDir=$scriptsDir"[0m
2026-02-22T08:00:23.6334223Z [36;1m  if (Test-Path $scriptsDir) {[0m
2026-02-22T08:00:23.6334500Z [36;1m    Write-Host 'scriptsDir listing:'[0m
2026-02-22T08:00:23.6335137Z [36;1m    Get-ChildItem -Path $scriptsDir | Select-Object Name, Length, LastWriteTime | Format-Table -AutoSize[0m
2026-02-22T08:00:23.6335617Z [36;1m  }[0m
2026-02-22T08:00:23.6335982Z [36;1m  foreach ($fileName in $searchResults.Keys) {[0m
2026-02-22T08:00:23.6336307Z [36;1m    Write-Host "search($fileName):"[0m
2026-02-22T08:00:23.6336747Z [36;1m    $searchResults[$fileName] | ForEach-Object { Write-Host "  $_" }[0m
2026-02-22T08:00:23.6337108Z [36;1m  }[0m
2026-02-22T08:00:23.6337393Z [36;1m  $missingNames = $missing | ForEach-Object { Split-Path $_ -Leaf }[0m
2026-02-22T08:00:23.6337955Z [36;1m  throw ("Required scripts missing: {0}" -f (($missingNames | Sort-Object -Unique) -join ', '))[0m
2026-02-22T08:00:23.6338395Z [36;1m}[0m
2026-02-22T08:00:23.6356196Z shell: C:\Windows\System32\WindowsPowerShell\v1.0\powershell.EXE -NoProfile -ExecutionPolicy Bypass -Command "{0}"
2026-02-22T08:00:23.6356806Z env:
2026-02-22T08:00:23.6357057Z   REPO_ROOT: C:\work\apex_repo_cache\ApexTraderAI
2026-02-22T08:00:23.6357352Z ##[endgroup]
2026-02-22T08:00:23.9649677Z === Verify scripts directory ===
2026-02-22T08:00:23.9665419Z REPO_ROOT=C:\work\apex_repo_cache\ApexTraderAI
2026-02-22T08:00:24.0049808Z HEAD=83c7187
2026-02-22T08:00:24.0052895Z git ls-files scripts (best effort):
2026-02-22T08:00:24.0270836Z scripts/bat_config.bat
2026-02-22T08:00:24.0271172Z scripts/copy_run_to_onedrive.bat
2026-02-22T08:00:24.0271438Z scripts/doctor.bat
2026-02-22T08:00:24.0271675Z scripts/evaluate_run_outputs.py
2026-02-22T08:00:24.0271954Z scripts/package_diagnostics.ps1
2026-02-22T08:00:24.0272262Z scripts/package_diagnostics_to_onedrive.ps1
2026-02-22T08:00:24.0272661Z scripts/run_all_local_then_copy.bat
2026-02-22T08:00:24.0341217Z scripts_dir=C:\work\apex_repo_cache\ApexTraderAI\scripts
2026-02-22T08:00:24.0430161Z 
2026-02-22T08:00:24.0447638Z Name                                Length LastWriteTime      
2026-02-22T08:00:24.0448539Z ----                                ------ -------------      
2026-02-22T08:00:24.0449271Z bat_config.bat                        1397 2026/02/22 12:43:15
2026-02-22T08:00:24.0450124Z copy_run_to_onedrive.bat              1072 2026/02/21 10:12:46
2026-02-22T08:00:24.0450905Z doctor.bat                            1973 2026/02/21 10:12:46
2026-02-22T08:00:24.0451716Z evaluate_run_outputs.py              23473 2026/02/22 17:00:22
2026-02-22T08:00:24.0452382Z package_diagnostics.ps1                801 2026/02/21 10:12:46
2026-02-22T08:00:24.0453193Z package_diagnostics_to_onedrive.ps1   3248 2026/02/21 10:51:29
2026-02-22T08:00:24.0453993Z run_all_local_then_copy.bat           9023 2026/02/22 12:43:15
2026-02-22T08:00:24.0454243Z 
2026-02-22T08:00:24.0454644Z 
2026-02-22T08:00:24.0466455Z [FOUND] C:\work\apex_repo_cache\ApexTraderAI\scripts\run_all_local_then_copy.bat
2026-02-22T08:00:24.0472624Z [FOUND] C:\work\apex_repo_cache\ApexTraderAI\scripts\package_diagnostics.ps1
2026-02-22T08:00:24.0478771Z [FOUND] C:\work\apex_repo_cache\ApexTraderAI\scripts\package_diagnostics_to_onedrive.ps1

----- FILE: actions_logs/run/8_Runner connectivity and host status.txt -----
ï»¿2026-02-22T08:00:24.1481549Z ##[group]Run Write-Host '=== Runner connectivity / host status ==='
2026-02-22T08:00:24.1482204Z [36;1mWrite-Host '=== Runner connectivity / host status ==='[0m
2026-02-22T08:00:24.1482509Z [36;1mwhoami[0m
2026-02-22T08:00:24.1482672Z [36;1mhostname[0m
2026-02-22T08:00:24.1482891Z [36;1mGet-Date -Format 'yyyy-MM-dd HH:mm:ss zzz'[0m
2026-02-22T08:00:24.1483238Z [36;1mWrite-Host "RUNNER_NAME=$env:RUNNER_NAME"[0m
2026-02-22T08:00:24.1483558Z [36;1mWrite-Host "RUNNER_OS=$env:RUNNER_OS"[0m
2026-02-22T08:00:24.1484037Z [36;1mWrite-Host "RUNNER_ARCH=$env:RUNNER_ARCH"[0m
2026-02-22T08:00:24.1484654Z [36;1mWrite-Host "GITHUB_WORKFLOW=$env:GITHUB_WORKFLOW"[0m
2026-02-22T08:00:24.1485003Z [36;1mWrite-Host "GITHUB_RUN_ID=$env:GITHUB_RUN_ID"[0m
2026-02-22T08:00:24.1485365Z [36;1mGet-Process | Where-Object { $_.Name -like '*Runner*' } |[0m
2026-02-22T08:00:24.1485726Z [36;1m  Select-Object Name, Id, StartTime |[0m
2026-02-22T08:00:24.1486328Z [36;1m  Format-Table -AutoSize[0m
2026-02-22T08:00:24.1504272Z shell: C:\Windows\System32\WindowsPowerShell\v1.0\powershell.EXE -NoProfile -ExecutionPolicy Bypass -Command "{0}"
2026-02-22T08:00:24.1504819Z env:
2026-02-22T08:00:24.1505033Z   REPO_ROOT: C:\work\apex_repo_cache\ApexTraderAI
2026-02-22T08:00:24.1505318Z ##[endgroup]
2026-02-22T08:00:24.3534880Z === Runner connectivity / host status ===
2026-02-22T08:00:24.3656236Z desktop-c54piia\becky
2026-02-22T08:00:24.3784043Z DESKTOP-C54PIIA
2026-02-22T08:00:24.3814546Z 2026-02-22 17:00:24 +09:00
2026-02-22T08:00:24.3861105Z RUNNER_NAME=DESKTOP-C54PIIA
2026-02-22T08:00:24.3863584Z RUNNER_OS=Windows
2026-02-22T08:00:24.3863806Z RUNNER_ARCH=X64
2026-02-22T08:00:24.3865915Z GITHUB_WORKFLOW=Run Desktop Pipeline
2026-02-22T08:00:24.3866198Z GITHUB_RUN_ID=22273241605
2026-02-22T08:00:24.4215077Z 
2026-02-22T08:00:24.4259960Z Name               Id StartTime          
2026-02-22T08:00:24.4260355Z ----               -- ---------          
2026-02-22T08:00:24.4262577Z Runner.Listener  6168 2026/02/22 9:38:51 
2026-02-22T08:00:24.4264800Z Runner.Worker   14276 2026/02/22 17:00:14
2026-02-22T08:00:24.4265115Z RunnerService   14772 2026/02/22 9:38:51 
2026-02-22T08:00:24.4267306Z 
2026-02-22T08:00:24.4267313Z 

----- FILE: actions_logs/run/9_Run desktop BAT.txt -----
ï»¿2026-02-22T08:00:24.4535079Z ##[group]Run $ErrorActionPreference = 'Stop'
2026-02-22T08:00:24.4535528Z [36;1m$ErrorActionPreference = 'Stop'[0m
2026-02-22T08:00:24.4535793Z [36;1mSet-Location $env:REPO_ROOT[0m
2026-02-22T08:00:24.4536191Z [36;1m$consoleLog = Join-Path $env:RUNNER_TEMP 'run_all_local_then_copy_console.log'[0m
2026-02-22T08:00:24.4536729Z [36;1m$reportPath = Join-Path $env:GITHUB_WORKSPACE 'temp\ONE_TAP_ERROR_REPORT.txt'[0m
2026-02-22T08:00:24.4537108Z [36;1m[0m
2026-02-22T08:00:24.4537312Z [36;1mAdd-Content -Path $reportPath -Value @([0m
2026-02-22T08:00:24.4537603Z [36;1m  '[STEP] run_desktop_bat',[0m
2026-02-22T08:00:24.4537868Z [36;1m  ('[INFO] console_log={0}' -f $consoleLog)[0m
2026-02-22T08:00:24.4538131Z [36;1m)[0m
2026-02-22T08:00:24.4538298Z [36;1m$batCandidates = @([0m
2026-02-22T08:00:24.4538606Z [36;1m  (Join-Path $env:REPO_ROOT 'scripts\run_all_local_then_copy.bat')[0m
2026-02-22T08:00:24.4538943Z [36;1m)[0m
2026-02-22T08:00:24.4539241Z [36;1m$bat = $batCandidates | Where-Object { Test-Path $_ } | Select-Object -First 1[0m
2026-02-22T08:00:24.4539648Z [36;1m[0m
2026-02-22T08:00:24.4539859Z [36;1mWrite-Host '=== Run desktop BAT preflight ==='[0m
2026-02-22T08:00:24.4540497Z [36;1mWrite-Host "***"[0m
2026-02-22T08:00:24.4540752Z [36;1mWrite-Host "REPO_ROOT=$env:REPO_ROOT"[0m
2026-02-22T08:00:24.4541082Z [36;1mWrite-Host "GITHUB_WORKSPACE=$env:GITHUB_WORKSPACE"[0m
2026-02-22T08:00:24.4541427Z [36;1mWrite-Host "RUNNER_TEMP=$env:RUNNER_TEMP"[0m
2026-02-22T08:00:24.4541831Z [36;1mGet-ChildItem (Join-Path $env:REPO_ROOT 'scripts') | Select-Object Name[0m
2026-02-22T08:00:24.4542214Z [36;1m& where.exe python 2>$null[0m
2026-02-22T08:00:24.4542577Z [36;1mWrite-Host ("BAT candidate paths: {0}" -f ($batCandidates -join '; '))[0m
2026-02-22T08:00:24.4542934Z [36;1m[0m
2026-02-22T08:00:24.4543082Z [36;1mif (-not $bat) {[0m
2026-02-22T08:00:24.4543323Z [36;1m  Add-Content -Path $reportPath -Value @([0m
2026-02-22T08:00:24.4543598Z [36;1m    '[NG] run_desktop_bat',[0m
2026-02-22T08:00:24.4543835Z [36;1m    '[NG] BAT not found',[0m
2026-02-22T08:00:24.4544050Z [36;1m    ''[0m
2026-02-22T08:00:24.4544220Z [36;1m  )[0m
2026-02-22T08:00:24.4544493Z [36;1m  Write-Error "BAT not found. candidates=$($batCandidates -join '; ')"[0m
2026-02-22T08:00:24.4544872Z [36;1m  exit 1[0m
2026-02-22T08:00:24.4545034Z [36;1m}[0m
2026-02-22T08:00:24.4545171Z [36;1m[0m
2026-02-22T08:00:24.4545335Z [36;1m$bat = (Get-Item $bat).FullName[0m
2026-02-22T08:00:24.4545641Z [36;1mWrite-Host ("Executing BAT full path: {0}" -f $bat)[0m
2026-02-22T08:00:24.4545926Z [36;1m[0m
2026-02-22T08:00:24.4546161Z [36;1m$null = New-Item -Path $consoleLog -ItemType File -Force[0m
2026-02-22T08:00:24.4546829Z [36;1mAdd-Content -Path $consoleLog -Value ("[BAT_FULL_PATH]={0}" -f $bat)[0m
2026-02-22T08:00:24.4547174Z [36;1m[0m
2026-02-22T08:00:24.4547402Z [36;1mWrite-Host '=== Python diagnostics (before BAT) ==='[0m
2026-02-22T08:00:24.4547838Z [36;1m& where.exe python 2>&1 | Tee-Object -FilePath $consoleLog -Append[0m
2026-02-22T08:00:24.4548296Z [36;1m& python --version 2>&1 | Tee-Object -FilePath $consoleLog -Append[0m
2026-02-22T08:00:24.4548679Z [36;1mWrite-Host '=== PATH (before BAT) ==='[0m
2026-02-22T08:00:24.4548941Z [36;1mWrite-Host $env:PATH[0m
2026-02-22T08:00:24.4549254Z [36;1mAdd-Content -Path $consoleLog -Value ('[PATH] ' + $env:PATH)[0m
2026-02-22T08:00:24.4549571Z [36;1m[0m
2026-02-22T08:00:24.4549804Z [36;1m& $bat 2>&1 | Tee-Object -FilePath $consoleLog -Append[0m
2026-02-22T08:00:24.4550114Z [36;1m$rc = $LASTEXITCODE[0m
2026-02-22T08:00:24.4550328Z [36;1mWrite-Host "[RC]=$rc"[0m
2026-02-22T08:00:24.4550631Z [36;1mAdd-Content -Path $consoleLog -Value ("[RC]={0}" -f $rc)[0m
2026-02-22T08:00:24.4550936Z [36;1m[0m
2026-02-22T08:00:24.4551096Z [36;1mif ($rc -ne 0) {[0m
2026-02-22T08:00:24.4551342Z [36;1m  Add-Content -Path $reportPath -Value @([0m
2026-02-22T08:00:24.4551628Z [36;1m    '[NG] run_desktop_bat',[0m
2026-02-22T08:00:24.4553125Z [36;1m    ('[NG] exit_code={0}' -f $rc),[0m
2026-02-22T08:00:24.4553351Z [36;1m    ''[0m
2026-02-22T08:00:24.4553508Z [36;1m  )[0m
2026-02-22T08:00:24.4553733Z [36;1m  Write-Warning "Run desktop BAT failed with rc=$rc"[0m
2026-02-22T08:00:24.4554061Z [36;1m  $workRoot = 'C:\work\apex_work\runs'[0m
2026-02-22T08:00:24.4554311Z [36;1m  $runDir = $null[0m
2026-02-22T08:00:24.4554522Z [36;1m  if (Test-Path $workRoot) {[0m
2026-02-22T08:00:24.4555081Z [36;1m    $runDir = Get-ChildItem -Path $workRoot -Directory | Sort-Object LastWriteTime -Descending | Select-Object -First 1[0m
2026-02-22T08:00:24.4555612Z [36;1m  }[0m
2026-02-22T08:00:24.4555774Z [36;1m[0m
2026-02-22T08:00:24.4555919Z [36;1m  if ($runDir) {[0m
2026-02-22T08:00:24.4556254Z [36;1m    $runLog = Join-Path $runDir.FullName ("logs\run_{0}.log" -f $runDir.Name)[0m
2026-02-22T08:00:24.4556706Z [36;1m    Write-Host ("Latest run_dir={0}" -f $runDir.FullName)[0m
2026-02-22T08:00:24.4557082Z [36;1m    Write-Host ("Expected run_log={0}" -f $runLog)[0m
2026-02-22T08:00:24.4557371Z [36;1m    if (Test-Path $runLog) {[0m
2026-02-22T08:00:24.4557655Z [36;1m      Write-Host '=== tail run_*.log (260 lines) ==='[0m
2026-02-22T08:00:24.4557979Z [36;1m      Get-Content -Path $runLog -Tail 260[0m
2026-02-22T08:00:24.4558239Z [36;1m    } else {[0m
2026-02-22T08:00:24.4558491Z [36;1m      Write-Warning ("run log not found: {0}" -f $runLog)[0m
2026-02-22T08:00:24.4558774Z [36;1m    }[0m
2026-02-22T08:00:24.4558931Z [36;1m  } else {[0m
2026-02-22T08:00:24.4559215Z [36;1m    Write-Warning ("No run directories found under {0}" -f $workRoot)[0m
2026-02-22T08:00:24.4559572Z [36;1m  }[0m
2026-02-22T08:00:24.4559732Z [36;1m  exit $rc[0m
2026-02-22T08:00:24.4559894Z [36;1m}[0m
2026-02-22T08:00:24.4560040Z [36;1m[0m
2026-02-22T08:00:24.4560236Z [36;1mAdd-Content -Path $reportPath -Value @([0m
2026-02-22T08:00:24.4560518Z [36;1m  '[OK] run_desktop_bat',[0m
2026-02-22T08:00:24.4560742Z [36;1m  '[OK] exit_code=0',[0m
2026-02-22T08:00:24.4560936Z [36;1m  ''[0m
2026-02-22T08:00:24.4561080Z [36;1m)[0m
2026-02-22T08:00:24.4561223Z [36;1m[0m
2026-02-22T08:00:24.4561425Z [36;1mif ((Get-Item $reportPath).Length -gt 60000) {[0m
2026-02-22T08:00:24.4561763Z [36;1m  $tail = Get-Content -Path $reportPath -Raw[0m
2026-02-22T08:00:24.4562131Z [36;1m  $tail = $tail.Substring([Math]::Max(0, $tail.Length - 60000))[0m
2026-02-22T08:00:24.4562545Z [36;1m  Set-Content -Path $reportPath -Value $tail -Encoding UTF8[0m
2026-02-22T08:00:24.4562865Z [36;1m}[0m
2026-02-22T08:00:24.4563006Z [36;1m[0m
2026-02-22T08:00:24.4563152Z [36;1mexit 0[0m
2026-02-22T08:00:24.4580625Z shell: C:\Windows\System32\WindowsPowerShell\v1.0\powershell.EXE -NoProfile -ExecutionPolicy Bypass -Command "{0}"
2026-02-22T08:00:24.4581138Z env:
2026-02-22T08:00:24.4581340Z   REPO_ROOT: C:\work\apex_repo_cache\ApexTraderAI
2026-02-22T08:00:24.4581604Z   INPUT_MODE: sim
2026-02-22T08:00:24.4581813Z   INPUT_SYMBOLS: SOXL,SOXS
2026-02-22T08:00:24.4582017Z   INPUT_START: 2014-01-01
2026-02-22T08:00:24.4582220Z   INPUT_END: 2022-03-31
2026-02-22T08:00:24.4582401Z   INPUT_TEST_START: 2022-01-03
2026-02-22T08:00:24.4582612Z   INPUT_TRAIN_YEARS: 8
2026-02-22T08:00:24.4582790Z   INPUT_TEST_MONTHS: 3
2026-02-22T08:00:24.4582979Z   INPUT_COPY_TO_ONEDRIVE: true
2026-02-22T08:00:24.4583198Z   INPUT_STEPS: A,B,C,D,DPRIME,E,F
2026-02-22T08:00:24.4583427Z   INPUT_SKIP_STEPE: false
2026-02-22T08:00:24.4583619Z   RUN_MODE: sim
2026-02-22T08:00:24.4583775Z   SYMBOLS: SOXL,SOXS
2026-02-22T08:00:24.4583951Z   SYMBOL: SOXL
2026-02-22T08:00:24.4584123Z   STEPS: A,B,C,D,DPRIME,E,F
2026-02-22T08:00:24.4584323Z   SKIP_STEPE: 0
2026-02-22T08:00:24.4584494Z   DATA_START: 2014-01-01
2026-02-22T08:00:24.4584704Z   DATA_END: 2022-03-31
2026-02-22T08:00:24.4584904Z   TEST_START: 2022-01-03
2026-02-22T08:00:24.4585111Z   TRAIN_YEARS: 8
2026-02-22T08:00:24.4585265Z   TEST_MONTHS: 3
2026-02-22T08:00:24.4585441Z   WORK_ROOT: C:\work\apex_work\runs
2026-02-22T08:00:24.4586346Z   COPY_TO_ONEDRIVE: 1
2026-02-22T08:00:24.4586520Z   PYTHON_EXE: python
2026-02-22T08:00:24.4586692Z ##[endgroup]
2026-02-22T08:00:24.7943997Z === Run desktop BAT preflight ===
2026-02-22T08:00:24.7962398Z ***
2026-02-22T08:00:24.7973184Z REPO_ROOT=C:\work\apex_repo_cache\ApexTraderAI
2026-02-22T08:00:24.7977387Z GITHUB_WORKSPACE=C:\Users\becky\OneDrive\ãƒ‡ã‚¹ã‚¯ãƒˆãƒƒãƒ—\Python\apex-trader-ai\actions-runner\_work\ApexTraderAI\ApexTraderAI
2026-02-22T08:00:24.7981157Z RUNNER_TEMP=C:\Users\becky\OneDrive\ãƒ‡ã‚¹ã‚¯ãƒˆãƒƒãƒ—\Python\apex-trader-ai\actions-runner\_work\_temp
2026-02-22T08:00:24.8018715Z 
2026-02-22T08:00:24.9252100Z C:\Users\becky\AppData\Local\Programs\Python\Python310\python.exe
2026-02-22T08:00:24.9277931Z BAT candidate paths: C:\work\apex_repo_cache\ApexTraderAI\scripts\run_all_local_then_copy.bat
2026-02-22T08:00:24.9323639Z Executing BAT full path: C:\work\apex_repo_cache\ApexTraderAI\scripts\run_all_local_then_copy.bat
2026-02-22T08:00:24.9361895Z === Python diagnostics (before BAT) ===
2026-02-22T08:00:25.0886352Z === PATH (before BAT) ===
2026-02-22T08:00:25.0900800Z C:\Program Files\Oculus\Support\oculus-runtime;C:\Windows\system32;C:\Windows;C:\Windows\System32\Wbem;C:\Windows\System32\WindowsPowerShell\v1.0\;C:\Windows\System32\OpenSSH\;C:\Program Files (x86)\Intel\Intel(R) Management Engine Components\DAL;C:\Program Files\Intel\Intel(R) Management Engine Components\DAL;C:\Program Files (x86)\NVIDIA Corporation\PhysX\Common;C:\Program Files\NVIDIA Corporation\NVIDIA NvDLISR;C:\Program Files (x86)\QuickTime\QTSystem\;C:\Program Files\Git\cmd;C:\WINDOWS\system32;C:\WINDOWS;C:\WINDOWS\System32\Wbem;C:\WINDOWS\System32\WindowsPowerShell\v1.0\;C:\WINDOWS\System32\OpenSSH\;C:\Users\becky\AppData\Local\Programs\Python\Python310\;C:\ffmpeg\bin\;
2026-02-22T08:00:25.4936237Z Name                               
2026-02-22T08:00:25.4936964Z ----                               
2026-02-22T08:00:25.4937478Z bat_config.bat                     
2026-02-22T08:00:25.4937922Z copy_run_to_onedrive.bat           
2026-02-22T08:00:25.4939731Z doctor.bat                         
2026-02-22T08:00:25.4940313Z evaluate_run_outputs.py            
2026-02-22T08:00:25.4940891Z package_diagnostics.ps1            
2026-02-22T08:00:25.4941533Z package_diagnostics_to_onedrive.ps1
2026-02-22T08:00:25.4942069Z run_all_local_then_copy.bat        
2026-02-22T08:00:25.4942739Z C:\Users\becky\AppData\Local\Programs\Python\Python310\python.exe
2026-02-22T08:00:25.4943424Z Python 3.10.6
2026-02-22T08:00:25.4943737Z [RC] 
2026-02-22T08:00:25.5495486Z [RC] 
2026-02-22T08:00:25.7045803Z [RC] 
2026-02-22T08:00:25.7961220Z [RC] 
2026-02-22T08:00:25.8799166Z [RC] 
2026-02-22T08:00:27.7403380Z [RC] 
2026-02-22T08:15:59.3340664Z [RC] 
2026-02-22T08:16:10.7537104Z [RC] 
2026-02-22T08:16:10.8038214Z [RC] 
2026-02-22T08:16:11.7467768Z [OK] repo_snapshots already exists: "C:\Users\becky\OneDrive\ApexTraderAI\repo_snapshots"
2026-02-22T08:16:11.9176486Z [RC] 
2026-02-22T08:16:11.9381031Z [OK] run_id=20260222_170025
2026-02-22T08:16:11.9384858Z [OK] local=C:\work\apex_work\runs\20260222_170025
2026-02-22T08:16:11.9385701Z [OK] onedrive=C:\Users\becky\OneDrive\ApexTraderAI\runs\20260222_170025
2026-02-22T08:16:11.9431212Z [RC]=0
2026-02-22T08:16:11.9508024Z 
2026-02-22T08:16:11.9508078Z 

----- FILE: actions_logs/run/system.txt -----
2026-02-22T08:00:11.0230000Z Evaluating run.if
2026-02-22T08:00:11.0230000Z Evaluating: success()
2026-02-22T08:00:11.0230000Z Result: true
2026-02-22T08:00:11.0250000Z Requested labels: self-hosted, windows
2026-02-22T08:00:11.0250000Z Job defined at: toki866/ApexTraderAI/.github/workflows/run_desktop_pipeline.yml@refs/heads/main
2026-02-22T08:00:11.0250000Z Waiting for a runner to pick up this job...
2026-02-22T08:00:11.5290000Z Job is about to start running on the runner: DESKTOP-C54PIIA
