Run: https://github.com/toki866/ApexTraderAI/actions/runs/22254040899
SHA: cb77d37b55b828f026f4f791a8813f54ca9b319e
Attempt: 1
Conclusion: success

==== TAILS (each file last 200 lines) ====

----- FILE: actions_logs/0_run.txt -----
2026-02-21T09:03:29.0966785Z ##[group]Run actions/github-script@v7
2026-02-21T09:03:29.0967104Z with:
2026-02-21T09:03:29.0971877Z   script: const fs = require('fs');
const path = require('path');

const owner = context.repo.owner;
const repo = context.repo.repo;

const reportPath = path.join(process.env.GITHUB_WORKSPACE, 'temp', 'ONE_TAP_ERROR_REPORT.txt');
let report = fs.existsSync(reportPath)
  ? fs.readFileSync(reportPath, 'utf8')
  : '(missing ONE_TAP_ERROR_REPORT.txt)';

if (report.length > 60000) report = report.slice(-60000);

const runUrl = `${context.serverUrl}/${owner}/${repo}/actions/runs/${context.runId}`;
const title = 'ApexTraderAI Diagnostics (latest)';
const attempt = process.env.GITHUB_RUN_ATTEMPT || '1';
const diagRunFolder = process.env.DIAG_RUN_FOLDER || 'LATEST_CSV.md';
const csvIndexUrl = diagRunFolder === 'LATEST_CSV.md'
  ? `${context.serverUrl}/${owner}/${repo}/blob/diag-logs/runs/LATEST_CSV.md`
  : `${context.serverUrl}/${owner}/${repo}/blob/diag-logs/runs/${diagRunFolder}/CSV_INDEX.md`;
const body = `Run: ${runUrl}\nSHA: ${context.sha}\nAttempt: ${attempt}\ndiag-logs csv_index: ${csvIndexUrl}\n\n\`\`\`text\n${report}\n\`\`\`\n`;

const { data: issues } = await github.rest.issues.listForRepo({
  owner,
  repo,
  state: 'open',
  per_page: 100
});
const existing = issues.find(i => i.title === title);

if (existing) {
  await github.rest.issues.update({ owner, repo, issue_number: existing.number, body });
} else {
  await github.rest.issues.create({ owner, repo, title, body });
}

2026-02-21T09:03:29.0977097Z   github-token: ***
2026-02-21T09:03:29.0977330Z   debug: false
2026-02-21T09:03:29.0977576Z   user-agent: actions/github-script
2026-02-21T09:03:29.0977833Z   result-encoding: json
2026-02-21T09:03:29.0978032Z   retries: 0
2026-02-21T09:03:29.0978247Z   retry-exempt-status-codes: 400,401,403,404,422
2026-02-21T09:03:29.0978514Z env:
2026-02-21T09:03:29.0978710Z   REPO_ROOT: C:\work\apex_repo_cache\ApexTraderAI
2026-02-21T09:03:29.0979060Z   DIAG_RUN_FOLDER: 20260221_180326_run22254040899_att1_cb77d37
2026-02-21T09:03:29.0979591Z ##[endgroup]
2026-02-21T09:03:31.2479249Z ##[group]Run $ErrorActionPreference = 'Stop'
2026-02-21T09:03:31.2479747Z [36;1m$ErrorActionPreference = 'Stop'[0m
2026-02-21T09:03:31.2479997Z [36;1m[0m
2026-02-21T09:03:31.2480165Z [36;1mfunction Mask-Secrets {[0m
2026-02-21T09:03:31.2480393Z [36;1m  param([string]$Text)[0m
2026-02-21T09:03:31.2480605Z [36;1m[0m
2026-02-21T09:03:31.2480824Z [36;1m  if ([string]::IsNullOrEmpty($Text)) { return $Text }[0m
2026-02-21T09:03:31.2481115Z [36;1m[0m
2026-02-21T09:03:31.2481263Z [36;1m  $masked = $Text[0m
2026-02-21T09:03:31.2481664Z [36;1m  $masked = [regex]::Replace($masked, 'github_pat_[A-Za-z0-9_]{20,}', 'github_pat_***MASKED***')[0m
2026-02-21T09:03:31.2482310Z [36;1m  $masked = [regex]::Replace($masked, 'gh[pousr]_[A-Za-z0-9_]{20,}', 'gh***_***MASKED***')[0m
2026-02-21T09:03:31.2482930Z [36;1m  $masked = [regex]::Replace($masked, '(?im)\b(token|password|secret)\b\s*[:=]\s*\S+', '$1=***MASKED***')[0m
2026-02-21T09:03:31.2483418Z [36;1m  return $masked[0m
2026-02-21T09:03:31.2483606Z [36;1m}[0m
2026-02-21T09:03:31.2483754Z [36;1m[0m
2026-02-21T09:03:31.2483918Z [36;1mfunction Get-MaskedTail {[0m
2026-02-21T09:03:31.2484188Z [36;1m  param([0m
2026-02-21T09:03:31.2484390Z [36;1m    [string]$Path,[0m
2026-02-21T09:03:31.2484596Z [36;1m    [int]$Tail = 200[0m
2026-02-21T09:03:31.2484797Z [36;1m  )[0m
2026-02-21T09:03:31.2485092Z [36;1m[0m
2026-02-21T09:03:31.2485375Z [36;1m  if (-not (Test-Path $Path)) { return "(not found) $Path" }[0m
2026-02-21T09:03:31.2485912Z [36;1m  $raw = (Get-Content -Path $Path -Tail $Tail -ErrorAction SilentlyContinue) -join "`r`n"[0m
2026-02-21T09:03:31.2486373Z [36;1m  return (Mask-Secrets -Text $raw)[0m
2026-02-21T09:03:31.2486669Z [36;1m}[0m
2026-02-21T09:03:31.2486875Z [36;1m[0m
2026-02-21T09:03:31.2487106Z [36;1m$diagOut = Join-Path $env:RUNNER_TEMP 'diag_out'[0m
2026-02-21T09:03:31.2487504Z [36;1m$null = New-Item -Path $diagOut -ItemType Directory -Force[0m
2026-02-21T09:03:31.2487844Z [36;1m[0m
2026-02-21T09:03:31.2488023Z [36;1m$ws = $env:GITHUB_WORKSPACE[0m
2026-02-21T09:03:31.2488371Z [36;1m$runnerRoot = (Resolve-Path (Join-Path $ws '..\..\..')).Path[0m
2026-02-21T09:03:31.2488764Z [36;1m$runnerDiag = Join-Path $runnerRoot '_diag'[0m
2026-02-21T09:03:31.2489109Z [36;1m$runId = '22254040899'[0m
2026-02-21T09:03:31.2489382Z [36;1m$runAttempt = '1'[0m
2026-02-21T09:03:31.2489652Z [36;1m$sha = 'cb77d37b55b828f026f4f791a8813f54ca9b319e'[0m
2026-02-21T09:03:31.2501443Z [36;1m$branch = 'main'[0m
2026-02-21T09:03:31.2501882Z [36;1m$repo = 'toki866/ApexTraderAI'[0m
2026-02-21T09:03:31.2502313Z [36;1m$artifactName = "diag_full_${runId}_${runAttempt}"[0m
2026-02-21T09:03:31.2502633Z [36;1m[0m
2026-02-21T09:03:31.2502811Z [36;1m$latestRunnerLog = $null[0m
2026-02-21T09:03:31.2503070Z [36;1m$latestWorkerLog = $null[0m
2026-02-21T09:03:31.2503336Z [36;1mif (Test-Path $runnerDiag) {[0m
2026-02-21T09:03:31.2504677Z [36;1m  $latestRunnerLog = Get-ChildItem -Path $runnerDiag -Filter 'Runner_*.log' -File -ErrorAction SilentlyContinue | Sort-Object LastWriteTime -Descending | Select-Object -First 1[0m
2026-02-21T09:03:31.2506228Z [36;1m  $latestWorkerLog = Get-ChildItem -Path $runnerDiag -Filter 'Worker_*.log' -File -ErrorAction SilentlyContinue | Sort-Object LastWriteTime -Descending | Select-Object -First 1[0m
2026-02-21T09:03:31.2507351Z [36;1m}[0m
2026-02-21T09:03:31.2507509Z [36;1m[0m
2026-02-21T09:03:31.2507828Z [36;1m$workflowLog = Join-Path $env:RUNNER_TEMP 'run_all_local_then_copy_console.log'[0m
2026-02-21T09:03:31.2508376Z [36;1m$runLogPath = 'C:\work\apex_work\runs\20260221_180154\logs\run_20260221_180154.log'[0m
2026-02-21T09:03:31.2509365Z [36;1m$stepSummaryGlob = Join-Path $env:RUNNER_TEMP 'step_summary_*'[0m
2026-02-21T09:03:31.2509965Z [36;1m$oneTapReportWorkspace = Join-Path $env:GITHUB_WORKSPACE 'temp\ONE_TAP_ERROR_REPORT.txt'[0m
2026-02-21T09:03:31.2510398Z [36;1m[0m
2026-02-21T09:03:31.2516451Z [36;1mif ($latestRunnerLog) { Copy-Item -Path $latestRunnerLog.FullName -Destination (Join-Path $diagOut $latestRunnerLog.Name) -Force }[0m
2026-02-21T09:03:31.2517631Z [36;1mif ($latestWorkerLog) { Copy-Item -Path $latestWorkerLog.FullName -Destination (Join-Path $diagOut $latestWorkerLog.Name) -Force }[0m
2026-02-21T09:03:31.2518832Z [36;1mif (Test-Path $workflowLog) { Copy-Item -Path $workflowLog -Destination (Join-Path $diagOut 'workflow_console.log') -Force }[0m
2026-02-21T09:03:31.2520008Z [36;1mif ($runLogPath -and (Test-Path $runLogPath)) { Copy-Item -Path $runLogPath -Destination (Join-Path $diagOut (Split-Path $runLogPath -Leaf)) -Force }[0m
2026-02-21T09:03:31.2521433Z [36;1mif (Test-Path $oneTapReportWorkspace) { Copy-Item -Path $oneTapReportWorkspace -Destination (Join-Path $diagOut 'ONE_TAP_ERROR_REPORT.txt') -Force }[0m
2026-02-21T09:03:31.2522627Z [36;1mGet-ChildItem -Path $stepSummaryGlob -File -ErrorAction SilentlyContinue | ForEach-Object {[0m
2026-02-21T09:03:31.2523290Z [36;1m  Copy-Item -Path $_.FullName -Destination (Join-Path $diagOut $_.Name) -Force[0m
2026-02-21T09:03:31.2524106Z [36;1m}[0m
2026-02-21T09:03:31.2524311Z [36;1m[0m
2026-02-21T09:03:31.2524577Z [36;1mforeach ($subDir in @('pages', 'blocks')) {[0m
2026-02-21T09:03:31.2524902Z [36;1m  $src = Join-Path $runnerDiag $subDir[0m
2026-02-21T09:03:31.2525214Z [36;1m  if (Test-Path $src) {[0m
2026-02-21T09:03:31.2525768Z [36;1m    Copy-Item -Path $src -Destination (Join-Path $diagOut $subDir) -Recurse -Force[0m
2026-02-21T09:03:31.2526448Z [36;1m  }[0m
2026-02-21T09:03:31.2526716Z [36;1m}[0m
2026-02-21T09:03:31.2526928Z [36;1m[0m
2026-02-21T09:03:31.2527484Z [36;1m$runnerTailText = if ($latestRunnerLog) { Get-MaskedTail -Path $latestRunnerLog.FullName -Tail 200 } else { '(runner diag not found)' }[0m
2026-02-21T09:03:31.2528425Z [36;1m$workflowTailText = if (Test-Path $workflowLog) { Get-MaskedTail -Path $workflowLog -Tail 200 } else { '(workflow log not found)' }[0m
2026-02-21T09:03:31.2529005Z [36;1m[0m
2026-02-21T09:03:31.2529220Z [36;1m$summaryPath = Join-Path $diagOut 'summary.md'[0m
2026-02-21T09:03:31.2529511Z [36;1m$summary = @([0m
2026-02-21T09:03:31.2529712Z [36;1m  '# Diagnostics Summary',[0m
2026-02-21T09:03:31.2529934Z [36;1m  '',[0m
2026-02-21T09:03:31.2530107Z [36;1m  "- repo: $repo",[0m
2026-02-21T09:03:31.2530318Z [36;1m  "- branch: $branch",[0m
2026-02-21T09:03:31.2530538Z [36;1m  "- sha: $sha",[0m
2026-02-21T09:03:31.2530735Z [36;1m  "- run_id: $runId",[0m
2026-02-21T09:03:31.2531012Z [36;1m  "- attempt: $runAttempt",[0m
2026-02-21T09:03:31.2531297Z [36;1m  "- failing_step: $env:FAILING_STEP",[0m
2026-02-21T09:03:31.2531587Z [36;1m  "- artifact_name: $artifactName",[0m
2026-02-21T09:03:31.2531907Z [36;1m  '- one_tap_report: See ONE_TAP_ERROR_REPORT.txt',[0m
2026-02-21T09:03:31.2532191Z [36;1m  '',[0m
2026-02-21T09:03:31.2532392Z [36;1m  '## runner_diag_tail (last 200 lines)',[0m
2026-02-21T09:03:31.2532655Z [36;1m  '```text',[0m
2026-02-21T09:03:31.2532851Z [36;1m  $runnerTailText,[0m
2026-02-21T09:03:31.2533053Z [36;1m  '```',[0m
2026-02-21T09:03:31.2533219Z [36;1m  '',[0m
2026-02-21T09:03:31.2533436Z [36;1m  '## workflow_tail (last 200 lines)',[0m
2026-02-21T09:03:31.2533712Z [36;1m  '```text',[0m
2026-02-21T09:03:31.2533904Z [36;1m  $workflowTailText,[0m
2026-02-21T09:03:31.2534113Z [36;1m  '```'[0m
2026-02-21T09:03:31.2534276Z [36;1m) -join "`r`n"[0m
2026-02-21T09:03:31.2534508Z [36;1m$summary = Mask-Secrets -Text $summary[0m
2026-02-21T09:03:31.2534884Z [36;1mSet-Content -Path $summaryPath -Value $summary -Encoding UTF8[0m
2026-02-21T09:03:31.2535390Z [36;1m[0m
2026-02-21T09:03:31.2535660Z [36;1m$runnerTailPath = Join-Path $diagOut 'runner_diag_tail.txt'[0m
2026-02-21T09:03:31.2536193Z [36;1mSet-Content -Path $runnerTailPath -Value $runnerTailText -Encoding UTF8[0m
2026-02-21T09:03:31.2536708Z [36;1m$workflowTailPath = Join-Path $diagOut 'workflow_tail.txt'[0m
2026-02-21T09:03:31.2538276Z [36;1mSet-Content -Path $workflowTailPath -Value $workflowTailText -Encoding UTF8[0m
2026-02-21T09:03:31.2538762Z [36;1m[0m
2026-02-21T09:03:31.2539047Z [36;1m$fullZip = Join-Path $env:RUNNER_TEMP ("{0}.zip" -f $artifactName)[0m
2026-02-21T09:03:31.2539504Z [36;1mif (Test-Path $fullZip) { Remove-Item $fullZip -Force }[0m
2026-02-21T09:03:31.2540017Z [36;1mCompress-Archive -Path (Join-Path $diagOut '*') -DestinationPath $fullZip -Force[0m
2026-02-21T09:03:31.2540451Z [36;1m[0m
2026-02-21T09:03:31.2540825Z [36;1m"diag_out=$diagOut" | Out-File -FilePath $env:GITHUB_OUTPUT -Encoding utf8 -Append[0m
2026-02-21T09:03:31.2541452Z [36;1m"diag_summary=$summaryPath" | Out-File -FilePath $env:GITHUB_OUTPUT -Encoding utf8 -Append[0m
2026-02-21T09:03:31.2542145Z [36;1m"diag_runner_tail=$runnerTailPath" | Out-File -FilePath $env:GITHUB_OUTPUT -Encoding utf8 -Append[0m
2026-02-21T09:03:31.2542884Z [36;1m"diag_workflow_tail=$workflowTailPath" | Out-File -FilePath $env:GITHUB_OUTPUT -Encoding utf8 -Append[0m
2026-02-21T09:03:31.2543573Z [36;1m"diag_zip=$fullZip" | Out-File -FilePath $env:GITHUB_OUTPUT -Encoding utf8 -Append[0m
2026-02-21T09:03:31.2544217Z [36;1m"diag_artifact_name=$artifactName" | Out-File -FilePath $env:GITHUB_OUTPUT -Encoding utf8 -Append[0m
2026-02-21T09:03:31.2562677Z shell: C:\Windows\System32\WindowsPowerShell\v1.0\powershell.EXE -NoProfile -ExecutionPolicy Bypass -Command "{0}"
2026-02-21T09:03:31.2563188Z env:
2026-02-21T09:03:31.2563387Z   REPO_ROOT: C:\work\apex_repo_cache\ApexTraderAI
2026-02-21T09:03:31.2563666Z   FAILING_STEP: unknown
2026-02-21T09:03:31.2563845Z ##[endgroup]
2026-02-21T09:03:32.8897589Z ##[group]Run actions/upload-artifact@v4
2026-02-21T09:03:32.8897905Z with:
2026-02-21T09:03:32.8898081Z   name: diag_full_22254040899_1
2026-02-21T09:03:32.8898315Z   if-no-files-found: warn
2026-02-21T09:03:32.8898522Z   retention-days: 7
2026-02-21T09:03:32.8898974Z   path: C:\Users\becky\OneDrive\ãƒ‡ã‚¹ã‚¯ãƒˆãƒƒãƒ—\Python\apex-trader-ai\actions-runner\_work\_temp\diag_full_22254040899_1.zip
2026-02-21T09:03:32.8899503Z   compression-level: 6
2026-02-21T09:03:32.8899701Z   overwrite: false
2026-02-21T09:03:32.8899890Z   include-hidden-files: false
2026-02-21T09:03:32.8900100Z env:
2026-02-21T09:03:32.8900298Z   REPO_ROOT: C:\work\apex_repo_cache\ApexTraderAI
2026-02-21T09:03:32.8900570Z ##[endgroup]
2026-02-21T09:03:33.2185488Z With the provided path, there will be 1 file uploaded
2026-02-21T09:03:33.2188597Z Artifact name is valid!
2026-02-21T09:03:33.2191658Z Root directory input is valid!
2026-02-21T09:03:33.8259477Z Beginning upload of artifact content to blob storage
2026-02-21T09:03:34.9143418Z Uploaded bytes 91585
2026-02-21T09:03:35.0903661Z Finished uploading artifact content to blob storage!
2026-02-21T09:03:35.0908110Z SHA256 digest of uploaded artifact zip is c43a498c50d4782d83783546dd862f617fd2732346d79eaa1f6526cc99e899fd
2026-02-21T09:03:35.0910527Z Finalizing artifact upload
2026-02-21T09:03:35.3265922Z Artifact diag_full_22254040899_1.zip successfully finalized. Artifact ID 5600557028
2026-02-21T09:03:35.3270460Z Artifact diag_full_22254040899_1 has been successfully uploaded! Final size is 91585 bytes. Artifact ID is 5600557028
2026-02-21T09:03:35.3277583Z Artifact download URL: https://github.com/toki866/ApexTraderAI/actions/runs/22254040899/artifacts/5600557028
2026-02-21T09:03:35.3913612Z ##[group]Run actions/upload-artifact@v4
2026-02-21T09:03:35.3913994Z with:
2026-02-21T09:03:35.3914197Z   name: diagnostics
2026-02-21T09:03:35.3914399Z   if-no-files-found: warn
2026-02-21T09:03:35.3914627Z   path: _diagnostics/**/*
2026-02-21T09:03:35.3914894Z   compression-level: 6
2026-02-21T09:03:35.3915115Z   overwrite: false
2026-02-21T09:03:35.3915318Z   include-hidden-files: false
2026-02-21T09:03:35.3915551Z env:
2026-02-21T09:03:35.3915762Z   REPO_ROOT: C:\work\apex_repo_cache\ApexTraderAI
2026-02-21T09:03:35.3916051Z ##[endgroup]
2026-02-21T09:03:35.6797350Z ##[warning]No files were found with the provided path: _diagnostics/**/*. No artifacts will be uploaded.
2026-02-21T09:03:35.6920047Z Cleaning up orphan processes

----- FILE: actions_logs/run/10_Stage console log in workspace.txt -----
ï»¿2026-02-21T09:03:11.5203027Z ##[group]Run $workspaceTemp = Join-Path $env:GITHUB_WORKSPACE 'temp'
2026-02-21T09:03:11.5204179Z [36;1m$workspaceTemp = Join-Path $env:GITHUB_WORKSPACE 'temp'[0m
2026-02-21T09:03:11.5205069Z [36;1m$null = New-Item -Path $workspaceTemp -ItemType Directory -Force[0m
2026-02-21T09:03:11.5206001Z [36;1m$consoleLog = Join-Path $env:RUNNER_TEMP 'run_all_local_then_copy_console.log'[0m
2026-02-21T09:03:11.5207096Z [36;1m$workspaceConsoleLog = Join-Path $workspaceTemp 'run_all_local_then_copy_console.log'[0m
2026-02-21T09:03:11.5207950Z [36;1mif (Test-Path $consoleLog) {[0m
2026-02-21T09:03:11.5208614Z [36;1m  Copy-Item -Path $consoleLog -Destination $workspaceConsoleLog -Force[0m
2026-02-21T09:03:11.5209466Z [36;1m  Write-Host "Staged console log: $workspaceConsoleLog"[0m
2026-02-21T09:03:11.5209936Z [36;1m} else {[0m
2026-02-21T09:03:11.5210234Z [36;1m  Write-Warning "Console log not found at: $consoleLog"[0m
2026-02-21T09:03:11.5210544Z [36;1m  @([0m
2026-02-21T09:03:11.5210808Z [36;1m    '[WARN] Console log was not generated by BAT execution.',[0m
2026-02-21T09:03:11.5211357Z [36;1m    '[WARN] Never finish a workflow run without leaving a readable log artifact.',[0m
2026-02-21T09:03:11.5212367Z [36;1m    ('[WARN] generated_at={0}' -f (Get-Date -Format 'yyyy-MM-dd HH:mm:ss zzz'))[0m
2026-02-21T09:03:11.5212897Z [36;1m  ) | Set-Content -Path $workspaceConsoleLog -Encoding UTF8[0m
2026-02-21T09:03:11.5213355Z [36;1m  Write-Host "Created fallback console log: $workspaceConsoleLog"[0m
2026-02-21T09:03:11.5213703Z [36;1m}[0m
2026-02-21T09:03:11.5241491Z shell: C:\Windows\System32\WindowsPowerShell\v1.0\powershell.EXE -NoProfile -ExecutionPolicy Bypass -Command "{0}"
2026-02-21T09:03:11.5242474Z env:
2026-02-21T09:03:11.5242823Z   REPO_ROOT: C:\work\apex_repo_cache\ApexTraderAI
2026-02-21T09:03:11.5243133Z ##[endgroup]
2026-02-21T09:03:11.8067872Z Staged console log: C:\Users\becky\OneDrive\ãƒ‡ã‚¹ã‚¯ãƒˆãƒƒãƒ—\Python\apex-trader-ai\actions-runner\_work\ApexTraderAI\ApexTraderAI\temp\run_all_local_then_copy_console.log

----- FILE: actions_logs/run/11_Append error tails to ONE_TAP (always).txt -----
ï»¿2026-02-21T09:03:11.8342370Z ##[group]Run $ErrorActionPreference = 'Continue'
2026-02-21T09:03:11.8342974Z [36;1m$ErrorActionPreference = 'Continue'[0m
2026-02-21T09:03:11.8343349Z [36;1m[0m
2026-02-21T09:03:11.8343758Z [36;1m$report = Join-Path $env:GITHUB_WORKSPACE 'temp\ONE_TAP_ERROR_REPORT.txt'[0m
2026-02-21T09:03:11.8344446Z [36;1mif (!(Test-Path $report)) {[0m
2026-02-21T09:03:11.8345074Z [36;1m  New-Item -Path (Split-Path $report -Parent) -ItemType Directory -Force | Out-Null[0m
2026-02-21T09:03:11.8345872Z [36;1m  '[WARN] ONE_TAP report missing; created.' | Set-Content -Path $report -Encoding UTF8[0m
2026-02-21T09:03:11.8346490Z [36;1m}[0m
2026-02-21T09:03:11.8346741Z [36;1m[0m
2026-02-21T09:03:11.8347060Z [36;1mAdd-Content $report ""[0m
2026-02-21T09:03:11.8347459Z [36;1mAdd-Content $report "[STEP] append_error_tails"[0m
2026-02-21T09:03:11.8348091Z [36;1mAdd-Content $report ("timestamp={0}" -f (Get-Date -Format 'yyyy-MM-dd HH:mm:ss zzz'))[0m
2026-02-21T09:03:11.8348702Z [36;1m[0m
2026-02-21T09:03:11.8349116Z [36;1m# python env snapshot (to compare with local)[0m
2026-02-21T09:03:11.8349672Z [36;1mAdd-Content $report "---- python_env ----"[0m
2026-02-21T09:03:11.8350331Z [36;1mtry { (& where.exe python 2>&1) | Add-Content $report } catch { ($_ | Out-String) | Add-Content $report }[0m
2026-02-21T09:03:11.8351268Z [36;1mtry { (& python --version 2>&1) | Add-Content $report } catch { ($_ | Out-String) | Add-Content $report }[0m
2026-02-21T09:03:11.8352400Z [36;1mtry { (& python -c "import sys; print(sys.executable)" 2>&1) | Add-Content $report } catch { ($_ | Out-String) | Add-Content $report }[0m
2026-02-21T09:03:11.8353141Z [36;1m[0m
2026-02-21T09:03:11.8353957Z [36;1m# console log tail[0m
2026-02-21T09:03:11.8354518Z [36;1m$consoleLog = Join-Path $env:RUNNER_TEMP 'run_all_local_then_copy_console.log'[0m
2026-02-21T09:03:11.8355151Z [36;1mAdd-Content $report ("[INFO] console_log={0}" -f $consoleLog)[0m
2026-02-21T09:03:11.8355594Z [36;1mif (Test-Path $consoleLog) {[0m
2026-02-21T09:03:11.8356108Z [36;1m  Add-Content $report "---- console_log_tail (last 350 lines) ----"[0m
2026-02-21T09:03:11.8356981Z [36;1m  (Get-Content $consoleLog -Tail 350 -ErrorAction SilentlyContinue) | Add-Content $report[0m
2026-02-21T09:03:11.8357517Z [36;1m} else {[0m
2026-02-21T09:03:11.8357838Z [36;1m  Add-Content $report "[WARN] console log not found"[0m
2026-02-21T09:03:11.8358234Z [36;1m}[0m
2026-02-21T09:03:11.8358466Z [36;1m[0m
2026-02-21T09:03:11.8358708Z [36;1m# run_*.log tail (best effort)[0m
2026-02-21T09:03:11.8359137Z [36;1m$workRoot = 'C:\work\apex_work\runs'[0m
2026-02-21T09:03:11.8359769Z [36;1m$latestRunDir = Get-ChildItem -Path $workRoot -Directory -ErrorAction SilentlyContinue |[0m
2026-02-21T09:03:11.8360476Z [36;1m  Sort-Object LastWriteTime -Descending | Select-Object -First 1[0m
2026-02-21T09:03:11.8361104Z [36;1mAdd-Content $report ("[INFO] work_root={0}" -f $workRoot)[0m
2026-02-21T09:03:11.8361648Z [36;1mif ($latestRunDir) {[0m
2026-02-21T09:03:11.8362099Z [36;1m  Add-Content $report ("[INFO] latest_run_dir={0}" -f $latestRunDir.FullName)[0m
2026-02-21T09:03:11.8363037Z [36;1m  $latestRunLog = Get-ChildItem -Path (Join-Path $latestRunDir.FullName 'logs') -Filter 'run_*.log' -File -ErrorAction SilentlyContinue |[0m
2026-02-21T09:03:11.8364128Z [36;1m    Sort-Object LastWriteTime -Descending | Select-Object -First 1[0m
2026-02-21T09:03:11.8364608Z [36;1m  if ($latestRunLog) {[0m
2026-02-21T09:03:11.8365043Z [36;1m    Add-Content $report ("[INFO] run_log={0}" -f $latestRunLog.FullName)[0m
2026-02-21T09:03:11.8365695Z [36;1m    Add-Content $report "---- run_log_tail (last 350 lines) ----"[0m
2026-02-21T09:03:11.8366621Z [36;1m    (Get-Content $latestRunLog.FullName -Tail 350 -ErrorAction SilentlyContinue) | Add-Content $report[0m
2026-02-21T09:03:11.8367224Z [36;1m  } else {[0m
2026-02-21T09:03:11.8367625Z [36;1m    Add-Content $report "[WARN] run_*.log not found under latest_run_dir\logs"[0m
2026-02-21T09:03:11.8370305Z [36;1m  }[0m
2026-02-21T09:03:11.8370598Z [36;1m} else {[0m
2026-02-21T09:03:11.8371052Z [36;1m  Add-Content $report "[WARN] no run_dir found under work_root"[0m
2026-02-21T09:03:11.8371538Z [36;1m}[0m
2026-02-21T09:03:11.8371730Z [36;1m[0m
2026-02-21T09:03:11.8371931Z [36;1m$global:LASTEXITCODE = 0[0m
2026-02-21T09:03:11.8372232Z [36;1mexit 0[0m
2026-02-21T09:03:11.8400926Z shell: C:\Windows\System32\WindowsPowerShell\v1.0\powershell.EXE -NoProfile -ExecutionPolicy Bypass -Command "{0}"
2026-02-21T09:03:11.8401664Z env:
2026-02-21T09:03:11.8401958Z   REPO_ROOT: C:\work\apex_repo_cache\ApexTraderAI
2026-02-21T09:03:11.8402347Z ##[endgroup]

----- FILE: actions_logs/run/12_Package diagnostics to OneDrive (always).txt -----
ï»¿2026-02-21T09:03:12.5962490Z ##[group]Run $ErrorActionPreference = 'Stop'
2026-02-21T09:03:12.5965003Z [36;1m$ErrorActionPreference = 'Stop'[0m
2026-02-21T09:03:12.5967371Z [36;1m$diagScript = Join-Path $env:REPO_ROOT 'scripts\package_diagnostics_to_onedrive.ps1'[0m
2026-02-21T09:03:12.5969847Z [36;1m$reportPath = Join-Path $env:GITHUB_WORKSPACE 'temp\ONE_TAP_ERROR_REPORT.txt'[0m
2026-02-21T09:03:12.5970254Z [36;1m[0m
2026-02-21T09:03:12.5972345Z [36;1mAdd-Content -Path $reportPath -Value @([0m
2026-02-21T09:03:12.5972679Z [36;1m  '[STEP] package_diagnostics_to_onedrive',[0m
2026-02-21T09:03:12.5977784Z [36;1m  ('[INFO] diag_script={0}' -f $diagScript)[0m
2026-02-21T09:03:12.5978422Z [36;1m)[0m
2026-02-21T09:03:12.5979205Z [36;1mWrite-Host "Diagnostics script path: $diagScript"[0m
2026-02-21T09:03:12.5980224Z [36;1m[0m
2026-02-21T09:03:12.5980753Z [36;1m$diagDirCandidates = @()[0m
2026-02-21T09:03:12.5981474Z [36;1mif ($env:OneDrive) {[0m
2026-02-21T09:03:12.5982726Z [36;1m  $diagDirCandidates += (Join-Path $env:OneDrive 'ApexTraderAI\diagnostics')[0m
2026-02-21T09:03:12.5984693Z [36;1m}[0m
2026-02-21T09:03:12.5985231Z [36;1mif ($env:USERPROFILE) {[0m
2026-02-21T09:03:12.5986674Z [36;1m  $diagDirCandidates += (Join-Path $env:USERPROFILE 'OneDrive\ApexTraderAI\diagnostics')[0m
2026-02-21T09:03:12.5988206Z [36;1m}[0m
2026-02-21T09:03:12.5989284Z [36;1m$diagDirCandidates += (Join-Path $env:RUNNER_TEMP 'ApexTraderAI\diagnostics')[0m
2026-02-21T09:03:12.5990611Z [36;1m[0m
2026-02-21T09:03:12.5991107Z [36;1m$selectedDiagDir = $null[0m
2026-02-21T09:03:12.5991881Z [36;1mforeach ($candidate in $diagDirCandidates) {[0m
2026-02-21T09:03:12.5992701Z [36;1m  try {[0m
2026-02-21T09:03:12.5993681Z [36;1m    $null = New-Item -Path $candidate -ItemType Directory -Force -ErrorAction Stop[0m
2026-02-21T09:03:12.5994972Z [36;1m    $selectedDiagDir = $candidate[0m
2026-02-21T09:03:12.5995670Z [36;1m    break[0m
2026-02-21T09:03:12.5995965Z [36;1m  } catch {[0m
2026-02-21T09:03:12.5997017Z [36;1m    Write-Warning "Diagnostics dir candidate unavailable: $candidate ($($_.Exception.Message))"[0m
2026-02-21T09:03:12.5998432Z [36;1m  }[0m
2026-02-21T09:03:12.5998795Z [36;1m}[0m
2026-02-21T09:03:12.5999207Z [36;1m[0m
2026-02-21T09:03:12.5999538Z [36;1mif (-not $selectedDiagDir) {[0m
2026-02-21T09:03:12.6000314Z [36;1m  Add-Content -Path $reportPath -Value @([0m
2026-02-21T09:03:12.6001426Z [36;1m    '[NG] package_diagnostics_to_onedrive',[0m
2026-02-21T09:03:12.6002411Z [36;1m    '[NG] selected diagnostics dir unavailable',[0m
2026-02-21T09:03:12.6003352Z [36;1m    ''[0m
2026-02-21T09:03:12.6003976Z [36;1m  )[0m
2026-02-21T09:03:12.6005311Z [36;1m  throw 'Unable to resolve diagnostics output directory from OneDrive/USERPROFILE/RUNNER_TEMP candidates.'[0m
2026-02-21T09:03:12.6006090Z [36;1m}[0m
2026-02-21T09:03:12.6006252Z [36;1m[0m
2026-02-21T09:03:12.6007092Z [36;1mWrite-Host "Selected diagnostics output dir: $selectedDiagDir"[0m
2026-02-21T09:03:12.6009114Z [36;1m"diag_dir=$selectedDiagDir" | Out-File -FilePath $env:GITHUB_OUTPUT -Encoding utf8 -Append[0m
2026-02-21T09:03:12.6010706Z [36;1m[0m
2026-02-21T09:03:12.6011226Z [36;1mif (Test-Path $diagScript) {[0m
2026-02-21T09:03:12.6012813Z [36;1m  powershell -NoProfile -ExecutionPolicy Bypass -File $diagScript -DiagDir "$selectedDiagDir"[0m
2026-02-21T09:03:12.6014463Z [36;1m  if ($LASTEXITCODE -ne 0) {[0m
2026-02-21T09:03:12.6015349Z [36;1m    Add-Content -Path $reportPath -Value @([0m
2026-02-21T09:03:12.6016594Z [36;1m      '[NG] package_diagnostics_to_onedrive',[0m
2026-02-21T09:03:12.6017704Z [36;1m      ('[NG] exit_code={0}' -f $LASTEXITCODE),[0m
2026-02-21T09:03:12.6018468Z [36;1m      ''[0m
2026-02-21T09:03:12.6019019Z [36;1m    )[0m
2026-02-21T09:03:12.6019794Z [36;1m    Write-Error "Diagnostics script exited with code $LASTEXITCODE"[0m
2026-02-21T09:03:12.6020221Z [36;1m    exit $LASTEXITCODE[0m
2026-02-21T09:03:12.6020435Z [36;1m  }[0m
2026-02-21T09:03:12.6022235Z [36;1m  Add-Content -Path $reportPath -Value @([0m
2026-02-21T09:03:12.6022578Z [36;1m    '[OK] package_diagnostics_to_onedrive',[0m
2026-02-21T09:03:12.6022905Z [36;1m    ('[OK] diag_dir={0}' -f $selectedDiagDir),[0m
2026-02-21T09:03:12.6023184Z [36;1m    ''[0m
2026-02-21T09:03:12.6023345Z [36;1m  )[0m
2026-02-21T09:03:12.6023501Z [36;1m} else {[0m
2026-02-21T09:03:12.6023747Z [36;1m  Add-Content -Path $reportPath -Value @([0m
2026-02-21T09:03:12.6024164Z [36;1m    '[NG] package_diagnostics_to_onedrive',[0m
2026-02-21T09:03:12.6024466Z [36;1m    '[NG] diagnostics script not found',[0m
2026-02-21T09:03:12.6024735Z [36;1m    ''[0m
2026-02-21T09:03:12.6024897Z [36;1m  )[0m
2026-02-21T09:03:12.6025155Z [36;1m  Write-Error "Diagnostics script not found: $diagScript"[0m
2026-02-21T09:03:12.6025506Z [36;1m  exit 1[0m
2026-02-21T09:03:12.6025670Z [36;1m}[0m
2026-02-21T09:03:12.6025825Z [36;1m[0m
2026-02-21T09:03:12.6026035Z [36;1mif ((Get-Item $reportPath).Length -gt 60000) {[0m
2026-02-21T09:03:12.6026657Z [36;1m  $tail = Get-Content -Path $reportPath -Raw[0m
2026-02-21T09:03:12.6027035Z [36;1m  $tail = $tail.Substring([Math]::Max(0, $tail.Length - 60000))[0m
2026-02-21T09:03:12.6027478Z [36;1m  Set-Content -Path $reportPath -Value $tail -Encoding UTF8[0m
2026-02-21T09:03:12.6027811Z [36;1m}[0m
2026-02-21T09:03:12.6045358Z shell: C:\Windows\System32\WindowsPowerShell\v1.0\powershell.EXE -NoProfile -ExecutionPolicy Bypass -Command "{0}"
2026-02-21T09:03:12.6045878Z env:
2026-02-21T09:03:12.6046067Z   REPO_ROOT: C:\work\apex_repo_cache\ApexTraderAI
2026-02-21T09:03:12.6046326Z ##[endgroup]
2026-02-21T09:03:12.9059218Z Diagnostics script path: C:\work\apex_repo_cache\ApexTraderAI\scripts\package_diagnostics_to_onedrive.ps1
2026-02-21T09:03:12.9147176Z Selected diagnostics output dir: C:\Users\becky\OneDrive\ApexTraderAI\diagnostics
2026-02-21T09:03:13.1659298Z runnerDiag=C:\Users\becky\OneDrive\ãƒ‡ã‚¹ã‚¯ãƒˆãƒƒãƒ—\Python\apex-trader-ai\actions-runner\_diag
2026-02-21T09:03:13.1662766Z diagDir=C:\Users\becky\OneDrive\ApexTraderAI\diagnostics
2026-02-21T09:03:13.6703901Z WARNING: Primary diagnostics archive failed: The process cannot access the file 
2026-02-21T09:03:13.6704911Z 'C:\Users\becky\OneDrive\ãƒ‡ã‚¹ã‚¯ãƒˆãƒƒãƒ—\Python\apex-trader-ai\actions-runner\_diag\blocks\de7bbc96-9185-4e1b-9d1e-44d68bc9a826_
2026-02-21T09:03:13.6705812Z 648ee54c-2322-4882-93ec-a2b2b23993da.1' because it is being used by another process.
2026-02-21T09:03:13.7291536Z zipPath=C:\Users\becky\OneDrive\ApexTraderAI\diagnostics\diag_22254040899_1_20260221_180313.zip
2026-02-21T09:03:13.7524072Z 
2026-02-21T09:03:13.7524528Z 
2026-02-21T09:03:13.7526492Z     ãƒ‡ã‚£ãƒ¬ã‚¯ãƒˆãƒª: C:\Users\becky\OneDrive\ApexTraderAI\diagnostics
2026-02-21T09:03:13.7527024Z 
2026-02-21T09:03:13.7527036Z 
2026-02-21T09:03:13.7530656Z Mode                 LastWriteTime         Length Name                                                                 
2026-02-21T09:03:13.7531840Z ----                 -------------         ------ ----                                                                 
2026-02-21T09:03:13.7535920Z -a----        2026/02/21     18:03           4845 diag_22254040899_1_20260221_180313.zip                               
2026-02-21T09:03:13.7544838Z -a----        2026/02/21     17:57           4845 diag_22253961100_1_20260221_175721.zip                               
2026-02-21T09:03:13.7552067Z -a----        2026/02/21     17:23           4840 diag_22253509025_1_20260221_172305.zip                               
2026-02-21T09:03:13.7560051Z -a----        2026/02/21     16:43           4839 diag_22252976665_1_20260221_164333.zip                               
2026-02-21T09:03:13.7567011Z -a----        2026/02/21     16:11           4806 diag_22252533924_1_20260221_161105.zip                               
2026-02-21T09:03:13.7574359Z -a----        2026/02/21     15:35           4851 diag_22252052676_1_20260221_153526.zip                               
2026-02-21T09:03:13.7583372Z -a----        2026/02/21     15:17           4846 diag_22251800216_1_20260221_151709.zip                               
2026-02-21T09:03:13.7590962Z -a----        2026/02/21     13:43           4912 diag_22250512578_1_20260221_134327.zip                               
2026-02-21T09:03:13.7598373Z -a----        2026/02/21     11:34           4944 diag_22248695422_1_20260221_113420.zip                               
2026-02-21T09:03:13.7605970Z -a----        2026/02/21     11:09           4759 diag_22248308415_1_20260221_110900.zip                               
2026-02-21T09:03:13.7612350Z -a----        2026/02/21     10:51           4964 diag_22248046183_1_20260221_105148.zip                               
2026-02-21T09:03:13.7613114Z 
2026-02-21T09:03:13.7613142Z 

----- FILE: actions_logs/run/13_Verify diagnostics directory content.txt -----
ï»¿2026-02-21T09:03:13.8186958Z ##[group]Run $ErrorActionPreference = 'Stop'
2026-02-21T09:03:13.8187437Z [36;1m$ErrorActionPreference = 'Stop'[0m
2026-02-21T09:03:13.8187801Z [36;1m$diagDir = 'C:\Users\becky\OneDrive\ApexTraderAI\diagnostics'[0m
2026-02-21T09:03:13.8188392Z [36;1mif (-not $diagDir) {[0m
2026-02-21T09:03:13.8188739Z [36;1m  $diagDir = Join-Path $env:RUNNER_TEMP 'ApexTraderAI\diagnostics'[0m
2026-02-21T09:03:13.8189093Z [36;1m}[0m
2026-02-21T09:03:13.8189309Z [36;1mWrite-Host '=== diagnostics dir listing ==='[0m
2026-02-21T09:03:13.8189604Z [36;1mif (Test-Path $diagDir) {[0m
2026-02-21T09:03:13.8189839Z [36;1m  dir $diagDir[0m
2026-02-21T09:03:13.8190029Z [36;1m} else {[0m
2026-02-21T09:03:13.8190304Z [36;1m  Write-Warning "Diagnostics directory not found: $diagDir"[0m
2026-02-21T09:03:13.8190638Z [36;1m}[0m
2026-02-21T09:03:13.8190783Z [36;1m[0m
2026-02-21T09:03:13.8191200Z [36;1m$latestZip = Get-ChildItem -Path $diagDir -File -Filter 'diag_*.zip' -ErrorAction SilentlyContinue |[0m
2026-02-21T09:03:13.8191788Z [36;1m  Sort-Object LastWriteTime -Descending |[0m
2026-02-21T09:03:13.8192089Z [36;1m  Select-Object -First 1[0m
2026-02-21T09:03:13.8192301Z [36;1m[0m
2026-02-21T09:03:13.8192465Z [36;1mif (-not $latestZip) {[0m
2026-02-21T09:03:13.8192775Z [36;1m  Write-Warning "diag zip missing in $diagDir"[0m
2026-02-21T09:03:13.8193548Z [36;1m  Write-Host 'Hint: package diagnostics step uses OneDrive -> USERPROFILE\\OneDrive -> RUNNER_TEMP fallback. Check step logs for selected path and creation errors.'[0m
2026-02-21T09:03:13.8194400Z [36;1m  exit 0[0m
2026-02-21T09:03:13.8194554Z [36;1m}[0m
2026-02-21T09:03:13.8194701Z [36;1m[0m
2026-02-21T09:03:13.8194917Z [36;1mWrite-Host "latestDiagZip=$($latestZip.FullName)"[0m
2026-02-21T09:03:13.8212803Z shell: C:\Windows\System32\WindowsPowerShell\v1.0\powershell.EXE -NoProfile -ExecutionPolicy Bypass -Command "{0}"
2026-02-21T09:03:13.8213325Z env:
2026-02-21T09:03:13.8213517Z   REPO_ROOT: C:\work\apex_repo_cache\ApexTraderAI
2026-02-21T09:03:13.8213790Z ##[endgroup]
2026-02-21T09:03:14.1413584Z === diagnostics dir listing ===
2026-02-21T09:03:14.1892122Z 
2026-02-21T09:03:14.1892652Z 
2026-02-21T09:03:14.1894832Z     ãƒ‡ã‚£ãƒ¬ã‚¯ãƒˆãƒª: C:\Users\becky\OneDrive\ApexTraderAI\diagnostics
2026-02-21T09:03:14.1895152Z 
2026-02-21T09:03:14.1895157Z 
2026-02-21T09:03:14.1899247Z Mode                 LastWriteTime         Length Name                                                                 
2026-02-21T09:03:14.1900357Z ----                 -------------         ------ ----                                                                 
2026-02-21T09:03:14.1904051Z -a----        2026/02/21     10:51           4964 diag_22248046183_1_20260221_105148.zip                               
2026-02-21T09:03:14.1913523Z -a----        2026/02/21     11:09           4759 diag_22248308415_1_20260221_110900.zip                               
2026-02-21T09:03:14.1921187Z -a----        2026/02/21     11:34           4944 diag_22248695422_1_20260221_113420.zip                               
2026-02-21T09:03:14.1929050Z -a----        2026/02/21     13:43           4912 diag_22250512578_1_20260221_134327.zip                               
2026-02-21T09:03:14.1936323Z -a----        2026/02/21     15:17           4846 diag_22251800216_1_20260221_151709.zip                               
2026-02-21T09:03:14.1943334Z -a----        2026/02/21     15:35           4851 diag_22252052676_1_20260221_153526.zip                               
2026-02-21T09:03:14.1950879Z -a----        2026/02/21     16:11           4806 diag_22252533924_1_20260221_161105.zip                               
2026-02-21T09:03:14.1957844Z -a----        2026/02/21     16:43           4839 diag_22252976665_1_20260221_164333.zip                               
2026-02-21T09:03:14.1965006Z -a----        2026/02/21     17:23           4840 diag_22253509025_1_20260221_172305.zip                               
2026-02-21T09:03:14.1972504Z -a----        2026/02/21     17:57           4845 diag_22253961100_1_20260221_175721.zip                               
2026-02-21T09:03:14.1980592Z -a----        2026/02/21     18:03           4845 diag_22254040899_1_20260221_180313.zip                               
2026-02-21T09:03:14.2101666Z latestDiagZip=C:\Users\becky\OneDrive\ApexTraderAI\diagnostics\diag_22254040899_1_20260221_180313.zip
2026-02-21T09:03:14.2107212Z 
2026-02-21T09:03:14.2107729Z 

----- FILE: actions_logs/run/15_Resolve latest run artifacts.txt -----
ï»¿2026-02-21T09:03:14.2432411Z ##[group]Run $workRoot = 'C:\work\apex_work\runs'
2026-02-21T09:03:14.2433112Z [36;1m$workRoot = 'C:\work\apex_work\runs'[0m
2026-02-21T09:03:14.2433545Z [36;1m$consoleLog = Join-Path $env:RUNNER_TEMP 'run_all_local_then_copy_console.log'[0m
2026-02-21T09:03:14.2434107Z [36;1m$reportPath = Join-Path $env:GITHUB_WORKSPACE 'temp\ONE_TAP_ERROR_REPORT.txt'[0m
2026-02-21T09:03:14.2434496Z [36;1m[0m
2026-02-21T09:03:14.2434707Z [36;1mAdd-Content -Path $reportPath -Value @([0m
2026-02-21T09:03:14.2435071Z [36;1m  '[STEP] resolve_latest_run_artifacts',[0m
2026-02-21T09:03:14.2435371Z [36;1m  ('[INFO] work_root={0}' -f $workRoot)[0m
2026-02-21T09:03:14.2435623Z [36;1m)[0m
2026-02-21T09:03:14.2435767Z [36;1m[0m
2026-02-21T09:03:14.2435919Z [36;1m$runId = ''[0m
2026-02-21T09:03:14.2436132Z [36;1mif (Test-Path $consoleLog) {[0m
2026-02-21T09:03:14.2436614Z [36;1m  $runIdLine = Select-String -Path $consoleLog -Pattern '^\[OK\] run_id=' | Select-Object -Last 1[0m
2026-02-21T09:03:14.2437119Z [36;1m  if ($runIdLine) {[0m
2026-02-21T09:03:14.2437500Z [36;1m    $runId = ($runIdLine.Line -replace '^\[OK\] run_id=', '').Trim()[0m
2026-02-21T09:03:14.2437843Z [36;1m  }[0m
2026-02-21T09:03:14.2437999Z [36;1m}[0m
2026-02-21T09:03:14.2438141Z [36;1m[0m
2026-02-21T09:03:14.2438296Z [36;1m$runDir = $null[0m
2026-02-21T09:03:14.2438492Z [36;1mif ($runId) {[0m
2026-02-21T09:03:14.2438735Z [36;1m  $candidateDir = Join-Path $workRoot $runId[0m
2026-02-21T09:03:14.2439059Z [36;1m  if (Test-Path $candidateDir) {[0m
2026-02-21T09:03:14.2439330Z [36;1m    $runDir = Get-Item $candidateDir[0m
2026-02-21T09:03:14.2439625Z [36;1m  }[0m
2026-02-21T09:03:14.2439942Z [36;1m}[0m
2026-02-21T09:03:14.2440106Z [36;1m[0m
2026-02-21T09:03:14.2440440Z [36;1mif (-not $runDir -and (Test-Path $workRoot)) {[0m
2026-02-21T09:03:14.2441156Z [36;1m  $runDir = Get-ChildItem -Path $workRoot -Directory | Sort-Object LastWriteTime -Descending | Select-Object -First 1[0m
2026-02-21T09:03:14.2441735Z [36;1m  if ($runDir -and -not $runId) {[0m
2026-02-21T09:03:14.2441972Z [36;1m    $runId = $runDir.Name[0m
2026-02-21T09:03:14.2442179Z [36;1m  }[0m
2026-02-21T09:03:14.2442321Z [36;1m}[0m
2026-02-21T09:03:14.2450836Z [36;1m[0m
2026-02-21T09:03:14.2451039Z [36;1mif ($runId) {[0m
2026-02-21T09:03:14.2451413Z [36;1m  "run_id=$runId" | Out-File -FilePath $env:GITHUB_OUTPUT -Encoding utf8 -Append[0m
2026-02-21T09:03:14.2451867Z [36;1m  Write-Host "Resolved run_id=$runId"[0m
2026-02-21T09:03:14.2452132Z [36;1m} else {[0m
2026-02-21T09:03:14.2452629Z [36;1m  Add-Content -Path $reportPath -Value '[NG] resolve_latest_run_artifacts run_id unresolved'[0m
2026-02-21T09:03:14.2453355Z [36;1m  Write-Warning 'Failed to resolve run_id from console log and latest run folder.'[0m
2026-02-21T09:03:14.2453755Z [36;1m}[0m
2026-02-21T09:03:14.2453899Z [36;1m[0m
2026-02-21T09:03:14.2454046Z [36;1mif ($runDir) {[0m
2026-02-21T09:03:14.2454321Z [36;1m  $logGlob = Join-Path $runDir.FullName 'logs\run_*.log'[0m
2026-02-21T09:03:14.2454944Z [36;1m  $zipPath = Join-Path $runDir.FullName ("run_{0}.zip" -f $runDir.Name)[0m
2026-02-21T09:03:14.2455954Z [36;1m  $runLogPath = Join-Path $runDir.FullName ("logs\run_{0}.log" -f $runDir.Name)[0m
2026-02-21T09:03:14.2456959Z [36;1m  "log_glob=$logGlob" | Out-File -FilePath $env:GITHUB_OUTPUT -Encoding utf8 -Append[0m
2026-02-21T09:03:14.2457993Z [36;1m  "zip_path=$zipPath" | Out-File -FilePath $env:GITHUB_OUTPUT -Encoding utf8 -Append[0m
2026-02-21T09:03:14.2459183Z [36;1m  "run_log_path=$runLogPath" | Out-File -FilePath $env:GITHUB_OUTPUT -Encoding utf8 -Append[0m
2026-02-21T09:03:14.2460902Z [36;1m  "run_dir=$($runDir.FullName)" | Out-File -FilePath $env:GITHUB_OUTPUT -Encoding utf8 -Append[0m
2026-02-21T09:03:14.2462687Z [36;1m  Write-Host "Resolved run directory: $($runDir.FullName)"[0m
2026-02-21T09:03:14.2463460Z [36;1m}[0m
2026-02-21T09:03:14.2463791Z [36;1m[0m
2026-02-21T09:03:14.2464029Z [36;1mif ($runDir) {[0m
2026-02-21T09:03:14.2466402Z [36;1m  Add-Content -Path $reportPath -Value @([0m
2026-02-21T09:03:14.2467031Z [36;1m    '[OK] resolve_latest_run_artifacts',[0m
2026-02-21T09:03:14.2467616Z [36;1m    ('[OK] run_dir={0}' -f $runDir.FullName),[0m
2026-02-21T09:03:14.2468132Z [36;1m    ('[OK] run_id={0}' -f $runId),[0m
2026-02-21T09:03:14.2468531Z [36;1m    ''[0m
2026-02-21T09:03:14.2468785Z [36;1m  )[0m
2026-02-21T09:03:14.2469041Z [36;1m}[0m
2026-02-21T09:03:14.2469330Z [36;1m[0m
2026-02-21T09:03:14.2469698Z [36;1mif ((Get-Item $reportPath).Length -gt 60000) {[0m
2026-02-21T09:03:14.2470300Z [36;1m  $tail = Get-Content -Path $reportPath -Raw[0m
2026-02-21T09:03:14.2470973Z [36;1m  $tail = $tail.Substring([Math]::Max(0, $tail.Length - 60000))[0m
2026-02-21T09:03:14.2471876Z [36;1m  Set-Content -Path $reportPath -Value $tail -Encoding UTF8[0m
2026-02-21T09:03:14.2472478Z [36;1m}[0m
2026-02-21T09:03:14.2494973Z shell: C:\Windows\System32\WindowsPowerShell\v1.0\powershell.EXE -NoProfile -ExecutionPolicy Bypass -Command "{0}"
2026-02-21T09:03:14.2495576Z env:
2026-02-21T09:03:14.2495788Z   REPO_ROOT: C:\work\apex_repo_cache\ApexTraderAI
2026-02-21T09:03:14.2496074Z ##[endgroup]
2026-02-21T09:03:14.5817593Z Resolved run_id=20260221_180154
2026-02-21T09:03:14.5934701Z Resolved run directory: C:\work\apex_work\runs\20260221_180154

----- FILE: actions_logs/run/16_Trim ONE_TAP report size.txt -----
ï»¿2026-02-21T09:03:14.6383660Z ##[group]Run $reportPath = Join-Path $env:GITHUB_WORKSPACE 'temp\ONE_TAP_ERROR_REPORT.txt'
2026-02-21T09:03:14.6384612Z [36;1m$reportPath = Join-Path $env:GITHUB_WORKSPACE 'temp\ONE_TAP_ERROR_REPORT.txt'[0m
2026-02-21T09:03:14.6385176Z [36;1m$maxBytes = 60000[0m
2026-02-21T09:03:14.6385935Z [36;1mif ((Test-Path $reportPath) -and ((Get-Item $reportPath).Length -gt $maxBytes)) {[0m
2026-02-21T09:03:14.6386573Z [36;1m  $tail = Get-Content -Path $reportPath -Raw[0m
2026-02-21T09:03:14.6387076Z [36;1m  $tail = $tail.Substring([Math]::Max(0, $tail.Length - $maxBytes))[0m
2026-02-21T09:03:14.6387676Z [36;1m  Set-Content -Path $reportPath -Value $tail -Encoding UTF8[0m
2026-02-21T09:03:14.6388153Z [36;1m}[0m
2026-02-21T09:03:14.6418191Z shell: C:\Windows\System32\WindowsPowerShell\v1.0\powershell.EXE -NoProfile -ExecutionPolicy Bypass -Command "{0}"
2026-02-21T09:03:14.6418907Z env:
2026-02-21T09:03:14.6419191Z   REPO_ROOT: C:\work\apex_repo_cache\ApexTraderAI
2026-02-21T09:03:14.6419597Z ##[endgroup]

----- FILE: actions_logs/run/17_Stage run artifacts.txt -----
ï»¿2026-02-21T09:03:14.8855391Z ##[group]Run $artifactRoot = Join-Path $env:GITHUB_WORKSPACE 'temp\desktop_artifacts'
2026-02-21T09:03:14.8856447Z [36;1m$artifactRoot = Join-Path $env:GITHUB_WORKSPACE 'temp\desktop_artifacts'[0m
2026-02-21T09:03:14.8856977Z [36;1m$null = New-Item -Path $artifactRoot -ItemType Directory -Force[0m
2026-02-21T09:03:14.8857463Z [36;1m$workspaceLogRoot = Join-Path $env:GITHUB_WORKSPACE 'artifacts\logs'[0m
2026-02-21T09:03:14.8857988Z [36;1m$null = New-Item -Path $workspaceLogRoot -ItemType Directory -Force[0m
2026-02-21T09:03:14.8858360Z [36;1m[0m
2026-02-21T09:03:14.8858686Z [36;1m$reportSource = Join-Path $env:GITHUB_WORKSPACE 'temp\ONE_TAP_ERROR_REPORT.txt'[0m
2026-02-21T09:03:14.8859226Z [36;1m$reportDest = Join-Path $artifactRoot 'ONE_TAP_ERROR_REPORT.txt'[0m
2026-02-21T09:03:14.8859617Z [36;1mif (Test-Path $reportSource) {[0m
2026-02-21T09:03:14.8859991Z [36;1m  Copy-Item -Path $reportSource -Destination $reportDest -Force[0m
2026-02-21T09:03:14.8860342Z [36;1m} else {[0m
2026-02-21T09:03:14.8860555Z [36;1m  @([0m
2026-02-21T09:03:14.8860830Z [36;1m    '[WARN] ONE_TAP_ERROR_REPORT.txt was missing at stage time.',[0m
2026-02-21T09:03:14.8861322Z [36;1m    ('timestamp={0}' -f (Get-Date -Format 'yyyy-MM-dd HH:mm:ss zzz'))[0m
2026-02-21T09:03:14.8861771Z [36;1m  ) | Set-Content -Path $reportDest -Encoding UTF8[0m
2026-02-21T09:03:14.8862894Z [36;1m}[0m
2026-02-21T09:03:14.8863050Z [36;1m[0m
2026-02-21T09:03:14.8863405Z [36;1m$consoleLog = Join-Path $env:GITHUB_WORKSPACE 'temp\run_all_local_then_copy_console.log'[0m
2026-02-21T09:03:14.8863888Z [36;1mif (Test-Path $consoleLog) {[0m
2026-02-21T09:03:14.8864909Z [36;1m  Copy-Item -Path $consoleLog -Destination (Join-Path $artifactRoot 'run_all_local_then_copy_console.log') -Force[0m
2026-02-21T09:03:14.8865471Z [36;1m}[0m
2026-02-21T09:03:14.8865627Z [36;1m[0m
2026-02-21T09:03:14.8865928Z [36;1m$runLog = 'C:\work\apex_work\runs\20260221_180154\logs\run_20260221_180154.log'[0m
2026-02-21T09:03:14.8866448Z [36;1mif ((-not $runLog) -or (-not (Test-Path $runLog))) {[0m
2026-02-21T09:03:14.8866821Z [36;1m  $runDir = 'C:\work\apex_work\runs\20260221_180154'[0m
2026-02-21T09:03:14.8867160Z [36;1m  if ($runDir -and (Test-Path $runDir)) {[0m
2026-02-21T09:03:14.8868003Z [36;1m    $latestRunLog = Get-ChildItem -Path (Join-Path $runDir 'logs') -Filter 'run_*.log' -File -ErrorAction SilentlyContinue | Sort-Object LastWriteTime -Descending | Select-Object -First 1[0m
2026-02-21T09:03:14.8868869Z [36;1m    if ($latestRunLog) {[0m
2026-02-21T09:03:14.8869136Z [36;1m      $runLog = $latestRunLog.FullName[0m
2026-02-21T09:03:14.8869404Z [36;1m    }[0m
2026-02-21T09:03:14.8869561Z [36;1m  }[0m
2026-02-21T09:03:14.8869714Z [36;1m}[0m
2026-02-21T09:03:14.8869855Z [36;1m[0m
2026-02-21T09:03:14.8870048Z [36;1mif ($runLog -and (Test-Path $runLog)) {[0m
2026-02-21T09:03:14.8870379Z [36;1m  $runLogName = Split-Path -Path $runLog -Leaf[0m
2026-02-21T09:03:14.8870857Z [36;1m  Copy-Item -Path $runLog -Destination (Join-Path $artifactRoot $runLogName) -Force[0m
2026-02-21T09:03:14.8871528Z [36;1m  Copy-Item -Path $runLog -Destination (Join-Path $workspaceLogRoot $runLogName) -Force[0m
2026-02-21T09:03:14.8872001Z [36;1m  Write-Host "Staged run log: $runLog"[0m
2026-02-21T09:03:14.8872270Z [36;1m} else {[0m
2026-02-21T09:03:14.8872686Z [36;1m  Write-Warning 'Run log was not found for artifact staging. Uploading console log artifact only.'[0m
2026-02-21T09:03:14.8873153Z [36;1m  @([0m
2026-02-21T09:03:14.8873454Z [36;1m    '[WARN] run_*.log was not found. Artifact includes console log only.',[0m
2026-02-21T09:03:14.8874011Z [36;1m    '[WARN] Never finish a workflow run without leaving a readable log artifact.',[0m
2026-02-21T09:03:14.8874599Z [36;1m    ('[WARN] generated_at={0}' -f (Get-Date -Format 'yyyy-MM-dd HH:mm:ss zzz'))[0m
2026-02-21T09:03:14.8875197Z [36;1m  ) | Set-Content -Path (Join-Path $artifactRoot 'missing_run_log_warning.txt') -Encoding UTF8[0m
2026-02-21T09:03:14.8877399Z [36;1m}[0m
2026-02-21T09:03:14.8877575Z [36;1m[0m
2026-02-21T09:03:14.8877862Z [36;1m$zipPath = 'C:\work\apex_work\runs\20260221_180154\run_20260221_180154.zip'[0m
2026-02-21T09:03:14.8878298Z [36;1mif ($zipPath -and (Test-Path $zipPath)) {[0m
2026-02-21T09:03:14.8878879Z [36;1m  Copy-Item -Path $zipPath -Destination (Join-Path $artifactRoot (Split-Path -Path $zipPath -Leaf)) -Force[0m
2026-02-21T09:03:14.8879543Z [36;1m}[0m
2026-02-21T09:03:14.8879697Z [36;1m[0m
2026-02-21T09:03:14.8880072Z [36;1m"artifact_path=$artifactRoot" | Out-File -FilePath $env:GITHUB_OUTPUT -Encoding utf8 -Append[0m
2026-02-21T09:03:14.8880624Z [36;1mWrite-Host "Staged artifacts under: $artifactRoot"[0m
2026-02-21T09:03:14.8903152Z shell: C:\Windows\System32\WindowsPowerShell\v1.0\powershell.EXE -NoProfile -ExecutionPolicy Bypass -Command "{0}"
2026-02-21T09:03:14.8904233Z env:
2026-02-21T09:03:14.8904571Z   REPO_ROOT: C:\work\apex_repo_cache\ApexTraderAI
2026-02-21T09:03:14.8905042Z ##[endgroup]
2026-02-21T09:03:15.2172068Z Staged run log: C:\work\apex_work\runs\20260221_180154\logs\run_20260221_180154.log
2026-02-21T09:03:15.2263932Z Staged artifacts under: C:\Users\becky\OneDrive\ãƒ‡ã‚¹ã‚¯ãƒˆãƒƒãƒ—\Python\apex-trader-ai\actions-runner\_work\ApexTraderAI\ApexTraderAI\temp\desktop_artifacts

----- FILE: actions_logs/run/18_Upload run artifacts.txt -----
ï»¿2026-02-21T09:03:15.2598508Z ##[group]Run actions/upload-artifact@v4
2026-02-21T09:03:15.2599139Z with:
2026-02-21T09:03:15.2599355Z   name: desktop-run-20260221_180154
2026-02-21T09:03:15.2599598Z   if-no-files-found: warn
2026-02-21T09:03:15.2600573Z   path: C:\Users\becky\OneDrive\ãƒ‡ã‚¹ã‚¯ãƒˆãƒƒãƒ—\Python\apex-trader-ai\actions-runner\_work\ApexTraderAI\ApexTraderAI\temp\desktop_artifacts\**
2026-02-21T09:03:15.2601242Z   compression-level: 6
2026-02-21T09:03:15.2601437Z   overwrite: false
2026-02-21T09:03:15.2601628Z   include-hidden-files: false
2026-02-21T09:03:15.2601833Z env:
2026-02-21T09:03:15.2602159Z   REPO_ROOT: C:\work\apex_repo_cache\ApexTraderAI
2026-02-21T09:03:15.2602680Z ##[endgroup]
2026-02-21T09:03:16.0866282Z With the provided path, there will be 27 files uploaded
2026-02-21T09:03:16.0872249Z Artifact name is valid!
2026-02-21T09:03:16.0875711Z Root directory input is valid!
2026-02-21T09:03:16.6742560Z Beginning upload of artifact content to blob storage
2026-02-21T09:03:19.9819804Z Uploaded bytes 8388608
2026-02-21T09:03:20.4194926Z Uploaded bytes 16777216
2026-02-21T09:03:21.7081465Z Uploaded bytes 25165824
2026-02-21T09:03:22.5850537Z Uploaded bytes 30325825
2026-02-21T09:03:22.7684279Z Finished uploading artifact content to blob storage!
2026-02-21T09:03:22.7687994Z SHA256 digest of uploaded artifact zip is aa570d62f3caff360460185cc49db215ead39a0faa6b94789ed8efa0b3f16943
2026-02-21T09:03:22.7689817Z Finalizing artifact upload
2026-02-21T09:03:23.3469163Z Artifact desktop-run-20260221_180154.zip successfully finalized. Artifact ID 5600556317
2026-02-21T09:03:23.3470430Z Artifact desktop-run-20260221_180154 has been successfully uploaded! Final size is 30325825 bytes. Artifact ID is 5600556317
2026-02-21T09:03:23.3481006Z Artifact download URL: https://github.com/toki866/ApexTraderAI/actions/runs/22254040899/artifacts/5600556317

----- FILE: actions_logs/run/19_Evaluate outputs (StepA_StepB) and write report.txt -----
ï»¿2026-02-21T09:03:23.3801148Z ##[group]Run $ErrorActionPreference='Continue'
2026-02-21T09:03:23.3801793Z [36;1m$ErrorActionPreference='Continue'[0m
2026-02-21T09:03:23.3802077Z [36;1mSet-Location $env:REPO_ROOT[0m
2026-02-21T09:03:23.3802316Z [36;1m[0m
2026-02-21T09:03:23.3802500Z [36;1m$workRoot='C:\work\apex_work\runs'[0m
2026-02-21T09:03:23.3803126Z [36;1m$latest=Get-ChildItem $workRoot -Directory -ErrorAction SilentlyContinue | Sort-Object LastWriteTime -Desc | Select-Object -First 1[0m
2026-02-21T09:03:23.3803814Z [36;1mif (-not $latest) { Write-Host "[WARN] no run_dir"; exit 0 }[0m
2026-02-21T09:03:23.3804132Z [36;1m[0m
2026-02-21T09:03:23.3804356Z [36;1m$outputRoot=Join-Path $latest.FullName 'output'[0m
2026-02-21T09:03:23.3804801Z [36;1mif (-not (Test-Path $outputRoot)) { Write-Host "[WARN] no output_root"; exit 0 }[0m
2026-02-21T09:03:23.3805180Z [36;1m[0m
2026-02-21T09:03:23.3805423Z [36;1m$repDir=Join-Path $env:GITHUB_WORKSPACE 'temp\eval'[0m
2026-02-21T09:03:23.3805818Z [36;1mNew-Item $repDir -ItemType Directory -Force | Out-Null[0m
2026-02-21T09:03:23.3806245Z [36;1m$md=Join-Path $repDir 'EVAL_REPORT.md'[0m
2026-02-21T09:03:23.3806556Z [36;1m$js=Join-Path $repDir 'EVAL_REPORT.json'[0m
2026-02-21T09:03:23.3806822Z [36;1m[0m
2026-02-21T09:03:23.3806977Z [36;1m$symbols = 'SOXL,SOXS'[0m
2026-02-21T09:03:23.3807198Z [36;1m$symbol = 'SOXL'[0m
2026-02-21T09:03:23.3807464Z [36;1mif (-not [string]::IsNullOrWhiteSpace($symbols)) {[0m
2026-02-21T09:03:23.3807804Z [36;1m  $symbol = ($symbols -split ',')[0].Trim()[0m
2026-02-21T09:03:23.3808176Z [36;1m  if ([string]::IsNullOrWhiteSpace($symbol)) { $symbol = 'SOXL' }[0m
2026-02-21T09:03:23.3808518Z [36;1m}[0m
2026-02-21T09:03:23.3808688Z [36;1m$mode = 'sim'[0m
2026-02-21T09:03:23.3808970Z [36;1mif ([string]::IsNullOrWhiteSpace($mode)) { $mode = 'sim' }[0m
2026-02-21T09:03:23.3809280Z [36;1m[0m
2026-02-21T09:03:23.3809776Z [36;1mpython scripts/evaluate_run_outputs.py --output-root "$outputRoot" --mode "$mode" --symbol "$symbol" --out-md "$md" --out-json "$js"[0m
2026-02-21T09:03:23.3810358Z [36;1mexit 0[0m
2026-02-21T09:03:23.3827276Z shell: C:\Windows\System32\WindowsPowerShell\v1.0\powershell.EXE -NoProfile -ExecutionPolicy Bypass -Command "{0}"
2026-02-21T09:03:23.3828160Z env:
2026-02-21T09:03:23.3828376Z   REPO_ROOT: C:\work\apex_repo_cache\ApexTraderAI
2026-02-21T09:03:23.3828646Z ##[endgroup]

----- FILE: actions_logs/run/1_Set up job.txt -----
ï»¿2026-02-21T09:01:44.8157886Z Current runner version: '2.331.0'
2026-02-21T09:01:44.8169764Z Runner name: 'DESKTOP-C54PIIA'
2026-02-21T09:01:44.8170467Z Runner group name: 'Default'
2026-02-21T09:01:44.8171334Z Machine name: 'DESKTOP-C54PIIA'
2026-02-21T09:01:44.8174908Z ##[group]GITHUB_TOKEN Permissions
2026-02-21T09:01:44.8177341Z Actions: read
2026-02-21T09:01:44.8177868Z Contents: write
2026-02-21T09:01:44.8178360Z Issues: write
2026-02-21T09:01:44.8178861Z Metadata: read
2026-02-21T09:01:44.8179301Z ##[endgroup]
2026-02-21T09:01:44.8181473Z Secret source: Actions
2026-02-21T09:01:44.8182236Z Prepare workflow directory
2026-02-21T09:01:44.8869534Z Prepare all required actions
2026-02-21T09:01:44.9053523Z Getting action download info
2026-02-21T09:01:46.3140517Z Download action repository 'actions/upload-artifact@v4' (SHA:ea165f8d65b6e75b540449e92b4886f43607fa02)
2026-02-21T09:01:47.9694183Z Download action repository 'actions/github-script@v7' (SHA:f28e40c7f34bde8b3046d885e986cb6290c5673b)
2026-02-21T09:01:48.9498758Z Complete job name: run

----- FILE: actions_logs/run/20_Publish ONE_TAP report to diag-logs branch.txt -----
2026-02-21T09:03:24.3886010Z [36;1m$runsDir = Join-Path $diagRepo 'runs'[0m
2026-02-21T09:03:24.3886362Z [36;1m$null = New-Item -Path $runsDir -ItemType Directory -Force[0m
2026-02-21T09:03:24.3886675Z [36;1m[0m
2026-02-21T09:03:24.3886880Z [36;1m$timestamp = Get-Date -Format 'yyyyMMdd_HHmmss'[0m
2026-02-21T09:03:24.3887303Z [36;1m$shortSha = ('cb77d37b55b828f026f4f791a8813f54ca9b319e').Substring(0, 7)[0m
2026-02-21T09:03:24.3887788Z [36;1m$runFolderName = "${timestamp}_run22254040899_att1_${shortSha}"[0m
2026-02-21T09:03:24.3888192Z [36;1m$runFolder = Join-Path $runsDir $runFolderName[0m
2026-02-21T09:03:24.3888561Z [36;1m$null = New-Item -Path $runFolder -ItemType Directory -Force[0m
2026-02-21T09:03:24.3888928Z [36;1m$csvOutDir = Join-Path $runFolder 'csv'[0m
2026-02-21T09:03:24.3889320Z [36;1m$null = New-Item -Path $csvOutDir -ItemType Directory -Force[0m
2026-02-21T09:03:24.3889633Z [36;1m[0m
2026-02-21T09:03:24.3889945Z [36;1m$oneTapSource = Join-Path $env:GITHUB_WORKSPACE 'temp\ONE_TAP_ERROR_REPORT.txt'[0m
2026-02-21T09:03:24.3890453Z [36;1m$oneTapDest = Join-Path $runFolder 'ONE_TAP_ERROR_REPORT.txt'[0m
2026-02-21T09:03:24.3890807Z [36;1mif (Test-Path $oneTapSource) {[0m
2026-02-21T09:03:24.3891152Z [36;1m  Copy-Item -Path $oneTapSource -Destination $oneTapDest -Force[0m
2026-02-21T09:03:24.3891493Z [36;1m} else {[0m
2026-02-21T09:03:24.3891661Z [36;1m  @([0m
2026-02-21T09:03:24.3891937Z [36;1m    '[WARN] ONE_TAP_ERROR_REPORT.txt was not found in workspace temp.',[0m
2026-02-21T09:03:24.3892417Z [36;1m    ('timestamp={0}' -f (Get-Date -Format 'yyyy-MM-dd HH:mm:ss zzz')),[0m
2026-02-21T09:03:24.3892788Z [36;1m    ('repo=toki866/ApexTraderAI'),[0m
2026-02-21T09:03:24.3893039Z [36;1m    ('run_id=22254040899'),[0m
2026-02-21T09:03:24.3893270Z [36;1m    ('run_attempt=1')[0m
2026-02-21T09:03:24.3893558Z [36;1m  ) | Set-Content -Path $oneTapDest -Encoding UTF8[0m
2026-02-21T09:03:24.3893849Z [36;1m}[0m
2026-02-21T09:03:24.3893990Z [36;1m[0m
2026-02-21T09:03:24.3894286Z [36;1m$evalMdSource = Join-Path $env:GITHUB_WORKSPACE 'temp\eval\EVAL_REPORT.md'[0m
2026-02-21T09:03:24.3894684Z [36;1mif (Test-Path $evalMdSource) {[0m
2026-02-21T09:03:24.3895130Z [36;1m  Copy-Item -Path $evalMdSource -Destination (Join-Path $csvOutDir 'EVAL_REPORT.md') -Force[0m
2026-02-21T09:03:24.3895859Z [36;1m}[0m
2026-02-21T09:03:24.3896176Z [36;1m$evalJsonSource = Join-Path $env:GITHUB_WORKSPACE 'temp\eval\EVAL_REPORT.json'[0m
2026-02-21T09:03:24.3896599Z [36;1mif (Test-Path $evalJsonSource) {[0m
2026-02-21T09:03:24.3898403Z [36;1m  Copy-Item -Path $evalJsonSource -Destination (Join-Path $csvOutDir 'EVAL_REPORT.json') -Force[0m
2026-02-21T09:03:24.3898859Z [36;1m}[0m
2026-02-21T09:03:24.3899007Z [36;1m[0m
2026-02-21T09:03:24.3899235Z [36;1m$runDir = 'C:\work\apex_work\runs\20260221_180154'[0m
2026-02-21T09:03:24.3899662Z [36;1mif ([string]::IsNullOrWhiteSpace($runDir) -or -not (Test-Path $runDir)) {[0m
2026-02-21T09:03:24.3900085Z [36;1m  $runsRoot = 'C:\work\apex_work\runs'[0m
2026-02-21T09:03:24.3900363Z [36;1m  if (Test-Path $runsRoot) {[0m
2026-02-21T09:03:24.3900794Z [36;1m    $latestRun = Get-ChildItem -Path $runsRoot -Directory -ErrorAction SilentlyContinue |[0m
2026-02-21T09:03:24.3901300Z [36;1m      Sort-Object LastWriteTime -Descending |[0m
2026-02-21T09:03:24.3901599Z [36;1m      Select-Object -First 1[0m
2026-02-21T09:03:24.3901840Z [36;1m    if ($latestRun) {[0m
2026-02-21T09:03:24.3902079Z [36;1m      $runDir = $latestRun.FullName[0m
2026-02-21T09:03:24.3902326Z [36;1m    }[0m
2026-02-21T09:03:24.3902487Z [36;1m  }[0m
2026-02-21T09:03:24.3902629Z [36;1m}[0m
2026-02-21T09:03:24.3902773Z [36;1m[0m
2026-02-21T09:03:24.3903147Z [36;1m$outputRoot = if ([string]::IsNullOrWhiteSpace($runDir)) { '' } else { Join-Path $runDir 'output' }[0m
2026-02-21T09:03:24.3903613Z [36;1m$maxCsvBytes = 5MB[0m
2026-02-21T09:03:24.3903827Z [36;1m$headLines = 500[0m
2026-02-21T09:03:24.3904154Z [36;1m$publishedCsv = New-Object System.Collections.Generic.List[object][0m
2026-02-21T09:03:24.3904511Z [36;1m[0m
2026-02-21T09:03:24.3904834Z [36;1mif (-not [string]::IsNullOrWhiteSpace($outputRoot) -and (Test-Path $outputRoot)) {[0m
2026-02-21T09:03:24.3905253Z [36;1m  $csvPatterns = @([0m
2026-02-21T09:03:24.3905584Z [36;1m    (Join-Path $outputRoot 'stepA\*\stepA_split_summary_*.csv'),[0m
2026-02-21T09:03:24.3906015Z [36;1m    (Join-Path $outputRoot 'stepA\*\stepA_prices_test_*.csv'),[0m
2026-02-21T09:03:24.3906433Z [36;1m    (Join-Path $outputRoot 'stepB\*\stepB_split_summary_*.csv'),[0m
2026-02-21T09:03:24.3906846Z [36;1m    (Join-Path $outputRoot 'stepB\*\stepB_pred_*.csv')[0m
2026-02-21T09:03:24.3907137Z [36;1m  )[0m
2026-02-21T09:03:24.3907285Z [36;1m[0m
2026-02-21T09:03:24.3907447Z [36;1m  $sourceCsvFiles = @()[0m
2026-02-21T09:03:24.3907704Z [36;1m  foreach ($pattern in $csvPatterns) {[0m
2026-02-21T09:03:24.3908158Z [36;1m    $sourceCsvFiles += Get-ChildItem -Path $pattern -File -ErrorAction SilentlyContinue[0m
2026-02-21T09:03:24.3908594Z [36;1m  }[0m
2026-02-21T09:03:24.3908744Z [36;1m[0m
2026-02-21T09:03:24.3908932Z [36;1m  $sourceCsvFiles = $sourceCsvFiles |[0m
2026-02-21T09:03:24.3909230Z [36;1m    Sort-Object FullName -Unique[0m
2026-02-21T09:03:24.3909476Z [36;1m[0m
2026-02-21T09:03:24.3909668Z [36;1m  foreach ($src in $sourceCsvFiles) {[0m
2026-02-21T09:03:24.3909932Z [36;1m    $destName = $src.Name[0m
2026-02-21T09:03:24.3910156Z [36;1m    $headOnly = $false[0m
2026-02-21T09:03:24.3910363Z [36;1m[0m
2026-02-21T09:03:24.3910544Z [36;1m    if ($src.Length -le $maxCsvBytes) {[0m
2026-02-21T09:03:24.3910993Z [36;1m      Copy-Item -Path $src.FullName -Destination (Join-Path $csvOutDir $destName) -Force[0m
2026-02-21T09:03:24.3911408Z [36;1m    } else {[0m
2026-02-21T09:03:24.3911692Z [36;1m      $destName = '{0}__HEAD{1}' -f $src.BaseName, $src.Extension[0m
2026-02-21T09:03:24.3912225Z [36;1m      Get-Content -Path $src.FullName -TotalCount $headLines -ErrorAction SilentlyContinue |[0m
2026-02-21T09:03:24.3912798Z [36;1m        Set-Content -Path (Join-Path $csvOutDir $destName) -Encoding UTF8[0m
2026-02-21T09:03:24.3913179Z [36;1m      $headOnly = $true[0m
2026-02-21T09:03:24.3913391Z [36;1m    }[0m
2026-02-21T09:03:24.3913703Z [36;1m[0m
2026-02-21T09:03:24.3913912Z [36;1m    $destPath = Join-Path $csvOutDir $destName[0m
2026-02-21T09:03:24.3914211Z [36;1m    if (Test-Path $destPath) {[0m
2026-02-21T09:03:24.3914655Z [36;1m      $previewLines = Get-Content -Path $destPath -TotalCount 2 -ErrorAction SilentlyContinue[0m
2026-02-21T09:03:24.3915722Z [36;1m      $publishedCsv.Add([PSCustomObject]@{[0m
2026-02-21T09:03:24.3916003Z [36;1m        Name = $destName[0m
2026-02-21T09:03:24.3916247Z [36;1m        RelativePath = "./csv/$destName"[0m
2026-02-21T09:03:24.3916570Z [36;1m        SizeBytes = (Get-Item -Path $destPath).Length[0m
2026-02-21T09:03:24.3916874Z [36;1m        HeadOnly = $headOnly[0m
2026-02-21T09:03:24.3917137Z [36;1m        PreviewLines = @($previewLines)[0m
2026-02-21T09:03:24.3917390Z [36;1m      })[0m
2026-02-21T09:03:24.3917560Z [36;1m    }[0m
2026-02-21T09:03:24.3917715Z [36;1m  }[0m
2026-02-21T09:03:24.3917857Z [36;1m}[0m
2026-02-21T09:03:24.3918004Z [36;1m[0m
2026-02-21T09:03:24.3918238Z [36;1m$csvIndexPath = Join-Path $runFolder 'CSV_INDEX.md'[0m
2026-02-21T09:03:24.3918667Z [36;1m$csvIndexLines = New-Object System.Collections.Generic.List[string][0m
2026-02-21T09:03:24.3919057Z [36;1m$csvIndexLines.Add('# CSV Index')[0m
2026-02-21T09:03:24.3919346Z [36;1m$csvIndexLines.Add('')[0m
2026-02-21T09:03:24.3919625Z [36;1m$csvIndexLines.Add("- source_run_dir: $runDir")[0m
2026-02-21T09:03:24.3920000Z [36;1m$csvIndexLines.Add("- source_output_root: $outputRoot")[0m
2026-02-21T09:03:24.3920337Z [36;1m$csvIndexLines.Add('')[0m
2026-02-21T09:03:24.3920559Z [36;1m[0m
2026-02-21T09:03:24.3920728Z [36;1mif ($publishedCsv.Count -eq 0) {[0m
2026-02-21T09:03:24.3921140Z [36;1m  $csvIndexLines.Add('_No CSV files matched the publish patterns for this run._')[0m
2026-02-21T09:03:24.3921539Z [36;1m} else {[0m
2026-02-21T09:03:24.3921746Z [36;1m  foreach ($item in $publishedCsv) {[0m
2026-02-21T09:03:24.3922130Z [36;1m    $headNote = if ($item.HeadOnly) { 'yes (500-line sample)' } else { 'no' }[0m
2026-02-21T09:03:24.3922746Z [36;1m    $csvIndexLines.Add("- file: $($item.RelativePath) | size_bytes: $($item.SizeBytes) | head_only: $headNote")[0m
2026-02-21T09:03:24.3923286Z [36;1m    if ($item.PreviewLines.Count -gt 0) {[0m
2026-02-21T09:03:24.3923603Z [36;1m      $csvIndexLines.Add('  - preview:')[0m
2026-02-21T09:03:24.3923913Z [36;1m      foreach ($line in $item.PreviewLines) {[0m
2026-02-21T09:03:24.3924207Z [36;1m        $safeLine = [string]$line[0m
2026-02-21T09:03:24.3924487Z [36;1m        $csvIndexLines.Add("    - $safeLine")[0m
2026-02-21T09:03:24.3924744Z [36;1m      }[0m
2026-02-21T09:03:24.3924906Z [36;1m    }[0m
2026-02-21T09:03:24.3925073Z [36;1m  }[0m
2026-02-21T09:03:24.3925229Z [36;1m}[0m
2026-02-21T09:03:24.3925372Z [36;1m[0m
2026-02-21T09:03:24.3925618Z [36;1mif (Test-Path (Join-Path $csvOutDir 'EVAL_REPORT.md')) {[0m
2026-02-21T09:03:24.3925949Z [36;1m  $csvIndexLines.Add('')[0m
2026-02-21T09:03:24.3926270Z [36;1m  $csvIndexLines.Add('- eval_report: ./csv/EVAL_REPORT.md')[0m
2026-02-21T09:03:24.3933662Z [36;1m}[0m
2026-02-21T09:03:24.3933932Z [36;1m[0m
2026-02-21T09:03:24.3934261Z [36;1m$csvIndexLines -join "`r`n" | Set-Content -Path $csvIndexPath -Encoding UTF8[0m
2026-02-21T09:03:24.3934661Z [36;1m[0m
2026-02-21T09:03:24.3934915Z [36;1m$latestOneTapPath = Join-Path $runsDir 'LATEST_ONE_TAP.md'[0m
2026-02-21T09:03:24.3935317Z [36;1m$latestCsvPath = Join-Path $runsDir 'LATEST_CSV.md'[0m
2026-02-21T09:03:24.3935623Z [36;1m$keepLatest = 10[0m
2026-02-21T09:03:24.3935908Z [36;1mtry { $keepLatest = [int]'10' } catch { $keepLatest = 10 }[0m
2026-02-21T09:03:24.3936269Z [36;1mif ($keepLatest -lt 1) { $keepLatest = 1 }[0m
2026-02-21T09:03:24.3936521Z [36;1m[0m
2026-02-21T09:03:24.3936666Z [36;1m@([0m
2026-02-21T09:03:24.3936832Z [36;1m  '# Latest ONE_TAP report',[0m
2026-02-21T09:03:24.3937049Z [36;1m  '',[0m
2026-02-21T09:03:24.3937226Z [36;1m  "- folder: $runFolderName",[0m
2026-02-21T09:03:24.3937787Z [36;1m  "- report: ./runs/$runFolderName/ONE_TAP_ERROR_REPORT.txt"[0m
2026-02-21T09:03:24.3938222Z [36;1m) -join "`r`n" | Set-Content -Path $latestOneTapPath -Encoding UTF8[0m
2026-02-21T09:03:24.3939088Z [36;1m[0m
2026-02-21T09:03:24.3939232Z [36;1m@([0m
2026-02-21T09:03:24.3939395Z [36;1m  '# Latest CSV index',[0m
2026-02-21T09:03:24.3939601Z [36;1m  '',[0m
2026-02-21T09:03:24.3939781Z [36;1m  "- folder: $runFolderName",[0m
2026-02-21T09:03:24.3940038Z [36;1m  "- keep_latest: $keepLatest",[0m
2026-02-21T09:03:24.3940329Z [36;1m  "- csv_index: ./runs/$runFolderName/CSV_INDEX.md"[0m
2026-02-21T09:03:24.3940718Z [36;1m) -join "`r`n" | Set-Content -Path $latestCsvPath -Encoding UTF8[0m
2026-02-21T09:03:24.3941042Z [36;1m[0m
2026-02-21T09:03:24.3941382Z [36;1m$runFolders = Get-ChildItem -Path $runsDir -Directory -ErrorAction SilentlyContinue |[0m
2026-02-21T09:03:24.3941885Z [36;1m  Where-Object { $_.Name -match '^\d{8}_\d{6}_run\d+_' } |[0m
2026-02-21T09:03:24.3942222Z [36;1m  Sort-Object Name -Descending[0m
2026-02-21T09:03:24.3942451Z [36;1m[0m
2026-02-21T09:03:24.3942685Z [36;1m$toDelete = $runFolders | Select-Object -Skip $keepLatest[0m
2026-02-21T09:03:24.3943021Z [36;1mforeach ($d in $toDelete) {[0m
2026-02-21T09:03:24.3943370Z [36;1m  Write-Host ("[RETENTION] delete old run folder: {0}" -f $d.FullName)[0m
2026-02-21T09:03:24.3943886Z [36;1m  Remove-Item -Path $d.FullName -Recurse -Force -ErrorAction SilentlyContinue[0m
2026-02-21T09:03:24.3944269Z [36;1m}[0m
2026-02-21T09:03:24.3944417Z [36;1m[0m
2026-02-21T09:03:24.3944767Z [36;1m"run_folder=$runFolderName" | Out-File -FilePath $env:GITHUB_OUTPUT -Encoding utf8 -Append[0m
2026-02-21T09:03:24.3945186Z [36;1m[0m
2026-02-21T09:03:24.3945342Z [36;1mgit add runs[0m
2026-02-21T09:03:24.3945547Z [36;1mif (git diff --cached --quiet) {[0m
2026-02-21T09:03:24.3945848Z [36;1m  Write-Host 'No diagnostics changes to commit.'[0m
2026-02-21T09:03:24.3946138Z [36;1m  exit 0[0m
2026-02-21T09:03:24.3946296Z [36;1m}[0m
2026-02-21T09:03:24.3946439Z [36;1m[0m
2026-02-21T09:03:24.3946671Z [36;1mgit commit -m "diag: add one_tap report $runFolderName"[0m
2026-02-21T09:03:24.3947017Z [36;1mcmd /c "git push origin diag-logs"[0m
2026-02-21T09:03:24.3947286Z [36;1m$pushRc = $LASTEXITCODE[0m
2026-02-21T09:03:24.3947512Z [36;1mif ($pushRc -ne 0) {[0m
2026-02-21T09:03:24.3947934Z [36;1m  Write-Warning ('Failed to push ONE_TAP report to diag-logs branch. git push rc={0}' -f $pushRc)[0m
2026-02-21T09:03:24.3948590Z [36;1m  Write-Warning 'Enable Settings > Actions > Workflow permissions: Read and write permissions'[0m
2026-02-21T09:03:24.3949047Z [36;1m}[0m
2026-02-21T09:03:24.3965648Z shell: C:\Windows\System32\WindowsPowerShell\v1.0\powershell.EXE -NoProfile -ExecutionPolicy Bypass -Command "{0}"
2026-02-21T09:03:24.3966159Z env:
2026-02-21T09:03:24.3966366Z   REPO_ROOT: C:\work\apex_repo_cache\ApexTraderAI
2026-02-21T09:03:24.3966652Z ##[endgroup]
2026-02-21T09:03:24.6707101Z Initialized empty Git repository in C:/Users/becky/OneDrive/ãƒ‡ã‚¹ã‚¯ãƒˆãƒƒãƒ—/Python/apex-trader-ai/actions-runner/_work/_temp/diag_repo/.git/
2026-02-21T09:03:26.6952861Z Switched to a new branch 'diag-logs'
2026-02-21T09:03:26.6953395Z branch 'diag-logs' set up to track 'origin/diag-logs'.
2026-02-21T09:03:27.2155714Z [RETENTION] delete old run folder: C:\Users\becky\OneDrive\ãƒ‡ã‚¹ã‚¯ãƒˆãƒƒãƒ—\Python\apex-trader-ai\actions-runner\_work\_temp\diag_repo\runs\20260221_074410_run22252976665_att1_success_394f773
2026-02-21T09:03:27.2321135Z [RETENTION] delete old run folder: C:\Users\becky\OneDrive\ãƒ‡ã‚¹ã‚¯ãƒˆãƒƒãƒ—\Python\apex-trader-ai\actions-runner\_work\_temp\diag_repo\runs\20260221_071137_run22252533924_att1_success_1654179
2026-02-21T09:03:27.5765883Z [diag-logs 7841e14] diag: add one_tap report 20260221_180326_run22254040899_att1_cb77d37
2026-02-21T09:03:27.5769097Z  17 files changed, 10837 insertions(+), 3185 deletions(-)
2026-02-21T09:03:27.5772184Z  delete mode 100644 runs/20260221_071137_run22252533924_att1_success_1654179/ACTIONS_JOB_LOG_TAIL.txt
2026-02-21T09:03:27.5778150Z  delete mode 100644 runs/20260221_071137_run22252533924_att1_success_1654179/actions_logs.zip
2026-02-21T09:03:27.5781339Z  delete mode 100644 runs/20260221_074410_run22252976665_att1_success_394f773/ACTIONS_JOB_LOG_TAIL.txt
2026-02-21T09:03:27.5784694Z  delete mode 100644 runs/20260221_074410_run22252976665_att1_success_394f773/actions_logs.zip
2026-02-21T09:03:27.5787968Z  create mode 100644 runs/20260221_180326_run22254040899_att1_cb77d37/CSV_INDEX.md
2026-02-21T09:03:27.5791123Z  create mode 100644 runs/20260221_180326_run22254040899_att1_cb77d37/ONE_TAP_ERROR_REPORT.txt
2026-02-21T09:03:27.5794453Z  create mode 100644 runs/20260221_180326_run22254040899_att1_cb77d37/csv/EVAL_REPORT.json
2026-02-21T09:03:27.5800331Z  create mode 100644 runs/20260221_180326_run22254040899_att1_cb77d37/csv/EVAL_REPORT.md
2026-02-21T09:03:27.5803567Z  create mode 100644 runs/20260221_180326_run22254040899_att1_cb77d37/csv/stepA_prices_test_SOXL.csv
2026-02-21T09:03:27.5806855Z  create mode 100644 runs/20260221_180326_run22254040899_att1_cb77d37/csv/stepA_split_summary_SOXL.csv
2026-02-21T09:03:27.5810141Z  create mode 100644 runs/20260221_180326_run22254040899_att1_cb77d37/csv/stepB_pred_close_mamba_SOXL.csv
2026-02-21T09:03:27.5813980Z  create mode 100644 runs/20260221_180326_run22254040899_att1_cb77d37/csv/stepB_pred_close_mamba_periodic_SOXL.csv
2026-02-21T09:03:27.5820691Z  create mode 100644 runs/20260221_180326_run22254040899_att1_cb77d37/csv/stepB_pred_path_mamba_SOXL.csv
2026-02-21T09:03:27.5824479Z  create mode 100644 runs/20260221_180326_run22254040899_att1_cb77d37/csv/stepB_pred_path_mamba_periodic_SOXL.csv
2026-02-21T09:03:27.5828190Z  create mode 100644 runs/20260221_180326_run22254040899_att1_cb77d37/csv/stepB_pred_time_all_SOXL.csv
2026-02-21T09:03:29.0558213Z To https://github.com/toki866/ApexTraderAI.git
2026-02-21T09:03:29.0558962Z    7827e62..7841e14  diag-logs -> diag-logs

----- FILE: actions_logs/run/21_Publish diagnostics to Issue (always).txt -----
ï»¿2026-02-21T09:03:29.0966765Z ##[group]Run actions/github-script@v7
2026-02-21T09:03:29.0967101Z with:
2026-02-21T09:03:29.0971817Z   script: const fs = require('fs');
const path = require('path');

const owner = context.repo.owner;
const repo = context.repo.repo;

const reportPath = path.join(process.env.GITHUB_WORKSPACE, 'temp', 'ONE_TAP_ERROR_REPORT.txt');
let report = fs.existsSync(reportPath)
  ? fs.readFileSync(reportPath, 'utf8')
  : '(missing ONE_TAP_ERROR_REPORT.txt)';

if (report.length > 60000) report = report.slice(-60000);

const runUrl = `${context.serverUrl}/${owner}/${repo}/actions/runs/${context.runId}`;
const title = 'ApexTraderAI Diagnostics (latest)';
const attempt = process.env.GITHUB_RUN_ATTEMPT || '1';
const diagRunFolder = process.env.DIAG_RUN_FOLDER || 'LATEST_CSV.md';
const csvIndexUrl = diagRunFolder === 'LATEST_CSV.md'
  ? `${context.serverUrl}/${owner}/${repo}/blob/diag-logs/runs/LATEST_CSV.md`
  : `${context.serverUrl}/${owner}/${repo}/blob/diag-logs/runs/${diagRunFolder}/CSV_INDEX.md`;
const body = `Run: ${runUrl}\nSHA: ${context.sha}\nAttempt: ${attempt}\ndiag-logs csv_index: ${csvIndexUrl}\n\n\`\`\`text\n${report}\n\`\`\`\n`;

const { data: issues } = await github.rest.issues.listForRepo({
  owner,
  repo,
  state: 'open',
  per_page: 100
});
const existing = issues.find(i => i.title === title);

if (existing) {
  await github.rest.issues.update({ owner, repo, issue_number: existing.number, body });
} else {
  await github.rest.issues.create({ owner, repo, title, body });
}

2026-02-21T09:03:29.0977093Z   github-token: ***
2026-02-21T09:03:29.0977327Z   debug: false
2026-02-21T09:03:29.0977573Z   user-agent: actions/github-script
2026-02-21T09:03:29.0977830Z   result-encoding: json
2026-02-21T09:03:29.0978029Z   retries: 0
2026-02-21T09:03:29.0978244Z   retry-exempt-status-codes: 400,401,403,404,422
2026-02-21T09:03:29.0978512Z env:
2026-02-21T09:03:29.0978708Z   REPO_ROOT: C:\work\apex_repo_cache\ApexTraderAI
2026-02-21T09:03:29.0979049Z   DIAG_RUN_FOLDER: 20260221_180326_run22254040899_att1_cb77d37
2026-02-21T09:03:29.0979588Z ##[endgroup]

----- FILE: actions_logs/run/22_Collect diagnostics.txt -----
ï»¿2026-02-21T09:03:31.2479224Z ##[group]Run $ErrorActionPreference = 'Stop'
2026-02-21T09:03:31.2479744Z [36;1m$ErrorActionPreference = 'Stop'[0m
2026-02-21T09:03:31.2479994Z [36;1m[0m
2026-02-21T09:03:31.2480163Z [36;1mfunction Mask-Secrets {[0m
2026-02-21T09:03:31.2480392Z [36;1m  param([string]$Text)[0m
2026-02-21T09:03:31.2480603Z [36;1m[0m
2026-02-21T09:03:31.2480821Z [36;1m  if ([string]::IsNullOrEmpty($Text)) { return $Text }[0m
2026-02-21T09:03:31.2481113Z [36;1m[0m
2026-02-21T09:03:31.2481261Z [36;1m  $masked = $Text[0m
2026-02-21T09:03:31.2481661Z [36;1m  $masked = [regex]::Replace($masked, 'github_pat_[A-Za-z0-9_]{20,}', 'github_pat_***MASKED***')[0m
2026-02-21T09:03:31.2482308Z [36;1m  $masked = [regex]::Replace($masked, 'gh[pousr]_[A-Za-z0-9_]{20,}', 'gh***_***MASKED***')[0m
2026-02-21T09:03:31.2482922Z [36;1m  $masked = [regex]::Replace($masked, '(?im)\b(token|password|secret)\b\s*[:=]\s*\S+', '$1=***MASKED***')[0m
2026-02-21T09:03:31.2483387Z [36;1m  return $masked[0m
2026-02-21T09:03:31.2483604Z [36;1m}[0m
2026-02-21T09:03:31.2483751Z [36;1m[0m
2026-02-21T09:03:31.2483916Z [36;1mfunction Get-MaskedTail {[0m
2026-02-21T09:03:31.2484185Z [36;1m  param([0m
2026-02-21T09:03:31.2484387Z [36;1m    [string]$Path,[0m
2026-02-21T09:03:31.2484594Z [36;1m    [int]$Tail = 200[0m
2026-02-21T09:03:31.2484795Z [36;1m  )[0m
2026-02-21T09:03:31.2485090Z [36;1m[0m
2026-02-21T09:03:31.2485372Z [36;1m  if (-not (Test-Path $Path)) { return "(not found) $Path" }[0m
2026-02-21T09:03:31.2485909Z [36;1m  $raw = (Get-Content -Path $Path -Tail $Tail -ErrorAction SilentlyContinue) -join "`r`n"[0m
2026-02-21T09:03:31.2486370Z [36;1m  return (Mask-Secrets -Text $raw)[0m
2026-02-21T09:03:31.2486666Z [36;1m}[0m
2026-02-21T09:03:31.2486873Z [36;1m[0m
2026-02-21T09:03:31.2487104Z [36;1m$diagOut = Join-Path $env:RUNNER_TEMP 'diag_out'[0m
2026-02-21T09:03:31.2487501Z [36;1m$null = New-Item -Path $diagOut -ItemType Directory -Force[0m
2026-02-21T09:03:31.2487836Z [36;1m[0m
2026-02-21T09:03:31.2488021Z [36;1m$ws = $env:GITHUB_WORKSPACE[0m
2026-02-21T09:03:31.2488369Z [36;1m$runnerRoot = (Resolve-Path (Join-Path $ws '..\..\..')).Path[0m
2026-02-21T09:03:31.2488761Z [36;1m$runnerDiag = Join-Path $runnerRoot '_diag'[0m
2026-02-21T09:03:31.2489106Z [36;1m$runId = '22254040899'[0m
2026-02-21T09:03:31.2489380Z [36;1m$runAttempt = '1'[0m
2026-02-21T09:03:31.2489649Z [36;1m$sha = 'cb77d37b55b828f026f4f791a8813f54ca9b319e'[0m
2026-02-21T09:03:31.2501394Z [36;1m$branch = 'main'[0m
2026-02-21T09:03:31.2501877Z [36;1m$repo = 'toki866/ApexTraderAI'[0m
2026-02-21T09:03:31.2502310Z [36;1m$artifactName = "diag_full_${runId}_${runAttempt}"[0m
2026-02-21T09:03:31.2502630Z [36;1m[0m
2026-02-21T09:03:31.2502808Z [36;1m$latestRunnerLog = $null[0m
2026-02-21T09:03:31.2503068Z [36;1m$latestWorkerLog = $null[0m
2026-02-21T09:03:31.2503334Z [36;1mif (Test-Path $runnerDiag) {[0m
2026-02-21T09:03:31.2504664Z [36;1m  $latestRunnerLog = Get-ChildItem -Path $runnerDiag -Filter 'Runner_*.log' -File -ErrorAction SilentlyContinue | Sort-Object LastWriteTime -Descending | Select-Object -First 1[0m
2026-02-21T09:03:31.2506215Z [36;1m  $latestWorkerLog = Get-ChildItem -Path $runnerDiag -Filter 'Worker_*.log' -File -ErrorAction SilentlyContinue | Sort-Object LastWriteTime -Descending | Select-Object -First 1[0m
2026-02-21T09:03:31.2507347Z [36;1m}[0m
2026-02-21T09:03:31.2507507Z [36;1m[0m
2026-02-21T09:03:31.2507825Z [36;1m$workflowLog = Join-Path $env:RUNNER_TEMP 'run_all_local_then_copy_console.log'[0m
2026-02-21T09:03:31.2508374Z [36;1m$runLogPath = 'C:\work\apex_work\runs\20260221_180154\logs\run_20260221_180154.log'[0m
2026-02-21T09:03:31.2509360Z [36;1m$stepSummaryGlob = Join-Path $env:RUNNER_TEMP 'step_summary_*'[0m
2026-02-21T09:03:31.2509963Z [36;1m$oneTapReportWorkspace = Join-Path $env:GITHUB_WORKSPACE 'temp\ONE_TAP_ERROR_REPORT.txt'[0m
2026-02-21T09:03:31.2510396Z [36;1m[0m
2026-02-21T09:03:31.2511599Z [36;1mif ($latestRunnerLog) { Copy-Item -Path $latestRunnerLog.FullName -Destination (Join-Path $diagOut $latestRunnerLog.Name) -Force }[0m
2026-02-21T09:03:31.2517625Z [36;1mif ($latestWorkerLog) { Copy-Item -Path $latestWorkerLog.FullName -Destination (Join-Path $diagOut $latestWorkerLog.Name) -Force }[0m
2026-02-21T09:03:31.2518827Z [36;1mif (Test-Path $workflowLog) { Copy-Item -Path $workflowLog -Destination (Join-Path $diagOut 'workflow_console.log') -Force }[0m
2026-02-21T09:03:31.2520003Z [36;1mif ($runLogPath -and (Test-Path $runLogPath)) { Copy-Item -Path $runLogPath -Destination (Join-Path $diagOut (Split-Path $runLogPath -Leaf)) -Force }[0m
2026-02-21T09:03:31.2521423Z [36;1mif (Test-Path $oneTapReportWorkspace) { Copy-Item -Path $oneTapReportWorkspace -Destination (Join-Path $diagOut 'ONE_TAP_ERROR_REPORT.txt') -Force }[0m
2026-02-21T09:03:31.2522624Z [36;1mGet-ChildItem -Path $stepSummaryGlob -File -ErrorAction SilentlyContinue | ForEach-Object {[0m
2026-02-21T09:03:31.2523280Z [36;1m  Copy-Item -Path $_.FullName -Destination (Join-Path $diagOut $_.Name) -Force[0m
2026-02-21T09:03:31.2524101Z [36;1m}[0m
2026-02-21T09:03:31.2524309Z [36;1m[0m
2026-02-21T09:03:31.2524573Z [36;1mforeach ($subDir in @('pages', 'blocks')) {[0m
2026-02-21T09:03:31.2524900Z [36;1m  $src = Join-Path $runnerDiag $subDir[0m
2026-02-21T09:03:31.2525211Z [36;1m  if (Test-Path $src) {[0m
2026-02-21T09:03:31.2525766Z [36;1m    Copy-Item -Path $src -Destination (Join-Path $diagOut $subDir) -Recurse -Force[0m
2026-02-21T09:03:31.2526443Z [36;1m  }[0m
2026-02-21T09:03:31.2526713Z [36;1m}[0m
2026-02-21T09:03:31.2526907Z [36;1m[0m
2026-02-21T09:03:31.2527481Z [36;1m$runnerTailText = if ($latestRunnerLog) { Get-MaskedTail -Path $latestRunnerLog.FullName -Tail 200 } else { '(runner diag not found)' }[0m
2026-02-21T09:03:31.2528417Z [36;1m$workflowTailText = if (Test-Path $workflowLog) { Get-MaskedTail -Path $workflowLog -Tail 200 } else { '(workflow log not found)' }[0m
2026-02-21T09:03:31.2528996Z [36;1m[0m
2026-02-21T09:03:31.2529217Z [36;1m$summaryPath = Join-Path $diagOut 'summary.md'[0m
2026-02-21T09:03:31.2529509Z [36;1m$summary = @([0m
2026-02-21T09:03:31.2529709Z [36;1m  '# Diagnostics Summary',[0m
2026-02-21T09:03:31.2529931Z [36;1m  '',[0m
2026-02-21T09:03:31.2530105Z [36;1m  "- repo: $repo",[0m
2026-02-21T09:03:31.2530316Z [36;1m  "- branch: $branch",[0m
2026-02-21T09:03:31.2530536Z [36;1m  "- sha: $sha",[0m
2026-02-21T09:03:31.2530733Z [36;1m  "- run_id: $runId",[0m
2026-02-21T09:03:31.2531010Z [36;1m  "- attempt: $runAttempt",[0m
2026-02-21T09:03:31.2531295Z [36;1m  "- failing_step: $env:FAILING_STEP",[0m
2026-02-21T09:03:31.2531585Z [36;1m  "- artifact_name: $artifactName",[0m
2026-02-21T09:03:31.2531905Z [36;1m  '- one_tap_report: See ONE_TAP_ERROR_REPORT.txt',[0m
2026-02-21T09:03:31.2532188Z [36;1m  '',[0m
2026-02-21T09:03:31.2532390Z [36;1m  '## runner_diag_tail (last 200 lines)',[0m
2026-02-21T09:03:31.2532653Z [36;1m  '```text',[0m
2026-02-21T09:03:31.2532844Z [36;1m  $runnerTailText,[0m
2026-02-21T09:03:31.2533050Z [36;1m  '```',[0m
2026-02-21T09:03:31.2533217Z [36;1m  '',[0m
2026-02-21T09:03:31.2533429Z [36;1m  '## workflow_tail (last 200 lines)',[0m
2026-02-21T09:03:31.2533710Z [36;1m  '```text',[0m
2026-02-21T09:03:31.2533902Z [36;1m  $workflowTailText,[0m
2026-02-21T09:03:31.2534106Z [36;1m  '```'[0m
2026-02-21T09:03:31.2534273Z [36;1m) -join "`r`n"[0m
2026-02-21T09:03:31.2534506Z [36;1m$summary = Mask-Secrets -Text $summary[0m
2026-02-21T09:03:31.2534881Z [36;1mSet-Content -Path $summaryPath -Value $summary -Encoding UTF8[0m
2026-02-21T09:03:31.2535387Z [36;1m[0m
2026-02-21T09:03:31.2535658Z [36;1m$runnerTailPath = Join-Path $diagOut 'runner_diag_tail.txt'[0m
2026-02-21T09:03:31.2536190Z [36;1mSet-Content -Path $runnerTailPath -Value $runnerTailText -Encoding UTF8[0m
2026-02-21T09:03:31.2536705Z [36;1m$workflowTailPath = Join-Path $diagOut 'workflow_tail.txt'[0m
2026-02-21T09:03:31.2537515Z [36;1mSet-Content -Path $workflowTailPath -Value $workflowTailText -Encoding UTF8[0m
2026-02-21T09:03:31.2538759Z [36;1m[0m
2026-02-21T09:03:31.2539045Z [36;1m$fullZip = Join-Path $env:RUNNER_TEMP ("{0}.zip" -f $artifactName)[0m
2026-02-21T09:03:31.2539501Z [36;1mif (Test-Path $fullZip) { Remove-Item $fullZip -Force }[0m
2026-02-21T09:03:31.2540015Z [36;1mCompress-Archive -Path (Join-Path $diagOut '*') -DestinationPath $fullZip -Force[0m
2026-02-21T09:03:31.2540449Z [36;1m[0m
2026-02-21T09:03:31.2540822Z [36;1m"diag_out=$diagOut" | Out-File -FilePath $env:GITHUB_OUTPUT -Encoding utf8 -Append[0m
2026-02-21T09:03:31.2541448Z [36;1m"diag_summary=$summaryPath" | Out-File -FilePath $env:GITHUB_OUTPUT -Encoding utf8 -Append[0m
2026-02-21T09:03:31.2542143Z [36;1m"diag_runner_tail=$runnerTailPath" | Out-File -FilePath $env:GITHUB_OUTPUT -Encoding utf8 -Append[0m
2026-02-21T09:03:31.2542875Z [36;1m"diag_workflow_tail=$workflowTailPath" | Out-File -FilePath $env:GITHUB_OUTPUT -Encoding utf8 -Append[0m
2026-02-21T09:03:31.2543570Z [36;1m"diag_zip=$fullZip" | Out-File -FilePath $env:GITHUB_OUTPUT -Encoding utf8 -Append[0m
2026-02-21T09:03:31.2544214Z [36;1m"diag_artifact_name=$artifactName" | Out-File -FilePath $env:GITHUB_OUTPUT -Encoding utf8 -Append[0m
2026-02-21T09:03:31.2562668Z shell: C:\Windows\System32\WindowsPowerShell\v1.0\powershell.EXE -NoProfile -ExecutionPolicy Bypass -Command "{0}"
2026-02-21T09:03:31.2563185Z env:
2026-02-21T09:03:31.2563383Z   REPO_ROOT: C:\work\apex_repo_cache\ApexTraderAI
2026-02-21T09:03:31.2563664Z   FAILING_STEP: unknown
2026-02-21T09:03:31.2563843Z ##[endgroup]

----- FILE: actions_logs/run/23_Upload full diagnostics artifact.txt -----
ï»¿2026-02-21T09:03:32.8897562Z ##[group]Run actions/upload-artifact@v4
2026-02-21T09:03:32.8897901Z with:
2026-02-21T09:03:32.8898079Z   name: diag_full_22254040899_1
2026-02-21T09:03:32.8898312Z   if-no-files-found: warn
2026-02-21T09:03:32.8898513Z   retention-days: 7
2026-02-21T09:03:32.8898969Z   path: C:\Users\becky\OneDrive\ãƒ‡ã‚¹ã‚¯ãƒˆãƒƒãƒ—\Python\apex-trader-ai\actions-runner\_work\_temp\diag_full_22254040899_1.zip
2026-02-21T09:03:32.8899501Z   compression-level: 6
2026-02-21T09:03:32.8899699Z   overwrite: false
2026-02-21T09:03:32.8899887Z   include-hidden-files: false
2026-02-21T09:03:32.8900098Z env:
2026-02-21T09:03:32.8900295Z   REPO_ROOT: C:\work\apex_repo_cache\ApexTraderAI
2026-02-21T09:03:32.8900567Z ##[endgroup]
2026-02-21T09:03:33.2185452Z With the provided path, there will be 1 file uploaded
2026-02-21T09:03:33.2188593Z Artifact name is valid!
2026-02-21T09:03:33.2191652Z Root directory input is valid!
2026-02-21T09:03:33.8259440Z Beginning upload of artifact content to blob storage
2026-02-21T09:03:34.9143327Z Uploaded bytes 91585
2026-02-21T09:03:35.0903622Z Finished uploading artifact content to blob storage!
2026-02-21T09:03:35.0908106Z SHA256 digest of uploaded artifact zip is c43a498c50d4782d83783546dd862f617fd2732346d79eaa1f6526cc99e899fd
2026-02-21T09:03:35.0910524Z Finalizing artifact upload
2026-02-21T09:03:35.3265888Z Artifact diag_full_22254040899_1.zip successfully finalized. Artifact ID 5600557028
2026-02-21T09:03:35.3270456Z Artifact diag_full_22254040899_1 has been successfully uploaded! Final size is 91585 bytes. Artifact ID is 5600557028
2026-02-21T09:03:35.3277559Z Artifact download URL: https://github.com/toki866/ApexTraderAI/actions/runs/22254040899/artifacts/5600557028

----- FILE: actions_logs/run/24_Upload diagnostics artifact.txt -----
ï»¿2026-02-21T09:03:35.3913587Z ##[group]Run actions/upload-artifact@v4
2026-02-21T09:03:35.3913990Z with:
2026-02-21T09:03:35.3914194Z   name: diagnostics
2026-02-21T09:03:35.3914397Z   if-no-files-found: warn
2026-02-21T09:03:35.3914625Z   path: _diagnostics/**/*
2026-02-21T09:03:35.3914892Z   compression-level: 6
2026-02-21T09:03:35.3915113Z   overwrite: false
2026-02-21T09:03:35.3915315Z   include-hidden-files: false
2026-02-21T09:03:35.3915548Z env:
2026-02-21T09:03:35.3915760Z   REPO_ROOT: C:\work\apex_repo_cache\ApexTraderAI
2026-02-21T09:03:35.3916049Z ##[endgroup]
2026-02-21T09:03:35.6797313Z ##[warning]No files were found with the provided path: _diagnostics/**/*. No artifacts will be uploaded.

----- FILE: actions_logs/run/25_Complete job.txt -----
ï»¿2026-02-21T09:03:35.6920026Z Cleaning up orphan processes

----- FILE: actions_logs/run/2_Prepare repo in C_work (no OneDrive cleanup).txt -----
ï»¿2026-02-21T09:01:49.0857659Z ##[group]Run $ErrorActionPreference = 'Stop'
2026-02-21T09:01:49.0858797Z [36;1m$ErrorActionPreference = 'Stop'[0m
2026-02-21T09:01:49.0859240Z [36;1mgit config --global core.longpaths true[0m
2026-02-21T09:01:49.0859548Z [36;1m[0m
2026-02-21T09:01:49.0860501Z [36;1m$repoUrl = "***github.com/toki866/ApexTraderAI.git"[0m
2026-02-21T09:01:49.0860921Z [36;1m$cacheRoot = "C:\work\apex_repo_cache"[0m
2026-02-21T09:01:49.0861273Z [36;1m$repoDir = Join-Path $cacheRoot "ApexTraderAI"[0m
2026-02-21T09:01:49.0861578Z [36;1m[0m
2026-02-21T09:01:49.0861884Z [36;1mNew-Item -Path $cacheRoot -ItemType Directory -Force | Out-Null[0m
2026-02-21T09:01:49.0862250Z [36;1m[0m
2026-02-21T09:01:49.0862507Z [36;1mif (!(Test-Path (Join-Path $repoDir ".git"))) {[0m
2026-02-21T09:01:49.0862874Z [36;1m  Write-Host "[repo] cloning to $repoDir"[0m
2026-02-21T09:01:49.0865353Z [36;1m  if (Test-Path $repoDir) { Remove-Item -Path $repoDir -Recurse -Force -ErrorAction SilentlyContinue }[0m
2026-02-21T09:01:49.0866128Z [36;1m  git clone $repoUrl $repoDir[0m
2026-02-21T09:01:49.0866529Z [36;1m  if ($LASTEXITCODE -ne 0) { throw "git clone failed (exit=$LASTEXITCODE)" }[0m
2026-02-21T09:01:49.0866920Z [36;1m} else {[0m
2026-02-21T09:01:49.0867222Z [36;1m  Write-Host "[repo] fetch/reset in $repoDir"[0m
2026-02-21T09:01:49.0867650Z [36;1m  git -C $repoDir remote set-url origin $repoUrl | Out-Null[0m
2026-02-21T09:01:49.0868048Z [36;1m  git -C $repoDir fetch --force --prune origin[0m
2026-02-21T09:01:49.0868482Z [36;1m  if ($LASTEXITCODE -ne 0) { throw "git fetch failed (exit=$LASTEXITCODE)" }[0m
2026-02-21T09:01:49.0868879Z [36;1m}[0m
2026-02-21T09:01:49.0869065Z [36;1m[0m
2026-02-21T09:01:49.0869296Z [36;1mgit -C $repoDir checkout -f $env:GITHUB_SHA[0m
2026-02-21T09:01:49.0869809Z [36;1mif ($LASTEXITCODE -ne 0) { throw "git checkout SHA failed (exit=$LASTEXITCODE)" }[0m
2026-02-21T09:01:49.0870282Z [36;1mgit -C $repoDir reset --hard $env:GITHUB_SHA[0m
2026-02-21T09:01:49.0870743Z [36;1mif ($LASTEXITCODE -ne 0) { throw "git reset SHA failed (exit=$LASTEXITCODE)" }[0m
2026-02-21T09:01:49.0871182Z [36;1mgit -C $repoDir clean -ffdx[0m
2026-02-21T09:01:49.0871597Z [36;1mif ($LASTEXITCODE -ne 0) { throw "git clean failed (exit=$LASTEXITCODE)" }[0m
2026-02-21T09:01:49.0871989Z [36;1m[0m
2026-02-21T09:01:49.0872328Z [36;1mgit config --global --add safe.directory $repoDir[0m
2026-02-21T09:01:49.0872652Z [36;1m[0m
2026-02-21T09:01:49.0872947Z [36;1mAdd-Content -Path $env:GITHUB_ENV -Value "REPO_ROOT=$repoDir"[0m
2026-02-21T09:01:49.0873427Z [36;1mWrite-Host "REPO_ROOT=$repoDir"[0m
2026-02-21T09:01:49.0873780Z [36;1m$headShort = git -C $repoDir rev-parse --short HEAD[0m
2026-02-21T09:01:49.0874128Z [36;1mWrite-Host "HEAD=$headShort"[0m
2026-02-21T09:01:49.0899399Z shell: C:\Windows\System32\WindowsPowerShell\v1.0\powershell.EXE -NoProfile -ExecutionPolicy Bypass -Command "{0}"
2026-02-21T09:01:49.0900581Z env:
2026-02-21T09:01:49.0916889Z   GIT_TERMINAL_PROMPT: 0
2026-02-21T09:01:49.0917439Z ##[endgroup]
2026-02-21T09:01:49.3929437Z [repo] fetch/reset in C:\work\apex_repo_cache\ApexTraderAI
2026-02-21T09:01:50.9572496Z From https://github.com/toki866/ApexTraderAI
2026-02-21T09:01:50.9573450Z    fa3d6d6..7827e62  diag-logs  -> origin/diag-logs
2026-02-21T09:01:51.0140056Z HEAD is now at cb77d37 Merge pull request #67 from toki866/codex/add-automatic-evaluation-for-run-outputs
2026-02-21T09:01:51.0476891Z HEAD is now at cb77d37 Merge pull request #67 from toki866/codex/add-automatic-evaluation-for-run-outputs
2026-02-21T09:01:51.0919777Z Removing ai_core/__pycache__/
2026-02-21T09:01:51.0920299Z Removing ai_core/config/__pycache__/
2026-02-21T09:01:51.0920626Z Removing ai_core/services/__pycache__/
2026-02-21T09:01:51.0920927Z Removing ai_core/types/__pycache__/
2026-02-21T09:01:51.0921233Z Removing ai_core/utils/__pycache__/
2026-02-21T09:01:51.0921498Z Removing output/
2026-02-21T09:01:51.0921713Z Removing temp/
2026-02-21T09:01:51.1894315Z REPO_ROOT=C:\work\apex_repo_cache\ApexTraderAI
2026-02-21T09:01:51.2257409Z HEAD=cb77d37

----- FILE: actions_logs/run/3_Initialize ONE_TAP error report.txt -----
ï»¿2026-02-21T09:01:51.2660319Z ##[group]Run $ErrorActionPreference = 'Stop'
2026-02-21T09:01:51.2660845Z [36;1m$ErrorActionPreference = 'Stop'[0m
2026-02-21T09:01:51.2661202Z [36;1m$reportDir = Join-Path $env:GITHUB_WORKSPACE 'temp'[0m
2026-02-21T09:01:51.2661624Z [36;1m$null = New-Item -Path $reportDir -ItemType Directory -Force[0m
2026-02-21T09:01:51.2662061Z [36;1m$reportPath = Join-Path $reportDir 'ONE_TAP_ERROR_REPORT.txt'[0m
2026-02-21T09:01:51.2662411Z [36;1m[0m
2026-02-21T09:01:51.2662560Z [36;1m@([0m
2026-02-21T09:01:51.2662746Z [36;1m  '=== ONE TAP ERROR REPORT ===',[0m
2026-02-21T09:01:51.2663118Z [36;1m  ('timestamp={0}' -f (Get-Date -Format 'yyyy-MM-dd HH:mm:ss zzz')),[0m
2026-02-21T09:01:51.2663590Z [36;1m  ('repo=toki866/ApexTraderAI'),[0m
2026-02-21T09:01:51.2664021Z [36;1m  ('ref=refs/heads/main'),[0m
2026-02-21T09:01:51.2664338Z [36;1m  ('sha=cb77d37b55b828f026f4f791a8813f54ca9b319e'),[0m
2026-02-21T09:01:51.2664681Z [36;1m  ('run_id=22254040899'),[0m
2026-02-21T09:01:51.2664927Z [36;1m  ('run_attempt=1'),[0m
2026-02-21T09:01:51.2665184Z [36;1m  ''[0m
2026-02-21T09:01:51.2665427Z [36;1m) | Set-Content -Path $reportPath -Encoding UTF8[0m
2026-02-21T09:01:51.2665729Z [36;1m[0m
2026-02-21T09:01:51.2665980Z [36;1mAdd-Content -Path $reportPath -Value @([0m
2026-02-21T09:01:51.2666331Z [36;1m  '[STEP] initialize_one_tap_report',[0m
2026-02-21T09:01:51.2666605Z [36;1m  '[OK] report initialized',[0m
2026-02-21T09:01:51.2666868Z [36;1m  ('[PATH] {0}' -f $reportPath),[0m
2026-02-21T09:01:51.2667161Z [36;1m  ('[INFO] REPO_ROOT={0}' -f $env:REPO_ROOT),[0m
2026-02-21T09:01:51.2667599Z [36;1m  ('[INFO] HEAD={0}' -f (git -C $env:REPO_ROOT rev-parse --short HEAD)),[0m
2026-02-21T09:01:51.2667981Z [36;1m  ''[0m
2026-02-21T09:01:51.2668145Z [36;1m)[0m
2026-02-21T09:01:51.2686727Z shell: C:\Windows\System32\WindowsPowerShell\v1.0\powershell.EXE -NoProfile -ExecutionPolicy Bypass -Command "{0}"
2026-02-21T09:01:51.2687353Z env:
2026-02-21T09:01:51.2687605Z   REPO_ROOT: C:\work\apex_repo_cache\ApexTraderAI
2026-02-21T09:01:51.2687923Z ##[endgroup]

----- FILE: actions_logs/run/4_Verify scripts directory (post-prepare).txt -----
ï»¿2026-02-21T09:01:51.5640030Z ##[group]Run $ErrorActionPreference='Stop'
2026-02-21T09:01:51.5640699Z [36;1m$ErrorActionPreference='Stop'[0m
2026-02-21T09:01:51.5640979Z [36;1m$repoRoot = $env:REPO_ROOT[0m
2026-02-21T09:01:51.5641227Z [36;1mSet-Location $repoRoot[0m
2026-02-21T09:01:51.5641630Z [36;1mWrite-Host "***"[0m
2026-02-21T09:01:51.5641919Z [36;1mWrite-Host "HEAD=$(git rev-parse --short HEAD)"[0m
2026-02-21T09:01:51.5642274Z [36;1mWrite-Host "=== workspace listing ==="[0m
2026-02-21T09:01:51.5642752Z [36;1mGet-ChildItem -Path $repoRoot | Select-Object Name, FullName | Format-Table -AutoSize[0m
2026-02-21T09:01:51.5643256Z [36;1m$scriptsDir = Join-Path $repoRoot 'scripts'[0m
2026-02-21T09:01:51.5643583Z [36;1mWrite-Host "scripts_dir=$scriptsDir"[0m
2026-02-21T09:01:51.5644790Z [36;1mif (!(Test-Path $scriptsDir)) { throw "scripts directory not found: $scriptsDir" }[0m
2026-02-21T09:01:51.5645468Z [36;1mGet-ChildItem -Path $scriptsDir | Select-Object Name, Length, LastWriteTime | Format-Table -AutoSize[0m
2026-02-21T09:01:51.5661874Z shell: C:\Windows\System32\WindowsPowerShell\v1.0\powershell.EXE -NoProfile -ExecutionPolicy Bypass -Command "{0}"
2026-02-21T09:01:51.5662369Z env:
2026-02-21T09:01:51.5662559Z   REPO_ROOT: C:\work\apex_repo_cache\ApexTraderAI
2026-02-21T09:01:51.5662835Z ##[endgroup]
2026-02-21T09:01:51.8037472Z ***
2026-02-21T09:01:51.8510083Z HEAD=cb77d37
2026-02-21T09:01:51.8529127Z === workspace listing ===
2026-02-21T09:01:51.8882046Z 
2026-02-21T09:01:51.9098074Z Name                                               FullName                                                            
2026-02-21T09:01:51.9100203Z ----                                               --------                                                            
2026-02-21T09:01:51.9102589Z .github                                            C:\work\apex_repo_cache\ApexTraderAI\.github                        
2026-02-21T09:01:51.9105023Z ai_core                                            C:\work\apex_repo_cache\ApexTraderAI\ai_core                        
2026-02-21T09:01:51.9107465Z archive                                            C:\work\apex_repo_cache\ApexTraderAI\archive                        
2026-02-21T09:01:51.9109757Z config                                             C:\work\apex_repo_cache\ApexTraderAI\config                         
2026-02-21T09:01:51.9110814Z data                                               C:\work\apex_repo_cache\ApexTraderAI\data                           
2026-02-21T09:01:51.9111798Z docs                                               C:\work\apex_repo_cache\ApexTraderAI\docs                           
2026-02-21T09:01:51.9112717Z engine                                             C:\work\apex_repo_cache\ApexTraderAI\engine                         
2026-02-21T09:01:51.9113777Z scripts                                            C:\work\apex_repo_cache\ApexTraderAI\scripts                        
2026-02-21T09:01:51.9114641Z specs                                              C:\work\apex_repo_cache\ApexTraderAI\specs                          
2026-02-21T09:01:51.9115622Z tools                                              C:\work\apex_repo_cache\ApexTraderAI\tools                          
2026-02-21T09:01:51.9116593Z .gitignore                                         C:\work\apex_repo_cache\ApexTraderAI\.gitignore                     
2026-02-21T09:01:51.9117552Z AGENTS.md                                          C:\work\apex_repo_cache\ApexTraderAI\AGENTS.md                      
2026-02-21T09:01:51.9118594Z auto_trader.py                                     C:\work\apex_repo_cache\ApexTraderAI\auto_trader.py                 
2026-02-21T09:01:51.9119436Z main_v0_6.py                                       C:\work\apex_repo_cache\ApexTraderAI\main_v0_6.py                   
2026-02-21T09:01:51.9120432Z README.md                                          C:\work\apex_repo_cache\ApexTraderAI\README.md                      
2026-02-21T09:01:51.9121364Z requirements.txt                                   C:\work\apex_repo_cache\ApexTraderAI\requirements.txt               
2026-02-21T09:01:51.9124667Z run_stepd_prime.py                                 C:\work\apex_repo_cache\ApexTraderAI\run_stepd_prime.py             
2026-02-21T09:01:51.9125806Z run_steps_a_f_headless.py                          C:\work\apex_repo_cache\ApexTraderAI\run_steps_a_f_headless.py      
2026-02-21T09:01:51.9126834Z run_steps_a_f_headless_safe3_lazy_import.py        C:\work\apex_repo_cache\ApexTraderAI\run_steps_a_f_headless_safe3...
2026-02-21T09:01:51.9142062Z run_steps_a_f_headless_safe4_force_stepb_agents.py C:\work\apex_repo_cache\ApexTraderAI\run_steps_a_f_headless_safe4...
2026-02-21T09:01:51.9142821Z 
2026-02-21T09:01:51.9143127Z 
2026-02-21T09:01:51.9175551Z scripts_dir=C:\work\apex_repo_cache\ApexTraderAI\scripts
2026-02-21T09:01:51.9241659Z 
2026-02-21T09:01:51.9273441Z Name                                Length LastWriteTime      
2026-02-21T09:01:51.9274139Z ----                                ------ -------------      
2026-02-21T09:01:51.9275046Z bat_config.bat                        1651 2026/02/21 10:12:46
2026-02-21T09:01:51.9276000Z copy_run_to_onedrive.bat              1072 2026/02/21 10:12:46
2026-02-21T09:01:51.9282232Z doctor.bat                            1973 2026/02/21 10:12:46
2026-02-21T09:01:51.9284593Z evaluate_run_outputs.py              14936 2026/02/21 17:55:58
2026-02-21T09:01:51.9286924Z package_diagnostics.ps1                801 2026/02/21 10:12:46
2026-02-21T09:01:51.9289319Z package_diagnostics_to_onedrive.ps1   3248 2026/02/21 10:51:29
2026-02-21T09:01:51.9291776Z run_all_local_then_copy.bat           9168 2026/02/21 13:42:05
2026-02-21T09:01:51.9292038Z 
2026-02-21T09:01:51.9292048Z 

----- FILE: actions_logs/run/5_Debug shells.txt -----
ï»¿2026-02-21T09:01:51.9786596Z ##[group]Run echo RUNNER_OS=%RUNNER_OS%
2026-02-21T09:01:51.9787015Z [36;1mecho RUNNER_OS=%RUNNER_OS%[0m
2026-02-21T09:01:51.9787259Z [36;1mecho === powershell path ===[0m
2026-02-21T09:01:51.9787510Z [36;1mwhere powershell >nul 2>&1[0m
2026-02-21T09:01:51.9787748Z [36;1mif %ERRORLEVEL% EQU 0 ([0m
2026-02-21T09:01:51.9787968Z [36;1m  where powershell[0m
2026-02-21T09:01:51.9788174Z [36;1m) else ([0m
2026-02-21T09:01:51.9788386Z [36;1m  echo powershell_not_found[0m
2026-02-21T09:01:51.9788621Z [36;1m)[0m
2026-02-21T09:01:51.9788809Z [36;1mecho === pwsh path (optional) ===[0m
2026-02-21T09:01:51.9789069Z [36;1mwhere pwsh >nul 2>&1[0m
2026-02-21T09:01:51.9789276Z [36;1mif %ERRORLEVEL% EQU 0 ([0m
2026-02-21T09:01:51.9789490Z [36;1m  pwsh -v[0m
2026-02-21T09:01:51.9789662Z [36;1m) else ([0m
2026-02-21T09:01:51.9789843Z [36;1m  echo pwsh_not_found (OK)[0m
2026-02-21T09:01:51.9790064Z [36;1m)[0m
2026-02-21T09:01:51.9790205Z [36;1mexit /b 0[0m
2026-02-21T09:01:51.9795729Z shell: C:\Windows\system32\cmd.EXE /D /E:ON /V:OFF /S /C "CALL "{0}""
2026-02-21T09:01:51.9796085Z env:
2026-02-21T09:01:51.9796279Z   REPO_ROOT: C:\work\apex_repo_cache\ApexTraderAI
2026-02-21T09:01:51.9796543Z ##[endgroup]
2026-02-21T09:01:52.0046422Z RUNNER_OS=Windows
2026-02-21T09:01:52.0046762Z === powershell path ===
2026-02-21T09:01:52.2497851Z C:\Windows\System32\WindowsPowerShell\v1.0\powershell.exe
2026-02-21T09:01:52.2567904Z === pwsh path (optional) ===
2026-02-21T09:01:52.3714859Z pwsh_not_found (OK

----- FILE: actions_logs/run/6_Debug python environment.txt -----
ï»¿2026-02-21T09:01:52.3841156Z ##[group]Run where python
2026-02-21T09:01:52.3841514Z [36;1mwhere python[0m
2026-02-21T09:01:52.3841712Z [36;1mpython --version[0m
2026-02-21T09:01:52.3841925Z [36;1mecho RUNNER_TEMP=%RUNNER_TEMP%[0m
2026-02-21T09:01:52.3842206Z [36;1mecho GITHUB_WORKSPACE=%GITHUB_WORKSPACE%[0m
2026-02-21T09:01:52.3846745Z shell: C:\Windows\system32\cmd.EXE /D /E:ON /V:OFF /S /C "CALL "{0}""
2026-02-21T09:01:52.3847094Z env:
2026-02-21T09:01:52.3847309Z   REPO_ROOT: C:\work\apex_repo_cache\ApexTraderAI
2026-02-21T09:01:52.3847624Z ##[endgroup]
2026-02-21T09:01:52.5172479Z C:\Users\becky\AppData\Local\Programs\Python\Python310\python.exe
2026-02-21T09:01:52.5371713Z Python 3.10.6
2026-02-21T09:01:52.5381825Z RUNNER_TEMP=C:\Users\becky\OneDrive\ãƒ‡ã‚¹ã‚¯ãƒˆãƒƒãƒ—\Python\apex-trader-ai\actions-runner\_work\_temp
2026-02-21T09:01:52.5385811Z GITHUB_WORKSPACE=C:\Users\becky\OneDrive\ãƒ‡ã‚¹ã‚¯ãƒˆãƒƒãƒ—\Python\apex-trader-ai\actions-runner\_work\ApexTraderAI\ApexTraderAI

----- FILE: actions_logs/run/7_Verify required scripts.txt -----
ï»¿2026-02-21T09:01:52.5541178Z ##[group]Run $ErrorActionPreference = 'Stop'
2026-02-21T09:01:52.5541668Z [36;1m$ErrorActionPreference = 'Stop'[0m
2026-02-21T09:01:52.5541936Z [36;1mSet-Location $env:REPO_ROOT[0m
2026-02-21T09:01:52.5542152Z [36;1m[0m
2026-02-21T09:01:52.5542366Z [36;1m$reportDir = Join-Path $env:REPO_ROOT 'temp'[0m
2026-02-21T09:01:52.5542740Z [36;1m$null = New-Item -Path $reportDir -ItemType Directory -Force[0m
2026-02-21T09:01:52.5543193Z [36;1m$reportPath = Join-Path $reportDir 'ONE_TAP_ERROR_REPORT.txt'[0m
2026-02-21T09:01:52.5543719Z [36;1m[0m
2026-02-21T09:01:52.5543912Z [36;1mAdd-Content -Path $reportPath -Value @([0m
2026-02-21T09:01:52.5544203Z [36;1m  '[STEP] verify_required_scripts',[0m
2026-02-21T09:01:52.5544493Z [36;1m  ('[INFO] REPO_ROOT={0}' -f $env:REPO_ROOT),[0m
2026-02-21T09:01:52.5544841Z [36;1m  ('[INFO] GITHUB_WORKSPACE={0}' -f $env:GITHUB_WORKSPACE),[0m
2026-02-21T09:01:52.5545524Z [36;1m  ('[INFO] ***' -f $PWD),[0m
2026-02-21T09:01:52.5545742Z [36;1m  ''[0m
2026-02-21T09:01:52.5545936Z [36;1m)[0m
2026-02-21T09:01:52.5546079Z [36;1m[0m
2026-02-21T09:01:52.5546273Z [36;1mWrite-Host '=== Verify scripts directory ==='[0m
2026-02-21T09:01:52.5546578Z [36;1mWrite-Host "REPO_ROOT=$env:REPO_ROOT"[0m
2026-02-21T09:01:52.5546904Z [36;1m$headShort = git rev-parse --short HEAD 2>$null[0m
2026-02-21T09:01:52.5547234Z [36;1mif ($LASTEXITCODE -eq 0 -and $headShort) {[0m
2026-02-21T09:01:52.5547553Z [36;1m  Write-Host ("HEAD={0}" -f $headShort.Trim())[0m
2026-02-21T09:01:52.5547821Z [36;1m} else {[0m
2026-02-21T09:01:52.5548115Z [36;1m  Write-Warning 'Unable to resolve HEAD via git rev-parse --short HEAD'[0m
2026-02-21T09:01:52.5548463Z [36;1m}[0m
2026-02-21T09:01:52.5548808Z [36;1mWrite-Host 'git ls-files scripts (best effort):'[0m
2026-02-21T09:01:52.5549085Z [36;1mgit ls-files scripts 2>$null[0m
2026-02-21T09:01:52.5549356Z [36;1m$scriptsDir = Join-Path $env:REPO_ROOT 'scripts'[0m
2026-02-21T09:01:52.5549657Z [36;1mWrite-Host "scripts_dir=$scriptsDir"[0m
2026-02-21T09:01:52.5549914Z [36;1mif (Test-Path $scriptsDir) {[0m
2026-02-21T09:01:52.5550360Z [36;1m  Get-ChildItem -Path $scriptsDir | Select-Object Name, Length, LastWriteTime | Format-Table -AutoSize[0m
2026-02-21T09:01:52.5550803Z [36;1m} else {[0m
2026-02-21T09:01:52.5551050Z [36;1m  Write-Warning "scripts directory not found: $scriptsDir"[0m
2026-02-21T09:01:52.5551349Z [36;1m}[0m
2026-02-21T09:01:52.5551486Z [36;1m[0m
2026-02-21T09:01:52.5551638Z [36;1m$expected = @([0m
2026-02-21T09:01:52.5551919Z [36;1m  (Join-Path $env:REPO_ROOT 'scripts\run_all_local_then_copy.bat'),[0m
2026-02-21T09:01:52.5552342Z [36;1m  (Join-Path $env:REPO_ROOT 'scripts\package_diagnostics.ps1'),[0m
2026-02-21T09:01:52.5552794Z [36;1m  (Join-Path $env:REPO_ROOT 'scripts\package_diagnostics_to_onedrive.ps1')[0m
2026-02-21T09:01:52.5553142Z [36;1m)[0m
2026-02-21T09:01:52.5553272Z [36;1m[0m
2026-02-21T09:01:52.5553421Z [36;1m$missing = @()[0m
2026-02-21T09:01:52.5553622Z [36;1mforeach ($path in $expected) {[0m
2026-02-21T09:01:52.5553850Z [36;1m  if (Test-Path $path) {[0m
2026-02-21T09:01:52.5554069Z [36;1m    Write-Host "[FOUND] $path"[0m
2026-02-21T09:01:52.5554276Z [36;1m  } else {[0m
2026-02-21T09:01:52.5554468Z [36;1m    Write-Warning "[MISSING] $path"[0m
2026-02-21T09:01:52.5554702Z [36;1m    $missing += $path[0m
2026-02-21T09:01:52.5554890Z [36;1m  }[0m
2026-02-21T09:01:52.5555023Z [36;1m}[0m
2026-02-21T09:01:52.5555170Z [36;1m[0m
2026-02-21T09:01:52.5555329Z [36;1m$searchResults = [ordered]@{}[0m
2026-02-21T09:01:52.5555830Z [36;1mforeach ($fileName in @('run_all_local_then_copy.bat', 'package_diagnostics.ps1', 'package_diagnostics_to_onedrive.ps1')) {[0m
2026-02-21T09:01:52.5556577Z [36;1m  $hits = Get-ChildItem -Path $env:REPO_ROOT -Recurse -Filter $fileName -File -ErrorAction SilentlyContinue |[0m
2026-02-21T09:01:52.5557102Z [36;1m    Select-Object -First 5 -ExpandProperty FullName[0m
2026-02-21T09:01:52.5557503Z [36;1m  $searchResults[$fileName] = if ($hits) { $hits } else { @('(no matches)') }[0m
2026-02-21T09:01:52.5558985Z [36;1m}[0m
2026-02-21T09:01:52.5559117Z [36;1m[0m
2026-02-21T09:01:52.5559298Z [36;1mAdd-Content -Path $reportPath -Value @([0m
2026-02-21T09:01:52.5559558Z [36;1m  '## REQUIRED_SCRIPT_CHECK',[0m
2026-02-21T09:01:52.5559802Z [36;1m  ('repo_root={0}' -f $env:REPO_ROOT),[0m
2026-02-21T09:01:52.5560106Z [36;1m  ('scripts_dir_exists={0}' -f (Test-Path $scriptsDir)),[0m
2026-02-21T09:01:52.5560986Z [36;1m  ('scripts_dir={0}' -f $scriptsDir),[0m
2026-02-21T09:01:52.5561239Z [36;1m  '',[0m
2026-02-21T09:01:52.5561400Z [36;1m  '### scripts_dir_listing',[0m
2026-02-21T09:01:52.5561607Z [36;1m  $([0m
2026-02-21T09:01:52.5561769Z [36;1m    if (Test-Path $scriptsDir) {[0m
2026-02-21T09:01:52.5562156Z [36;1m      $listing = Get-ChildItem -Path $scriptsDir | Sort-Object Name | ForEach-Object {[0m
2026-02-21T09:01:52.5562632Z [36;1m        '- {0} | len={1} | mtime={2}' -f $_.Name, $_.Length, $_.LastWriteTime[0m
2026-02-21T09:01:52.5562969Z [36;1m      }[0m
2026-02-21T09:01:52.5563180Z [36;1m      if ($listing) { $listing } else { '- (empty)' }[0m
2026-02-21T09:01:52.5563439Z [36;1m    } else {[0m
2026-02-21T09:01:52.5563640Z [36;1m      '- (scripts directory missing)'[0m
2026-02-21T09:01:52.5563859Z [36;1m    }[0m
2026-02-21T09:01:52.5564001Z [36;1m  ),[0m
2026-02-21T09:01:52.5564137Z [36;1m  '',[0m
2026-02-21T09:01:52.5564289Z [36;1m  '### FOUND',[0m
2026-02-21T09:01:52.5564595Z [36;1m  ($expected | Where-Object { Test-Path $_ } | ForEach-Object { "- $_" }),[0m
2026-02-21T09:01:52.5564928Z [36;1m  '',[0m
2026-02-21T09:01:52.5565079Z [36;1m  '### MISSING',[0m
2026-02-21T09:01:52.5565419Z [36;1m  ($(if ($missing.Count -gt 0) { $missing | ForEach-Object { "- $_" } } else { '- (none)' })),[0m
2026-02-21T09:01:52.5565797Z [36;1m  '',[0m
2026-02-21T09:01:52.5566004Z [36;1m  '### recursive_search_run_all_local_then_copy.bat',[0m
2026-02-21T09:01:52.5566420Z [36;1m  ($searchResults['run_all_local_then_copy.bat'] | ForEach-Object { "- $_" }),[0m
2026-02-21T09:01:52.5566768Z [36;1m  '',[0m
2026-02-21T09:01:52.5566969Z [36;1m  '### recursive_search_package_diagnostics.ps1',[0m
2026-02-21T09:01:52.5567370Z [36;1m  ($searchResults['package_diagnostics.ps1'] | ForEach-Object { "- $_" }),[0m
2026-02-21T09:01:52.5567706Z [36;1m  '',[0m
2026-02-21T09:01:52.5593248Z [36;1m  '### recursive_search_package_diagnostics_to_onedrive.ps1',[0m
2026-02-21T09:01:52.5594522Z [36;1m  ($searchResults['package_diagnostics_to_onedrive.ps1'] | ForEach-Object { "- $_" }),[0m
2026-02-21T09:01:52.5594979Z [36;1m  '',[0m
2026-02-21T09:01:52.5595150Z [36;1m  '## NEXT_ACTION',[0m
2026-02-21T09:01:52.5595503Z [36;1m  '- Open Artifact desktop-run-* and copy ONE_TAP_ERROR_REPORT.txt'[0m
2026-02-21T09:01:52.5595861Z [36;1m)[0m
2026-02-21T09:01:52.5596017Z [36;1m[0m
2026-02-21T09:01:52.5596234Z [36;1mif ($missing.Count -gt 0) {[0m
2026-02-21T09:01:52.5596548Z [36;1m  Add-Content -Path $reportPath -Value @([0m
2026-02-21T09:01:52.5596880Z [36;1m    '[NG] verify_required_scripts',[0m
2026-02-21T09:01:52.5597194Z [36;1m    ('[NG] missing_count={0}' -f $missing.Count),[0m
2026-02-21T09:01:52.5597490Z [36;1m    ''[0m
2026-02-21T09:01:52.5597657Z [36;1m  )[0m
2026-02-21T09:01:52.5597823Z [36;1m} else {[0m
2026-02-21T09:01:52.5598040Z [36;1m  Add-Content -Path $reportPath -Value @([0m
2026-02-21T09:01:52.5598364Z [36;1m    '[OK] verify_required_scripts',[0m
2026-02-21T09:01:52.5598643Z [36;1m    ''[0m
2026-02-21T09:01:52.5598842Z [36;1m  )[0m
2026-02-21T09:01:52.5598999Z [36;1m}[0m
2026-02-21T09:01:52.5599151Z [36;1m[0m
2026-02-21T09:01:52.5599328Z [36;1mif ($missing.Count -gt 0) {[0m
2026-02-21T09:01:52.5599657Z [36;1m  Write-Host '=== Required scripts debug summary ==='[0m
2026-02-21T09:01:52.5600024Z [36;1m  Write-Host "REPO_ROOT=$env:REPO_ROOT"[0m
2026-02-21T09:01:52.5600326Z [36;1m  Write-Host "scriptsDir=$scriptsDir"[0m
2026-02-21T09:01:52.5601591Z [36;1m  if (Test-Path $scriptsDir) {[0m
2026-02-21T09:01:52.5601860Z [36;1m    Write-Host 'scriptsDir listing:'[0m
2026-02-21T09:01:52.5602377Z [36;1m    Get-ChildItem -Path $scriptsDir | Select-Object Name, Length, LastWriteTime | Format-Table -AutoSize[0m
2026-02-21T09:01:52.5602918Z [36;1m  }[0m
2026-02-21T09:01:52.5603139Z [36;1m  foreach ($fileName in $searchResults.Keys) {[0m
2026-02-21T09:01:52.5603705Z [36;1m    Write-Host "search($fileName):"[0m
2026-02-21T09:01:52.5604080Z [36;1m    $searchResults[$fileName] | ForEach-Object { Write-Host "  $_" }[0m
2026-02-21T09:01:52.5604448Z [36;1m  }[0m
2026-02-21T09:01:52.5604729Z [36;1m  $missingNames = $missing | ForEach-Object { Split-Path $_ -Leaf }[0m
2026-02-21T09:01:52.5605315Z [36;1m  throw ("Required scripts missing: {0}" -f (($missingNames | Sort-Object -Unique) -join ', '))[0m
2026-02-21T09:01:52.5605814Z [36;1m}[0m
2026-02-21T09:01:52.5624010Z shell: C:\Windows\System32\WindowsPowerShell\v1.0\powershell.EXE -NoProfile -ExecutionPolicy Bypass -Command "{0}"
2026-02-21T09:01:52.5624509Z env:
2026-02-21T09:01:52.5624703Z   REPO_ROOT: C:\work\apex_repo_cache\ApexTraderAI
2026-02-21T09:01:52.5624960Z ##[endgroup]
2026-02-21T09:01:52.8524653Z === Verify scripts directory ===
2026-02-21T09:01:52.8539455Z REPO_ROOT=C:\work\apex_repo_cache\ApexTraderAI
2026-02-21T09:01:52.8888873Z HEAD=cb77d37
2026-02-21T09:01:52.8891954Z git ls-files scripts (best effort):
2026-02-21T09:01:52.9239851Z scripts/bat_config.bat
2026-02-21T09:01:52.9240321Z scripts/copy_run_to_onedrive.bat
2026-02-21T09:01:52.9240603Z scripts/doctor.bat
2026-02-21T09:01:52.9240836Z scripts/evaluate_run_outputs.py
2026-02-21T09:01:52.9241120Z scripts/package_diagnostics.ps1
2026-02-21T09:01:52.9241418Z scripts/package_diagnostics_to_onedrive.ps1
2026-02-21T09:01:52.9241747Z scripts/run_all_local_then_copy.bat
2026-02-21T09:01:52.9283138Z scripts_dir=C:\work\apex_repo_cache\ApexTraderAI\scripts
2026-02-21T09:01:52.9371136Z 
2026-02-21T09:01:52.9390438Z Name                                Length LastWriteTime      
2026-02-21T09:01:52.9392971Z ----                                ------ -------------      
2026-02-21T09:01:52.9395391Z bat_config.bat                        1651 2026/02/21 10:12:46
2026-02-21T09:01:52.9397688Z copy_run_to_onedrive.bat              1072 2026/02/21 10:12:46
2026-02-21T09:01:52.9398105Z doctor.bat                            1973 2026/02/21 10:12:46
2026-02-21T09:01:52.9400432Z evaluate_run_outputs.py              14936 2026/02/21 17:55:58
2026-02-21T09:01:52.9402766Z package_diagnostics.ps1                801 2026/02/21 10:12:46
2026-02-21T09:01:52.9405097Z package_diagnostics_to_onedrive.ps1   3248 2026/02/21 10:51:29
2026-02-21T09:01:52.9407405Z run_all_local_then_copy.bat           9168 2026/02/21 13:42:05
2026-02-21T09:01:52.9409518Z 
2026-02-21T09:01:52.9409526Z 
2026-02-21T09:01:52.9409826Z [FOUND] C:\work\apex_repo_cache\ApexTraderAI\scripts\run_all_local_then_copy.bat
2026-02-21T09:01:52.9414493Z [FOUND] C:\work\apex_repo_cache\ApexTraderAI\scripts\package_diagnostics.ps1
2026-02-21T09:01:52.9419335Z [FOUND] C:\work\apex_repo_cache\ApexTraderAI\scripts\package_diagnostics_to_onedrive.ps1

----- FILE: actions_logs/run/8_Runner connectivity and host status.txt -----
ï»¿2026-02-21T09:01:53.0454959Z ##[group]Run Write-Host '=== Runner connectivity / host status ==='
2026-02-21T09:01:53.0455922Z [36;1mWrite-Host '=== Runner connectivity / host status ==='[0m
2026-02-21T09:01:53.0456459Z [36;1mwhoami[0m
2026-02-21T09:01:53.0456751Z [36;1mhostname[0m
2026-02-21T09:01:53.0457122Z [36;1mGet-Date -Format 'yyyy-MM-dd HH:mm:ss zzz'[0m
2026-02-21T09:01:53.0457672Z [36;1mWrite-Host "RUNNER_NAME=$env:RUNNER_NAME"[0m
2026-02-21T09:01:53.0458256Z [36;1mWrite-Host "RUNNER_OS=$env:RUNNER_OS"[0m
2026-02-21T09:01:53.0458813Z [36;1mWrite-Host "RUNNER_ARCH=$env:RUNNER_ARCH"[0m
2026-02-21T09:01:53.0459365Z [36;1mWrite-Host "GITHUB_WORKFLOW=$env:GITHUB_WORKFLOW"[0m
2026-02-21T09:01:53.0460033Z [36;1mWrite-Host "GITHUB_RUN_ID=$env:GITHUB_RUN_ID"[0m
2026-02-21T09:01:53.0460725Z [36;1mGet-Process | Where-Object { $_.Name -like '*Runner*' } |[0m
2026-02-21T09:01:53.0461355Z [36;1m  Select-Object Name, Id, StartTime |[0m
2026-02-21T09:01:53.0461708Z [36;1m  Format-Table -AutoSize[0m
2026-02-21T09:01:53.0481943Z shell: C:\Windows\System32\WindowsPowerShell\v1.0\powershell.EXE -NoProfile -ExecutionPolicy Bypass -Command "{0}"
2026-02-21T09:01:53.0482467Z env:
2026-02-21T09:01:53.0482688Z   REPO_ROOT: C:\work\apex_repo_cache\ApexTraderAI
2026-02-21T09:01:53.0483171Z ##[endgroup]
2026-02-21T09:01:53.3151491Z === Runner connectivity / host status ===
2026-02-21T09:01:53.3256038Z desktop-c54piia\becky
2026-02-21T09:01:53.3368579Z DESKTOP-C54PIIA
2026-02-21T09:01:53.3401305Z 2026-02-21 18:01:53 +09:00
2026-02-21T09:01:53.3415916Z RUNNER_NAME=DESKTOP-C54PIIA
2026-02-21T09:01:53.3420127Z RUNNER_OS=Windows
2026-02-21T09:01:53.3423900Z RUNNER_ARCH=X64
2026-02-21T09:01:53.3427653Z GITHUB_WORKFLOW=Run Desktop Pipeline
2026-02-21T09:01:53.3431270Z GITHUB_RUN_ID=22254040899
2026-02-21T09:01:53.3771081Z 
2026-02-21T09:01:53.3812634Z Name               Id StartTime          
2026-02-21T09:01:53.3813779Z ----               -- ---------          
2026-02-21T09:01:53.3814562Z Runner.Listener 12500 2026/02/21 6:39:02 
2026-02-21T09:01:53.3815213Z Runner.Worker    1828 2026/02/21 18:01:44
2026-02-21T09:01:53.3816096Z RunnerService   12440 2026/02/21 6:39:02 
2026-02-21T09:01:53.3816293Z 
2026-02-21T09:01:53.3816649Z 

----- FILE: actions_logs/run/9_Run desktop BAT.txt -----
ï»¿2026-02-21T09:01:53.4357466Z ##[group]Run $ErrorActionPreference = 'Stop'
2026-02-21T09:01:53.4358108Z [36;1m$ErrorActionPreference = 'Stop'[0m
2026-02-21T09:01:53.4358371Z [36;1mSet-Location $env:REPO_ROOT[0m
2026-02-21T09:01:53.4358749Z [36;1m$consoleLog = Join-Path $env:RUNNER_TEMP 'run_all_local_then_copy_console.log'[0m
2026-02-21T09:01:53.4359310Z [36;1m$reportPath = Join-Path $env:GITHUB_WORKSPACE 'temp\ONE_TAP_ERROR_REPORT.txt'[0m
2026-02-21T09:01:53.4359678Z [36;1m[0m
2026-02-21T09:01:53.4359948Z [36;1mAdd-Content -Path $reportPath -Value @([0m
2026-02-21T09:01:53.4360610Z [36;1m  '[STEP] run_desktop_bat',[0m
2026-02-21T09:01:53.4360896Z [36;1m  ('[INFO] console_log={0}' -f $consoleLog)[0m
2026-02-21T09:01:53.4361142Z [36;1m)[0m
2026-02-21T09:01:53.4361306Z [36;1m$batCandidates = @([0m
2026-02-21T09:01:53.4361614Z [36;1m  (Join-Path $env:REPO_ROOT 'scripts\run_all_local_then_copy.bat')[0m
2026-02-21T09:01:53.4361940Z [36;1m)[0m
2026-02-21T09:01:53.4362255Z [36;1m$bat = $batCandidates | Where-Object { Test-Path $_ } | Select-Object -First 1[0m
2026-02-21T09:01:53.4362665Z [36;1m[0m
2026-02-21T09:01:53.4362881Z [36;1mWrite-Host '=== Run desktop BAT preflight ==='[0m
2026-02-21T09:01:53.4363289Z [36;1mWrite-Host "***"[0m
2026-02-21T09:01:53.4363521Z [36;1mWrite-Host "REPO_ROOT=$env:REPO_ROOT"[0m
2026-02-21T09:01:53.4363839Z [36;1mWrite-Host "GITHUB_WORKSPACE=$env:GITHUB_WORKSPACE"[0m
2026-02-21T09:01:53.4364181Z [36;1mWrite-Host "RUNNER_TEMP=$env:RUNNER_TEMP"[0m
2026-02-21T09:01:53.4364578Z [36;1mGet-ChildItem (Join-Path $env:REPO_ROOT 'scripts') | Select-Object Name[0m
2026-02-21T09:01:53.4364958Z [36;1m& where.exe python 2>$null[0m
2026-02-21T09:01:53.4365307Z [36;1mWrite-Host ("BAT candidate paths: {0}" -f ($batCandidates -join '; '))[0m
2026-02-21T09:01:53.4365646Z [36;1m[0m
2026-02-21T09:01:53.4365796Z [36;1mif (-not $bat) {[0m
2026-02-21T09:01:53.4366034Z [36;1m  Add-Content -Path $reportPath -Value @([0m
2026-02-21T09:01:53.4366318Z [36;1m    '[NG] run_desktop_bat',[0m
2026-02-21T09:01:53.4366552Z [36;1m    '[NG] BAT not found',[0m
2026-02-21T09:01:53.4366756Z [36;1m    ''[0m
2026-02-21T09:01:53.4366911Z [36;1m  )[0m
2026-02-21T09:01:53.4367181Z [36;1m  Write-Error "BAT not found. candidates=$($batCandidates -join '; ')"[0m
2026-02-21T09:01:53.4367529Z [36;1m  exit 1[0m
2026-02-21T09:01:53.4367679Z [36;1m}[0m
2026-02-21T09:01:53.4367823Z [36;1m[0m
2026-02-21T09:01:53.4367981Z [36;1m$bat = (Get-Item $bat).FullName[0m
2026-02-21T09:01:53.4368288Z [36;1mWrite-Host ("Executing BAT full path: {0}" -f $bat)[0m
2026-02-21T09:01:53.4368566Z [36;1m[0m
2026-02-21T09:01:53.4368804Z [36;1m$null = New-Item -Path $consoleLog -ItemType File -Force[0m
2026-02-21T09:01:53.4369263Z [36;1mAdd-Content -Path $consoleLog -Value ("[BAT_FULL_PATH]={0}" -f $bat)[0m
2026-02-21T09:01:53.4369600Z [36;1m[0m
2026-02-21T09:01:53.4369823Z [36;1mWrite-Host '=== Python diagnostics (before BAT) ==='[0m
2026-02-21T09:01:53.4370482Z [36;1m& where.exe python 2>&1 | Tee-Object -FilePath $consoleLog -Append[0m
2026-02-21T09:01:53.4370948Z [36;1m& python --version 2>&1 | Tee-Object -FilePath $consoleLog -Append[0m
2026-02-21T09:01:53.4371319Z [36;1mWrite-Host '=== PATH (before BAT) ==='[0m
2026-02-21T09:01:53.4371575Z [36;1mWrite-Host $env:PATH[0m
2026-02-21T09:01:53.4371885Z [36;1mAdd-Content -Path $consoleLog -Value ('[PATH] ' + $env:PATH)[0m
2026-02-21T09:01:53.4372201Z [36;1m[0m
2026-02-21T09:01:53.4372422Z [36;1m& $bat 2>&1 | Tee-Object -FilePath $consoleLog -Append[0m
2026-02-21T09:01:53.4372718Z [36;1m$rc = $LASTEXITCODE[0m
2026-02-21T09:01:53.4372930Z [36;1mWrite-Host "[RC]=$rc"[0m
2026-02-21T09:01:53.4373218Z [36;1mAdd-Content -Path $consoleLog -Value ("[RC]={0}" -f $rc)[0m
2026-02-21T09:01:53.4373520Z [36;1m[0m
2026-02-21T09:01:53.4373673Z [36;1mif ($rc -ne 0) {[0m
2026-02-21T09:01:53.4373907Z [36;1m  Add-Content -Path $reportPath -Value @([0m
2026-02-21T09:01:53.4374182Z [36;1m    '[NG] run_desktop_bat',[0m
2026-02-21T09:01:53.4375636Z [36;1m    ('[NG] exit_code={0}' -f $rc),[0m
2026-02-21T09:01:53.4375866Z [36;1m    ''[0m
2026-02-21T09:01:53.4376018Z [36;1m  )[0m
2026-02-21T09:01:53.4376245Z [36;1m  Write-Warning "Run desktop BAT failed with rc=$rc"[0m
2026-02-21T09:01:53.4376569Z [36;1m  $workRoot = 'C:\work\apex_work\runs'[0m
2026-02-21T09:01:53.4376814Z [36;1m  $runDir = $null[0m
2026-02-21T09:01:53.4377022Z [36;1m  if (Test-Path $workRoot) {[0m
2026-02-21T09:01:53.4377548Z [36;1m    $runDir = Get-ChildItem -Path $workRoot -Directory | Sort-Object LastWriteTime -Descending | Select-Object -First 1[0m
2026-02-21T09:01:53.4378066Z [36;1m  }[0m
2026-02-21T09:01:53.4378217Z [36;1m[0m
2026-02-21T09:01:53.4378360Z [36;1m  if ($runDir) {[0m
2026-02-21T09:01:53.4378687Z [36;1m    $runLog = Join-Path $runDir.FullName ("logs\run_{0}.log" -f $runDir.Name)[0m
2026-02-21T09:01:53.4379155Z [36;1m    Write-Host ("Latest run_dir={0}" -f $runDir.FullName)[0m
2026-02-21T09:01:53.4379535Z [36;1m    Write-Host ("Expected run_log={0}" -f $runLog)[0m
2026-02-21T09:01:53.4379828Z [36;1m    if (Test-Path $runLog) {[0m
2026-02-21T09:01:53.4380102Z [36;1m      Write-Host '=== tail run_*.log (260 lines) ==='[0m
2026-02-21T09:01:53.4380429Z [36;1m      Get-Content -Path $runLog -Tail 260[0m
2026-02-21T09:01:53.4380676Z [36;1m    } else {[0m
2026-02-21T09:01:53.4380923Z [36;1m      Write-Warning ("run log not found: {0}" -f $runLog)[0m
2026-02-21T09:01:53.4381204Z [36;1m    }[0m
2026-02-21T09:01:53.4381366Z [36;1m  } else {[0m
2026-02-21T09:01:53.4381652Z [36;1m    Write-Warning ("No run directories found under {0}" -f $workRoot)[0m
2026-02-21T09:01:53.4381996Z [36;1m  }[0m
2026-02-21T09:01:53.4382153Z [36;1m  exit $rc[0m
2026-02-21T09:01:53.4382314Z [36;1m}[0m
2026-02-21T09:01:53.4382457Z [36;1m[0m
2026-02-21T09:01:53.4382639Z [36;1mAdd-Content -Path $reportPath -Value @([0m
2026-02-21T09:01:53.4382913Z [36;1m  '[OK] run_desktop_bat',[0m
2026-02-21T09:01:53.4383142Z [36;1m  '[OK] exit_code=0',[0m
2026-02-21T09:01:53.4383341Z [36;1m  ''[0m
2026-02-21T09:01:53.4383488Z [36;1m)[0m
2026-02-21T09:01:53.4383634Z [36;1m[0m
2026-02-21T09:01:53.4383833Z [36;1mif ((Get-Item $reportPath).Length -gt 60000) {[0m
2026-02-21T09:01:53.4384161Z [36;1m  $tail = Get-Content -Path $reportPath -Raw[0m
2026-02-21T09:01:53.4384523Z [36;1m  $tail = $tail.Substring([Math]::Max(0, $tail.Length - 60000))[0m
2026-02-21T09:01:53.4384926Z [36;1m  Set-Content -Path $reportPath -Value $tail -Encoding UTF8[0m
2026-02-21T09:01:53.4385238Z [36;1m}[0m
2026-02-21T09:01:53.4385374Z [36;1m[0m
2026-02-21T09:01:53.4385514Z [36;1mexit 0[0m
2026-02-21T09:01:53.4402158Z shell: C:\Windows\System32\WindowsPowerShell\v1.0\powershell.EXE -NoProfile -ExecutionPolicy Bypass -Command "{0}"
2026-02-21T09:01:53.4402666Z env:
2026-02-21T09:01:53.4402887Z   REPO_ROOT: C:\work\apex_repo_cache\ApexTraderAI
2026-02-21T09:01:53.4403161Z   INPUT_MODE: sim
2026-02-21T09:01:53.4403982Z   INPUT_SYMBOLS: SOXL,SOXS
2026-02-21T09:01:53.4404179Z   INPUT_START: 2014-01-01
2026-02-21T09:01:53.4404366Z   INPUT_END: 2022-03-31
2026-02-21T09:01:53.4404545Z   INPUT_TEST_START: 2022-01-03
2026-02-21T09:01:53.4404753Z   INPUT_TRAIN_YEARS: 8
2026-02-21T09:01:53.4404928Z   INPUT_TEST_MONTHS: 3
2026-02-21T09:01:53.4405109Z   INPUT_COPY_TO_ONEDRIVE: true
2026-02-21T09:01:53.4405315Z   INPUT_STEPS: A,B
2026-02-21T09:01:53.4405481Z   RUN_MODE: sim
2026-02-21T09:01:53.4405652Z   SYMBOLS: SOXL,SOXS
2026-02-21T09:01:53.4405841Z   SYMBOL: SOXL
2026-02-21T09:01:53.4406000Z   STEPS: A,B
2026-02-21T09:01:53.4406150Z   DATA_START: 2014-01-01
2026-02-21T09:01:53.4406325Z   DATA_END: 2022-03-31
2026-02-21T09:01:53.4406498Z   TEST_START: 2022-01-03
2026-02-21T09:01:53.4406666Z   TRAIN_YEARS: 8
2026-02-21T09:01:53.4406819Z   TEST_MONTHS: 3
2026-02-21T09:01:53.4407016Z   WORK_ROOT: C:\work\apex_work\runs
2026-02-21T09:01:53.4414432Z   COPY_TO_ONEDRIVE: 1
2026-02-21T09:01:53.4414821Z   PYTHON_EXE: python
2026-02-21T09:01:53.4415667Z ##[endgroup]
2026-02-21T09:01:53.6705869Z === Run desktop BAT preflight ===
2026-02-21T09:01:53.6724418Z ***
2026-02-21T09:01:53.6736557Z REPO_ROOT=C:\work\apex_repo_cache\ApexTraderAI
2026-02-21T09:01:53.6741738Z GITHUB_WORKSPACE=C:\Users\becky\OneDrive\ãƒ‡ã‚¹ã‚¯ãƒˆãƒƒãƒ—\Python\apex-trader-ai\actions-runner\_work\ApexTraderAI\ApexTraderAI
2026-02-21T09:01:53.6746295Z RUNNER_TEMP=C:\Users\becky\OneDrive\ãƒ‡ã‚¹ã‚¯ãƒˆãƒƒãƒ—\Python\apex-trader-ai\actions-runner\_work\_temp
2026-02-21T09:01:53.6787767Z 
2026-02-21T09:01:53.8075960Z C:\Users\becky\AppData\Local\Programs\Python\Python310\python.exe
2026-02-21T09:01:53.8100205Z BAT candidate paths: C:\work\apex_repo_cache\ApexTraderAI\scripts\run_all_local_then_copy.bat
2026-02-21T09:01:53.8145182Z Executing BAT full path: C:\work\apex_repo_cache\ApexTraderAI\scripts\run_all_local_then_copy.bat
2026-02-21T09:01:53.8180663Z === Python diagnostics (before BAT) ===
2026-02-21T09:01:53.9539304Z === PATH (before BAT) ===
2026-02-21T09:01:53.9558890Z C:\Program Files\Oculus\Support\oculus-runtime;C:\Windows\system32;C:\Windows;C:\Windows\System32\Wbem;C:\Windows\System32\WindowsPowerShell\v1.0\;C:\Windows\System32\OpenSSH\;C:\Program Files (x86)\Intel\Intel(R) Management Engine Components\DAL;C:\Program Files\Intel\Intel(R) Management Engine Components\DAL;C:\Program Files (x86)\NVIDIA Corporation\PhysX\Common;C:\Program Files\NVIDIA Corporation\NVIDIA NvDLISR;C:\Program Files (x86)\QuickTime\QTSystem\;C:\Program Files\Git\cmd;C:\WINDOWS\system32;C:\WINDOWS;C:\WINDOWS\System32\Wbem;C:\WINDOWS\System32\WindowsPowerShell\v1.0\;C:\WINDOWS\System32\OpenSSH\;C:\Users\becky\AppData\Local\Programs\Python\Python310\;C:\ffmpeg\bin\;
2026-02-21T09:01:54.2833749Z Name                               
2026-02-21T09:01:54.2834159Z ----                               
2026-02-21T09:01:54.2834483Z bat_config.bat                     
2026-02-21T09:01:54.2834837Z copy_run_to_onedrive.bat           
2026-02-21T09:01:54.2835301Z doctor.bat                         
2026-02-21T09:01:54.2835790Z evaluate_run_outputs.py            
2026-02-21T09:01:54.2836177Z package_diagnostics.ps1            
2026-02-21T09:01:54.2836592Z package_diagnostics_to_onedrive.ps1
2026-02-21T09:01:54.2837027Z run_all_local_then_copy.bat        
2026-02-21T09:01:54.2837606Z C:\Users\becky\AppData\Local\Programs\Python\Python310\python.exe
2026-02-21T09:01:54.2837990Z Python 3.10.6
2026-02-21T09:01:54.2838191Z [RC] 
2026-02-21T09:01:54.3678760Z [RC] 
2026-02-21T09:01:54.6594288Z [RC] 
2026-02-21T09:01:54.7328392Z [RC] 
2026-02-21T09:01:54.7761317Z [RC] 
2026-02-21T09:01:56.7887707Z [RC] 
2026-02-21T09:02:55.7454504Z [RC] 
2026-02-21T09:03:10.1720584Z [RC] 
2026-02-21T09:03:10.2930809Z [RC] 
2026-02-21T09:03:11.1949157Z [OK] repo_snapshots already exists: "C:\Users\becky\OneDrive\ApexTraderAI\repo_snapshots"
2026-02-21T09:03:11.4241001Z [RC] 
2026-02-21T09:03:11.4387976Z [OK] run_id=20260221_180154
2026-02-21T09:03:11.4388891Z [OK] local=C:\work\apex_work\runs\20260221_180154
2026-02-21T09:03:11.4391032Z [OK] onedrive=C:\Users\becky\OneDrive\ApexTraderAI\runs\20260221_180154
2026-02-21T09:03:11.4460880Z [RC]=0
2026-02-21T09:03:11.4695987Z 
2026-02-21T09:03:11.4696051Z 

----- FILE: actions_logs/run/system.txt -----
2026-02-21T09:01:40.6610000Z Evaluating run.if
2026-02-21T09:01:40.6610000Z Evaluating: success()
2026-02-21T09:01:40.6610000Z Result: true
2026-02-21T09:01:40.6620000Z Requested labels: self-hosted, windows
2026-02-21T09:01:40.6620000Z Job defined at: toki866/ApexTraderAI/.github/workflows/run_desktop_pipeline.yml@refs/heads/main
2026-02-21T09:01:40.6620000Z Waiting for a runner to pick up this job...
2026-02-21T09:01:41.1670000Z Job is about to start running on the runner: DESKTOP-C54PIIA
