Run: https://github.com/toki866/ApexTraderAI/actions/runs/22276285127
SHA: fd831466e2fb4c9db95f5c9cf5c5bcf109da2dd3
Attempt: 1
Conclusion: failure

==== TAILS (each file last 200 lines) ====

----- FILE: actions_logs/0_run.txt -----
  ? fs.readFileSync(reportPath, 'utf8')
  : '(missing ONE_TAP_ERROR_REPORT.txt)';

const evalPath = path.join(process.env.GITHUB_WORKSPACE, 'temp', 'eval', 'EVAL_SUMMARY.txt');
let evalTxt = fs.existsSync(evalPath)
  ? fs.readFileSync(evalPath, 'utf8')
  : '(EVAL_SUMMARY.txt missing)';

if (report.length > 60000) report = report.slice(-60000);
if (evalTxt.length > 15000) evalTxt = evalTxt.slice(-15000);

const runUrl = `${context.serverUrl}/${owner}/${repo}/actions/runs/${context.runId}`;
const title = 'ApexTraderAI Diagnostics (latest)';
const attempt = process.env.GITHUB_RUN_ATTEMPT || '1';
const diagRunFolder = process.env.DIAG_RUN_FOLDER || 'LATEST_CSV.md';
const csvIndexUrl = diagRunFolder === 'LATEST_CSV.md'
  ? `${context.serverUrl}/${owner}/${repo}/blob/diag-logs/runs/LATEST_CSV.md`
  : `${context.serverUrl}/${owner}/${repo}/blob/diag-logs/runs/${diagRunFolder}/CSV_INDEX.md`;
const evalPathInBranch = diagRunFolder === 'LATEST_CSV.md'
  ? 'runs/LATEST_CSV.md'
  : `runs/${diagRunFolder}/csv/EVAL_REPORT.md`;
const evalUrl = `${context.serverUrl}/${owner}/${repo}/blob/diag-logs/${evalPathInBranch}`;
const body = `Run: ${runUrl}\nSHA: ${context.sha}\nAttempt: ${attempt}\ndiag-logs csv_index: ${csvIndexUrl}\n\n## Evaluation Summary\ndiag-logs: [${evalPathInBranch}](${evalUrl})\n\n\`\`\`text\n${evalTxt}\n\`\`\`\n\n\`\`\`text\n${report}\n\`\`\`\n`;

const { data: issues } = await github.rest.issues.listForRepo({
  owner,
  repo,
  state: 'open',
  per_page: 100
});
const existing = issues.find(i => i.title === title);

if (existing) {
  await github.rest.issues.update({ owner, repo, issue_number: existing.number, body });
} else {
  await github.rest.issues.create({ owner, repo, title, body });
}

2026-02-22T11:32:25.1364987Z   github-token: ***
2026-02-22T11:32:25.1365185Z   debug: false
2026-02-22T11:32:25.1365378Z   user-agent: actions/github-script
2026-02-22T11:32:25.1365628Z   result-encoding: json
2026-02-22T11:32:25.1366132Z   retries: 0
2026-02-22T11:32:25.1366347Z   retry-exempt-status-codes: 400,401,403,404,422
2026-02-22T11:32:25.1376319Z env:
2026-02-22T11:32:25.1376633Z   REPO_ROOT: C:\work\apex_repo_cache\ApexTraderAI
2026-02-22T11:32:25.1377009Z   DIAG_RUN_FOLDER: 20260222_203216_run22276285127_att1_fd83146
2026-02-22T11:32:25.1377320Z ##[endgroup]
2026-02-22T11:32:26.8748493Z ##[group]Run $ErrorActionPreference = 'Stop'
2026-02-22T11:32:26.8748949Z [36;1m$ErrorActionPreference = 'Stop'[0m
2026-02-22T11:32:26.8749247Z [36;1m[0m
2026-02-22T11:32:26.8749441Z [36;1mfunction Mask-Secrets {[0m
2026-02-22T11:32:26.8749682Z [36;1m  param([string]$Text)[0m
2026-02-22T11:32:26.8749895Z [36;1m[0m
2026-02-22T11:32:26.8750116Z [36;1m  if ([string]::IsNullOrEmpty($Text)) { return $Text }[0m
2026-02-22T11:32:26.8750418Z [36;1m[0m
2026-02-22T11:32:26.8750584Z [36;1m  $masked = $Text[0m
2026-02-22T11:32:26.8750992Z [36;1m  $masked = [regex]::Replace($masked, 'github_pat_[A-Za-z0-9_]{20,}', 'github_pat_***MASKED***')[0m
2026-02-22T11:32:26.8751645Z [36;1m  $masked = [regex]::Replace($masked, 'gh[pousr]_[A-Za-z0-9_]{20,}', 'gh***_***MASKED***')[0m
2026-02-22T11:32:26.8752272Z [36;1m  $masked = [regex]::Replace($masked, '(?im)\b(token|password|secret)\b\s*[:=]\s*\S+', '$1=***MASKED***')[0m
2026-02-22T11:32:26.8752757Z [36;1m  return $masked[0m
2026-02-22T11:32:26.8752954Z [36;1m}[0m
2026-02-22T11:32:26.8753105Z [36;1m[0m
2026-02-22T11:32:26.8753274Z [36;1mfunction Get-MaskedTail {[0m
2026-02-22T11:32:26.8753501Z [36;1m  param([0m
2026-02-22T11:32:26.8753687Z [36;1m    [string]$Path,[0m
2026-02-22T11:32:26.8753957Z [36;1m    [int]$Tail = 200[0m
2026-02-22T11:32:26.8754181Z [36;1m  )[0m
2026-02-22T11:32:26.8754339Z [36;1m[0m
2026-02-22T11:32:26.8754586Z [36;1m  if (-not (Test-Path $Path)) { return "(not found) $Path" }[0m
2026-02-22T11:32:26.8755090Z [36;1m  $raw = (Get-Content -Path $Path -Tail $Tail -ErrorAction SilentlyContinue) -join "`r`n"[0m
2026-02-22T11:32:26.8755553Z [36;1m  return (Mask-Secrets -Text $raw)[0m
2026-02-22T11:32:26.8755804Z [36;1m}[0m
2026-02-22T11:32:26.8755955Z [36;1m[0m
2026-02-22T11:32:26.8756170Z [36;1m$diagOut = Join-Path $env:RUNNER_TEMP 'diag_out'[0m
2026-02-22T11:32:26.8756605Z [36;1m$null = New-Item -Path $diagOut -ItemType Directory -Force[0m
2026-02-22T11:32:26.8756936Z [36;1m[0m
2026-02-22T11:32:26.8757101Z [36;1m$ws = $env:GITHUB_WORKSPACE[0m
2026-02-22T11:32:26.8757432Z [36;1m$runnerRoot = (Resolve-Path (Join-Path $ws '..\..\..')).Path[0m
2026-02-22T11:32:26.8757848Z [36;1m$runnerDiag = Join-Path $runnerRoot '_diag'[0m
2026-02-22T11:32:26.8758129Z [36;1m$runId = '22276285127'[0m
2026-02-22T11:32:26.8758347Z [36;1m$runAttempt = '1'[0m
2026-02-22T11:32:26.8758658Z [36;1m$sha = 'fd831466e2fb4c9db95f5c9cf5c5bcf109da2dd3'[0m
2026-02-22T11:32:26.8759003Z [36;1m$branch = 'main'[0m
2026-02-22T11:32:26.8759220Z [36;1m$repo = 'toki866/ApexTraderAI'[0m
2026-02-22T11:32:26.8759529Z [36;1m$artifactName = "diag_full_${runId}_${runAttempt}"[0m
2026-02-22T11:32:26.8759825Z [36;1m[0m
2026-02-22T11:32:26.8759988Z [36;1m$latestRunnerLog = $null[0m
2026-02-22T11:32:26.8760226Z [36;1m$latestWorkerLog = $null[0m
2026-02-22T11:32:26.8760475Z [36;1mif (Test-Path $runnerDiag) {[0m
2026-02-22T11:32:26.8761249Z [36;1m  $latestRunnerLog = Get-ChildItem -Path $runnerDiag -Filter 'Runner_*.log' -File -ErrorAction SilentlyContinue | Sort-Object LastWriteTime -Descending | Select-Object -First 1[0m
2026-02-22T11:32:26.8762512Z [36;1m  $latestWorkerLog = Get-ChildItem -Path $runnerDiag -Filter 'Worker_*.log' -File -ErrorAction SilentlyContinue | Sort-Object LastWriteTime -Descending | Select-Object -First 1[0m
2026-02-22T11:32:26.8763242Z [36;1m}[0m
2026-02-22T11:32:26.8763431Z [36;1m[0m
2026-02-22T11:32:26.8763785Z [36;1m$workflowLog = Join-Path $env:RUNNER_TEMP 'run_all_local_then_copy_console.log'[0m
2026-02-22T11:32:26.8764334Z [36;1m$runLogPath = 'C:\work\apex_work\runs\20260222_203050\logs\run_20260222_203050.log'[0m
2026-02-22T11:32:26.8765030Z [36;1m$stepSummaryGlob = Join-Path $env:RUNNER_TEMP 'step_summary_*'[0m
2026-02-22T11:32:26.8765579Z [36;1m$oneTapReportWorkspace = Join-Path $env:GITHUB_WORKSPACE 'temp\ONE_TAP_ERROR_REPORT.txt'[0m
2026-02-22T11:32:26.8766080Z [36;1m[0m
2026-02-22T11:32:26.8767695Z [36;1mif ($latestRunnerLog) { Copy-Item -Path $latestRunnerLog.FullName -Destination (Join-Path $diagOut $latestRunnerLog.Name) -Force }[0m
2026-02-22T11:32:26.8768784Z [36;1mif ($latestWorkerLog) { Copy-Item -Path $latestWorkerLog.FullName -Destination (Join-Path $diagOut $latestWorkerLog.Name) -Force }[0m
2026-02-22T11:32:26.8769694Z [36;1mif (Test-Path $workflowLog) { Copy-Item -Path $workflowLog -Destination (Join-Path $diagOut 'workflow_console.log') -Force }[0m
2026-02-22T11:32:26.8770678Z [36;1mif ($runLogPath -and (Test-Path $runLogPath)) { Copy-Item -Path $runLogPath -Destination (Join-Path $diagOut (Split-Path $runLogPath -Leaf)) -Force }[0m
2026-02-22T11:32:26.8771768Z [36;1mif (Test-Path $oneTapReportWorkspace) { Copy-Item -Path $oneTapReportWorkspace -Destination (Join-Path $diagOut 'ONE_TAP_ERROR_REPORT.txt') -Force }[0m
2026-02-22T11:32:26.8772658Z [36;1mGet-ChildItem -Path $stepSummaryGlob -File -ErrorAction SilentlyContinue | ForEach-Object {[0m
2026-02-22T11:32:26.8773320Z [36;1m  Copy-Item -Path $_.FullName -Destination (Join-Path $diagOut $_.Name) -Force[0m
2026-02-22T11:32:26.8773722Z [36;1m}[0m
2026-02-22T11:32:26.8773875Z [36;1m[0m
2026-02-22T11:32:26.8774084Z [36;1mforeach ($subDir in @('pages', 'blocks')) {[0m
2026-02-22T11:32:26.8774397Z [36;1m  $src = Join-Path $runnerDiag $subDir[0m
2026-02-22T11:32:26.8774674Z [36;1m  if (Test-Path $src) {[0m
2026-02-22T11:32:26.8775065Z [36;1m    Copy-Item -Path $src -Destination (Join-Path $diagOut $subDir) -Recurse -Force[0m
2026-02-22T11:32:26.8775497Z [36;1m  }[0m
2026-02-22T11:32:26.8775706Z [36;1m}[0m
2026-02-22T11:32:26.8775859Z [36;1m[0m
2026-02-22T11:32:26.8776389Z [36;1m$runnerTailText = if ($latestRunnerLog) { Get-MaskedTail -Path $latestRunnerLog.FullName -Tail 200 } else { '(runner diag not found)' }[0m
2026-02-22T11:32:26.8777318Z [36;1m$workflowTailText = if (Test-Path $workflowLog) { Get-MaskedTail -Path $workflowLog -Tail 200 } else { '(workflow log not found)' }[0m
2026-02-22T11:32:26.8777933Z [36;1m[0m
2026-02-22T11:32:26.8778169Z [36;1m$summaryPath = Join-Path $diagOut 'summary.md'[0m
2026-02-22T11:32:26.8778475Z [36;1m$summary = @([0m
2026-02-22T11:32:26.8778699Z [36;1m  '# Diagnostics Summary',[0m
2026-02-22T11:32:26.8778931Z [36;1m  '',[0m
2026-02-22T11:32:26.8779109Z [36;1m  "- repo: $repo",[0m
2026-02-22T11:32:26.8785499Z [36;1m  "- branch: $branch",[0m
2026-02-22T11:32:26.8785910Z [36;1m  "- sha: $sha",[0m
2026-02-22T11:32:26.8786128Z [36;1m  "- run_id: $runId",[0m
2026-02-22T11:32:26.8786370Z [36;1m  "- attempt: $runAttempt",[0m
2026-02-22T11:32:26.8786647Z [36;1m  "- failing_step: $env:FAILING_STEP",[0m
2026-02-22T11:32:26.8786958Z [36;1m  "- artifact_name: $artifactName",[0m
2026-02-22T11:32:26.8787304Z [36;1m  '- one_tap_report: See ONE_TAP_ERROR_REPORT.txt',[0m
2026-02-22T11:32:26.8787646Z [36;1m  '',[0m
2026-02-22T11:32:26.8787905Z [36;1m  '## runner_diag_tail (last 200 lines)',[0m
2026-02-22T11:32:26.8788164Z [36;1m  '```text',[0m
2026-02-22T11:32:26.8788377Z [36;1m  $runnerTailText,[0m
2026-02-22T11:32:26.8788585Z [36;1m  '```',[0m
2026-02-22T11:32:26.8788748Z [36;1m  '',[0m
2026-02-22T11:32:26.8788948Z [36;1m  '## workflow_tail (last 200 lines)',[0m
2026-02-22T11:32:26.8789203Z [36;1m  '```text',[0m
2026-02-22T11:32:26.8789405Z [36;1m  $workflowTailText,[0m
2026-02-22T11:32:26.8789612Z [36;1m  '```'[0m
2026-02-22T11:32:26.8789788Z [36;1m) -join "`r`n"[0m
2026-02-22T11:32:26.8790082Z [36;1m$summary = Mask-Secrets -Text $summary[0m
2026-02-22T11:32:26.8790462Z [36;1mSet-Content -Path $summaryPath -Value $summary -Encoding UTF8[0m
2026-02-22T11:32:26.8790807Z [36;1m[0m
2026-02-22T11:32:26.8791326Z [36;1m$runnerTailPath = Join-Path $diagOut 'runner_diag_tail.txt'[0m
2026-02-22T11:32:26.8791803Z [36;1mSet-Content -Path $runnerTailPath -Value $runnerTailText -Encoding UTF8[0m
2026-02-22T11:32:26.8792294Z [36;1m$workflowTailPath = Join-Path $diagOut 'workflow_tail.txt'[0m
2026-02-22T11:32:26.8793340Z [36;1mSet-Content -Path $workflowTailPath -Value $workflowTailText -Encoding UTF8[0m
2026-02-22T11:32:26.8793759Z [36;1m[0m
2026-02-22T11:32:26.8794031Z [36;1m$fullZip = Join-Path $env:RUNNER_TEMP ("{0}.zip" -f $artifactName)[0m
2026-02-22T11:32:26.8794466Z [36;1mif (Test-Path $fullZip) { Remove-Item $fullZip -Force }[0m
2026-02-22T11:32:26.8794984Z [36;1mCompress-Archive -Path (Join-Path $diagOut '*') -DestinationPath $fullZip -Force[0m
2026-02-22T11:32:26.8795390Z [36;1m[0m
2026-02-22T11:32:26.8795712Z [36;1m"diag_out=$diagOut" | Out-File -FilePath $env:GITHUB_OUTPUT -Encoding utf8 -Append[0m
2026-02-22T11:32:26.8796314Z [36;1m"diag_summary=$summaryPath" | Out-File -FilePath $env:GITHUB_OUTPUT -Encoding utf8 -Append[0m
2026-02-22T11:32:26.8796988Z [36;1m"diag_runner_tail=$runnerTailPath" | Out-File -FilePath $env:GITHUB_OUTPUT -Encoding utf8 -Append[0m
2026-02-22T11:32:26.8797720Z [36;1m"diag_workflow_tail=$workflowTailPath" | Out-File -FilePath $env:GITHUB_OUTPUT -Encoding utf8 -Append[0m
2026-02-22T11:32:26.8798352Z [36;1m"diag_zip=$fullZip" | Out-File -FilePath $env:GITHUB_OUTPUT -Encoding utf8 -Append[0m
2026-02-22T11:32:26.8798970Z [36;1m"diag_artifact_name=$artifactName" | Out-File -FilePath $env:GITHUB_OUTPUT -Encoding utf8 -Append[0m
2026-02-22T11:32:26.8817043Z shell: C:\Windows\System32\WindowsPowerShell\v1.0\powershell.EXE -NoProfile -ExecutionPolicy Bypass -Command "{0}"
2026-02-22T11:32:26.8817623Z env:
2026-02-22T11:32:26.8817844Z   REPO_ROOT: C:\work\apex_repo_cache\ApexTraderAI
2026-02-22T11:32:26.8818152Z   FAILING_STEP: Run desktop BAT
2026-02-22T11:32:26.8818373Z ##[endgroup]
2026-02-22T11:32:28.2195409Z ##[group]Run actions/upload-artifact@v4
2026-02-22T11:32:28.2195760Z with:
2026-02-22T11:32:28.2195923Z   name: diag_full_22276285127_1
2026-02-22T11:32:28.2196169Z   if-no-files-found: warn
2026-02-22T11:32:28.2196404Z   retention-days: 7
2026-02-22T11:32:28.2196851Z   path: C:\Users\becky\OneDrive\ãƒ‡ã‚¹ã‚¯ãƒˆãƒƒãƒ—\Python\apex-trader-ai\actions-runner\_work\_temp\diag_full_22276285127_1.zip
2026-02-22T11:32:28.2197344Z   compression-level: 6
2026-02-22T11:32:28.2197546Z   overwrite: false
2026-02-22T11:32:28.2197737Z   include-hidden-files: false
2026-02-22T11:32:28.2197944Z env:
2026-02-22T11:32:28.2198135Z   REPO_ROOT: C:\work\apex_repo_cache\ApexTraderAI
2026-02-22T11:32:28.2198408Z ##[endgroup]
2026-02-22T11:32:28.4953219Z With the provided path, there will be 1 file uploaded
2026-02-22T11:32:28.4963494Z Artifact name is valid!
2026-02-22T11:32:28.4968476Z Root directory input is valid!
2026-02-22T11:32:29.0967493Z Beginning upload of artifact content to blob storage
2026-02-22T11:32:30.4168800Z Uploaded bytes 210650
2026-02-22T11:32:30.5987787Z Finished uploading artifact content to blob storage!
2026-02-22T11:32:30.5992232Z SHA256 digest of uploaded artifact zip is 4b2fd34e8746348e811f52d646a41703faba9406d038f43f8a7ef65e02a59344
2026-02-22T11:32:30.5994661Z Finalizing artifact upload
2026-02-22T11:32:30.8194707Z Artifact diag_full_22276285127_1.zip successfully finalized. Artifact ID 5606721604
2026-02-22T11:32:30.8195501Z Artifact diag_full_22276285127_1 has been successfully uploaded! Final size is 210650 bytes. Artifact ID is 5606721604
2026-02-22T11:32:30.8208064Z Artifact download URL: https://github.com/toki866/ApexTraderAI/actions/runs/22276285127/artifacts/5606721604
2026-02-22T11:32:30.8552228Z ##[group]Run actions/upload-artifact@v4
2026-02-22T11:32:30.8552580Z with:
2026-02-22T11:32:30.8552747Z   name: diagnostics
2026-02-22T11:32:30.8552947Z   if-no-files-found: warn
2026-02-22T11:32:30.8553161Z   path: _diagnostics/**/*
2026-02-22T11:32:30.8553419Z   compression-level: 6
2026-02-22T11:32:30.8553893Z   overwrite: false
2026-02-22T11:32:30.8554089Z   include-hidden-files: false
2026-02-22T11:32:30.8554312Z env:
2026-02-22T11:32:30.8554512Z   REPO_ROOT: C:\work\apex_repo_cache\ApexTraderAI
2026-02-22T11:32:30.8554780Z ##[endgroup]
2026-02-22T11:32:31.1304366Z ##[warning]No files were found with the provided path: _diagnostics/**/*. No artifacts will be uploaded.
2026-02-22T11:32:31.1402997Z Cleaning up orphan processes

----- FILE: actions_logs/run/10_Stage console log in workspace.txt -----
ï»¿2026-02-22T11:31:52.9554402Z ##[group]Run $workspaceTemp = Join-Path $env:GITHUB_WORKSPACE 'temp'
2026-02-22T11:31:52.9554949Z [36;1m$workspaceTemp = Join-Path $env:GITHUB_WORKSPACE 'temp'[0m
2026-02-22T11:31:52.9555399Z [36;1m$null = New-Item -Path $workspaceTemp -ItemType Directory -Force[0m
2026-02-22T11:31:52.9555939Z [36;1m$consoleLog = Join-Path $env:RUNNER_TEMP 'run_all_local_then_copy_console.log'[0m
2026-02-22T11:31:52.9556538Z [36;1m$workspaceConsoleLog = Join-Path $workspaceTemp 'run_all_local_then_copy_console.log'[0m
2026-02-22T11:31:52.9557015Z [36;1mif (Test-Path $consoleLog) {[0m
2026-02-22T11:31:52.9557389Z [36;1m  Copy-Item -Path $consoleLog -Destination $workspaceConsoleLog -Force[0m
2026-02-22T11:31:52.9557913Z [36;1m  Write-Host "Staged console log: $workspaceConsoleLog"[0m
2026-02-22T11:31:52.9558241Z [36;1m} else {[0m
2026-02-22T11:31:52.9558510Z [36;1m  Write-Warning "Console log not found at: $consoleLog"[0m
2026-02-22T11:31:52.9558824Z [36;1m  @([0m
2026-02-22T11:31:52.9559095Z [36;1m    '[WARN] Console log was not generated by BAT execution.',[0m
2026-02-22T11:31:52.9559631Z [36;1m    '[WARN] Never finish a workflow run without leaving a readable log artifact.',[0m
2026-02-22T11:31:52.9560167Z [36;1m    ('[WARN] generated_at={0}' -f (Get-Date -Format 'yyyy-MM-dd HH:mm:ss zzz'))[0m
2026-02-22T11:31:52.9560722Z [36;1m  ) | Set-Content -Path $workspaceConsoleLog -Encoding UTF8[0m
2026-02-22T11:31:52.9561174Z [36;1m  Write-Host "Created fallback console log: $workspaceConsoleLog"[0m
2026-02-22T11:31:52.9561531Z [36;1m}[0m
2026-02-22T11:31:52.9586500Z shell: C:\Windows\System32\WindowsPowerShell\v1.0\powershell.EXE -NoProfile -ExecutionPolicy Bypass -Command "{0}"
2026-02-22T11:31:52.9587408Z env:
2026-02-22T11:31:52.9587625Z   REPO_ROOT: C:\work\apex_repo_cache\ApexTraderAI
2026-02-22T11:31:52.9587892Z ##[endgroup]
2026-02-22T11:31:53.2209606Z Staged console log: C:\Users\becky\OneDrive\ãƒ‡ã‚¹ã‚¯ãƒˆãƒƒãƒ—\Python\apex-trader-ai\actions-runner\_work\ApexTraderAI\ApexTraderAI\temp\run_all_local_then_copy_console.log

----- FILE: actions_logs/run/11_Append error tails to ONE_TAP (always).txt -----
ï»¿2026-02-22T11:31:53.2482311Z ##[group]Run $ErrorActionPreference = 'Continue'
2026-02-22T11:31:53.2482844Z [36;1m$ErrorActionPreference = 'Continue'[0m
2026-02-22T11:31:53.2483108Z [36;1m[0m
2026-02-22T11:31:53.2483400Z [36;1m$report = Join-Path $env:GITHUB_WORKSPACE 'temp\ONE_TAP_ERROR_REPORT.txt'[0m
2026-02-22T11:31:53.2483807Z [36;1mif (!(Test-Path $report)) {[0m
2026-02-22T11:31:53.2484228Z [36;1m  New-Item -Path (Split-Path $report -Parent) -ItemType Directory -Force | Out-Null[0m
2026-02-22T11:31:53.2484873Z [36;1m  '[WARN] ONE_TAP report missing; created.' | Set-Content -Path $report -Encoding UTF8[0m
2026-02-22T11:31:53.2485293Z [36;1m}[0m
2026-02-22T11:31:53.2485447Z [36;1m[0m
2026-02-22T11:31:53.2485621Z [36;1mAdd-Content $report ""[0m
2026-02-22T11:31:53.2485905Z [36;1mAdd-Content $report "[STEP] append_error_tails"[0m
2026-02-22T11:31:53.2486374Z [36;1mAdd-Content $report ("timestamp={0}" -f (Get-Date -Format 'yyyy-MM-dd HH:mm:ss zzz'))[0m
2026-02-22T11:31:53.2486790Z [36;1m[0m
2026-02-22T11:31:53.2487106Z [36;1m# python env snapshot (to compare with local)[0m
2026-02-22T11:31:53.2487455Z [36;1mAdd-Content $report "---- python_env ----"[0m
2026-02-22T11:31:53.2487953Z [36;1mtry { (& where.exe python 2>&1) | Add-Content $report } catch { ($_ | Out-String) | Add-Content $report }[0m
2026-02-22T11:31:53.2488631Z [36;1mtry { (& python --version 2>&1) | Add-Content $report } catch { ($_ | Out-String) | Add-Content $report }[0m
2026-02-22T11:31:53.2489664Z [36;1mtry { (& python -c "import sys; print(sys.executable)" 2>&1) | Add-Content $report } catch { ($_ | Out-String) | Add-Content $report }[0m
2026-02-22T11:31:53.2490210Z [36;1m[0m
2026-02-22T11:31:53.2490375Z [36;1m# console log tail[0m
2026-02-22T11:31:53.2490738Z [36;1m$consoleLog = Join-Path $env:RUNNER_TEMP 'run_all_local_then_copy_console.log'[0m
2026-02-22T11:31:53.2491237Z [36;1mAdd-Content $report ("[INFO] console_log={0}" -f $consoleLog)[0m
2026-02-22T11:31:53.2491592Z [36;1mif (Test-Path $consoleLog) {[0m
2026-02-22T11:31:53.2491953Z [36;1m  Add-Content $report "---- console_log_tail (last 350 lines) ----"[0m
2026-02-22T11:31:53.2492576Z [36;1m  (Get-Content $consoleLog -Tail 350 -ErrorAction SilentlyContinue) | Add-Content $report[0m
2026-02-22T11:31:53.2493053Z [36;1m} else {[0m
2026-02-22T11:31:53.2493304Z [36;1m  Add-Content $report "[WARN] console log not found"[0m
2026-02-22T11:31:53.2493603Z [36;1m}[0m
2026-02-22T11:31:53.2493762Z [36;1m[0m
2026-02-22T11:31:53.2493943Z [36;1m# run_*.log tail (best effort)[0m
2026-02-22T11:31:53.2494211Z [36;1m$workRoot = 'C:\work\apex_work\runs'[0m
2026-02-22T11:31:53.2494672Z [36;1m$latestRunDir = Get-ChildItem -Path $workRoot -Directory -ErrorAction SilentlyContinue |[0m
2026-02-22T11:31:53.2495227Z [36;1m  Sort-Object LastWriteTime -Descending | Select-Object -First 1[0m
2026-02-22T11:31:53.2495664Z [36;1mAdd-Content $report ("[INFO] work_root={0}" -f $workRoot)[0m
2026-02-22T11:31:53.2495999Z [36;1mif ($latestRunDir) {[0m
2026-02-22T11:31:53.2496365Z [36;1m  Add-Content $report ("[INFO] latest_run_dir={0}" -f $latestRunDir.FullName)[0m
2026-02-22T11:31:53.2497142Z [36;1m  $latestRunLog = Get-ChildItem -Path (Join-Path $latestRunDir.FullName 'logs') -Filter 'run_*.log' -File -ErrorAction SilentlyContinue |[0m
2026-02-22T11:31:53.2497875Z [36;1m    Sort-Object LastWriteTime -Descending | Select-Object -First 1[0m
2026-02-22T11:31:53.2498266Z [36;1m  if ($latestRunLog) {[0m
2026-02-22T11:31:53.2498620Z [36;1m    Add-Content $report ("[INFO] run_log={0}" -f $latestRunLog.FullName)[0m
2026-02-22T11:31:53.2499082Z [36;1m    Add-Content $report "---- run_log_tail (last 350 lines) ----"[0m
2026-02-22T11:31:53.2499664Z [36;1m    (Get-Content $latestRunLog.FullName -Tail 350 -ErrorAction SilentlyContinue) | Add-Content $report[0m
2026-02-22T11:31:53.2500144Z [36;1m  } else {[0m
2026-02-22T11:31:53.2500470Z [36;1m    Add-Content $report "[WARN] run_*.log not found under latest_run_dir\logs"[0m
2026-02-22T11:31:53.2502554Z [36;1m  }[0m
2026-02-22T11:31:53.2502714Z [36;1m} else {[0m
2026-02-22T11:31:53.2502992Z [36;1m  Add-Content $report "[WARN] no run_dir found under work_root"[0m
2026-02-22T11:31:53.2503322Z [36;1m}[0m
2026-02-22T11:31:53.2503488Z [36;1m[0m
2026-02-22T11:31:53.2503656Z [36;1m$global:LASTEXITCODE = 0[0m
2026-02-22T11:31:53.2503879Z [36;1mexit 0[0m
2026-02-22T11:31:53.2520370Z shell: C:\Windows\System32\WindowsPowerShell\v1.0\powershell.EXE -NoProfile -ExecutionPolicy Bypass -Command "{0}"
2026-02-22T11:31:53.2520901Z env:
2026-02-22T11:31:53.2521106Z   REPO_ROOT: C:\work\apex_repo_cache\ApexTraderAI
2026-02-22T11:31:53.2521368Z ##[endgroup]

----- FILE: actions_logs/run/12_Package diagnostics to OneDrive (always).txt -----
ï»¿2026-02-22T11:31:53.9308847Z ##[group]Run $ErrorActionPreference = 'Stop'
2026-02-22T11:31:53.9309322Z [36;1m$ErrorActionPreference = 'Stop'[0m
2026-02-22T11:31:53.9309834Z [36;1m$diagScript = Join-Path $env:REPO_ROOT 'scripts\package_diagnostics_to_onedrive.ps1'[0m
2026-02-22T11:31:53.9310417Z [36;1m$reportPath = Join-Path $env:GITHUB_WORKSPACE 'temp\ONE_TAP_ERROR_REPORT.txt'[0m
2026-02-22T11:31:53.9310787Z [36;1m[0m
2026-02-22T11:31:53.9310997Z [36;1mAdd-Content -Path $reportPath -Value @([0m
2026-02-22T11:31:53.9311324Z [36;1m  '[STEP] package_diagnostics_to_onedrive',[0m
2026-02-22T11:31:53.9311636Z [36;1m  ('[INFO] diag_script={0}' -f $diagScript)[0m
2026-02-22T11:31:53.9311939Z [36;1m)[0m
2026-02-22T11:31:53.9312220Z [36;1mWrite-Host "Diagnostics script path: $diagScript"[0m
2026-02-22T11:31:53.9312700Z [36;1m[0m
2026-02-22T11:31:53.9312867Z [36;1m$diagDirCandidates = @()[0m
2026-02-22T11:31:53.9313100Z [36;1mif ($env:OneDrive) {[0m
2026-02-22T11:31:53.9313444Z [36;1m  $diagDirCandidates += (Join-Path $env:OneDrive 'ApexTraderAI\diagnostics')[0m
2026-02-22T11:31:53.9313858Z [36;1m}[0m
2026-02-22T11:31:53.9314025Z [36;1mif ($env:USERPROFILE) {[0m
2026-02-22T11:31:53.9314520Z [36;1m  $diagDirCandidates += (Join-Path $env:USERPROFILE 'OneDrive\ApexTraderAI\diagnostics')[0m
2026-02-22T11:31:53.9315070Z [36;1m}[0m
2026-02-22T11:31:53.9315401Z [36;1m$diagDirCandidates += (Join-Path $env:RUNNER_TEMP 'ApexTraderAI\diagnostics')[0m
2026-02-22T11:31:53.9315773Z [36;1m[0m
2026-02-22T11:31:53.9315938Z [36;1m$selectedDiagDir = $null[0m
2026-02-22T11:31:53.9316210Z [36;1mforeach ($candidate in $diagDirCandidates) {[0m
2026-02-22T11:31:53.9316482Z [36;1m  try {[0m
2026-02-22T11:31:53.9316822Z [36;1m    $null = New-Item -Path $candidate -ItemType Directory -Force -ErrorAction Stop[0m
2026-02-22T11:31:53.9317301Z [36;1m    $selectedDiagDir = $candidate[0m
2026-02-22T11:31:53.9317545Z [36;1m    break[0m
2026-02-22T11:31:53.9317713Z [36;1m  } catch {[0m
2026-02-22T11:31:53.9318118Z [36;1m    Write-Warning "Diagnostics dir candidate unavailable: $candidate ($($_.Exception.Message))"[0m
2026-02-22T11:31:53.9318556Z [36;1m  }[0m
2026-02-22T11:31:53.9318714Z [36;1m}[0m
2026-02-22T11:31:53.9318851Z [36;1m[0m
2026-02-22T11:31:53.9319020Z [36;1mif (-not $selectedDiagDir) {[0m
2026-02-22T11:31:53.9319343Z [36;1m  Add-Content -Path $reportPath -Value @([0m
2026-02-22T11:31:53.9319663Z [36;1m    '[NG] package_diagnostics_to_onedrive',[0m
2026-02-22T11:31:53.9319986Z [36;1m    '[NG] selected diagnostics dir unavailable',[0m
2026-02-22T11:31:53.9320249Z [36;1m    ''[0m
2026-02-22T11:31:53.9320406Z [36;1m  )[0m
2026-02-22T11:31:53.9320816Z [36;1m  throw 'Unable to resolve diagnostics output directory from OneDrive/USERPROFILE/RUNNER_TEMP candidates.'[0m
2026-02-22T11:31:53.9321300Z [36;1m}[0m
2026-02-22T11:31:53.9321472Z [36;1m[0m
2026-02-22T11:31:53.9321758Z [36;1mWrite-Host "Selected diagnostics output dir: $selectedDiagDir"[0m
2026-02-22T11:31:53.9322321Z [36;1m"diag_dir=$selectedDiagDir" | Out-File -FilePath $env:GITHUB_OUTPUT -Encoding utf8 -Append[0m
2026-02-22T11:31:53.9322738Z [36;1m[0m
2026-02-22T11:31:53.9322903Z [36;1m$runDirForPackage = ''[0m
2026-02-22T11:31:53.9323134Z [36;1m$outputRootForPackage = ''[0m
2026-02-22T11:31:53.9323392Z [36;1m$runsRoot = 'C:\work\apex_work\runs'[0m
2026-02-22T11:31:53.9323652Z [36;1mif (Test-Path $runsRoot) {[0m
2026-02-22T11:31:53.9324194Z [36;1m  $latestRun = Get-ChildItem -Path $runsRoot -Directory -ErrorAction SilentlyContinue |[0m
2026-02-22T11:31:53.9324674Z [36;1m    Sort-Object LastWriteTime -Descending |[0m
2026-02-22T11:31:53.9324957Z [36;1m    Select-Object -First 1[0m
2026-02-22T11:31:53.9325200Z [36;1m  if ($latestRun) {[0m
2026-02-22T11:31:53.9325454Z [36;1m    $runDirForPackage = $latestRun.FullName[0m
2026-02-22T11:31:53.9325840Z [36;1m    $outputRootForPackage = Join-Path $runDirForPackage 'output'[0m
2026-02-22T11:31:53.9326182Z [36;1m  }[0m
2026-02-22T11:31:53.9327802Z [36;1m}[0m
2026-02-22T11:31:53.9328005Z [36;1mAdd-Content -Path $reportPath -Value @([0m
2026-02-22T11:31:53.9328347Z [36;1m  ('[PUBLISH] run_dir={0}' -f $runDirForPackage),[0m
2026-02-22T11:31:53.9328734Z [36;1m  ('[PUBLISH] output_root={0}' -f $outputRootForPackage)[0m
2026-02-22T11:31:53.9329041Z [36;1m)[0m
2026-02-22T11:31:53.9329358Z [36;1m[0m
2026-02-22T11:31:53.9329534Z [36;1mif (Test-Path $diagScript) {[0m
2026-02-22T11:31:53.9330273Z [36;1m  powershell -NoProfile -ExecutionPolicy Bypass -File $diagScript -DiagDir "$selectedDiagDir" -RunDir "$runDirForPackage" -OutputRoot "$outputRootForPackage"[0m
2026-02-22T11:31:53.9331025Z [36;1m  if ($LASTEXITCODE -ne 0) {[0m
2026-02-22T11:31:53.9332124Z [36;1m    Add-Content -Path $reportPath -Value @([0m
2026-02-22T11:31:53.9332479Z [36;1m      '[NG] package_diagnostics_to_onedrive',[0m
2026-02-22T11:31:53.9332803Z [36;1m      ('[NG] exit_code={0}' -f $LASTEXITCODE),[0m
2026-02-22T11:31:53.9333084Z [36;1m      ''[0m
2026-02-22T11:31:53.9333267Z [36;1m    )[0m
2026-02-22T11:31:53.9333569Z [36;1m    Write-Error "Diagnostics script exited with code $LASTEXITCODE"[0m
2026-02-22T11:31:53.9334002Z [36;1m    exit $LASTEXITCODE[0m
2026-02-22T11:31:53.9334252Z [36;1m  }[0m
2026-02-22T11:31:53.9334476Z [36;1m  Add-Content -Path $reportPath -Value @([0m
2026-02-22T11:31:53.9334809Z [36;1m    '[OK] package_diagnostics_to_onedrive',[0m
2026-02-22T11:31:53.9335137Z [36;1m    ('[OK] diag_dir={0}' -f $selectedDiagDir),[0m
2026-02-22T11:31:53.9335414Z [36;1m    ''[0m
2026-02-22T11:31:53.9335584Z [36;1m  )[0m
2026-02-22T11:31:53.9335744Z [36;1m} else {[0m
2026-02-22T11:31:53.9335979Z [36;1m  Add-Content -Path $reportPath -Value @([0m
2026-02-22T11:31:53.9336353Z [36;1m    '[NG] package_diagnostics_to_onedrive',[0m
2026-02-22T11:31:53.9336672Z [36;1m    '[NG] diagnostics script not found',[0m
2026-02-22T11:31:53.9336940Z [36;1m    ''[0m
2026-02-22T11:31:53.9337101Z [36;1m  )[0m
2026-02-22T11:31:53.9337372Z [36;1m  Write-Error "Diagnostics script not found: $diagScript"[0m
2026-02-22T11:31:53.9337697Z [36;1m  exit 1[0m
2026-02-22T11:31:53.9337867Z [36;1m}[0m
2026-02-22T11:31:53.9338013Z [36;1m[0m
2026-02-22T11:31:53.9338240Z [36;1mif ((Get-Item $reportPath).Length -gt 60000) {[0m
2026-02-22T11:31:53.9338635Z [36;1m  $tail = Get-Content -Path $reportPath -Raw[0m
2026-02-22T11:31:53.9339037Z [36;1m  $tail = $tail.Substring([Math]::Max(0, $tail.Length - 60000))[0m
2026-02-22T11:31:53.9339499Z [36;1m  Set-Content -Path $reportPath -Value $tail -Encoding UTF8[0m
2026-02-22T11:31:53.9339848Z [36;1m}[0m
2026-02-22T11:31:53.9357830Z shell: C:\Windows\System32\WindowsPowerShell\v1.0\powershell.EXE -NoProfile -ExecutionPolicy Bypass -Command "{0}"
2026-02-22T11:31:53.9358384Z env:
2026-02-22T11:31:53.9358580Z   REPO_ROOT: C:\work\apex_repo_cache\ApexTraderAI
2026-02-22T11:31:53.9358851Z ##[endgroup]
2026-02-22T11:31:54.1723272Z Diagnostics script path: C:\work\apex_repo_cache\ApexTraderAI\scripts\package_diagnostics_to_onedrive.ps1
2026-02-22T11:31:54.1806001Z Selected diagnostics output dir: C:\Users\becky\OneDrive\ApexTraderAI\diagnostics
2026-02-22T11:31:54.5734598Z runnerDiag=C:\Users\becky\OneDrive\ãƒ‡ã‚¹ã‚¯ãƒˆãƒƒãƒ—\Python\apex-trader-ai\actions-runner\_diag
2026-02-22T11:31:54.5739424Z diagDir=C:\Users\becky\OneDrive\ApexTraderAI\diagnostics
2026-02-22T11:31:55.1966180Z WARNING: Primary diagnostics archive failed: The process cannot access the file 
2026-02-22T11:31:55.1967086Z 'C:\Users\becky\OneDrive\ãƒ‡ã‚¹ã‚¯ãƒˆãƒƒãƒ—\Python\apex-trader-ai\actions-runner\_diag\blocks\f8caf8b3-81c3-4a45-ad66-2d5b90069c8b_
2026-02-22T11:31:55.1967862Z 15819933-8add-5774-a31e-1aa980971768.1' because it is being used by another process.
2026-02-22T11:31:55.2721412Z zipPath=C:\Users\becky\OneDrive\ApexTraderAI\diagnostics\diag_22276285127_1_20260222_203154.zip
2026-02-22T11:31:55.3354470Z 
2026-02-22T11:31:55.3356395Z 
2026-02-22T11:31:55.3358336Z     ãƒ‡ã‚£ãƒ¬ã‚¯ãƒˆãƒª: C:\Users\becky\OneDrive\ApexTraderAI\diagnostics
2026-02-22T11:31:55.3360270Z 
2026-02-22T11:31:55.3360344Z 
2026-02-22T11:31:55.3362481Z Mode                 LastWriteTime         Length Name                                                                 
2026-02-22T11:31:55.3363662Z ----                 -------------         ------ ----                                                                 
2026-02-22T11:31:55.3367225Z -a----        2026/02/22     20:31           6313 diag_22276285127_1_20260222_203154.zip                               
2026-02-22T11:31:55.3375426Z -a----        2026/02/22     20:31            509 diag_publish_summary.txt                                             
2026-02-22T11:31:55.3381946Z -a----        2026/02/22     19:39           6339 diag_22275519959_1_20260222_193954.zip                               
2026-02-22T11:31:55.3388526Z -a----        2026/02/22     17:16           4824 diag_22273241605_1_20260222_171613.zip                               
2026-02-22T11:31:55.3395015Z -a----        2026/02/22     16:26           4823 diag_22272555605_1_20260222_162633.zip                               
2026-02-22T11:31:55.3401640Z -a----        2026/02/22     15:58           5932 diag_22272392052_1_20260222_155847.zip                               
2026-02-22T11:31:55.3408465Z -a----        2026/02/22     15:31           4959 diag_22272036196_1_20260222_153148.zip                               
2026-02-22T11:31:55.3414592Z -a----        2026/02/22     12:43           4931 diag_22269818512_1_20260222_124330.zip                               
2026-02-22T11:31:55.3421080Z -a----        2026/02/22     11:45           4930 diag_22269035409_1_20260222_114503.zip                               
2026-02-22T11:31:55.3427547Z -a----        2026/02/22     11:17           4934 diag_22268676913_1_20260222_111738.zip                               
2026-02-22T11:31:55.3433871Z -a----        2026/02/22     11:01           6771 diag_22268462317_1_20260222_110151.zip                               
2026-02-22T11:31:55.3446275Z -a----        2026/02/22      9:55           6061 diag_22267589833_1_20260222_095503.zip                               
2026-02-22T11:31:55.3447185Z -a----        2026/02/21     20:02           5153 diag_22255636168_1_20260221_200205.zip                               
2026-02-22T11:31:55.3452556Z -a----        2026/02/21     19:50           5225 diag_22255482209_1_20260221_195016.zip                               
2026-02-22T11:31:55.3458926Z -a----        2026/02/21     18:51           5266 diag_22254693514_1_20260221_185125.zip                               
2026-02-22T11:31:55.3464997Z -a----        2026/02/21     18:03           4845 diag_22254040899_1_20260221_180313.zip                               
2026-02-22T11:31:55.3471080Z -a----        2026/02/21     17:57           4845 diag_22253961100_1_20260221_175721.zip                               
2026-02-22T11:31:55.3477316Z -a----        2026/02/21     17:23           4840 diag_22253509025_1_20260221_172305.zip                               
2026-02-22T11:31:55.3483421Z -a----        2026/02/21     16:43           4839 diag_22252976665_1_20260221_164333.zip                               
2026-02-22T11:31:55.3489514Z -a----        2026/02/21     16:11           4806 diag_22252533924_1_20260221_161105.zip                               
2026-02-22T11:31:55.3495604Z -a----        2026/02/21     15:35           4851 diag_22252052676_1_20260221_153526.zip                               
2026-02-22T11:31:55.3501918Z -a----        2026/02/21     15:17           4846 diag_22251800216_1_20260221_151709.zip                               
2026-02-22T11:31:55.3508413Z -a----        2026/02/21     13:43           4912 diag_22250512578_1_20260221_134327.zip                               
2026-02-22T11:31:55.3514834Z -a----        2026/02/21     11:34           4944 diag_22248695422_1_20260221_113420.zip                               
2026-02-22T11:31:55.3521975Z -a----        2026/02/21     11:09           4759 diag_22248308415_1_20260221_110900.zip                               
2026-02-22T11:31:55.3528370Z -a----        2026/02/21     10:51           4964 diag_22248046183_1_20260221_105148.zip                               
2026-02-22T11:31:55.3528730Z 
2026-02-22T11:31:55.3528991Z 

----- FILE: actions_logs/run/13_Verify diagnostics directory content.txt -----
ï»¿2026-02-22T11:31:55.4020266Z ##[group]Run $ErrorActionPreference = 'Stop'
2026-02-22T11:31:55.4020955Z [36;1m$ErrorActionPreference = 'Stop'[0m
2026-02-22T11:31:55.4021554Z [36;1m$diagDir = 'C:\Users\becky\OneDrive\ApexTraderAI\diagnostics'[0m
2026-02-22T11:31:55.4022121Z [36;1mif (-not $diagDir) {[0m
2026-02-22T11:31:55.4022632Z [36;1m  $diagDir = Join-Path $env:RUNNER_TEMP 'ApexTraderAI\diagnostics'[0m
2026-02-22T11:31:55.4023161Z [36;1m}[0m
2026-02-22T11:31:55.4023479Z [36;1mWrite-Host '=== diagnostics dir listing ==='[0m
2026-02-22T11:31:55.4024940Z [36;1mif (Test-Path $diagDir) {[0m
2026-02-22T11:31:55.4025282Z [36;1m  dir $diagDir[0m
2026-02-22T11:31:55.4025544Z [36;1m} else {[0m
2026-02-22T11:31:55.4025935Z [36;1m  Write-Warning "Diagnostics directory not found: $diagDir"[0m
2026-02-22T11:31:55.4026419Z [36;1m}[0m
2026-02-22T11:31:55.4026659Z [36;1m[0m
2026-02-22T11:31:55.4027307Z [36;1m$latestZip = Get-ChildItem -Path $diagDir -File -Filter 'diag_*.zip' -ErrorAction SilentlyContinue |[0m
2026-02-22T11:31:55.4028197Z [36;1m  Sort-Object LastWriteTime -Descending |[0m
2026-02-22T11:31:55.4028657Z [36;1m  Select-Object -First 1[0m
2026-02-22T11:31:55.4029013Z [36;1m[0m
2026-02-22T11:31:55.4029268Z [36;1mif (-not $latestZip) {[0m
2026-02-22T11:31:55.4029724Z [36;1m  Write-Warning "diag zip missing in $diagDir"[0m
2026-02-22T11:31:55.4031066Z [36;1m  Write-Host 'Hint: package diagnostics step uses OneDrive -> USERPROFILE\\OneDrive -> RUNNER_TEMP fallback. Check step logs for selected path and creation errors.'[0m
2026-02-22T11:31:55.4032282Z [36;1m  exit 0[0m
2026-02-22T11:31:55.4032536Z [36;1m}[0m
2026-02-22T11:31:55.4032775Z [36;1m[0m
2026-02-22T11:31:55.4033125Z [36;1mWrite-Host "latestDiagZip=$($latestZip.FullName)"[0m
2026-02-22T11:31:55.4051907Z shell: C:\Windows\System32\WindowsPowerShell\v1.0\powershell.EXE -NoProfile -ExecutionPolicy Bypass -Command "{0}"
2026-02-22T11:31:55.4052432Z env:
2026-02-22T11:31:55.4052633Z   REPO_ROOT: C:\work\apex_repo_cache\ApexTraderAI
2026-02-22T11:31:55.4052920Z ##[endgroup]
2026-02-22T11:31:55.6526831Z === diagnostics dir listing ===
2026-02-22T11:31:55.7004157Z 
2026-02-22T11:31:55.7004469Z 
2026-02-22T11:31:55.7006649Z     ãƒ‡ã‚£ãƒ¬ã‚¯ãƒˆãƒª: C:\Users\becky\OneDrive\ApexTraderAI\diagnostics
2026-02-22T11:31:55.7006944Z 
2026-02-22T11:31:55.7006951Z 
2026-02-22T11:31:55.7010609Z Mode                 LastWriteTime         Length Name                                                                 
2026-02-22T11:31:55.7011726Z ----                 -------------         ------ ----                                                                 
2026-02-22T11:31:55.7015627Z -a----        2026/02/21     10:51           4964 diag_22248046183_1_20260221_105148.zip                               
2026-02-22T11:31:55.7024437Z -a----        2026/02/21     11:09           4759 diag_22248308415_1_20260221_110900.zip                               
2026-02-22T11:31:55.7032125Z -a----        2026/02/21     11:34           4944 diag_22248695422_1_20260221_113420.zip                               
2026-02-22T11:31:55.7039431Z -a----        2026/02/21     13:43           4912 diag_22250512578_1_20260221_134327.zip                               
2026-02-22T11:31:55.7050847Z -a----        2026/02/21     15:17           4846 diag_22251800216_1_20260221_151709.zip                               
2026-02-22T11:31:55.7054471Z -a----        2026/02/21     15:35           4851 diag_22252052676_1_20260221_153526.zip                               
2026-02-22T11:31:55.7065110Z -a----        2026/02/21     16:11           4806 diag_22252533924_1_20260221_161105.zip                               
2026-02-22T11:31:55.7070296Z -a----        2026/02/21     16:43           4839 diag_22252976665_1_20260221_164333.zip                               
2026-02-22T11:31:55.7077344Z -a----        2026/02/21     17:23           4840 diag_22253509025_1_20260221_172305.zip                               
2026-02-22T11:31:55.7084426Z -a----        2026/02/21     17:57           4845 diag_22253961100_1_20260221_175721.zip                               
2026-02-22T11:31:55.7096121Z -a----        2026/02/21     18:03           4845 diag_22254040899_1_20260221_180313.zip                               
2026-02-22T11:31:55.7101409Z -a----        2026/02/21     18:51           5266 diag_22254693514_1_20260221_185125.zip                               
2026-02-22T11:31:55.7114050Z -a----        2026/02/21     19:50           5225 diag_22255482209_1_20260221_195016.zip                               
2026-02-22T11:31:55.7128682Z -a----        2026/02/21     20:02           5153 diag_22255636168_1_20260221_200205.zip                               
2026-02-22T11:31:55.7139016Z -a----        2026/02/22      9:55           6061 diag_22267589833_1_20260222_095503.zip                               
2026-02-22T11:31:55.7149326Z -a----        2026/02/22     11:01           6771 diag_22268462317_1_20260222_110151.zip                               
2026-02-22T11:31:55.7161105Z -a----        2026/02/22     11:17           4934 diag_22268676913_1_20260222_111738.zip                               
2026-02-22T11:31:55.7166619Z -a----        2026/02/22     11:45           4930 diag_22269035409_1_20260222_114503.zip                               
2026-02-22T11:31:55.7173965Z -a----        2026/02/22     12:43           4931 diag_22269818512_1_20260222_124330.zip                               
2026-02-22T11:31:55.7184399Z -a----        2026/02/22     15:31           4959 diag_22272036196_1_20260222_153148.zip                               
2026-02-22T11:31:55.7191542Z -a----        2026/02/22     15:58           5932 diag_22272392052_1_20260222_155847.zip                               
2026-02-22T11:31:55.7196870Z -a----        2026/02/22     16:26           4823 diag_22272555605_1_20260222_162633.zip                               
2026-02-22T11:31:55.7204110Z -a----        2026/02/22     17:16           4824 diag_22273241605_1_20260222_171613.zip                               
2026-02-22T11:31:55.7211397Z -a----        2026/02/22     19:39           6339 diag_22275519959_1_20260222_193954.zip                               
2026-02-22T11:31:55.7222150Z -a----        2026/02/22     20:31           6313 diag_22276285127_1_20260222_203154.zip                               
2026-02-22T11:31:55.7227271Z -a----        2026/02/22     20:31            509 diag_publish_summary.txt                                             
2026-02-22T11:31:55.7342992Z latestDiagZip=C:\Users\becky\OneDrive\ApexTraderAI\diagnostics\diag_22276285127_1_20260222_203154.zip
2026-02-22T11:31:55.7347708Z 
2026-02-22T11:31:55.7347832Z 

----- FILE: actions_logs/run/14_Tail latest run log on failure.txt -----
ï»¿2026-02-22T11:31:55.7617439Z ##[group]Run $workRoot = 'C:\work\apex_work\runs'
2026-02-22T11:31:55.7617923Z [36;1m$workRoot = 'C:\work\apex_work\runs'[0m
2026-02-22T11:31:55.7618475Z [36;1m$latestRunLog = Get-ChildItem -Path (Join-Path $workRoot '*\logs\run_*.log') -File -ErrorAction SilentlyContinue |[0m
2026-02-22T11:31:55.7619118Z [36;1m  Sort-Object LastWriteTime -Descending |[0m
2026-02-22T11:31:55.7619406Z [36;1m  Select-Object -First 1[0m
2026-02-22T11:31:55.7619616Z [36;1m[0m
2026-02-22T11:31:55.7619785Z [36;1mif ($latestRunLog) {[0m
2026-02-22T11:31:55.7620106Z [36;1m  Write-Host ("=== latest run log: {0} ===" -f $latestRunLog.FullName)[0m
2026-02-22T11:31:55.7620513Z [36;1m  Write-Host '=== tail run_*.log (200 lines) ==='[0m
2026-02-22T11:31:55.7620868Z [36;1m  Get-Content -Path $latestRunLog.FullName -Tail 200[0m
2026-02-22T11:31:55.7621186Z [36;1m} else {[0m
2026-02-22T11:31:55.7621505Z [36;1m  Write-Warning ("No run_*.log found under {0}" -f $workRoot)[0m
2026-02-22T11:31:55.7621821Z [36;1m}[0m
2026-02-22T11:31:55.7638630Z shell: C:\Windows\System32\WindowsPowerShell\v1.0\powershell.EXE -NoProfile -ExecutionPolicy Bypass -Command "{0}"
2026-02-22T11:31:55.7639153Z env:
2026-02-22T11:31:55.7639355Z   REPO_ROOT: C:\work\apex_repo_cache\ApexTraderAI
2026-02-22T11:31:55.7639618Z ##[endgroup]
2026-02-22T11:31:56.1152426Z === latest run log: C:\work\apex_work\runs\20260222_203050\logs\run_20260222_203050.log ===
2026-02-22T11:31:56.1154847Z === tail run_*.log (200 lines) ===
2026-02-22T11:31:56.1190376Z ==================================================
2026-02-22T11:31:56.1192645Z [RUN] ApexTraderAI local run started
2026-02-22T11:31:56.1193121Z [RUN] requirement=Never finish a workflow run without leaving a readable log artifact
2026-02-22T11:31:56.1195476Z [RUN] run_id=20260222_203050
2026-02-22T11:31:56.1202291Z [RUN] repo=C:\work\apex_repo_cache\ApexTraderAI
2026-02-22T11:31:56.1202632Z [RUN] work_root=C:\work\apex_work\runs
2026-02-22T11:31:56.1204838Z [RUN] run_dir=C:\work\apex_work\runs\20260222_203050
2026-02-22T11:31:56.1207212Z [RUN] log=C:\work\apex_work\runs\20260222_203050\logs\run_20260222_203050.log
2026-02-22T11:31:56.1209483Z [RUN] timestamp=2026/02/22 20:30:50.10
2026-02-22T11:31:56.1211630Z ==================================================
2026-02-22T11:31:56.1211924Z [RUN] commit=fd83146
2026-02-22T11:31:56.1214094Z [RUN] data_dir=C:\work\apex_work\runs\20260222_203050\data
2026-02-22T11:31:56.1216391Z [RUN] output_dir=C:\work\apex_work\runs\20260222_203050\output
2026-02-22T11:31:56.1216623Z 
2026-02-22T11:31:56.1216769Z [CMD] git rev-parse --short HEAD
2026-02-22T11:31:56.1218878Z fd83146
2026-02-22T11:31:56.1218968Z 
2026-02-22T11:31:56.1219118Z [CMD] git rev-parse --is-inside-work-tree
2026-02-22T11:31:56.1221240Z true
2026-02-22T11:31:56.1221330Z 
2026-02-22T11:31:56.1221442Z [CMD] where python
2026-02-22T11:31:56.1223637Z C:\Users\becky\AppData\Local\Programs\Python\Python310\python.exe
2026-02-22T11:31:56.1223897Z 
2026-02-22T11:31:56.1225888Z [CMD] python --version
2026-02-22T11:31:56.1226117Z Python 3.10.6
2026-02-22T11:31:56.1226217Z 
2026-02-22T11:31:56.1228187Z [CMD] "python" --version
2026-02-22T11:31:56.1228421Z Python 3.10.6
2026-02-22T11:31:56.1228516Z 
2026-02-22T11:31:56.1232899Z [CMD] "python" tools\run_with_python.py tools\prepare_data.py --symbols SOXL,SOXS --start 2014-01-01 --end 2022-03-31 --force --data-dir "C:\work\apex_work\runs\20260222_203050\data"
2026-02-22T11:31:56.1235749Z [prepare_data] wrote C:\work\apex_work\runs\20260222_203050\data\prices_SOXL.csv (2077 rows)
2026-02-22T11:31:56.1240109Z [prepare_data] wrote C:\work\apex_work\runs\20260222_203050\data\prices_SOXS.csv (2077 rows)
2026-02-22T11:31:56.1244961Z [CMD] 'C:\Users\becky\AppData\Local\Programs\Python\Python310\python.exe' 'tools\prepare_data.py' --symbols SOXL,SOXS --start 2014-01-01 --end 2022-03-31 --force --data-dir 'C:\work\apex_work\runs\20260222_203050\data'
2026-02-22T11:31:56.1249529Z [RC] 0
2026-02-22T11:31:56.1249620Z 
2026-02-22T11:31:56.1261483Z [CMD] "python" tools\run_with_python.py tools\run_pipeline.py --symbol SOXL --steps "A,B,C,D,DPRIME,E,F" --test-start 2022-01-03 --train-years 8 --test-months 3 --mode sim --output-root "C:\work\apex_work\runs\20260222_203050\output" --data-dir "C:\work\apex_work\runs\20260222_203050\data" --auto-prepare-data 0  --enable-mamba
2026-02-22T11:31:56.1268774Z [StepB] WARN: failed to ensure stepB_pred_time_all: _load_prices_dates() missing 3 required positional arguments: 'output_root', 'data_root', and 'mode'
2026-02-22T11:31:56.1275691Z C:\work\apex_repo_cache\ApexTraderAI\ai_core\models\transformer_summarizer.py:61: UserWarning: enable_nested_tensor is True, but self.use_nested_tensor is False because encoder_layer.norm_first was True
2026-02-22T11:31:56.1280434Z   self.encoder = nn.TransformerEncoder(enc_layer, num_layers=cfg.num_layers)
2026-02-22T11:31:56.1285296Z C:\work\apex_repo_cache\ApexTraderAI\ai_core\models\transformer_summarizer.py:61: UserWarning: enable_nested_tensor is True, but self.use_nested_tensor is False because encoder_layer.norm_first was True
2026-02-22T11:31:56.1290059Z   self.encoder = nn.TransformerEncoder(enc_layer, num_layers=cfg.num_layers)
2026-02-22T11:31:56.1294994Z C:\work\apex_repo_cache\ApexTraderAI\ai_core\models\transformer_summarizer.py:61: UserWarning: enable_nested_tensor is True, but self.use_nested_tensor is False because encoder_layer.norm_first was True
2026-02-22T11:31:56.1299723Z   self.encoder = nn.TransformerEncoder(enc_layer, num_layers=cfg.num_layers)
2026-02-22T11:31:56.1306401Z C:\work\apex_repo_cache\ApexTraderAI\ai_core\models\transformer_summarizer.py:61: UserWarning: enable_nested_tensor is True, but self.use_nested_tensor is False because encoder_layer.norm_first was True
2026-02-22T11:31:56.1311184Z   self.encoder = nn.TransformerEncoder(enc_layer, num_layers=cfg.num_layers)
2026-02-22T11:31:56.1315227Z [headless] output_root_resolved=C:\work\apex_work\runs\20260222_203050\output cfg_output_root=C:\work\apex_work\runs\20260222_203050\output cfg_data_output_root=C:\work\apex_work\runs\20260222_203050\output
2026-02-22T11:31:56.1316402Z [headless] data ready: SOXL,SOXS
2026-02-22T11:31:56.1317575Z [headless] StepE default config injected: agents=dprime_bnf_h01,dprime_bnf_h02,dprime_bnf_h03,dprime_all_features_h01,dprime_all_features_h02,dprime_all_features_h03,dprime_mix_h01,dprime_bnf_3scale,dprime_all_features_3scale,dprime_mix_3scale seed=42+idx device=auto
2026-02-22T11:31:56.1319525Z [headless] StepF default config injected: agents=dprime_all_features_3scale,dprime_all_features_h01,dprime_all_features_h02,dprime_all_features_h03,dprime_bnf_3scale,dprime_bnf_h01,dprime_bnf_h02,dprime_bnf_h03,dprime_mix_3scale,dprime_mix_h01 seed=42 device=auto
2026-02-22T11:31:56.1320632Z [headless] repo_root=C:\work\apex_repo_cache\ApexTraderAI
2026-02-22T11:31:56.1321092Z [headless] symbol=SOXL
2026-02-22T11:31:56.1321349Z [headless] steps=A,B,C,D,DPRIME,E,F
2026-02-22T11:31:56.1321622Z [headless] skip_stepe=0
2026-02-22T11:31:56.1321994Z [headless] auto_prepare_data=0 data_start=2010-01-01 data_end=2026-02-22
2026-02-22T11:31:56.1322380Z [StepA] start
2026-02-22T11:31:56.1322674Z [StepA] data_dir=C:\work\apex_work\runs\20260222_203050\data
2026-02-22T11:31:56.1323410Z [StepA] data_dir=C:\work\apex_work\runs\20260222_203050\data src_csv=C:\work\apex_work\runs\20260222_203050\data\prices_SOXL.csv
2026-02-22T11:31:56.1323928Z [StepA] done
2026-02-22T11:31:56.1324120Z [StepB] start
2026-02-22T11:31:56.1324869Z [StepB:mamba] wrote daily manifest -> C:\work\apex_work\runs\20260222_203050\output\stepB\sim\stepB_daily_manifest_SOXL.csv rows=62
2026-02-22T11:31:56.1325426Z [StepB] agents: mamba=True
2026-02-22T11:31:56.1325742Z [StepB] done
2026-02-22T11:31:56.1325956Z [StepC] start
2026-02-22T11:31:56.1326393Z [StepC] price_path=C:\work\apex_work\runs\20260222_203050\output\stepA\sim\stepA_prices_train_SOXL.csv
2026-02-22T11:31:56.1327147Z [StepC] wrote daily snapshots: 62 -> C:\work\apex_work\runs\20260222_203050\output\stepC\sim\stepC_daily_manifest_SOXL.csv
2026-02-22T11:31:56.1328387Z [StepC] done
2026-02-22T11:31:56.1328576Z [StepDPrime] start
2026-02-22T11:31:56.1328781Z [StepDPrime] seed=42
2026-02-22T11:31:56.1328994Z [StepDPrime] device=cuda
2026-02-22T11:31:56.1329466Z [StepD'] collect: source=mamba h=1 files=62 root=C:/work/apex_work/runs/20260222_203050/output/stepB/sim
2026-02-22T11:31:56.1330138Z [StepD'] stepDprime_mamba_h01_SOXL ep=001 train_loss=0.7007 acc=0.500 val_loss=0.6942 val_acc=0.556
2026-02-22T11:31:56.1331106Z [StepD'] stepDprime_mamba_h01_SOXL ep=002 train_loss=0.6856 acc=0.596 val_loss=0.6992 val_acc=0.556
2026-02-22T11:31:56.1331843Z [StepD'] stepDprime_mamba_h01_SOXL ep=003 train_loss=0.6862 acc=0.558 val_loss=0.6972 val_acc=0.444
2026-02-22T11:31:56.1332530Z [StepD'] stepDprime_mamba_h01_SOXL ep=004 train_loss=0.6908 acc=0.635 val_loss=0.6927 val_acc=0.444
2026-02-22T11:31:56.1333285Z [StepD'] stepDprime_mamba_h01_SOXL ep=005 train_loss=0.6847 acc=0.500 val_loss=0.6901 val_acc=0.556
2026-02-22T11:31:56.1333967Z [StepD'] stepDprime_mamba_h01_SOXL ep=006 train_loss=0.6710 acc=0.692 val_loss=0.6892 val_acc=0.556
2026-02-22T11:31:56.1334669Z [StepD'] stepDprime_mamba_h01_SOXL ep=007 train_loss=0.6966 acc=0.462 val_loss=0.6894 val_acc=0.556
2026-02-22T11:31:56.1335391Z [StepD'] stepDprime_mamba_h01_SOXL ep=008 train_loss=0.6934 acc=0.558 val_loss=0.6907 val_acc=0.222
2026-02-22T11:31:56.1336464Z [StepD'] stepDprime_mamba_h01_SOXL ep=009 train_loss=0.6728 acc=0.692 val_loss=0.6921 val_acc=0.444
2026-02-22T11:31:56.1337200Z [StepD'] stepDprime_mamba_h01_SOXL ep=010 train_loss=0.6919 acc=0.558 val_loss=0.6935 val_acc=0.444
2026-02-22T11:31:56.1337927Z [StepD'] stepDprime_mamba_h01_SOXL ep=011 train_loss=0.6878 acc=0.519 val_loss=0.6951 val_acc=0.556
2026-02-22T11:31:56.1338462Z [StepD'] stepDprime_mamba_h01_SOXL early stop at ep=11
2026-02-22T11:31:56.1339224Z [StepD'] collect: source=mamba h=5 files=62 root=C:/work/apex_work/runs/20260222_203050/output/stepB/sim
2026-02-22T11:31:56.1339918Z [StepD'] stepDprime_mamba_h05_SOXL ep=001 train_loss=0.6988 acc=0.388 val_loss=0.7327 val_acc=0.375
2026-02-22T11:31:56.1340679Z [StepD'] stepDprime_mamba_h05_SOXL ep=002 train_loss=0.6769 acc=0.592 val_loss=0.7887 val_acc=0.375
2026-02-22T11:31:56.1341350Z [StepD'] stepDprime_mamba_h05_SOXL ep=003 train_loss=0.6798 acc=0.592 val_loss=0.8185 val_acc=0.375
2026-02-22T11:31:56.1342034Z [StepD'] stepDprime_mamba_h05_SOXL ep=004 train_loss=0.6832 acc=0.592 val_loss=0.8179 val_acc=0.375
2026-02-22T11:31:56.1342939Z [StepD'] stepDprime_mamba_h05_SOXL ep=005 train_loss=0.6804 acc=0.592 val_loss=0.8001 val_acc=0.375
2026-02-22T11:31:56.1343585Z [StepD'] stepDprime_mamba_h05_SOXL ep=006 train_loss=0.6836 acc=0.592 val_loss=0.7755 val_acc=0.375
2026-02-22T11:31:56.1344084Z [StepD'] stepDprime_mamba_h05_SOXL early stop at ep=6
2026-02-22T11:31:56.1344631Z [StepD'] collect: source=mamba h=10 files=62 root=C:/work/apex_work/runs/20260222_203050/output/stepB/sim
2026-02-22T11:31:56.1345402Z [StepD'] stepDprime_mamba_h10_SOXL ep=001 train_loss=0.7572 acc=0.267 val_loss=0.7013 val_acc=0.429
2026-02-22T11:31:56.1346060Z [StepD'] stepDprime_mamba_h10_SOXL ep=002 train_loss=0.6743 acc=0.733 val_loss=0.7455 val_acc=0.429
2026-02-22T11:31:56.1346706Z [StepD'] stepDprime_mamba_h10_SOXL ep=003 train_loss=0.6189 acc=0.733 val_loss=0.8135 val_acc=0.429
2026-02-22T11:31:56.1347396Z [StepD'] stepDprime_mamba_h10_SOXL ep=004 train_loss=0.5887 acc=0.733 val_loss=0.8968 val_acc=0.429
2026-02-22T11:31:56.1348058Z [StepD'] stepDprime_mamba_h10_SOXL ep=005 train_loss=0.5804 acc=0.733 val_loss=0.9767 val_acc=0.429
2026-02-22T11:31:56.1348695Z [StepD'] stepDprime_mamba_h10_SOXL ep=006 train_loss=0.5898 acc=0.733 val_loss=1.0330 val_acc=0.429
2026-02-22T11:31:56.1349187Z [StepD'] stepDprime_mamba_h10_SOXL early stop at ep=6
2026-02-22T11:31:56.1349746Z [StepD'] collect: source=mamba h=20 files=62 root=C:/work/apex_work/runs/20260222_203050/output/stepB/sim
2026-02-22T11:31:56.1350461Z [StepD'] stepDprime_mamba_h20_SOXL ep=001 train_loss=0.5967 acc=0.778 val_loss=0.6362 val_acc=0.667
2026-02-22T11:31:56.1351221Z [StepD'] stepDprime_mamba_h20_SOXL ep=002 train_loss=0.5519 acc=0.778 val_loss=0.6508 val_acc=0.667
2026-02-22T11:31:56.1351873Z [StepD'] stepDprime_mamba_h20_SOXL ep=003 train_loss=0.5327 acc=0.778 val_loss=0.6799 val_acc=0.667
2026-02-22T11:31:56.1352583Z [StepD'] stepDprime_mamba_h20_SOXL ep=004 train_loss=0.5260 acc=0.778 val_loss=0.7086 val_acc=0.667
2026-02-22T11:31:56.1353223Z [StepD'] stepDprime_mamba_h20_SOXL ep=005 train_loss=0.5336 acc=0.778 val_loss=0.7254 val_acc=0.667
2026-02-22T11:31:56.1353863Z [StepD'] stepDprime_mamba_h20_SOXL ep=006 train_loss=0.5413 acc=0.778 val_loss=0.7289 val_acc=0.667
2026-02-22T11:31:56.1354407Z [StepD'] stepDprime_mamba_h20_SOXL early stop at ep=6
2026-02-22T11:31:56.1355057Z [StepD'] wrote summary: C:/work/apex_work/runs/20260222_203050/output/stepD_prime/sim/stepDprime_summary_SOXL.json
2026-02-22T11:31:56.1355543Z [StepDPrime] done
2026-02-22T11:31:56.1355736Z [StepD] start
2026-02-22T11:31:56.1356000Z [StepD] mode=sim source=stepC rows=2076 cols=12 rbw=20
2026-02-22T11:31:56.1356729Z [StepD] wrote daily snapshots: 62 agent=mamba -> C:\work\apex_work\runs\20260222_203050\output\stepD\sim\stepD_daily_manifest_mamba_SOXL.csv
2026-02-22T11:31:56.1357616Z [StepD] ensured global daily manifest -> C:\work\apex_work\runs\20260222_203050\output\stepD\sim\stepD_daily_manifest_SOXL.csv
2026-02-22T11:31:56.1358725Z [StepD] wrote agent=mamba daily=stepD_envelope_daily_mamba_SOXL.csv used_cols=Pred_Close_scaled_MAMBA_h01,Pred_Close_scaled_MAMBA_h05,Pred_Close_scaled_MAMBA_h10,Pred_Close_scaled_MAMBA_h20 days=2076
2026-02-22T11:31:56.1359490Z [StepD] done
2026-02-22T11:31:56.1359666Z [StepE] start
2026-02-22T11:31:56.1360046Z [StepE] agent=dprime_bnf_h01 mode=sim profile=A use_stepd_prime=True seed=42 device=auto
2026-02-22T11:31:56.1360823Z [PIPELINE] status=failed steps=A,B,C,D,DPRIME,E,F output_root=C:\work\apex_work\runs\20260222_203050\output
2026-02-22T11:31:56.1361297Z Traceback (most recent call last):
2026-02-22T11:31:56.1361855Z   File "C:\work\apex_repo_cache\ApexTraderAI\tools\run_pipeline.py", line 1498, in <module>
2026-02-22T11:31:56.1362288Z     raise SystemExit(main())
2026-02-22T11:31:56.1362700Z   File "C:\work\apex_repo_cache\ApexTraderAI\tools\run_pipeline.py", line 1482, in main
2026-02-22T11:31:56.1363255Z     step_result = _run_step_generic(step, app_config, symbol, date_range, results)
2026-02-22T11:31:56.1363909Z   File "C:\work\apex_repo_cache\ApexTraderAI\tools\run_pipeline.py", line 1203, in _run_step_generic
2026-02-22T11:31:56.1364405Z     return _call_with_best_effort(fn, ctx2)
2026-02-22T11:31:56.1364939Z   File "C:\work\apex_repo_cache\ApexTraderAI\tools\run_pipeline.py", line 451, in _call_with_best_effort
2026-02-22T11:31:56.1365399Z     return fn(**kwargs)
2026-02-22T11:31:56.1365842Z   File "C:\work\apex_repo_cache\ApexTraderAI\ai_core\services\step_e_service.py", line 141, in run
2026-02-22T11:31:56.1366473Z     self._run_one(cfg, date_range=date_range, symbol=symbol, mode=mode)
2026-02-22T11:31:56.1367056Z   File "C:\work\apex_repo_cache\ApexTraderAI\ai_core\services\step_e_service.py", line 168, in _run_one
2026-02-22T11:31:56.1367706Z     df_all, used_manifest = self._merge_inputs(cfg, out_root=out_root, mode=mode, symbol=symbol)
2026-02-22T11:31:56.1368436Z   File "C:\work\apex_repo_cache\ApexTraderAI\ai_core\services\step_e_service.py", line 415, in _merge_inputs
2026-02-22T11:31:56.1368917Z     raise RuntimeError(
2026-02-22T11:31:56.1369760Z RuntimeError: StepD' merge mismatch (match_ratio=0.030). df Date range=2014-01-03 00:00:00..2022-03-31 00:00:00, dprime Date range=2022-01-03 00:00:00..2022-03-31 00:00:00. Check the embeddings file Date column/format.
2026-02-22T11:31:56.1371687Z [CMD] 'C:\Users\becky\AppData\Local\Programs\Python\Python310\python.exe' 'tools\run_pipeline.py' --symbol SOXL --steps A,B,C,D,DPRIME,E,F --test-start 2022-01-03 --train-years 8 --test-months 3 --mode sim --output-root 'C:\work\apex_work\runs\20260222_203050\output' --data-dir 'C:\work\apex_work\runs\20260222_203050\data' --auto-prepare-data 0 --enable-mamba
2026-02-22T11:31:56.1373019Z [RC] 1
2026-02-22T11:31:56.1373266Z [RC] 
2026-02-22T11:31:56.1374590Z [FAILED] command="python" tools\run_with_python.py tools\run_pipeline.py --symbol SOXL --steps "A,B,C,D,DPRIME,E,F" --test-start 2022-01-03 --train-years 8 --test-months 3 --mode sim --output-root "C:\work\apex_work\runs\20260222_203050\output" --data-dir "C:\work\apex_work\runs\20260222_203050\data" --auto-prepare-data 0  --enable-mamba
2026-02-22T11:31:56.1375823Z [FAILED] exit_code=
2026-02-22T11:31:56.1376049Z [FAILED] run_id=20260222_203050
2026-02-22T11:31:56.1376434Z [FAILED] log=C:\work\apex_work\runs\20260222_203050\logs\run_20260222_203050.log

----- FILE: actions_logs/run/15_Resolve latest run artifacts.txt -----
ï»¿2026-02-22T11:31:56.1521107Z ##[group]Run $workRoot = 'C:\work\apex_work\runs'
2026-02-22T11:31:56.1521581Z [36;1m$workRoot = 'C:\work\apex_work\runs'[0m
2026-02-22T11:31:56.1521998Z [36;1m$consoleLog = Join-Path $env:RUNNER_TEMP 'run_all_local_then_copy_console.log'[0m
2026-02-22T11:31:56.1522542Z [36;1m$reportPath = Join-Path $env:GITHUB_WORKSPACE 'temp\ONE_TAP_ERROR_REPORT.txt'[0m
2026-02-22T11:31:56.1522917Z [36;1m[0m
2026-02-22T11:31:56.1523171Z [36;1mAdd-Content -Path $reportPath -Value @([0m
2026-02-22T11:31:56.1523508Z [36;1m  '[STEP] resolve_latest_run_artifacts',[0m
2026-02-22T11:31:56.1523801Z [36;1m  ('[INFO] work_root={0}' -f $workRoot)[0m
2026-02-22T11:31:56.1524041Z [36;1m)[0m
2026-02-22T11:31:56.1524188Z [36;1m[0m
2026-02-22T11:31:56.1524356Z [36;1m$runId = ''[0m
2026-02-22T11:31:56.1524557Z [36;1mif (Test-Path $consoleLog) {[0m
2026-02-22T11:31:56.1525013Z [36;1m  $runIdLine = Select-String -Path $consoleLog -Pattern '^\[OK\] run_id=' | Select-Object -Last 1[0m
2026-02-22T11:31:56.1525574Z [36;1m  if ($runIdLine) {[0m
2026-02-22T11:31:56.1526123Z [36;1m    $runId = ($runIdLine.Line -replace '^\[OK\] run_id=', '').Trim()[0m
2026-02-22T11:31:56.1526453Z [36;1m  }[0m
2026-02-22T11:31:56.1526608Z [36;1m}[0m
2026-02-22T11:31:56.1526756Z [36;1m[0m
2026-02-22T11:31:56.1526903Z [36;1m$runDir = $null[0m
2026-02-22T11:31:56.1527099Z [36;1mif ($runId) {[0m
2026-02-22T11:31:56.1527330Z [36;1m  $candidateDir = Join-Path $workRoot $runId[0m
2026-02-22T11:31:56.1527625Z [36;1m  if (Test-Path $candidateDir) {[0m
2026-02-22T11:31:56.1527975Z [36;1m    $runDir = Get-Item $candidateDir[0m
2026-02-22T11:31:56.1528233Z [36;1m  }[0m
2026-02-22T11:31:56.1528379Z [36;1m}[0m
2026-02-22T11:31:56.1528535Z [36;1m[0m
2026-02-22T11:31:56.1528741Z [36;1mif (-not $runDir -and (Test-Path $workRoot)) {[0m
2026-02-22T11:31:56.1529320Z [36;1m  $runDir = Get-ChildItem -Path $workRoot -Directory | Sort-Object LastWriteTime -Descending | Select-Object -First 1[0m
2026-02-22T11:31:56.1529884Z [36;1m  if ($runDir -and -not $runId) {[0m
2026-02-22T11:31:56.1530158Z [36;1m    $runId = $runDir.Name[0m
2026-02-22T11:31:56.1530379Z [36;1m  }[0m
2026-02-22T11:31:56.1530577Z [36;1m}[0m
2026-02-22T11:31:56.1530727Z [36;1m[0m
2026-02-22T11:31:56.1530874Z [36;1mif ($runId) {[0m
2026-02-22T11:31:56.1531219Z [36;1m  "run_id=$runId" | Out-File -FilePath $env:GITHUB_OUTPUT -Encoding utf8 -Append[0m
2026-02-22T11:31:56.1531640Z [36;1m  Write-Host "Resolved run_id=$runId"[0m
2026-02-22T11:31:56.1531889Z [36;1m} else {[0m
2026-02-22T11:31:56.1532263Z [36;1m  Add-Content -Path $reportPath -Value '[NG] resolve_latest_run_artifacts run_id unresolved'[0m
2026-02-22T11:31:56.1532903Z [36;1m  Write-Warning 'Failed to resolve run_id from console log and latest run folder.'[0m
2026-02-22T11:31:56.1533292Z [36;1m}[0m
2026-02-22T11:31:56.1533434Z [36;1m[0m
2026-02-22T11:31:56.1533588Z [36;1mif ($runDir) {[0m
2026-02-22T11:31:56.1533863Z [36;1m  $logGlob = Join-Path $runDir.FullName 'logs\run_*.log'[0m
2026-02-22T11:31:56.1534326Z [36;1m  $zipPath = Join-Path $runDir.FullName ("run_{0}.zip" -f $runDir.Name)[0m
2026-02-22T11:31:56.1534881Z [36;1m  $runLogPath = Join-Path $runDir.FullName ("logs\run_{0}.log" -f $runDir.Name)[0m
2026-02-22T11:31:56.1535504Z [36;1m  "log_glob=$logGlob" | Out-File -FilePath $env:GITHUB_OUTPUT -Encoding utf8 -Append[0m
2026-02-22T11:31:56.1536068Z [36;1m  "zip_path=$zipPath" | Out-File -FilePath $env:GITHUB_OUTPUT -Encoding utf8 -Append[0m
2026-02-22T11:31:56.1536655Z [36;1m  "run_log_path=$runLogPath" | Out-File -FilePath $env:GITHUB_OUTPUT -Encoding utf8 -Append[0m
2026-02-22T11:31:56.1537281Z [36;1m  "run_dir=$($runDir.FullName)" | Out-File -FilePath $env:GITHUB_OUTPUT -Encoding utf8 -Append[0m
2026-02-22T11:31:56.1537889Z [36;1m  Write-Host "Resolved run directory: $($runDir.FullName)"[0m
2026-02-22T11:31:56.1538202Z [36;1m}[0m
2026-02-22T11:31:56.1538349Z [36;1m[0m
2026-02-22T11:31:56.1538501Z [36;1mif ($runDir) {[0m
2026-02-22T11:31:56.1539948Z [36;1m  Add-Content -Path $reportPath -Value @([0m
2026-02-22T11:31:56.1540272Z [36;1m    '[OK] resolve_latest_run_artifacts',[0m
2026-02-22T11:31:56.1540571Z [36;1m    ('[OK] run_dir={0}' -f $runDir.FullName),[0m
2026-02-22T11:31:56.1540859Z [36;1m    ('[OK] run_id={0}' -f $runId),[0m
2026-02-22T11:31:56.1541086Z [36;1m    ''[0m
2026-02-22T11:31:56.1541244Z [36;1m  )[0m
2026-02-22T11:31:56.1541388Z [36;1m}[0m
2026-02-22T11:31:56.1541531Z [36;1m[0m
2026-02-22T11:31:56.1541735Z [36;1mif ((Get-Item $reportPath).Length -gt 60000) {[0m
2026-02-22T11:31:56.1542126Z [36;1m  $tail = Get-Content -Path $reportPath -Raw[0m
2026-02-22T11:31:56.1542513Z [36;1m  $tail = $tail.Substring([Math]::Max(0, $tail.Length - 60000))[0m
2026-02-22T11:31:56.1542932Z [36;1m  Set-Content -Path $reportPath -Value $tail -Encoding UTF8[0m
2026-02-22T11:31:56.1543254Z [36;1m}[0m
2026-02-22T11:31:56.1561131Z shell: C:\Windows\System32\WindowsPowerShell\v1.0\powershell.EXE -NoProfile -ExecutionPolicy Bypass -Command "{0}"
2026-02-22T11:31:56.1561958Z env:
2026-02-22T11:31:56.1562178Z   REPO_ROOT: C:\work\apex_repo_cache\ApexTraderAI
2026-02-22T11:31:56.1562460Z ##[endgroup]
2026-02-22T11:31:56.4164024Z Resolved run_id=20260222_203050
2026-02-22T11:31:56.4221150Z Resolved run directory: C:\work\apex_work\runs\20260222_203050

----- FILE: actions_logs/run/16_Trim ONE_TAP report size.txt -----
ï»¿2026-02-22T11:31:56.5230376Z ##[group]Run $reportPath = Join-Path $env:GITHUB_WORKSPACE 'temp\ONE_TAP_ERROR_REPORT.txt'
2026-02-22T11:31:56.5231587Z [36;1m$reportPath = Join-Path $env:GITHUB_WORKSPACE 'temp\ONE_TAP_ERROR_REPORT.txt'[0m
2026-02-22T11:31:56.5231997Z [36;1m$maxBytes = 60000[0m
2026-02-22T11:31:56.5232373Z [36;1mif ((Test-Path $reportPath) -and ((Get-Item $reportPath).Length -gt $maxBytes)) {[0m
2026-02-22T11:31:56.5232828Z [36;1m  $tail = Get-Content -Path $reportPath -Raw[0m
2026-02-22T11:31:56.5233279Z [36;1m  $tail = $tail.Substring([Math]::Max(0, $tail.Length - $maxBytes))[0m
2026-02-22T11:31:56.5233748Z [36;1m  Set-Content -Path $reportPath -Value $tail -Encoding UTF8[0m
2026-02-22T11:31:56.5234114Z [36;1m}[0m
2026-02-22T11:31:56.5251542Z shell: C:\Windows\System32\WindowsPowerShell\v1.0\powershell.EXE -NoProfile -ExecutionPolicy Bypass -Command "{0}"
2026-02-22T11:31:56.5252099Z env:
2026-02-22T11:31:56.5252350Z   REPO_ROOT: C:\work\apex_repo_cache\ApexTraderAI
2026-02-22T11:31:56.5252654Z ##[endgroup]

----- FILE: actions_logs/run/17_Stage run artifacts.txt -----
ï»¿2026-02-22T11:31:56.7825318Z ##[group]Run $artifactRoot = Join-Path $env:GITHUB_WORKSPACE 'temp\desktop_artifacts'
2026-02-22T11:31:56.7826199Z [36;1m$artifactRoot = Join-Path $env:GITHUB_WORKSPACE 'temp\desktop_artifacts'[0m
2026-02-22T11:31:56.7826741Z [36;1m$null = New-Item -Path $artifactRoot -ItemType Directory -Force[0m
2026-02-22T11:31:56.7827252Z [36;1m$workspaceLogRoot = Join-Path $env:GITHUB_WORKSPACE 'artifacts\logs'[0m
2026-02-22T11:31:56.7827794Z [36;1m$null = New-Item -Path $workspaceLogRoot -ItemType Directory -Force[0m
2026-02-22T11:31:56.7828130Z [36;1m[0m
2026-02-22T11:31:56.7828447Z [36;1m$reportSource = Join-Path $env:GITHUB_WORKSPACE 'temp\ONE_TAP_ERROR_REPORT.txt'[0m
2026-02-22T11:31:56.7829178Z [36;1m$reportDest = Join-Path $artifactRoot 'ONE_TAP_ERROR_REPORT.txt'[0m
2026-02-22T11:31:56.7829567Z [36;1mif (Test-Path $reportSource) {[0m
2026-02-22T11:31:56.7830051Z [36;1m  Copy-Item -Path $reportSource -Destination $reportDest -Force[0m
2026-02-22T11:31:56.7830466Z [36;1m} else {[0m
2026-02-22T11:31:56.7830683Z [36;1m  @([0m
2026-02-22T11:31:56.7830957Z [36;1m    '[WARN] ONE_TAP_ERROR_REPORT.txt was missing at stage time.',[0m
2026-02-22T11:31:56.7831484Z [36;1m    ('timestamp={0}' -f (Get-Date -Format 'yyyy-MM-dd HH:mm:ss zzz'))[0m
2026-02-22T11:31:56.7831915Z [36;1m  ) | Set-Content -Path $reportDest -Encoding UTF8[0m
2026-02-22T11:31:56.7832210Z [36;1m}[0m
2026-02-22T11:31:56.7832361Z [36;1m[0m
2026-02-22T11:31:56.7832751Z [36;1m$consoleLog = Join-Path $env:GITHUB_WORKSPACE 'temp\run_all_local_then_copy_console.log'[0m
2026-02-22T11:31:56.7833217Z [36;1mif (Test-Path $consoleLog) {[0m
2026-02-22T11:31:56.7833785Z [36;1m  Copy-Item -Path $consoleLog -Destination (Join-Path $artifactRoot 'run_all_local_then_copy_console.log') -Force[0m
2026-02-22T11:31:56.7834405Z [36;1m}[0m
2026-02-22T11:31:56.7834562Z [36;1m[0m
2026-02-22T11:31:56.7834860Z [36;1m$runLog = 'C:\work\apex_work\runs\20260222_203050\logs\run_20260222_203050.log'[0m
2026-02-22T11:31:56.7835353Z [36;1mif ((-not $runLog) -or (-not (Test-Path $runLog))) {[0m
2026-02-22T11:31:56.7835785Z [36;1m  $runDir = 'C:\work\apex_work\runs\20260222_203050'[0m
2026-02-22T11:31:56.7836128Z [36;1m  if ($runDir -and (Test-Path $runDir)) {[0m
2026-02-22T11:31:56.7836969Z [36;1m    $latestRunLog = Get-ChildItem -Path (Join-Path $runDir 'logs') -Filter 'run_*.log' -File -ErrorAction SilentlyContinue | Sort-Object LastWriteTime -Descending | Select-Object -First 1[0m
2026-02-22T11:31:56.7837881Z [36;1m    if ($latestRunLog) {[0m
2026-02-22T11:31:56.7838153Z [36;1m      $runLog = $latestRunLog.FullName[0m
2026-02-22T11:31:56.7838674Z [36;1m    }[0m
2026-02-22T11:31:56.7838837Z [36;1m  }[0m
2026-02-22T11:31:56.7839002Z [36;1m}[0m
2026-02-22T11:31:56.7839147Z [36;1m[0m
2026-02-22T11:31:56.7839353Z [36;1mif ($runLog -and (Test-Path $runLog)) {[0m
2026-02-22T11:31:56.7839694Z [36;1m  $runLogName = Split-Path -Path $runLog -Leaf[0m
2026-02-22T11:31:56.7840197Z [36;1m  Copy-Item -Path $runLog -Destination (Join-Path $artifactRoot $runLogName) -Force[0m
2026-02-22T11:31:56.7840887Z [36;1m  Copy-Item -Path $runLog -Destination (Join-Path $workspaceLogRoot $runLogName) -Force[0m
2026-02-22T11:31:56.7841369Z [36;1m  Write-Host "Staged run log: $runLog"[0m
2026-02-22T11:31:56.7841636Z [36;1m} else {[0m
2026-02-22T11:31:56.7842042Z [36;1m  Write-Warning 'Run log was not found for artifact staging. Uploading console log artifact only.'[0m
2026-02-22T11:31:56.7842511Z [36;1m  @([0m
2026-02-22T11:31:56.7842822Z [36;1m    '[WARN] run_*.log was not found. Artifact includes console log only.',[0m
2026-02-22T11:31:56.7843443Z [36;1m    '[WARN] Never finish a workflow run without leaving a readable log artifact.',[0m
2026-02-22T11:31:56.7843991Z [36;1m    ('[WARN] generated_at={0}' -f (Get-Date -Format 'yyyy-MM-dd HH:mm:ss zzz'))[0m
2026-02-22T11:31:56.7844588Z [36;1m  ) | Set-Content -Path (Join-Path $artifactRoot 'missing_run_log_warning.txt') -Encoding UTF8[0m
2026-02-22T11:31:56.7846586Z [36;1m}[0m
2026-02-22T11:31:56.7846747Z [36;1m[0m
2026-02-22T11:31:56.7847030Z [36;1m$zipPath = 'C:\work\apex_work\runs\20260222_203050\run_20260222_203050.zip'[0m
2026-02-22T11:31:56.7847488Z [36;1mif ($zipPath -and (Test-Path $zipPath)) {[0m
2026-02-22T11:31:56.7848190Z [36;1m  Copy-Item -Path $zipPath -Destination (Join-Path $artifactRoot (Split-Path -Path $zipPath -Leaf)) -Force[0m
2026-02-22T11:31:56.7848712Z [36;1m}[0m
2026-02-22T11:31:56.7848867Z [36;1m[0m
2026-02-22T11:31:56.7849245Z [36;1m"artifact_path=$artifactRoot" | Out-File -FilePath $env:GITHUB_OUTPUT -Encoding utf8 -Append[0m
2026-02-22T11:31:56.7849900Z [36;1mWrite-Host "Staged artifacts under: $artifactRoot"[0m
2026-02-22T11:31:56.7869030Z shell: C:\Windows\System32\WindowsPowerShell\v1.0\powershell.EXE -NoProfile -ExecutionPolicy Bypass -Command "{0}"
2026-02-22T11:31:56.7869572Z env:
2026-02-22T11:31:56.7869782Z   REPO_ROOT: C:\work\apex_repo_cache\ApexTraderAI
2026-02-22T11:31:56.7870063Z ##[endgroup]
2026-02-22T11:31:57.0863206Z Staged run log: C:\work\apex_work\runs\20260222_203050\logs\run_20260222_203050.log
2026-02-22T11:31:57.0921652Z Staged artifacts under: C:\Users\becky\OneDrive\ãƒ‡ã‚¹ã‚¯ãƒˆãƒƒãƒ—\Python\apex-trader-ai\actions-runner\_work\ApexTraderAI\ApexTraderAI\temp\desktop_artifacts

----- FILE: actions_logs/run/18_Upload run artifacts.txt -----
ï»¿2026-02-22T11:31:57.1241073Z ##[group]Run actions/upload-artifact@v4
2026-02-22T11:31:57.1241486Z with:
2026-02-22T11:31:57.1241942Z   name: desktop-run-20260222_203050
2026-02-22T11:31:57.1242338Z   if-no-files-found: warn
2026-02-22T11:31:57.1242955Z   path: C:\Users\becky\OneDrive\ãƒ‡ã‚¹ã‚¯ãƒˆãƒƒãƒ—\Python\apex-trader-ai\actions-runner\_work\ApexTraderAI\ApexTraderAI\temp\desktop_artifacts\**
2026-02-22T11:31:57.1243556Z   compression-level: 6
2026-02-22T11:31:57.1243739Z   overwrite: false
2026-02-22T11:31:57.1243927Z   include-hidden-files: false
2026-02-22T11:31:57.1244144Z env:
2026-02-22T11:31:57.1244385Z   REPO_ROOT: C:\work\apex_repo_cache\ApexTraderAI
2026-02-22T11:31:57.1244652Z ##[endgroup]
2026-02-22T11:31:58.5174932Z With the provided path, there will be 45 files uploaded
2026-02-22T11:31:58.5177441Z Artifact name is valid!
2026-02-22T11:31:58.5179564Z Root directory input is valid!
2026-02-22T11:31:59.0888686Z Beginning upload of artifact content to blob storage
2026-02-22T11:32:02.1459434Z Uploaded bytes 8388608
2026-02-22T11:32:03.3951588Z Uploaded bytes 16777216
2026-02-22T11:32:04.4614111Z Uploaded bytes 25165824
2026-02-22T11:32:04.9464445Z Uploaded bytes 33554432
2026-02-22T11:32:05.5081421Z Uploaded bytes 41943040
2026-02-22T11:32:09.3180565Z Uploaded bytes 50331648
2026-02-22T11:32:11.4300616Z Uploaded bytes 54486003
2026-02-22T11:32:11.6113761Z Finished uploading artifact content to blob storage!
2026-02-22T11:32:11.6120953Z SHA256 digest of uploaded artifact zip is 31bc884c758fafbe4f53e70722a9dd6c71002f5b15e4acf557c5e6b2abca1ef0
2026-02-22T11:32:11.6123407Z Finalizing artifact upload
2026-02-22T11:32:12.1772178Z Artifact desktop-run-20260222_203050.zip successfully finalized. Artifact ID 5606720531
2026-02-22T11:32:12.1773075Z Artifact desktop-run-20260222_203050 has been successfully uploaded! Final size is 54486003 bytes. Artifact ID is 5606720531
2026-02-22T11:32:12.1780854Z Artifact download URL: https://github.com/toki866/ApexTraderAI/actions/runs/22276285127/artifacts/5606720531

----- FILE: actions_logs/run/19_Evaluate outputs (StepA_StepE best-effort) and write report.txt -----
ï»¿2026-02-22T11:32:12.2435493Z ##[group]Run $ErrorActionPreference='Continue'
2026-02-22T11:32:12.2435955Z [36;1m$ErrorActionPreference='Continue'[0m
2026-02-22T11:32:12.2436230Z [36;1mSet-Location $env:REPO_ROOT[0m
2026-02-22T11:32:12.2436462Z [36;1m[0m
2026-02-22T11:32:12.2436646Z [36;1m$workRoot='C:\work\apex_work\runs'[0m
2026-02-22T11:32:12.2437290Z [36;1m$latest=Get-ChildItem $workRoot -Directory -ErrorAction SilentlyContinue | Sort-Object LastWriteTime -Desc | Select-Object -First 1[0m
2026-02-22T11:32:12.2437975Z [36;1mif (-not $latest) { Write-Host "[WARN] no run_dir"; exit 0 }[0m
2026-02-22T11:32:12.2438322Z [36;1m[0m
2026-02-22T11:32:12.2438571Z [36;1m$outputRoot=Join-Path $latest.FullName 'output'[0m
2026-02-22T11:32:12.2439013Z [36;1mif (-not (Test-Path $outputRoot)) { Write-Host "[WARN] no output_root"; exit 0 }[0m
2026-02-22T11:32:12.2439399Z [36;1m[0m
2026-02-22T11:32:12.2439636Z [36;1m$repDir=Join-Path $env:GITHUB_WORKSPACE 'temp\eval'[0m
2026-02-22T11:32:12.2440029Z [36;1mNew-Item $repDir -ItemType Directory -Force | Out-Null[0m
2026-02-22T11:32:12.2440470Z [36;1m$md=Join-Path $repDir 'EVAL_REPORT.md'[0m
2026-02-22T11:32:12.2440809Z [36;1m$js=Join-Path $repDir 'EVAL_REPORT.json'[0m
2026-02-22T11:32:12.2441132Z [36;1m$summary=Join-Path $repDir 'EVAL_SUMMARY.txt'[0m
2026-02-22T11:32:12.2441551Z [36;1m[0m
2026-02-22T11:32:12.2441985Z [36;1m$symbols = 'SOXL,SOXS'[0m
2026-02-22T11:32:12.2442235Z [36;1m$symbol = 'SOXL'[0m
2026-02-22T11:32:12.2442645Z [36;1mif (-not [string]::IsNullOrWhiteSpace($symbols)) {[0m
2026-02-22T11:32:12.2443052Z [36;1m  $symbol = ($symbols -split ',')[0].Trim()[0m
2026-02-22T11:32:12.2443434Z [36;1m  if ([string]::IsNullOrWhiteSpace($symbol)) { $symbol = 'SOXL' }[0m
2026-02-22T11:32:12.2443769Z [36;1m}[0m
2026-02-22T11:32:12.2443930Z [36;1m$mode = 'sim'[0m
2026-02-22T11:32:12.2444215Z [36;1mif ([string]::IsNullOrWhiteSpace($mode)) { $mode = 'sim' }[0m
2026-02-22T11:32:12.2444520Z [36;1m[0m
2026-02-22T11:32:12.2445096Z [36;1mpython scripts/evaluate_run_outputs.py --output-root "$outputRoot" --mode "$mode" --symbol "$symbol" --out-md "$md" --out-json "$js" --out-summary "$summary"[0m
2026-02-22T11:32:12.2445808Z [36;1mexit 0[0m
2026-02-22T11:32:12.2462750Z shell: C:\Windows\System32\WindowsPowerShell\v1.0\powershell.EXE -NoProfile -ExecutionPolicy Bypass -Command "{0}"
2026-02-22T11:32:12.2463286Z env:
2026-02-22T11:32:12.2463495Z   REPO_ROOT: C:\work\apex_repo_cache\ApexTraderAI
2026-02-22T11:32:12.2463764Z ##[endgroup]

----- FILE: actions_logs/run/1_Set up job.txt -----
ï»¿2026-02-22T11:30:40.1876138Z Current runner version: '2.331.0'
2026-02-22T11:30:40.1888173Z Runner name: 'DESKTOP-C54PIIA'
2026-02-22T11:30:40.1888900Z Runner group name: 'Default'
2026-02-22T11:30:40.1889823Z Machine name: 'DESKTOP-C54PIIA'
2026-02-22T11:30:40.1893690Z ##[group]GITHUB_TOKEN Permissions
2026-02-22T11:30:40.1895846Z Actions: read
2026-02-22T11:30:40.1896268Z Contents: write
2026-02-22T11:30:40.1896843Z Issues: write
2026-02-22T11:30:40.1897223Z Metadata: read
2026-02-22T11:30:40.1897629Z ##[endgroup]
2026-02-22T11:30:40.1899610Z Secret source: Actions
2026-02-22T11:30:40.1900195Z Prepare workflow directory
2026-02-22T11:30:40.2649876Z Prepare all required actions
2026-02-22T11:30:40.2688278Z Getting action download info
2026-02-22T11:30:41.4994167Z Download action repository 'actions/upload-artifact@v4' (SHA:ea165f8d65b6e75b540449e92b4886f43607fa02)
2026-02-22T11:30:43.4798767Z Download action repository 'actions/github-script@v7' (SHA:f28e40c7f34bde8b3046d885e986cb6290c5673b)
2026-02-22T11:30:44.7005708Z Complete job name: run

----- FILE: actions_logs/run/20_Publish ONE_TAP report to diag-logs branch.txt -----
2026-02-22T11:32:23.0733504Z  
2026-02-22T11:32:23.0797066Z Copy-Item : Could not find a part of the path 'C:\Users\becky\OneDrive\ãƒ‡ã‚¹ã‚¯ãƒˆãƒƒãƒ—\Python\apex-trader-ai\actions-runner\_wor
2026-02-22T11:32:23.0797979Z k\_temp\diag_repo\runs\20260222_203216_run22276285127_att1_fd83146\csv\stepB\sim\daily\stepB_daily_pred_mamba_h20_SOXL_
2026-02-22T11:32:23.0798586Z 2022_03_29.csv'.
2026-02-22T11:32:23.0799468Z At C:\Users\becky\OneDrive\ãƒ‡ã‚¹ã‚¯ãƒˆãƒƒãƒ—\Python\apex-trader-ai\actions-runner\_work\_temp\87f65bff-dd5f-492c-9bd7-1e0851469325
2026-02-22T11:32:23.0800046Z .ps1:149 char:7
2026-02-22T11:32:23.0800425Z +       Copy-Item -Path $src.FullName -Destination (Join-Path $csvOutDi ...
2026-02-22T11:32:23.0800991Z +       ~~~~~~~~~~~~~~~~~~~~~~~~~~~~~~~~~~~~~~~~~~~~~~~~~~~~~~~~~~~~~~~
2026-02-22T11:32:23.0801522Z     + CategoryInfo          : NotSpecified: (:) [Copy-Item], DirectoryNotFoundException
2026-02-22T11:32:23.0802324Z     + FullyQualifiedErrorId : System.IO.DirectoryNotFoundException,Microsoft.PowerShell.Commands.CopyItemCommand
2026-02-22T11:32:23.0802899Z  
2026-02-22T11:32:23.0856810Z Copy-Item : Could not find a part of the path 'C:\Users\becky\OneDrive\ãƒ‡ã‚¹ã‚¯ãƒˆãƒƒãƒ—\Python\apex-trader-ai\actions-runner\_wor
2026-02-22T11:32:23.0858232Z k\_temp\diag_repo\runs\20260222_203216_run22276285127_att1_fd83146\csv\stepB\sim\daily\stepB_daily_pred_mamba_h20_SOXL_
2026-02-22T11:32:23.0858822Z 2022_03_30.csv'.
2026-02-22T11:32:23.0859459Z At C:\Users\becky\OneDrive\ãƒ‡ã‚¹ã‚¯ãƒˆãƒƒãƒ—\Python\apex-trader-ai\actions-runner\_work\_temp\87f65bff-dd5f-492c-9bd7-1e0851469325
2026-02-22T11:32:23.0860060Z .ps1:149 char:7
2026-02-22T11:32:23.0860437Z +       Copy-Item -Path $src.FullName -Destination (Join-Path $csvOutDi ...
2026-02-22T11:32:23.0860930Z +       ~~~~~~~~~~~~~~~~~~~~~~~~~~~~~~~~~~~~~~~~~~~~~~~~~~~~~~~~~~~~~~~
2026-02-22T11:32:23.0861444Z     + CategoryInfo          : NotSpecified: (:) [Copy-Item], DirectoryNotFoundException
2026-02-22T11:32:23.0862292Z     + FullyQualifiedErrorId : System.IO.DirectoryNotFoundException,Microsoft.PowerShell.Commands.CopyItemCommand
2026-02-22T11:32:23.0862874Z  
2026-02-22T11:32:23.0918884Z Copy-Item : Could not find a part of the path 'C:\Users\becky\OneDrive\ãƒ‡ã‚¹ã‚¯ãƒˆãƒƒãƒ—\Python\apex-trader-ai\actions-runner\_wor
2026-02-22T11:32:23.0919913Z k\_temp\diag_repo\runs\20260222_203216_run22276285127_att1_fd83146\csv\stepB\sim\daily\stepB_daily_pred_mamba_h20_SOXL_
2026-02-22T11:32:23.0920463Z 2022_03_31.csv'.
2026-02-22T11:32:23.0921112Z At C:\Users\becky\OneDrive\ãƒ‡ã‚¹ã‚¯ãƒˆãƒƒãƒ—\Python\apex-trader-ai\actions-runner\_work\_temp\87f65bff-dd5f-492c-9bd7-1e0851469325
2026-02-22T11:32:23.0921832Z .ps1:149 char:7
2026-02-22T11:32:23.0922290Z +       Copy-Item -Path $src.FullName -Destination (Join-Path $csvOutDi ...
2026-02-22T11:32:23.0923192Z +       ~~~~~~~~~~~~~~~~~~~~~~~~~~~~~~~~~~~~~~~~~~~~~~~~~~~~~~~~~~~~~~~
2026-02-22T11:32:23.0926357Z     + CategoryInfo          : NotSpecified: (:) [Copy-Item], DirectoryNotFoundException
2026-02-22T11:32:23.0930939Z     + FullyQualifiedErrorId : System.IO.DirectoryNotFoundException,Microsoft.PowerShell.Commands.CopyItemCommand
2026-02-22T11:32:23.0933413Z  
2026-02-22T11:32:23.1075419Z Copy-Item : Could not find a part of the path 'C:\Users\becky\OneDrive\ãƒ‡ã‚¹ã‚¯ãƒˆãƒƒãƒ—\Python\apex-trader-ai\actions-runner\_wor
2026-02-22T11:32:23.1080111Z k\_temp\diag_repo\runs\20260222_203216_run22276285127_att1_fd83146\csv\stepB\sim\stepB_daily_manifest_SOXL.csv'.
2026-02-22T11:32:23.1084749Z At C:\Users\becky\OneDrive\ãƒ‡ã‚¹ã‚¯ãƒˆãƒƒãƒ—\Python\apex-trader-ai\actions-runner\_work\_temp\87f65bff-dd5f-492c-9bd7-1e0851469325
2026-02-22T11:32:23.1087164Z .ps1:149 char:7
2026-02-22T11:32:23.1089463Z +       Copy-Item -Path $src.FullName -Destination (Join-Path $csvOutDi ...
2026-02-22T11:32:23.1093979Z +       ~~~~~~~~~~~~~~~~~~~~~~~~~~~~~~~~~~~~~~~~~~~~~~~~~~~~~~~~~~~~~~~
2026-02-22T11:32:23.1096378Z     + CategoryInfo          : NotSpecified: (:) [Copy-Item], DirectoryNotFoundException
2026-02-22T11:32:23.1099077Z     + FullyQualifiedErrorId : System.IO.DirectoryNotFoundException,Microsoft.PowerShell.Commands.CopyItemCommand
2026-02-22T11:32:23.1103405Z  
2026-02-22T11:32:23.1316863Z Copy-Item : Could not find a part of the path 'C:\Users\becky\OneDrive\ãƒ‡ã‚¹ã‚¯ãƒˆãƒƒãƒ—\Python\apex-trader-ai\actions-runner\_wor
2026-02-22T11:32:23.1317816Z k\_temp\diag_repo\runs\20260222_203216_run22276285127_att1_fd83146\csv\stepB\sim\stepB_delta_mamba_SOXL.csv'.
2026-02-22T11:32:23.1318701Z At C:\Users\becky\OneDrive\ãƒ‡ã‚¹ã‚¯ãƒˆãƒƒãƒ—\Python\apex-trader-ai\actions-runner\_work\_temp\87f65bff-dd5f-492c-9bd7-1e0851469325
2026-02-22T11:32:23.1319565Z .ps1:149 char:7
2026-02-22T11:32:23.1320006Z +       Copy-Item -Path $src.FullName -Destination (Join-Path $csvOutDi ...
2026-02-22T11:32:23.1320520Z +       ~~~~~~~~~~~~~~~~~~~~~~~~~~~~~~~~~~~~~~~~~~~~~~~~~~~~~~~~~~~~~~~
2026-02-22T11:32:23.1321022Z     + CategoryInfo          : NotSpecified: (:) [Copy-Item], DirectoryNotFoundException
2026-02-22T11:32:23.1321816Z     + FullyQualifiedErrorId : System.IO.DirectoryNotFoundException,Microsoft.PowerShell.Commands.CopyItemCommand
2026-02-22T11:32:23.1322425Z  
2026-02-22T11:32:23.1368448Z Copy-Item : Could not find a part of the path 'C:\Users\becky\OneDrive\ãƒ‡ã‚¹ã‚¯ãƒˆãƒƒãƒ—\Python\apex-trader-ai\actions-runner\_wor
2026-02-22T11:32:23.1369392Z k\_temp\diag_repo\runs\20260222_203216_run22276285127_att1_fd83146\csv\stepB\sim\stepB_pred_close_mamba_SOXL.csv'.
2026-02-22T11:32:23.1370304Z At C:\Users\becky\OneDrive\ãƒ‡ã‚¹ã‚¯ãƒˆãƒƒãƒ—\Python\apex-trader-ai\actions-runner\_work\_temp\87f65bff-dd5f-492c-9bd7-1e0851469325
2026-02-22T11:32:23.1370875Z .ps1:149 char:7
2026-02-22T11:32:23.1371277Z +       Copy-Item -Path $src.FullName -Destination (Join-Path $csvOutDi ...
2026-02-22T11:32:23.1371791Z +       ~~~~~~~~~~~~~~~~~~~~~~~~~~~~~~~~~~~~~~~~~~~~~~~~~~~~~~~~~~~~~~~
2026-02-22T11:32:23.1372309Z     + CategoryInfo          : NotSpecified: (:) [Copy-Item], DirectoryNotFoundException
2026-02-22T11:32:23.1373137Z     + FullyQualifiedErrorId : System.IO.DirectoryNotFoundException,Microsoft.PowerShell.Commands.CopyItemCommand
2026-02-22T11:32:23.1373702Z  
2026-02-22T11:32:23.1432406Z Copy-Item : Could not find a part of the path 'C:\Users\becky\OneDrive\ãƒ‡ã‚¹ã‚¯ãƒˆãƒƒãƒ—\Python\apex-trader-ai\actions-runner\_wor
2026-02-22T11:32:23.1437072Z k\_temp\diag_repo\runs\20260222_203216_run22276285127_att1_fd83146\csv\stepB\sim\stepB_pred_path_mamba_SOXL.csv'.
2026-02-22T11:32:23.1441738Z At C:\Users\becky\OneDrive\ãƒ‡ã‚¹ã‚¯ãƒˆãƒƒãƒ—\Python\apex-trader-ai\actions-runner\_work\_temp\87f65bff-dd5f-492c-9bd7-1e0851469325
2026-02-22T11:32:23.1444205Z .ps1:149 char:7
2026-02-22T11:32:23.1446494Z +       Copy-Item -Path $src.FullName -Destination (Join-Path $csvOutDi ...
2026-02-22T11:32:23.1448894Z +       ~~~~~~~~~~~~~~~~~~~~~~~~~~~~~~~~~~~~~~~~~~~~~~~~~~~~~~~~~~~~~~~
2026-02-22T11:32:23.1451357Z     + CategoryInfo          : NotSpecified: (:) [Copy-Item], DirectoryNotFoundException
2026-02-22T11:32:23.1455994Z     + FullyQualifiedErrorId : System.IO.DirectoryNotFoundException,Microsoft.PowerShell.Commands.CopyItemCommand
2026-02-22T11:32:23.1458539Z  
2026-02-22T11:32:23.1482389Z Copy-Item : Could not find a part of the path 'C:\Users\becky\OneDrive\ãƒ‡ã‚¹ã‚¯ãƒˆãƒƒãƒ—\Python\apex-trader-ai\actions-runner\_wor
2026-02-22T11:32:23.1486960Z k\_temp\diag_repo\runs\20260222_203216_run22276285127_att1_fd83146\csv\stepB\sim\stepB_pred_time_all_SOXL.csv'.
2026-02-22T11:32:23.1491597Z At C:\Users\becky\OneDrive\ãƒ‡ã‚¹ã‚¯ãƒˆãƒƒãƒ—\Python\apex-trader-ai\actions-runner\_work\_temp\87f65bff-dd5f-492c-9bd7-1e0851469325
2026-02-22T11:32:23.1494246Z .ps1:149 char:7
2026-02-22T11:32:23.1496498Z +       Copy-Item -Path $src.FullName -Destination (Join-Path $csvOutDi ...
2026-02-22T11:32:23.1501240Z +       ~~~~~~~~~~~~~~~~~~~~~~~~~~~~~~~~~~~~~~~~~~~~~~~~~~~~~~~~~~~~~~~
2026-02-22T11:32:23.1503812Z     + CategoryInfo          : NotSpecified: (:) [Copy-Item], DirectoryNotFoundException
2026-02-22T11:32:23.1508361Z     + FullyQualifiedErrorId : System.IO.DirectoryNotFoundException,Microsoft.PowerShell.Commands.CopyItemCommand
2026-02-22T11:32:23.1510804Z  
2026-02-22T11:32:23.1539692Z Copy-Item : Could not find a part of the path 'C:\Users\becky\OneDrive\ãƒ‡ã‚¹ã‚¯ãƒˆãƒƒãƒ—\Python\apex-trader-ai\actions-runner\_wor
2026-02-22T11:32:23.1540611Z k\_temp\diag_repo\runs\20260222_203216_run22276285127_att1_fd83146\csv\stepD_prime\sim\embeddings\stepDprime_mamba_h01_
2026-02-22T11:32:23.1541198Z SOXL_embeddings_all.csv'.
2026-02-22T11:32:23.1541988Z At C:\Users\becky\OneDrive\ãƒ‡ã‚¹ã‚¯ãƒˆãƒƒãƒ—\Python\apex-trader-ai\actions-runner\_work\_temp\87f65bff-dd5f-492c-9bd7-1e0851469325
2026-02-22T11:32:23.1542802Z .ps1:149 char:7
2026-02-22T11:32:23.1543361Z +       Copy-Item -Path $src.FullName -Destination (Join-Path $csvOutDi ...
2026-02-22T11:32:23.1543905Z +       ~~~~~~~~~~~~~~~~~~~~~~~~~~~~~~~~~~~~~~~~~~~~~~~~~~~~~~~~~~~~~~~
2026-02-22T11:32:23.1544564Z     + CategoryInfo          : NotSpecified: (:) [Copy-Item], DirectoryNotFoundException
2026-02-22T11:32:23.1545633Z     + FullyQualifiedErrorId : System.IO.DirectoryNotFoundException,Microsoft.PowerShell.Commands.CopyItemCommand
2026-02-22T11:32:23.1546315Z  
2026-02-22T11:32:23.2074037Z Copy-Item : Could not find a part of the path 'C:\Users\becky\OneDrive\ãƒ‡ã‚¹ã‚¯ãƒˆãƒƒãƒ—\Python\apex-trader-ai\actions-runner\_wor
2026-02-22T11:32:23.2075190Z k\_temp\diag_repo\runs\20260222_203216_run22276285127_att1_fd83146\csv\stepD_prime\sim\embeddings\stepDprime_mamba_h05_
2026-02-22T11:32:23.2075945Z SOXL_embeddings_all.csv'.
2026-02-22T11:32:23.2076790Z At C:\Users\becky\OneDrive\ãƒ‡ã‚¹ã‚¯ãƒˆãƒƒãƒ—\Python\apex-trader-ai\actions-runner\_work\_temp\87f65bff-dd5f-492c-9bd7-1e0851469325
2026-02-22T11:32:23.2077515Z .ps1:149 char:7
2026-02-22T11:32:23.2078021Z +       Copy-Item -Path $src.FullName -Destination (Join-Path $csvOutDi ...
2026-02-22T11:32:23.2078823Z +       ~~~~~~~~~~~~~~~~~~~~~~~~~~~~~~~~~~~~~~~~~~~~~~~~~~~~~~~~~~~~~~~
2026-02-22T11:32:23.2079363Z     + CategoryInfo          : NotSpecified: (:) [Copy-Item], DirectoryNotFoundException
2026-02-22T11:32:23.2080444Z     + FullyQualifiedErrorId : System.IO.DirectoryNotFoundException,Microsoft.PowerShell.Commands.CopyItemCommand
2026-02-22T11:32:23.2081217Z  
2026-02-22T11:32:23.2237831Z Copy-Item : Could not find a part of the path 'C:\Users\becky\OneDrive\ãƒ‡ã‚¹ã‚¯ãƒˆãƒƒãƒ—\Python\apex-trader-ai\actions-runner\_wor
2026-02-22T11:32:23.2239157Z k\_temp\diag_repo\runs\20260222_203216_run22276285127_att1_fd83146\csv\stepD_prime\sim\embeddings\stepDprime_mamba_h10_
2026-02-22T11:32:23.2239825Z SOXL_embeddings_all.csv'.
2026-02-22T11:32:23.2240593Z At C:\Users\becky\OneDrive\ãƒ‡ã‚¹ã‚¯ãƒˆãƒƒãƒ—\Python\apex-trader-ai\actions-runner\_work\_temp\87f65bff-dd5f-492c-9bd7-1e0851469325
2026-02-22T11:32:23.2241374Z .ps1:149 char:7
2026-02-22T11:32:23.2241948Z +       Copy-Item -Path $src.FullName -Destination (Join-Path $csvOutDi ...
2026-02-22T11:32:23.2242482Z +       ~~~~~~~~~~~~~~~~~~~~~~~~~~~~~~~~~~~~~~~~~~~~~~~~~~~~~~~~~~~~~~~
2026-02-22T11:32:23.2243184Z     + CategoryInfo          : NotSpecified: (:) [Copy-Item], DirectoryNotFoundException
2026-02-22T11:32:23.2244288Z     + FullyQualifiedErrorId : System.IO.DirectoryNotFoundException,Microsoft.PowerShell.Commands.CopyItemCommand
2026-02-22T11:32:23.2244947Z  
2026-02-22T11:32:23.2391769Z Copy-Item : Could not find a part of the path 'C:\Users\becky\OneDrive\ãƒ‡ã‚¹ã‚¯ãƒˆãƒƒãƒ—\Python\apex-trader-ai\actions-runner\_wor
2026-02-22T11:32:23.2392804Z k\_temp\diag_repo\runs\20260222_203216_run22276285127_att1_fd83146\csv\stepD_prime\sim\embeddings\stepDprime_mamba_h20_
2026-02-22T11:32:23.2393377Z SOXL_embeddings_all.csv'.
2026-02-22T11:32:23.2394048Z At C:\Users\becky\OneDrive\ãƒ‡ã‚¹ã‚¯ãƒˆãƒƒãƒ—\Python\apex-trader-ai\actions-runner\_work\_temp\87f65bff-dd5f-492c-9bd7-1e0851469325
2026-02-22T11:32:23.2394901Z .ps1:149 char:7
2026-02-22T11:32:23.2395409Z +       Copy-Item -Path $src.FullName -Destination (Join-Path $csvOutDi ...
2026-02-22T11:32:23.2396334Z +       ~~~~~~~~~~~~~~~~~~~~~~~~~~~~~~~~~~~~~~~~~~~~~~~~~~~~~~~~~~~~~~~
2026-02-22T11:32:23.2396863Z     + CategoryInfo          : NotSpecified: (:) [Copy-Item], DirectoryNotFoundException
2026-02-22T11:32:23.2397715Z     + FullyQualifiedErrorId : System.IO.DirectoryNotFoundException,Microsoft.PowerShell.Commands.CopyItemCommand
2026-02-22T11:32:23.2398280Z  
2026-02-22T11:32:23.2554540Z Copy-Item : Could not find a part of the path 'C:\Users\becky\OneDrive\ãƒ‡ã‚¹ã‚¯ãƒˆãƒƒãƒ—\Python\apex-trader-ai\actions-runner\_wor
2026-02-22T11:32:23.2555582Z k\_temp\diag_repo\runs\20260222_203216_run22276285127_att1_fd83146\csv\stepD_prime\sim\stepDprime_state_all_features_SO
2026-02-22T11:32:23.2556143Z XL_test.csv'.
2026-02-22T11:32:23.2556744Z At C:\Users\becky\OneDrive\ãƒ‡ã‚¹ã‚¯ãƒˆãƒƒãƒ—\Python\apex-trader-ai\actions-runner\_work\_temp\87f65bff-dd5f-492c-9bd7-1e0851469325
2026-02-22T11:32:23.2557283Z .ps1:149 char:7
2026-02-22T11:32:23.2557652Z +       Copy-Item -Path $src.FullName -Destination (Join-Path $csvOutDi ...
2026-02-22T11:32:23.2558148Z +       ~~~~~~~~~~~~~~~~~~~~~~~~~~~~~~~~~~~~~~~~~~~~~~~~~~~~~~~~~~~~~~~
2026-02-22T11:32:23.2558656Z     + CategoryInfo          : NotSpecified: (:) [Copy-Item], DirectoryNotFoundException
2026-02-22T11:32:23.2559450Z     + FullyQualifiedErrorId : System.IO.DirectoryNotFoundException,Microsoft.PowerShell.Commands.CopyItemCommand
2026-02-22T11:32:23.2560010Z  
2026-02-22T11:32:23.2707984Z Copy-Item : Could not find a part of the path 'C:\Users\becky\OneDrive\ãƒ‡ã‚¹ã‚¯ãƒˆãƒƒãƒ—\Python\apex-trader-ai\actions-runner\_wor
2026-02-22T11:32:23.2709034Z k\_temp\diag_repo\runs\20260222_203216_run22276285127_att1_fd83146\csv\stepD_prime\sim\stepDprime_state_all_features_SO
2026-02-22T11:32:23.2709581Z XL_train.csv'.
2026-02-22T11:32:23.2710171Z At C:\Users\becky\OneDrive\ãƒ‡ã‚¹ã‚¯ãƒˆãƒƒãƒ—\Python\apex-trader-ai\actions-runner\_work\_temp\87f65bff-dd5f-492c-9bd7-1e0851469325
2026-02-22T11:32:23.2710723Z .ps1:149 char:7
2026-02-22T11:32:23.2711114Z +       Copy-Item -Path $src.FullName -Destination (Join-Path $csvOutDi ...
2026-02-22T11:32:23.2711594Z +       ~~~~~~~~~~~~~~~~~~~~~~~~~~~~~~~~~~~~~~~~~~~~~~~~~~~~~~~~~~~~~~~
2026-02-22T11:32:23.2712096Z     + CategoryInfo          : NotSpecified: (:) [Copy-Item], DirectoryNotFoundException
2026-02-22T11:32:23.2712881Z     + FullyQualifiedErrorId : System.IO.DirectoryNotFoundException,Microsoft.PowerShell.Commands.CopyItemCommand
2026-02-22T11:32:23.2713476Z  
2026-02-22T11:32:23.2865499Z Copy-Item : Could not find a part of the path 'C:\Users\becky\OneDrive\ãƒ‡ã‚¹ã‚¯ãƒˆãƒƒãƒ—\Python\apex-trader-ai\actions-runner\_wor
2026-02-22T11:32:23.2866497Z k\_temp\diag_repo\runs\20260222_203216_run22276285127_att1_fd83146\csv\stepD_prime\sim\stepDprime_state_bnf_SOXL_test.c
2026-02-22T11:32:23.2867051Z sv'.
2026-02-22T11:32:23.2873532Z At C:\Users\becky\OneDrive\ãƒ‡ã‚¹ã‚¯ãƒˆãƒƒãƒ—\Python\apex-trader-ai\actions-runner\_work\_temp\87f65bff-dd5f-492c-9bd7-1e0851469325
2026-02-22T11:32:23.2874214Z .ps1:149 char:7
2026-02-22T11:32:23.2874604Z +       Copy-Item -Path $src.FullName -Destination (Join-Path $csvOutDi ...
2026-02-22T11:32:23.2875357Z +       ~~~~~~~~~~~~~~~~~~~~~~~~~~~~~~~~~~~~~~~~~~~~~~~~~~~~~~~~~~~~~~~
2026-02-22T11:32:23.2875863Z     + CategoryInfo          : NotSpecified: (:) [Copy-Item], DirectoryNotFoundException
2026-02-22T11:32:23.2876654Z     + FullyQualifiedErrorId : System.IO.DirectoryNotFoundException,Microsoft.PowerShell.Commands.CopyItemCommand
2026-02-22T11:32:23.2877222Z  
2026-02-22T11:32:23.3066678Z Copy-Item : Could not find a part of the path 'C:\Users\becky\OneDrive\ãƒ‡ã‚¹ã‚¯ãƒˆãƒƒãƒ—\Python\apex-trader-ai\actions-runner\_wor
2026-02-22T11:32:23.3067819Z k\_temp\diag_repo\runs\20260222_203216_run22276285127_att1_fd83146\csv\stepD_prime\sim\stepDprime_state_bnf_SOXL_train.
2026-02-22T11:32:23.3068646Z csv'.
2026-02-22T11:32:23.3069260Z At C:\Users\becky\OneDrive\ãƒ‡ã‚¹ã‚¯ãƒˆãƒƒãƒ—\Python\apex-trader-ai\actions-runner\_work\_temp\87f65bff-dd5f-492c-9bd7-1e0851469325
2026-02-22T11:32:23.3069840Z .ps1:149 char:7
2026-02-22T11:32:23.3070226Z +       Copy-Item -Path $src.FullName -Destination (Join-Path $csvOutDi ...
2026-02-22T11:32:23.3070711Z +       ~~~~~~~~~~~~~~~~~~~~~~~~~~~~~~~~~~~~~~~~~~~~~~~~~~~~~~~~~~~~~~~
2026-02-22T11:32:23.3071228Z     + CategoryInfo          : NotSpecified: (:) [Copy-Item], DirectoryNotFoundException
2026-02-22T11:32:23.3072015Z     + FullyQualifiedErrorId : System.IO.DirectoryNotFoundException,Microsoft.PowerShell.Commands.CopyItemCommand
2026-02-22T11:32:23.3072582Z  
2026-02-22T11:32:23.3245815Z Copy-Item : Could not find a part of the path 'C:\Users\becky\OneDrive\ãƒ‡ã‚¹ã‚¯ãƒˆãƒƒãƒ—\Python\apex-trader-ai\actions-runner\_wor
2026-02-22T11:32:23.3246829Z k\_temp\diag_repo\runs\20260222_203216_run22276285127_att1_fd83146\csv\stepD_prime\sim\stepDprime_state_mix_SOXL_test.c
2026-02-22T11:32:23.3247393Z sv'.
2026-02-22T11:32:23.3247933Z At C:\Users\becky\OneDrive\ãƒ‡ã‚¹ã‚¯ãƒˆãƒƒãƒ—\Python\apex-trader-ai\actions-runner\_work\_temp\87f65bff-dd5f-492c-9bd7-1e0851469325
2026-02-22T11:32:23.3248472Z .ps1:149 char:7
2026-02-22T11:32:23.3248871Z +       Copy-Item -Path $src.FullName -Destination (Join-Path $csvOutDi ...
2026-02-22T11:32:23.3249352Z +       ~~~~~~~~~~~~~~~~~~~~~~~~~~~~~~~~~~~~~~~~~~~~~~~~~~~~~~~~~~~~~~~
2026-02-22T11:32:23.3249858Z     + CategoryInfo          : NotSpecified: (:) [Copy-Item], DirectoryNotFoundException
2026-02-22T11:32:23.3250660Z     + FullyQualifiedErrorId : System.IO.DirectoryNotFoundException,Microsoft.PowerShell.Commands.CopyItemCommand
2026-02-22T11:32:23.3251229Z  
2026-02-22T11:32:23.3401895Z Copy-Item : Could not find a part of the path 'C:\Users\becky\OneDrive\ãƒ‡ã‚¹ã‚¯ãƒˆãƒƒãƒ—\Python\apex-trader-ai\actions-runner\_wor
2026-02-22T11:32:23.3402944Z k\_temp\diag_repo\runs\20260222_203216_run22276285127_att1_fd83146\csv\stepD_prime\sim\stepDprime_state_mix_SOXL_train.
2026-02-22T11:32:23.3403515Z csv'.
2026-02-22T11:32:23.3404070Z At C:\Users\becky\OneDrive\ãƒ‡ã‚¹ã‚¯ãƒˆãƒƒãƒ—\Python\apex-trader-ai\actions-runner\_work\_temp\87f65bff-dd5f-492c-9bd7-1e0851469325
2026-02-22T11:32:23.3404610Z .ps1:149 char:7
2026-02-22T11:32:23.3405007Z +       Copy-Item -Path $src.FullName -Destination (Join-Path $csvOutDi ...
2026-02-22T11:32:23.3405480Z +       ~~~~~~~~~~~~~~~~~~~~~~~~~~~~~~~~~~~~~~~~~~~~~~~~~~~~~~~~~~~~~~~
2026-02-22T11:32:23.3405983Z     + CategoryInfo          : NotSpecified: (:) [Copy-Item], DirectoryNotFoundException
2026-02-22T11:32:23.3406774Z     + FullyQualifiedErrorId : System.IO.DirectoryNotFoundException,Microsoft.PowerShell.Commands.CopyItemCommand
2026-02-22T11:32:23.3407343Z  
2026-02-22T11:32:23.4166430Z [RETENTION] delete old run folder: C:\Users\becky\OneDrive\ãƒ‡ã‚¹ã‚¯ãƒˆãƒƒãƒ—\Python\apex-trader-ai\actions-runner\_work\_temp\diag_repo\runs\20260222_104042_run22275519959_att1_failure_0c50f4c
2026-02-22T11:32:23.4207029Z [RETENTION] delete old run folder: C:\Users\becky\OneDrive\ãƒ‡ã‚¹ã‚¯ãƒˆãƒƒãƒ—\Python\apex-trader-ai\actions-runner\_work\_temp\diag_repo\runs\20260222_095533_run22267589833_att1_82d7899
2026-02-22T11:32:23.7075679Z [diag-logs 485bae9] diag: add one_tap report 20260222_203216_run22276285127_att1_fd83146
2026-02-22T11:32:23.7076887Z  20 files changed, 216 insertions(+), 8977 deletions(-)
2026-02-22T11:32:23.7077568Z  delete mode 100644 runs/20260222_095533_run22267589833_att1_82d7899/CSV_INDEX.md
2026-02-22T11:32:23.7078483Z  delete mode 100644 runs/20260222_095533_run22267589833_att1_82d7899/ONE_TAP_ERROR_REPORT.txt
2026-02-22T11:32:23.7079164Z  delete mode 100644 runs/20260222_095533_run22267589833_att1_82d7899/csv/EVAL_REPORT.json
2026-02-22T11:32:23.7079981Z  delete mode 100644 runs/20260222_095533_run22267589833_att1_82d7899/csv/EVAL_REPORT.md
2026-02-22T11:32:23.7081149Z  delete mode 100644 runs/20260222_095533_run22267589833_att1_82d7899/csv/stepA_prices_test_SOXL.csv
2026-02-22T11:32:23.7082028Z  delete mode 100644 runs/20260222_095533_run22267589833_att1_82d7899/csv/stepA_split_summary_SOXL.csv
2026-02-22T11:32:23.7083343Z  delete mode 100644 runs/20260222_095533_run22267589833_att1_82d7899/csv/stepB_pred_close_mamba_SOXL.csv
2026-02-22T11:32:23.7084248Z  delete mode 100644 runs/20260222_095533_run22267589833_att1_82d7899/csv/stepB_pred_close_mamba_periodic_SOXL.csv
2026-02-22T11:32:23.7085340Z  delete mode 100644 runs/20260222_095533_run22267589833_att1_82d7899/csv/stepB_pred_path_mamba_SOXL.csv
2026-02-22T11:32:23.7086256Z  delete mode 100644 runs/20260222_095533_run22267589833_att1_82d7899/csv/stepB_pred_path_mamba_periodic_SOXL.csv
2026-02-22T11:32:23.7087262Z  delete mode 100644 runs/20260222_095533_run22267589833_att1_82d7899/csv/stepB_pred_time_all_SOXL.csv
2026-02-22T11:32:23.7088439Z  delete mode 100644 runs/20260222_104042_run22275519959_att1_failure_0c50f4c/ACTIONS_JOB_LOG_TAIL.txt
2026-02-22T11:32:23.7089225Z  delete mode 100644 runs/20260222_104042_run22275519959_att1_failure_0c50f4c/actions_logs.zip
2026-02-22T11:32:23.7090035Z  create mode 100644 runs/20260222_203216_run22276285127_att1_fd83146/CSV_INDEX.md
2026-02-22T11:32:23.7090881Z  create mode 100644 runs/20260222_203216_run22276285127_att1_fd83146/ONE_TAP_ERROR_REPORT.txt
2026-02-22T11:32:23.7092266Z  create mode 100644 runs/20260222_203216_run22276285127_att1_fd83146/csv/EVAL_REPORT.json
2026-02-22T11:32:23.7093495Z  create mode 100644 runs/20260222_203216_run22276285127_att1_fd83146/csv/EVAL_REPORT.md
2026-02-22T11:32:23.7094636Z  create mode 100644 runs/20260222_203216_run22276285127_att1_fd83146/csv/EVAL_SUMMARY.txt
2026-02-22T11:32:25.0962568Z To https://github.com/toki866/ApexTraderAI.git
2026-02-22T11:32:25.0964924Z    4b23e0e..485bae9  diag-logs -> diag-logs

----- FILE: actions_logs/run/21_Publish diagnostics to Issue (always).txt -----
ï»¿2026-02-22T11:32:25.1351347Z ##[group]Run actions/github-script@v7
2026-02-22T11:32:25.1351683Z with:
2026-02-22T11:32:25.1357946Z   script: const fs = require('fs');
const path = require('path');

const owner = context.repo.owner;
const repo = context.repo.repo;

const reportPath = path.join(process.env.GITHUB_WORKSPACE, 'temp', 'ONE_TAP_ERROR_REPORT.txt');
let report = fs.existsSync(reportPath)
  ? fs.readFileSync(reportPath, 'utf8')
  : '(missing ONE_TAP_ERROR_REPORT.txt)';

const evalPath = path.join(process.env.GITHUB_WORKSPACE, 'temp', 'eval', 'EVAL_SUMMARY.txt');
let evalTxt = fs.existsSync(evalPath)
  ? fs.readFileSync(evalPath, 'utf8')
  : '(EVAL_SUMMARY.txt missing)';

if (report.length > 60000) report = report.slice(-60000);
if (evalTxt.length > 15000) evalTxt = evalTxt.slice(-15000);

const runUrl = `${context.serverUrl}/${owner}/${repo}/actions/runs/${context.runId}`;
const title = 'ApexTraderAI Diagnostics (latest)';
const attempt = process.env.GITHUB_RUN_ATTEMPT || '1';
const diagRunFolder = process.env.DIAG_RUN_FOLDER || 'LATEST_CSV.md';
const csvIndexUrl = diagRunFolder === 'LATEST_CSV.md'
  ? `${context.serverUrl}/${owner}/${repo}/blob/diag-logs/runs/LATEST_CSV.md`
  : `${context.serverUrl}/${owner}/${repo}/blob/diag-logs/runs/${diagRunFolder}/CSV_INDEX.md`;
const evalPathInBranch = diagRunFolder === 'LATEST_CSV.md'
  ? 'runs/LATEST_CSV.md'
  : `runs/${diagRunFolder}/csv/EVAL_REPORT.md`;
const evalUrl = `${context.serverUrl}/${owner}/${repo}/blob/diag-logs/${evalPathInBranch}`;
const body = `Run: ${runUrl}\nSHA: ${context.sha}\nAttempt: ${attempt}\ndiag-logs csv_index: ${csvIndexUrl}\n\n## Evaluation Summary\ndiag-logs: [${evalPathInBranch}](${evalUrl})\n\n\`\`\`text\n${evalTxt}\n\`\`\`\n\n\`\`\`text\n${report}\n\`\`\`\n`;

const { data: issues } = await github.rest.issues.listForRepo({
  owner,
  repo,
  state: 'open',
  per_page: 100
});
const existing = issues.find(i => i.title === title);

if (existing) {
  await github.rest.issues.update({ owner, repo, issue_number: existing.number, body });
} else {
  await github.rest.issues.create({ owner, repo, title, body });
}

2026-02-22T11:32:25.1364982Z   github-token: ***
2026-02-22T11:32:25.1365182Z   debug: false
2026-02-22T11:32:25.1365376Z   user-agent: actions/github-script
2026-02-22T11:32:25.1365625Z   result-encoding: json
2026-02-22T11:32:25.1366128Z   retries: 0
2026-02-22T11:32:25.1366344Z   retry-exempt-status-codes: 400,401,403,404,422
2026-02-22T11:32:25.1376305Z env:
2026-02-22T11:32:25.1376629Z   REPO_ROOT: C:\work\apex_repo_cache\ApexTraderAI
2026-02-22T11:32:25.1377006Z   DIAG_RUN_FOLDER: 20260222_203216_run22276285127_att1_fd83146
2026-02-22T11:32:25.1377317Z ##[endgroup]

----- FILE: actions_logs/run/22_Collect diagnostics.txt -----
ï»¿2026-02-22T11:32:26.8748475Z ##[group]Run $ErrorActionPreference = 'Stop'
2026-02-22T11:32:26.8748946Z [36;1m$ErrorActionPreference = 'Stop'[0m
2026-02-22T11:32:26.8749244Z [36;1m[0m
2026-02-22T11:32:26.8749438Z [36;1mfunction Mask-Secrets {[0m
2026-02-22T11:32:26.8749680Z [36;1m  param([string]$Text)[0m
2026-02-22T11:32:26.8749893Z [36;1m[0m
2026-02-22T11:32:26.8750113Z [36;1m  if ([string]::IsNullOrEmpty($Text)) { return $Text }[0m
2026-02-22T11:32:26.8750416Z [36;1m[0m
2026-02-22T11:32:26.8750582Z [36;1m  $masked = $Text[0m
2026-02-22T11:32:26.8750985Z [36;1m  $masked = [regex]::Replace($masked, 'github_pat_[A-Za-z0-9_]{20,}', 'github_pat_***MASKED***')[0m
2026-02-22T11:32:26.8751642Z [36;1m  $masked = [regex]::Replace($masked, 'gh[pousr]_[A-Za-z0-9_]{20,}', 'gh***_***MASKED***')[0m
2026-02-22T11:32:26.8752269Z [36;1m  $masked = [regex]::Replace($masked, '(?im)\b(token|password|secret)\b\s*[:=]\s*\S+', '$1=***MASKED***')[0m
2026-02-22T11:32:26.8752725Z [36;1m  return $masked[0m
2026-02-22T11:32:26.8752951Z [36;1m}[0m
2026-02-22T11:32:26.8753103Z [36;1m[0m
2026-02-22T11:32:26.8753271Z [36;1mfunction Get-MaskedTail {[0m
2026-02-22T11:32:26.8753499Z [36;1m  param([0m
2026-02-22T11:32:26.8753684Z [36;1m    [string]$Path,[0m
2026-02-22T11:32:26.8753927Z [36;1m    [int]$Tail = 200[0m
2026-02-22T11:32:26.8754179Z [36;1m  )[0m
2026-02-22T11:32:26.8754337Z [36;1m[0m
2026-02-22T11:32:26.8754583Z [36;1m  if (-not (Test-Path $Path)) { return "(not found) $Path" }[0m
2026-02-22T11:32:26.8755088Z [36;1m  $raw = (Get-Content -Path $Path -Tail $Tail -ErrorAction SilentlyContinue) -join "`r`n"[0m
2026-02-22T11:32:26.8755550Z [36;1m  return (Mask-Secrets -Text $raw)[0m
2026-02-22T11:32:26.8755802Z [36;1m}[0m
2026-02-22T11:32:26.8755954Z [36;1m[0m
2026-02-22T11:32:26.8756165Z [36;1m$diagOut = Join-Path $env:RUNNER_TEMP 'diag_out'[0m
2026-02-22T11:32:26.8756603Z [36;1m$null = New-Item -Path $diagOut -ItemType Directory -Force[0m
2026-02-22T11:32:26.8756927Z [36;1m[0m
2026-02-22T11:32:26.8757099Z [36;1m$ws = $env:GITHUB_WORKSPACE[0m
2026-02-22T11:32:26.8757430Z [36;1m$runnerRoot = (Resolve-Path (Join-Path $ws '..\..\..')).Path[0m
2026-02-22T11:32:26.8757845Z [36;1m$runnerDiag = Join-Path $runnerRoot '_diag'[0m
2026-02-22T11:32:26.8758123Z [36;1m$runId = '22276285127'[0m
2026-02-22T11:32:26.8758345Z [36;1m$runAttempt = '1'[0m
2026-02-22T11:32:26.8758656Z [36;1m$sha = 'fd831466e2fb4c9db95f5c9cf5c5bcf109da2dd3'[0m
2026-02-22T11:32:26.8759001Z [36;1m$branch = 'main'[0m
2026-02-22T11:32:26.8759218Z [36;1m$repo = 'toki866/ApexTraderAI'[0m
2026-02-22T11:32:26.8759527Z [36;1m$artifactName = "diag_full_${runId}_${runAttempt}"[0m
2026-02-22T11:32:26.8759823Z [36;1m[0m
2026-02-22T11:32:26.8759986Z [36;1m$latestRunnerLog = $null[0m
2026-02-22T11:32:26.8760224Z [36;1m$latestWorkerLog = $null[0m
2026-02-22T11:32:26.8760473Z [36;1mif (Test-Path $runnerDiag) {[0m
2026-02-22T11:32:26.8761238Z [36;1m  $latestRunnerLog = Get-ChildItem -Path $runnerDiag -Filter 'Runner_*.log' -File -ErrorAction SilentlyContinue | Sort-Object LastWriteTime -Descending | Select-Object -First 1[0m
2026-02-22T11:32:26.8762509Z [36;1m  $latestWorkerLog = Get-ChildItem -Path $runnerDiag -Filter 'Worker_*.log' -File -ErrorAction SilentlyContinue | Sort-Object LastWriteTime -Descending | Select-Object -First 1[0m
2026-02-22T11:32:26.8763240Z [36;1m}[0m
2026-02-22T11:32:26.8763429Z [36;1m[0m
2026-02-22T11:32:26.8763782Z [36;1m$workflowLog = Join-Path $env:RUNNER_TEMP 'run_all_local_then_copy_console.log'[0m
2026-02-22T11:32:26.8764331Z [36;1m$runLogPath = 'C:\work\apex_work\runs\20260222_203050\logs\run_20260222_203050.log'[0m
2026-02-22T11:32:26.8765027Z [36;1m$stepSummaryGlob = Join-Path $env:RUNNER_TEMP 'step_summary_*'[0m
2026-02-22T11:32:26.8765577Z [36;1m$oneTapReportWorkspace = Join-Path $env:GITHUB_WORKSPACE 'temp\ONE_TAP_ERROR_REPORT.txt'[0m
2026-02-22T11:32:26.8766078Z [36;1m[0m
2026-02-22T11:32:26.8766586Z [36;1mif ($latestRunnerLog) { Copy-Item -Path $latestRunnerLog.FullName -Destination (Join-Path $diagOut $latestRunnerLog.Name) -Force }[0m
2026-02-22T11:32:26.8768781Z [36;1mif ($latestWorkerLog) { Copy-Item -Path $latestWorkerLog.FullName -Destination (Join-Path $diagOut $latestWorkerLog.Name) -Force }[0m
2026-02-22T11:32:26.8769691Z [36;1mif (Test-Path $workflowLog) { Copy-Item -Path $workflowLog -Destination (Join-Path $diagOut 'workflow_console.log') -Force }[0m
2026-02-22T11:32:26.8770676Z [36;1mif ($runLogPath -and (Test-Path $runLogPath)) { Copy-Item -Path $runLogPath -Destination (Join-Path $diagOut (Split-Path $runLogPath -Leaf)) -Force }[0m
2026-02-22T11:32:26.8771759Z [36;1mif (Test-Path $oneTapReportWorkspace) { Copy-Item -Path $oneTapReportWorkspace -Destination (Join-Path $diagOut 'ONE_TAP_ERROR_REPORT.txt') -Force }[0m
2026-02-22T11:32:26.8772655Z [36;1mGet-ChildItem -Path $stepSummaryGlob -File -ErrorAction SilentlyContinue | ForEach-Object {[0m
2026-02-22T11:32:26.8773312Z [36;1m  Copy-Item -Path $_.FullName -Destination (Join-Path $diagOut $_.Name) -Force[0m
2026-02-22T11:32:26.8773720Z [36;1m}[0m
2026-02-22T11:32:26.8773872Z [36;1m[0m
2026-02-22T11:32:26.8774082Z [36;1mforeach ($subDir in @('pages', 'blocks')) {[0m
2026-02-22T11:32:26.8774395Z [36;1m  $src = Join-Path $runnerDiag $subDir[0m
2026-02-22T11:32:26.8774672Z [36;1m  if (Test-Path $src) {[0m
2026-02-22T11:32:26.8775062Z [36;1m    Copy-Item -Path $src -Destination (Join-Path $diagOut $subDir) -Recurse -Force[0m
2026-02-22T11:32:26.8775495Z [36;1m  }[0m
2026-02-22T11:32:26.8775704Z [36;1m}[0m
2026-02-22T11:32:26.8775856Z [36;1m[0m
2026-02-22T11:32:26.8776385Z [36;1m$runnerTailText = if ($latestRunnerLog) { Get-MaskedTail -Path $latestRunnerLog.FullName -Tail 200 } else { '(runner diag not found)' }[0m
2026-02-22T11:32:26.8777316Z [36;1m$workflowTailText = if (Test-Path $workflowLog) { Get-MaskedTail -Path $workflowLog -Tail 200 } else { '(workflow log not found)' }[0m
2026-02-22T11:32:26.8777926Z [36;1m[0m
2026-02-22T11:32:26.8778167Z [36;1m$summaryPath = Join-Path $diagOut 'summary.md'[0m
2026-02-22T11:32:26.8778472Z [36;1m$summary = @([0m
2026-02-22T11:32:26.8778696Z [36;1m  '# Diagnostics Summary',[0m
2026-02-22T11:32:26.8778928Z [36;1m  '',[0m
2026-02-22T11:32:26.8779107Z [36;1m  "- repo: $repo",[0m
2026-02-22T11:32:26.8785477Z [36;1m  "- branch: $branch",[0m
2026-02-22T11:32:26.8785906Z [36;1m  "- sha: $sha",[0m
2026-02-22T11:32:26.8786126Z [36;1m  "- run_id: $runId",[0m
2026-02-22T11:32:26.8786368Z [36;1m  "- attempt: $runAttempt",[0m
2026-02-22T11:32:26.8786644Z [36;1m  "- failing_step: $env:FAILING_STEP",[0m
2026-02-22T11:32:26.8786956Z [36;1m  "- artifact_name: $artifactName",[0m
2026-02-22T11:32:26.8787302Z [36;1m  '- one_tap_report: See ONE_TAP_ERROR_REPORT.txt',[0m
2026-02-22T11:32:26.8787643Z [36;1m  '',[0m
2026-02-22T11:32:26.8787902Z [36;1m  '## runner_diag_tail (last 200 lines)',[0m
2026-02-22T11:32:26.8788161Z [36;1m  '```text',[0m
2026-02-22T11:32:26.8788361Z [36;1m  $runnerTailText,[0m
2026-02-22T11:32:26.8788582Z [36;1m  '```',[0m
2026-02-22T11:32:26.8788745Z [36;1m  '',[0m
2026-02-22T11:32:26.8788946Z [36;1m  '## workflow_tail (last 200 lines)',[0m
2026-02-22T11:32:26.8789201Z [36;1m  '```text',[0m
2026-02-22T11:32:26.8789403Z [36;1m  $workflowTailText,[0m
2026-02-22T11:32:26.8789610Z [36;1m  '```'[0m
2026-02-22T11:32:26.8789786Z [36;1m) -join "`r`n"[0m
2026-02-22T11:32:26.8790080Z [36;1m$summary = Mask-Secrets -Text $summary[0m
2026-02-22T11:32:26.8790459Z [36;1mSet-Content -Path $summaryPath -Value $summary -Encoding UTF8[0m
2026-02-22T11:32:26.8790805Z [36;1m[0m
2026-02-22T11:32:26.8791322Z [36;1m$runnerTailPath = Join-Path $diagOut 'runner_diag_tail.txt'[0m
2026-02-22T11:32:26.8791801Z [36;1mSet-Content -Path $runnerTailPath -Value $runnerTailText -Encoding UTF8[0m
2026-02-22T11:32:26.8792292Z [36;1m$workflowTailPath = Join-Path $diagOut 'workflow_tail.txt'[0m
2026-02-22T11:32:26.8792797Z [36;1mSet-Content -Path $workflowTailPath -Value $workflowTailText -Encoding UTF8[0m
2026-02-22T11:32:26.8793755Z [36;1m[0m
2026-02-22T11:32:26.8794029Z [36;1m$fullZip = Join-Path $env:RUNNER_TEMP ("{0}.zip" -f $artifactName)[0m
2026-02-22T11:32:26.8794463Z [36;1mif (Test-Path $fullZip) { Remove-Item $fullZip -Force }[0m
2026-02-22T11:32:26.8794982Z [36;1mCompress-Archive -Path (Join-Path $diagOut '*') -DestinationPath $fullZip -Force[0m
2026-02-22T11:32:26.8795387Z [36;1m[0m
2026-02-22T11:32:26.8795710Z [36;1m"diag_out=$diagOut" | Out-File -FilePath $env:GITHUB_OUTPUT -Encoding utf8 -Append[0m
2026-02-22T11:32:26.8796311Z [36;1m"diag_summary=$summaryPath" | Out-File -FilePath $env:GITHUB_OUTPUT -Encoding utf8 -Append[0m
2026-02-22T11:32:26.8796985Z [36;1m"diag_runner_tail=$runnerTailPath" | Out-File -FilePath $env:GITHUB_OUTPUT -Encoding utf8 -Append[0m
2026-02-22T11:32:26.8797712Z [36;1m"diag_workflow_tail=$workflowTailPath" | Out-File -FilePath $env:GITHUB_OUTPUT -Encoding utf8 -Append[0m
2026-02-22T11:32:26.8798350Z [36;1m"diag_zip=$fullZip" | Out-File -FilePath $env:GITHUB_OUTPUT -Encoding utf8 -Append[0m
2026-02-22T11:32:26.8798968Z [36;1m"diag_artifact_name=$artifactName" | Out-File -FilePath $env:GITHUB_OUTPUT -Encoding utf8 -Append[0m
2026-02-22T11:32:26.8817035Z shell: C:\Windows\System32\WindowsPowerShell\v1.0\powershell.EXE -NoProfile -ExecutionPolicy Bypass -Command "{0}"
2026-02-22T11:32:26.8817618Z env:
2026-02-22T11:32:26.8817841Z   REPO_ROOT: C:\work\apex_repo_cache\ApexTraderAI
2026-02-22T11:32:26.8818149Z   FAILING_STEP: Run desktop BAT
2026-02-22T11:32:26.8818370Z ##[endgroup]

----- FILE: actions_logs/run/23_Upload full diagnostics artifact.txt -----
ï»¿2026-02-22T11:32:28.2195382Z ##[group]Run actions/upload-artifact@v4
2026-02-22T11:32:28.2195757Z with:
2026-02-22T11:32:28.2195921Z   name: diag_full_22276285127_1
2026-02-22T11:32:28.2196153Z   if-no-files-found: warn
2026-02-22T11:32:28.2196401Z   retention-days: 7
2026-02-22T11:32:28.2196847Z   path: C:\Users\becky\OneDrive\ãƒ‡ã‚¹ã‚¯ãƒˆãƒƒãƒ—\Python\apex-trader-ai\actions-runner\_work\_temp\diag_full_22276285127_1.zip
2026-02-22T11:32:28.2197342Z   compression-level: 6
2026-02-22T11:32:28.2197543Z   overwrite: false
2026-02-22T11:32:28.2197728Z   include-hidden-files: false
2026-02-22T11:32:28.2197941Z env:
2026-02-22T11:32:28.2198132Z   REPO_ROOT: C:\work\apex_repo_cache\ApexTraderAI
2026-02-22T11:32:28.2198406Z ##[endgroup]
2026-02-22T11:32:28.4953192Z With the provided path, there will be 1 file uploaded
2026-02-22T11:32:28.4963485Z Artifact name is valid!
2026-02-22T11:32:28.4968466Z Root directory input is valid!
2026-02-22T11:32:29.0967465Z Beginning upload of artifact content to blob storage
2026-02-22T11:32:30.4168712Z Uploaded bytes 210650
2026-02-22T11:32:30.5987754Z Finished uploading artifact content to blob storage!
2026-02-22T11:32:30.5992221Z SHA256 digest of uploaded artifact zip is 4b2fd34e8746348e811f52d646a41703faba9406d038f43f8a7ef65e02a59344
2026-02-22T11:32:30.5994657Z Finalizing artifact upload
2026-02-22T11:32:30.8194677Z Artifact diag_full_22276285127_1.zip successfully finalized. Artifact ID 5606721604
2026-02-22T11:32:30.8195497Z Artifact diag_full_22276285127_1 has been successfully uploaded! Final size is 210650 bytes. Artifact ID is 5606721604
2026-02-22T11:32:30.8208045Z Artifact download URL: https://github.com/toki866/ApexTraderAI/actions/runs/22276285127/artifacts/5606721604

----- FILE: actions_logs/run/24_Upload diagnostics artifact.txt -----
ï»¿2026-02-22T11:32:30.8552209Z ##[group]Run actions/upload-artifact@v4
2026-02-22T11:32:30.8552576Z with:
2026-02-22T11:32:30.8552745Z   name: diagnostics
2026-02-22T11:32:30.8552944Z   if-no-files-found: warn
2026-02-22T11:32:30.8553159Z   path: _diagnostics/**/*
2026-02-22T11:32:30.8553416Z   compression-level: 6
2026-02-22T11:32:30.8553889Z   overwrite: false
2026-02-22T11:32:30.8554086Z   include-hidden-files: false
2026-02-22T11:32:30.8554310Z env:
2026-02-22T11:32:30.8554509Z   REPO_ROOT: C:\work\apex_repo_cache\ApexTraderAI
2026-02-22T11:32:30.8554777Z ##[endgroup]
2026-02-22T11:32:31.1304325Z ##[warning]No files were found with the provided path: _diagnostics/**/*. No artifacts will be uploaded.

----- FILE: actions_logs/run/25_Complete job.txt -----
ï»¿2026-02-22T11:32:31.1402975Z Cleaning up orphan processes

----- FILE: actions_logs/run/2_Prepare repo in C_work (no OneDrive cleanup).txt -----
ï»¿2026-02-22T11:30:44.8346200Z ##[group]Run $ErrorActionPreference = 'Stop'
2026-02-22T11:30:44.8346813Z [36;1m$ErrorActionPreference = 'Stop'[0m
2026-02-22T11:30:44.8347172Z [36;1mgit config --global core.longpaths true[0m
2026-02-22T11:30:44.8347487Z [36;1m[0m
2026-02-22T11:30:44.8348411Z [36;1m$repoUrl = "***github.com/toki866/ApexTraderAI.git"[0m
2026-02-22T11:30:44.8348807Z [36;1m$cacheRoot = "C:\work\apex_repo_cache"[0m
2026-02-22T11:30:44.8349168Z [36;1m$repoDir = Join-Path $cacheRoot "ApexTraderAI"[0m
2026-02-22T11:30:44.8349488Z [36;1m[0m
2026-02-22T11:30:44.8349799Z [36;1mNew-Item -Path $cacheRoot -ItemType Directory -Force | Out-Null[0m
2026-02-22T11:30:44.8350187Z [36;1m[0m
2026-02-22T11:30:44.8350446Z [36;1mif (!(Test-Path (Join-Path $repoDir ".git"))) {[0m
2026-02-22T11:30:44.8350824Z [36;1m  Write-Host "[repo] cloning to $repoDir"[0m
2026-02-22T11:30:44.8351396Z [36;1m  if (Test-Path $repoDir) { Remove-Item -Path $repoDir -Recurse -Force -ErrorAction SilentlyContinue }[0m
2026-02-22T11:30:44.8351993Z [36;1m  git clone $repoUrl $repoDir[0m
2026-02-22T11:30:44.8352403Z [36;1m  if ($LASTEXITCODE -ne 0) { throw "git clone failed (exit=$LASTEXITCODE)" }[0m
2026-02-22T11:30:44.8352815Z [36;1m} else {[0m
2026-02-22T11:30:44.8353086Z [36;1m  Write-Host "[repo] fetch/reset in $repoDir"[0m
2026-02-22T11:30:44.8353782Z [36;1m  git -C $repoDir remote set-url origin $repoUrl | Out-Null[0m
2026-02-22T11:30:44.8354181Z [36;1m  git -C $repoDir fetch --force --prune origin[0m
2026-02-22T11:30:44.8354607Z [36;1m  if ($LASTEXITCODE -ne 0) { throw "git fetch failed (exit=$LASTEXITCODE)" }[0m
2026-02-22T11:30:44.8354989Z [36;1m}[0m
2026-02-22T11:30:44.8355170Z [36;1m[0m
2026-02-22T11:30:44.8355410Z [36;1mgit -C $repoDir checkout -f $env:GITHUB_SHA[0m
2026-02-22T11:30:44.8355848Z [36;1mif ($LASTEXITCODE -ne 0) { throw "git checkout SHA failed (exit=$LASTEXITCODE)" }[0m
2026-02-22T11:30:44.8356318Z [36;1mgit -C $repoDir reset --hard $env:GITHUB_SHA[0m
2026-02-22T11:30:44.8356765Z [36;1mif ($LASTEXITCODE -ne 0) { throw "git reset SHA failed (exit=$LASTEXITCODE)" }[0m
2026-02-22T11:30:44.8357202Z [36;1mgit -C $repoDir clean -ffdx[0m
2026-02-22T11:30:44.8357605Z [36;1mif ($LASTEXITCODE -ne 0) { throw "git clean failed (exit=$LASTEXITCODE)" }[0m
2026-02-22T11:30:44.8357981Z [36;1m[0m
2026-02-22T11:30:44.8358240Z [36;1mgit config --global --add safe.directory $repoDir[0m
2026-02-22T11:30:44.8358555Z [36;1m[0m
2026-02-22T11:30:44.8358854Z [36;1mAdd-Content -Path $env:GITHUB_ENV -Value "REPO_ROOT=$repoDir"[0m
2026-02-22T11:30:44.8359322Z [36;1mWrite-Host "REPO_ROOT=$repoDir"[0m
2026-02-22T11:30:44.8359663Z [36;1m$headShort = git -C $repoDir rev-parse --short HEAD[0m
2026-02-22T11:30:44.8360007Z [36;1mWrite-Host "HEAD=$headShort"[0m
2026-02-22T11:30:44.8383938Z shell: C:\Windows\System32\WindowsPowerShell\v1.0\powershell.EXE -NoProfile -ExecutionPolicy Bypass -Command "{0}"
2026-02-22T11:30:44.8385182Z env:
2026-02-22T11:30:44.8386899Z   GIT_TERMINAL_PROMPT: 0
2026-02-22T11:30:44.8387157Z ##[endgroup]
2026-02-22T11:30:45.2172971Z [repo] fetch/reset in C:\work\apex_repo_cache\ApexTraderAI
2026-02-22T11:30:46.7189082Z From https://github.com/toki866/ApexTraderAI
2026-02-22T11:30:46.7189646Z    5f0de5d..4b23e0e  diag-logs  -> origin/diag-logs
2026-02-22T11:30:46.7190073Z    0c50f4c..fd83146  main       -> origin/main
2026-02-22T11:30:46.7856485Z Previous HEAD position was 0c50f4c Merge pull request #91 from toki866/codex/fix-csv-publish-stability-and-exceptions
2026-02-22T11:30:46.7857496Z HEAD is now at fd83146 Merge pull request #92 from toki866/codex/fix-stepe-to-use-correct-stepd-embeddings
2026-02-22T11:30:46.8216711Z HEAD is now at fd83146 Merge pull request #92 from toki866/codex/fix-stepe-to-use-correct-stepd-embeddings
2026-02-22T11:30:46.8907594Z Removing ai_core/__pycache__/
2026-02-22T11:30:46.8908003Z Removing ai_core/config/__pycache__/
2026-02-22T11:30:46.8908403Z Removing ai_core/models/__pycache__/
2026-02-22T11:30:46.8908864Z Removing ai_core/services/__pycache__/
2026-02-22T11:30:46.8910506Z Removing ai_core/types/__pycache__/
2026-02-22T11:30:46.8910887Z Removing ai_core/utils/__pycache__/
2026-02-22T11:30:46.8911186Z Removing output/
2026-02-22T11:30:46.8911402Z Removing temp/
2026-02-22T11:30:46.9392997Z REPO_ROOT=C:\work\apex_repo_cache\ApexTraderAI
2026-02-22T11:30:46.9888449Z HEAD=fd83146

----- FILE: actions_logs/run/3_Initialize ONE_TAP error report.txt -----
ï»¿2026-02-22T11:30:47.0252214Z ##[group]Run $ErrorActionPreference = 'Stop'
2026-02-22T11:30:47.0252776Z [36;1m$ErrorActionPreference = 'Stop'[0m
2026-02-22T11:30:47.0253103Z [36;1m$reportDir = Join-Path $env:GITHUB_WORKSPACE 'temp'[0m
2026-02-22T11:30:47.0253536Z [36;1m$null = New-Item -Path $reportDir -ItemType Directory -Force[0m
2026-02-22T11:30:47.0266432Z [36;1m$reportPath = Join-Path $reportDir 'ONE_TAP_ERROR_REPORT.txt'[0m
2026-02-22T11:30:47.0267225Z [36;1m[0m
2026-02-22T11:30:47.0267483Z [36;1m@([0m
2026-02-22T11:30:47.0267788Z [36;1m  '=== ONE TAP ERROR REPORT ===',[0m
2026-02-22T11:30:47.0268407Z [36;1m  ('timestamp={0}' -f (Get-Date -Format 'yyyy-MM-dd HH:mm:ss zzz')),[0m
2026-02-22T11:30:47.0269015Z [36;1m  ('repo=toki866/ApexTraderAI'),[0m
2026-02-22T11:30:47.0269460Z [36;1m  ('ref=refs/heads/main'),[0m
2026-02-22T11:30:47.0269961Z [36;1m  ('sha=fd831466e2fb4c9db95f5c9cf5c5bcf109da2dd3'),[0m
2026-02-22T11:30:47.0270506Z [36;1m  ('run_id=22276285127'),[0m
2026-02-22T11:30:47.0270924Z [36;1m  ('run_attempt=1'),[0m
2026-02-22T11:30:47.0271401Z [36;1m  ''[0m
2026-02-22T11:30:47.0271823Z [36;1m) | Set-Content -Path $reportPath -Encoding UTF8[0m
2026-02-22T11:30:47.0272351Z [36;1m[0m
2026-02-22T11:30:47.0272730Z [36;1mAdd-Content -Path $reportPath -Value @([0m
2026-02-22T11:30:47.0273323Z [36;1m  '[STEP] initialize_one_tap_report',[0m
2026-02-22T11:30:47.0273828Z [36;1m  '[OK] report initialized',[0m
2026-02-22T11:30:47.0274314Z [36;1m  ('[PATH] {0}' -f $reportPath),[0m
2026-02-22T11:30:47.0274846Z [36;1m  ('[INFO] REPO_ROOT={0}' -f $env:REPO_ROOT),[0m
2026-02-22T11:30:47.0275576Z [36;1m  ('[INFO] HEAD={0}' -f (git -C $env:REPO_ROOT rev-parse --short HEAD)),[0m
2026-02-22T11:30:47.0276222Z [36;1m  ''[0m
2026-02-22T11:30:47.0276514Z [36;1m)[0m
2026-02-22T11:30:47.0295019Z shell: C:\Windows\System32\WindowsPowerShell\v1.0\powershell.EXE -NoProfile -ExecutionPolicy Bypass -Command "{0}"
2026-02-22T11:30:47.0295574Z env:
2026-02-22T11:30:47.0295776Z   REPO_ROOT: C:\work\apex_repo_cache\ApexTraderAI
2026-02-22T11:30:47.0296094Z ##[endgroup]

----- FILE: actions_logs/run/4_Verify scripts directory (post-prepare).txt -----
ï»¿2026-02-22T11:30:47.4342522Z ##[group]Run $ErrorActionPreference='Stop'
2026-02-22T11:30:47.4342974Z [36;1m$ErrorActionPreference='Stop'[0m
2026-02-22T11:30:47.4343242Z [36;1m$repoRoot = $env:REPO_ROOT[0m
2026-02-22T11:30:47.4343481Z [36;1mSet-Location $repoRoot[0m
2026-02-22T11:30:47.4343882Z [36;1mWrite-Host "***"[0m
2026-02-22T11:30:47.4344243Z [36;1mWrite-Host "HEAD=$(git rev-parse --short HEAD)"[0m
2026-02-22T11:30:47.4344581Z [36;1mWrite-Host "=== workspace listing ==="[0m
2026-02-22T11:30:47.4345718Z [36;1mGet-ChildItem -Path $repoRoot | Select-Object Name, FullName | Format-Table -AutoSize[0m
2026-02-22T11:30:47.4346206Z [36;1m$scriptsDir = Join-Path $repoRoot 'scripts'[0m
2026-02-22T11:30:47.4346572Z [36;1mWrite-Host "scripts_dir=$scriptsDir"[0m
2026-02-22T11:30:47.4346987Z [36;1mif (!(Test-Path $scriptsDir)) { throw "scripts directory not found: $scriptsDir" }[0m
2026-02-22T11:30:47.4347626Z [36;1mGet-ChildItem -Path $scriptsDir | Select-Object Name, Length, LastWriteTime | Format-Table -AutoSize[0m
2026-02-22T11:30:47.4364657Z shell: C:\Windows\System32\WindowsPowerShell\v1.0\powershell.EXE -NoProfile -ExecutionPolicy Bypass -Command "{0}"
2026-02-22T11:30:47.4365163Z env:
2026-02-22T11:30:47.4365387Z   REPO_ROOT: C:\work\apex_repo_cache\ApexTraderAI
2026-02-22T11:30:47.4365712Z ##[endgroup]
2026-02-22T11:30:47.6581183Z ***
2026-02-22T11:30:47.6864158Z HEAD=fd83146
2026-02-22T11:30:47.6872369Z === workspace listing ===
2026-02-22T11:30:47.6936562Z 
2026-02-22T11:30:47.6981789Z Name                                               FullName                                                            
2026-02-22T11:30:47.6986926Z ----                                               --------                                                            
2026-02-22T11:30:47.6988023Z .github                                            C:\work\apex_repo_cache\ApexTraderAI\.github                        
2026-02-22T11:30:47.6989051Z ai_core                                            C:\work\apex_repo_cache\ApexTraderAI\ai_core                        
2026-02-22T11:30:47.6990013Z archive                                            C:\work\apex_repo_cache\ApexTraderAI\archive                        
2026-02-22T11:30:47.6990941Z config                                             C:\work\apex_repo_cache\ApexTraderAI\config                         
2026-02-22T11:30:47.6991905Z data                                               C:\work\apex_repo_cache\ApexTraderAI\data                           
2026-02-22T11:30:47.6992694Z docs                                               C:\work\apex_repo_cache\ApexTraderAI\docs                           
2026-02-22T11:30:47.6993621Z engine                                             C:\work\apex_repo_cache\ApexTraderAI\engine                         
2026-02-22T11:30:47.6994496Z scripts                                            C:\work\apex_repo_cache\ApexTraderAI\scripts                        
2026-02-22T11:30:47.6995365Z specs                                              C:\work\apex_repo_cache\ApexTraderAI\specs                          
2026-02-22T11:30:47.6996410Z tools                                              C:\work\apex_repo_cache\ApexTraderAI\tools                          
2026-02-22T11:30:47.6997153Z .gitignore                                         C:\work\apex_repo_cache\ApexTraderAI\.gitignore                     
2026-02-22T11:30:47.6998067Z AGENTS.md                                          C:\work\apex_repo_cache\ApexTraderAI\AGENTS.md                      
2026-02-22T11:30:47.6999076Z auto_trader.py                                     C:\work\apex_repo_cache\ApexTraderAI\auto_trader.py                 
2026-02-22T11:30:47.6999920Z main_v0_6.py                                       C:\work\apex_repo_cache\ApexTraderAI\main_v0_6.py                   
2026-02-22T11:30:47.7000839Z README.md                                          C:\work\apex_repo_cache\ApexTraderAI\README.md                      
2026-02-22T11:30:47.7001719Z requirements.txt                                   C:\work\apex_repo_cache\ApexTraderAI\requirements.txt               
2026-02-22T11:30:47.7004836Z run_stepd_prime.py                                 C:\work\apex_repo_cache\ApexTraderAI\run_stepd_prime.py             
2026-02-22T11:30:47.7005931Z run_steps_a_f_headless.py                          C:\work\apex_repo_cache\ApexTraderAI\run_steps_a_f_headless.py      
2026-02-22T11:30:47.7006936Z run_steps_a_f_headless_safe3_lazy_import.py        C:\work\apex_repo_cache\ApexTraderAI\run_steps_a_f_headless_safe3...
2026-02-22T11:30:47.7011344Z run_steps_a_f_headless_safe4_force_stepb_agents.py C:\work\apex_repo_cache\ApexTraderAI\run_steps_a_f_headless_safe4...
2026-02-22T11:30:47.7011909Z 
2026-02-22T11:30:47.7011943Z 
2026-02-22T11:30:47.7028894Z scripts_dir=C:\work\apex_repo_cache\ApexTraderAI\scripts
2026-02-22T11:30:47.7082569Z 
2026-02-22T11:30:47.7098537Z Name                                Length LastWriteTime      
2026-02-22T11:30:47.7101480Z ----                                ------ -------------      
2026-02-22T11:30:47.7104258Z bat_config.bat                        1397 2026/02/22 12:43:15
2026-02-22T11:30:47.7110240Z copy_run_to_onedrive.bat              1072 2026/02/21 10:12:46
2026-02-22T11:30:47.7112589Z doctor.bat                            1973 2026/02/21 10:12:46
2026-02-22T11:30:47.7114887Z evaluate_run_outputs.py              28919 2026/02/22 19:38:48
2026-02-22T11:30:47.7115348Z package_diagnostics.ps1                801 2026/02/21 10:12:46
2026-02-22T11:30:47.7117717Z package_diagnostics_to_onedrive.ps1   6702 2026/02/22 19:38:48
2026-02-22T11:30:47.7120041Z run_all_local_then_copy.bat           9023 2026/02/22 12:43:15
2026-02-22T11:30:47.7122139Z 
2026-02-22T11:30:47.7122149Z 

----- FILE: actions_logs/run/5_Debug shells.txt -----
ï»¿2026-02-22T11:30:47.7378491Z ##[group]Run echo RUNNER_OS=%RUNNER_OS%
2026-02-22T11:30:47.7378886Z [36;1mecho RUNNER_OS=%RUNNER_OS%[0m
2026-02-22T11:30:47.7379135Z [36;1mecho === powershell path ===[0m
2026-02-22T11:30:47.7379384Z [36;1mwhere powershell >nul 2>&1[0m
2026-02-22T11:30:47.7379624Z [36;1mif %ERRORLEVEL% EQU 0 ([0m
2026-02-22T11:30:47.7379854Z [36;1m  where powershell[0m
2026-02-22T11:30:47.7380057Z [36;1m) else ([0m
2026-02-22T11:30:47.7380245Z [36;1m  echo powershell_not_found[0m
2026-02-22T11:30:47.7380467Z [36;1m)[0m
2026-02-22T11:30:47.7380653Z [36;1mecho === pwsh path (optional) ===[0m
2026-02-22T11:30:47.7380911Z [36;1mwhere pwsh >nul 2>&1[0m
2026-02-22T11:30:47.7381131Z [36;1mif %ERRORLEVEL% EQU 0 ([0m
2026-02-22T11:30:47.7381376Z [36;1m  pwsh -v[0m
2026-02-22T11:30:47.7381554Z [36;1m) else ([0m
2026-02-22T11:30:47.7381736Z [36;1m  echo pwsh_not_found (OK)[0m
2026-02-22T11:30:47.7381949Z [36;1m)[0m
2026-02-22T11:30:47.7382115Z [36;1mexit /b 0[0m
2026-02-22T11:30:47.7387486Z shell: C:\Windows\system32\cmd.EXE /D /E:ON /V:OFF /S /C "CALL "{0}""
2026-02-22T11:30:47.7387849Z env:
2026-02-22T11:30:47.7388061Z   REPO_ROOT: C:\work\apex_repo_cache\ApexTraderAI
2026-02-22T11:30:47.7388334Z ##[endgroup]
2026-02-22T11:30:47.7665748Z RUNNER_OS=Windows
2026-02-22T11:30:47.7667135Z === powershell path ===
2026-02-22T11:30:48.0671679Z C:\Windows\System32\WindowsPowerShell\v1.0\powershell.exe
2026-02-22T11:30:48.0970663Z === pwsh path (optional) ===
2026-02-22T11:30:48.2167810Z pwsh_not_found (OK

----- FILE: actions_logs/run/6_Debug python environment.txt -----
ï»¿2026-02-22T11:30:48.2420140Z ##[group]Run where python
2026-02-22T11:30:48.2420565Z [36;1mwhere python[0m
2026-02-22T11:30:48.2420778Z [36;1mpython --version[0m
2026-02-22T11:30:48.2421026Z [36;1mecho RUNNER_TEMP=%RUNNER_TEMP%[0m
2026-02-22T11:30:48.2421311Z [36;1mecho GITHUB_WORKSPACE=%GITHUB_WORKSPACE%[0m
2026-02-22T11:30:48.2426321Z shell: C:\Windows\system32\cmd.EXE /D /E:ON /V:OFF /S /C "CALL "{0}""
2026-02-22T11:30:48.2426917Z env:
2026-02-22T11:30:48.2427262Z   REPO_ROOT: C:\work\apex_repo_cache\ApexTraderAI
2026-02-22T11:30:48.2427718Z ##[endgroup]
2026-02-22T11:30:48.3705839Z C:\Users\becky\AppData\Local\Programs\Python\Python310\python.exe
2026-02-22T11:30:48.3833495Z Python 3.10.6
2026-02-22T11:30:48.3843824Z RUNNER_TEMP=C:\Users\becky\OneDrive\ãƒ‡ã‚¹ã‚¯ãƒˆãƒƒãƒ—\Python\apex-trader-ai\actions-runner\_work\_temp
2026-02-22T11:30:48.3849627Z GITHUB_WORKSPACE=C:\Users\becky\OneDrive\ãƒ‡ã‚¹ã‚¯ãƒˆãƒƒãƒ—\Python\apex-trader-ai\actions-runner\_work\ApexTraderAI\ApexTraderAI

----- FILE: actions_logs/run/7_Verify required scripts.txt -----
ï»¿2026-02-22T11:30:48.3966099Z ##[group]Run $ErrorActionPreference = 'Stop'
2026-02-22T11:30:48.3966575Z [36;1m$ErrorActionPreference = 'Stop'[0m
2026-02-22T11:30:48.3966854Z [36;1mSet-Location $env:REPO_ROOT[0m
2026-02-22T11:30:48.3967300Z [36;1m[0m
2026-02-22T11:30:48.3967515Z [36;1m$reportDir = Join-Path $env:REPO_ROOT 'temp'[0m
2026-02-22T11:30:48.3967928Z [36;1m$null = New-Item -Path $reportDir -ItemType Directory -Force[0m
2026-02-22T11:30:48.3968370Z [36;1m$reportPath = Join-Path $reportDir 'ONE_TAP_ERROR_REPORT.txt'[0m
2026-02-22T11:30:48.3968701Z [36;1m[0m
2026-02-22T11:30:48.3968899Z [36;1mAdd-Content -Path $reportPath -Value @([0m
2026-02-22T11:30:48.3969205Z [36;1m  '[STEP] verify_required_scripts',[0m
2026-02-22T11:30:48.3969496Z [36;1m  ('[INFO] REPO_ROOT={0}' -f $env:REPO_ROOT),[0m
2026-02-22T11:30:48.3969847Z [36;1m  ('[INFO] GITHUB_WORKSPACE={0}' -f $env:GITHUB_WORKSPACE),[0m
2026-02-22T11:30:48.3970302Z [36;1m  ('[INFO] ***' -f $PWD),[0m
2026-02-22T11:30:48.3970515Z [36;1m  ''[0m
2026-02-22T11:30:48.3970764Z [36;1m)[0m
2026-02-22T11:30:48.3970942Z [36;1m[0m
2026-02-22T11:30:48.3971166Z [36;1mWrite-Host '=== Verify scripts directory ==='[0m
2026-02-22T11:30:48.3971484Z [36;1mWrite-Host "REPO_ROOT=$env:REPO_ROOT"[0m
2026-02-22T11:30:48.3971795Z [36;1m$headShort = git rev-parse --short HEAD 2>$null[0m
2026-02-22T11:30:48.3972123Z [36;1mif ($LASTEXITCODE -eq 0 -and $headShort) {[0m
2026-02-22T11:30:48.3972444Z [36;1m  Write-Host ("HEAD={0}" -f $headShort.Trim())[0m
2026-02-22T11:30:48.3972726Z [36;1m} else {[0m
2026-02-22T11:30:48.3973033Z [36;1m  Write-Warning 'Unable to resolve HEAD via git rev-parse --short HEAD'[0m
2026-02-22T11:30:48.3973475Z [36;1m}[0m
2026-02-22T11:30:48.3973691Z [36;1mWrite-Host 'git ls-files scripts (best effort):'[0m
2026-02-22T11:30:48.3973996Z [36;1mgit ls-files scripts 2>$null[0m
2026-02-22T11:30:48.3974280Z [36;1m$scriptsDir = Join-Path $env:REPO_ROOT 'scripts'[0m
2026-02-22T11:30:48.3974600Z [36;1mWrite-Host "scripts_dir=$scriptsDir"[0m
2026-02-22T11:30:48.3974875Z [36;1mif (Test-Path $scriptsDir) {[0m
2026-02-22T11:30:48.3975349Z [36;1m  Get-ChildItem -Path $scriptsDir | Select-Object Name, Length, LastWriteTime | Format-Table -AutoSize[0m
2026-02-22T11:30:48.3975878Z [36;1m} else {[0m
2026-02-22T11:30:48.3976137Z [36;1m  Write-Warning "scripts directory not found: $scriptsDir"[0m
2026-02-22T11:30:48.3976452Z [36;1m}[0m
2026-02-22T11:30:48.4003456Z [36;1m[0m
2026-02-22T11:30:48.4003700Z [36;1m$expected = @([0m
2026-02-22T11:30:48.4004033Z [36;1m  (Join-Path $env:REPO_ROOT 'scripts\run_all_local_then_copy.bat'),[0m
2026-02-22T11:30:48.4004536Z [36;1m  (Join-Path $env:REPO_ROOT 'scripts\package_diagnostics.ps1'),[0m
2026-02-22T11:30:48.4005000Z [36;1m  (Join-Path $env:REPO_ROOT 'scripts\package_diagnostics_to_onedrive.ps1')[0m
2026-02-22T11:30:48.4005376Z [36;1m)[0m
2026-02-22T11:30:48.4005525Z [36;1m[0m
2026-02-22T11:30:48.4005672Z [36;1m$missing = @()[0m
2026-02-22T11:30:48.4005903Z [36;1mforeach ($path in $expected) {[0m
2026-02-22T11:30:48.4006150Z [36;1m  if (Test-Path $path) {[0m
2026-02-22T11:30:48.4006391Z [36;1m    Write-Host "[FOUND] $path"[0m
2026-02-22T11:30:48.4006634Z [36;1m  } else {[0m
2026-02-22T11:30:48.4006891Z [36;1m    Write-Warning "[MISSING] $path"[0m
2026-02-22T11:30:48.4007161Z [36;1m    $missing += $path[0m
2026-02-22T11:30:48.4007368Z [36;1m  }[0m
2026-02-22T11:30:48.4007519Z [36;1m}[0m
2026-02-22T11:30:48.4007766Z [36;1m[0m
2026-02-22T11:30:48.4008179Z [36;1m$searchResults = [ordered]@{}[0m
2026-02-22T11:30:48.4009123Z [36;1mforeach ($fileName in @('run_all_local_then_copy.bat', 'package_diagnostics.ps1', 'package_diagnostics_to_onedrive.ps1')) {[0m
2026-02-22T11:30:48.4010575Z [36;1m  $hits = Get-ChildItem -Path $env:REPO_ROOT -Recurse -Filter $fileName -File -ErrorAction SilentlyContinue |[0m
2026-02-22T11:30:48.4011691Z [36;1m    Select-Object -First 5 -ExpandProperty FullName[0m
2026-02-22T11:30:48.4012454Z [36;1m  $searchResults[$fileName] = if ($hits) { $hits } else { @('(no matches)') }[0m
2026-02-22T11:30:48.4015963Z [36;1m}[0m
2026-02-22T11:30:48.4016279Z [36;1m[0m
2026-02-22T11:30:48.4017617Z [36;1mAdd-Content -Path $reportPath -Value @([0m
2026-02-22T11:30:48.4018136Z [36;1m  '## REQUIRED_SCRIPT_CHECK',[0m
2026-02-22T11:30:48.4018572Z [36;1m  ('repo_root={0}' -f $env:REPO_ROOT),[0m
2026-02-22T11:30:48.4019180Z [36;1m  ('scripts_dir_exists={0}' -f (Test-Path $scriptsDir)),[0m
2026-02-22T11:30:48.4019931Z [36;1m  ('scripts_dir={0}' -f $scriptsDir),[0m
2026-02-22T11:30:48.4020456Z [36;1m  '',[0m
2026-02-22T11:30:48.4020822Z [36;1m  '### scripts_dir_listing',[0m
2026-02-22T11:30:48.4021172Z [36;1m  $([0m
2026-02-22T11:30:48.4021478Z [36;1m    if (Test-Path $scriptsDir) {[0m
2026-02-22T11:30:48.4022227Z [36;1m      $listing = Get-ChildItem -Path $scriptsDir | Sort-Object Name | ForEach-Object {[0m
2026-02-22T11:30:48.4023159Z [36;1m        '- {0} | len={1} | mtime={2}' -f $_.Name, $_.Length, $_.LastWriteTime[0m
2026-02-22T11:30:48.4023861Z [36;1m      }[0m
2026-02-22T11:30:48.4024256Z [36;1m      if ($listing) { $listing } else { '- (empty)' }[0m
2026-02-22T11:30:48.4024794Z [36;1m    } else {[0m
2026-02-22T11:30:48.4025170Z [36;1m      '- (scripts directory missing)'[0m
2026-02-22T11:30:48.4025613Z [36;1m    }[0m
2026-02-22T11:30:48.4025891Z [36;1m  ),[0m
2026-02-22T11:30:48.4026159Z [36;1m  '',[0m
2026-02-22T11:30:48.4026457Z [36;1m  '### FOUND',[0m
2026-02-22T11:30:48.4027115Z [36;1m  ($expected | Where-Object { Test-Path $_ } | ForEach-Object { "- $_" }),[0m
2026-02-22T11:30:48.4027853Z [36;1m  '',[0m
2026-02-22T11:30:48.4028154Z [36;1m  '### MISSING',[0m
2026-02-22T11:30:48.4028835Z [36;1m  ($(if ($missing.Count -gt 0) { $missing | ForEach-Object { "- $_" } } else { '- (none)' })),[0m
2026-02-22T11:30:48.4029576Z [36;1m  '',[0m
2026-02-22T11:30:48.4029997Z [36;1m  '### recursive_search_run_all_local_then_copy.bat',[0m
2026-02-22T11:30:48.4030880Z [36;1m  ($searchResults['run_all_local_then_copy.bat'] | ForEach-Object { "- $_" }),[0m
2026-02-22T11:30:48.4031535Z [36;1m  '',[0m
2026-02-22T11:30:48.4031923Z [36;1m  '### recursive_search_package_diagnostics.ps1',[0m
2026-02-22T11:30:48.4032643Z [36;1m  ($searchResults['package_diagnostics.ps1'] | ForEach-Object { "- $_" }),[0m
2026-02-22T11:30:48.4033301Z [36;1m  '',[0m
2026-02-22T11:30:48.4033804Z [36;1m  '### recursive_search_package_diagnostics_to_onedrive.ps1',[0m
2026-02-22T11:30:48.4034700Z [36;1m  ($searchResults['package_diagnostics_to_onedrive.ps1'] | ForEach-Object { "- $_" }),[0m
2026-02-22T11:30:48.4035457Z [36;1m  '',[0m
2026-02-22T11:30:48.4035757Z [36;1m  '## NEXT_ACTION',[0m
2026-02-22T11:30:48.4036421Z [36;1m  '- Open Artifact desktop-run-* and copy ONE_TAP_ERROR_REPORT.txt'[0m
2026-02-22T11:30:48.4037058Z [36;1m)[0m
2026-02-22T11:30:48.4037331Z [36;1m[0m
2026-02-22T11:30:48.4037652Z [36;1mif ($missing.Count -gt 0) {[0m
2026-02-22T11:30:48.4038199Z [36;1m  Add-Content -Path $reportPath -Value @([0m
2026-02-22T11:30:48.4038806Z [36;1m    '[NG] verify_required_scripts',[0m
2026-02-22T11:30:48.4039350Z [36;1m    ('[NG] missing_count={0}' -f $missing.Count),[0m
2026-02-22T11:30:48.4039885Z [36;1m    ''[0m
2026-02-22T11:30:48.4040161Z [36;1m  )[0m
2026-02-22T11:30:48.4040457Z [36;1m} else {[0m
2026-02-22T11:30:48.4040941Z [36;1m  Add-Content -Path $reportPath -Value @([0m
2026-02-22T11:30:48.4041505Z [36;1m    '[OK] verify_required_scripts',[0m
2026-02-22T11:30:48.4041958Z [36;1m    ''[0m
2026-02-22T11:30:48.4042240Z [36;1m  )[0m
2026-02-22T11:30:48.4042518Z [36;1m}[0m
2026-02-22T11:30:48.4042777Z [36;1m[0m
2026-02-22T11:30:48.4043132Z [36;1mif ($missing.Count -gt 0) {[0m
2026-02-22T11:30:48.4043722Z [36;1m  Write-Host '=== Required scripts debug summary ==='[0m
2026-02-22T11:30:48.4044359Z [36;1m  Write-Host "REPO_ROOT=$env:REPO_ROOT"[0m
2026-02-22T11:30:48.4044899Z [36;1m  Write-Host "scriptsDir=$scriptsDir"[0m
2026-02-22T11:30:48.4046844Z [36;1m  if (Test-Path $scriptsDir) {[0m
2026-02-22T11:30:48.4047307Z [36;1m    Write-Host 'scriptsDir listing:'[0m
2026-02-22T11:30:48.4048506Z [36;1m    Get-ChildItem -Path $scriptsDir | Select-Object Name, Length, LastWriteTime | Format-Table -AutoSize[0m
2026-02-22T11:30:48.4049376Z [36;1m  }[0m
2026-02-22T11:30:48.4049777Z [36;1m  foreach ($fileName in $searchResults.Keys) {[0m
2026-02-22T11:30:48.4050368Z [36;1m    Write-Host "search($fileName):"[0m
2026-02-22T11:30:48.4051022Z [36;1m    $searchResults[$fileName] | ForEach-Object { Write-Host "  $_" }[0m
2026-02-22T11:30:48.4051676Z [36;1m  }[0m
2026-02-22T11:30:48.4052152Z [36;1m  $missingNames = $missing | ForEach-Object { Split-Path $_ -Leaf }[0m
2026-02-22T11:30:48.4053203Z [36;1m  throw ("Required scripts missing: {0}" -f (($missingNames | Sort-Object -Unique) -join ', '))[0m
2026-02-22T11:30:48.4053986Z [36;1m}[0m
2026-02-22T11:30:48.4082917Z shell: C:\Windows\System32\WindowsPowerShell\v1.0\powershell.EXE -NoProfile -ExecutionPolicy Bypass -Command "{0}"
2026-02-22T11:30:48.4083948Z env:
2026-02-22T11:30:48.4084382Z   REPO_ROOT: C:\work\apex_repo_cache\ApexTraderAI
2026-02-22T11:30:48.4084893Z ##[endgroup]
2026-02-22T11:30:48.6612569Z === Verify scripts directory ===
2026-02-22T11:30:48.6628851Z REPO_ROOT=C:\work\apex_repo_cache\ApexTraderAI
2026-02-22T11:30:48.7021607Z HEAD=fd83146
2026-02-22T11:30:48.7024113Z git ls-files scripts (best effort):
2026-02-22T11:30:48.7335797Z scripts/bat_config.bat
2026-02-22T11:30:48.7336213Z scripts/copy_run_to_onedrive.bat
2026-02-22T11:30:48.7336498Z scripts/doctor.bat
2026-02-22T11:30:48.7336745Z scripts/evaluate_run_outputs.py
2026-02-22T11:30:48.7337030Z scripts/package_diagnostics.ps1
2026-02-22T11:30:48.7337337Z scripts/package_diagnostics_to_onedrive.ps1
2026-02-22T11:30:48.7337657Z scripts/run_all_local_then_copy.bat
2026-02-22T11:30:48.7417398Z scripts_dir=C:\work\apex_repo_cache\ApexTraderAI\scripts
2026-02-22T11:30:48.7501813Z 
2026-02-22T11:30:48.7520957Z Name                                Length LastWriteTime      
2026-02-22T11:30:48.7523367Z ----                                ------ -------------      
2026-02-22T11:30:48.7525668Z bat_config.bat                        1397 2026/02/22 12:43:15
2026-02-22T11:30:48.7526105Z copy_run_to_onedrive.bat              1072 2026/02/21 10:12:46
2026-02-22T11:30:48.7528441Z doctor.bat                            1973 2026/02/21 10:12:46
2026-02-22T11:30:48.7530723Z evaluate_run_outputs.py              28919 2026/02/22 19:38:48
2026-02-22T11:30:48.7533041Z package_diagnostics.ps1                801 2026/02/21 10:12:46
2026-02-22T11:30:48.7535400Z package_diagnostics_to_onedrive.ps1   6702 2026/02/22 19:38:48
2026-02-22T11:30:48.7537712Z run_all_local_then_copy.bat           9023 2026/02/22 12:43:15
2026-02-22T11:30:48.7537938Z 
2026-02-22T11:30:48.7537954Z 
2026-02-22T11:30:48.7540200Z [FOUND] C:\work\apex_repo_cache\ApexTraderAI\scripts\run_all_local_then_copy.bat
2026-02-22T11:30:48.7543396Z [FOUND] C:\work\apex_repo_cache\ApexTraderAI\scripts\package_diagnostics.ps1
2026-02-22T11:30:48.7549850Z [FOUND] C:\work\apex_repo_cache\ApexTraderAI\scripts\package_diagnostics_to_onedrive.ps1

----- FILE: actions_logs/run/8_Runner connectivity and host status.txt -----
ï»¿2026-02-22T11:30:48.8185365Z ##[group]Run Write-Host '=== Runner connectivity / host status ==='
2026-02-22T11:30:48.8185907Z [36;1mWrite-Host '=== Runner connectivity / host status ==='[0m
2026-02-22T11:30:48.8186210Z [36;1mwhoami[0m
2026-02-22T11:30:48.8186403Z [36;1mhostname[0m
2026-02-22T11:30:48.8186629Z [36;1mGet-Date -Format 'yyyy-MM-dd HH:mm:ss zzz'[0m
2026-02-22T11:30:48.8186990Z [36;1mWrite-Host "RUNNER_NAME=$env:RUNNER_NAME"[0m
2026-02-22T11:30:48.8187337Z [36;1mWrite-Host "RUNNER_OS=$env:RUNNER_OS"[0m
2026-02-22T11:30:48.8187629Z [36;1mWrite-Host "RUNNER_ARCH=$env:RUNNER_ARCH"[0m
2026-02-22T11:30:48.8187964Z [36;1mWrite-Host "GITHUB_WORKFLOW=$env:GITHUB_WORKFLOW"[0m
2026-02-22T11:30:48.8188309Z [36;1mWrite-Host "GITHUB_RUN_ID=$env:GITHUB_RUN_ID"[0m
2026-02-22T11:30:48.8188681Z [36;1mGet-Process | Where-Object { $_.Name -like '*Runner*' } |[0m
2026-02-22T11:30:48.8189045Z [36;1m  Select-Object Name, Id, StartTime |[0m
2026-02-22T11:30:48.8189599Z [36;1m  Format-Table -AutoSize[0m
2026-02-22T11:30:48.8206623Z shell: C:\Windows\System32\WindowsPowerShell\v1.0\powershell.EXE -NoProfile -ExecutionPolicy Bypass -Command "{0}"
2026-02-22T11:30:48.8207140Z env:
2026-02-22T11:30:48.8207350Z   REPO_ROOT: C:\work\apex_repo_cache\ApexTraderAI
2026-02-22T11:30:48.8207612Z ##[endgroup]
2026-02-22T11:30:49.0849637Z === Runner connectivity / host status ===
2026-02-22T11:30:49.1065662Z desktop-c54piia\becky
2026-02-22T11:30:49.1175848Z DESKTOP-C54PIIA
2026-02-22T11:30:49.1219088Z 2026-02-22 20:30:49 +09:00
2026-02-22T11:30:49.1243222Z RUNNER_NAME=DESKTOP-C54PIIA
2026-02-22T11:30:49.1246248Z RUNNER_OS=Windows
2026-02-22T11:30:49.1249411Z RUNNER_ARCH=X64
2026-02-22T11:30:49.1253343Z GITHUB_WORKFLOW=Run Desktop Pipeline
2026-02-22T11:30:49.1257269Z GITHUB_RUN_ID=22276285127
2026-02-22T11:30:49.1636031Z 
2026-02-22T11:30:49.1682798Z Name               Id StartTime          
2026-02-22T11:30:49.1686630Z ----               -- ---------          
2026-02-22T11:30:49.1688940Z Runner.Listener  6168 2026/02/22 9:38:51 
2026-02-22T11:30:49.1691135Z Runner.Worker    6984 2026/02/22 20:30:39
2026-02-22T11:30:49.1691444Z RunnerService   14772 2026/02/22 9:38:51 
2026-02-22T11:30:49.1693469Z 
2026-02-22T11:30:49.1693475Z 

----- FILE: actions_logs/run/9_Run desktop BAT.txt -----
2026-02-22T11:30:49.2019081Z   INPUT_TEST_MONTHS: 3
2026-02-22T11:30:49.2019267Z   INPUT_COPY_TO_ONEDRIVE: true
2026-02-22T11:30:49.2019496Z   INPUT_STEPS: A,B,C,D,DPRIME,E,F
2026-02-22T11:30:49.2019725Z   INPUT_SKIP_STEPE: false
2026-02-22T11:30:49.2019915Z   RUN_MODE: sim
2026-02-22T11:30:49.2020080Z   SYMBOLS: SOXL,SOXS
2026-02-22T11:30:49.2020248Z   SYMBOL: SOXL
2026-02-22T11:30:49.2020415Z   STEPS: A,B,C,D,DPRIME,E,F
2026-02-22T11:30:49.2020620Z   SKIP_STEPE: 0
2026-02-22T11:30:49.2020784Z   DATA_START: 2014-01-01
2026-02-22T11:30:49.2020964Z   DATA_END: 2022-03-31
2026-02-22T11:30:49.2021140Z   TEST_START: 2022-01-03
2026-02-22T11:30:49.2021351Z   TRAIN_YEARS: 8
2026-02-22T11:30:49.2021508Z   TEST_MONTHS: 3
2026-02-22T11:30:49.2021692Z   WORK_ROOT: C:\work\apex_work\runs
2026-02-22T11:30:49.2022604Z   COPY_TO_ONEDRIVE: 1
2026-02-22T11:30:49.2022787Z   PYTHON_EXE: python
2026-02-22T11:30:49.2022964Z ##[endgroup]
2026-02-22T11:30:49.4419613Z === Run desktop BAT preflight ===
2026-02-22T11:30:49.4495400Z ***
2026-02-22T11:30:49.4507645Z REPO_ROOT=C:\work\apex_repo_cache\ApexTraderAI
2026-02-22T11:30:49.4512416Z GITHUB_WORKSPACE=C:\Users\becky\OneDrive\ãƒ‡ã‚¹ã‚¯ãƒˆãƒƒãƒ—\Python\apex-trader-ai\actions-runner\_work\ApexTraderAI\ApexTraderAI
2026-02-22T11:30:49.4515949Z RUNNER_TEMP=C:\Users\becky\OneDrive\ãƒ‡ã‚¹ã‚¯ãƒˆãƒƒãƒ—\Python\apex-trader-ai\actions-runner\_work\_temp
2026-02-22T11:30:49.4555993Z 
2026-02-22T11:30:49.5797222Z C:\Users\becky\AppData\Local\Programs\Python\Python310\python.exe
2026-02-22T11:30:49.5822731Z BAT candidate paths: C:\work\apex_repo_cache\ApexTraderAI\scripts\run_all_local_then_copy.bat
2026-02-22T11:30:49.5865273Z Executing BAT full path: C:\work\apex_repo_cache\ApexTraderAI\scripts\run_all_local_then_copy.bat
2026-02-22T11:30:49.5899640Z === Python diagnostics (before BAT) ===
2026-02-22T11:30:49.8443968Z Name                               
2026-02-22T11:30:49.8446218Z ----                               
2026-02-22T11:30:49.8448407Z bat_config.bat                     
2026-02-22T11:30:49.8448750Z copy_run_to_onedrive.bat           
2026-02-22T11:30:49.8450906Z doctor.bat                         
2026-02-22T11:30:49.8451185Z evaluate_run_outputs.py            
2026-02-22T11:30:49.8453349Z package_diagnostics.ps1            
2026-02-22T11:30:49.8455507Z package_diagnostics_to_onedrive.ps1
2026-02-22T11:30:49.8455803Z run_all_local_then_copy.bat        
2026-02-22T11:30:49.8458070Z C:\Users\becky\AppData\Local\Programs\Python\Python310\python.exe
2026-02-22T11:30:49.8667761Z Python 3.10.6
2026-02-22T11:30:49.8673759Z === PATH (before BAT) ===
2026-02-22T11:30:49.8691268Z C:\Program Files\Oculus\Support\oculus-runtime;C:\Windows\system32;C:\Windows;C:\Windows\System32\Wbem;C:\Windows\System32\WindowsPowerShell\v1.0\;C:\Windows\System32\OpenSSH\;C:\Program Files (x86)\Intel\Intel(R) Management Engine Components\DAL;C:\Program Files\Intel\Intel(R) Management Engine Components\DAL;C:\Program Files (x86)\NVIDIA Corporation\PhysX\Common;C:\Program Files\NVIDIA Corporation\NVIDIA NvDLISR;C:\Program Files (x86)\QuickTime\QTSystem\;C:\Program Files\Git\cmd;C:\WINDOWS\system32;C:\WINDOWS;C:\WINDOWS\System32\Wbem;C:\WINDOWS\System32\WindowsPowerShell\v1.0\;C:\WINDOWS\System32\OpenSSH\;C:\Users\becky\AppData\Local\Programs\Python\Python310\;C:\ffmpeg\bin\;
2026-02-22T11:30:50.2646657Z [RC] 
2026-02-22T11:30:50.3644664Z [RC] 
2026-02-22T11:30:50.5617902Z [RC] 
2026-02-22T11:30:50.6506940Z [RC] 
2026-02-22T11:30:50.7035560Z [RC] 
2026-02-22T11:30:52.7895441Z [RC] 
2026-02-22T11:31:52.8693592Z [FAILED] command="python" tools\run_with_python.py tools\run_pipeline.py --symbol SOXL --steps "A,B,C,D,DPRIME,E,F" --test-start 2022-01-03 --train-years 8 --test-months 3 --mode sim --output-root "C:\work\apex_work\runs\20260222_203050\output" --data-dir "C:\work\apex_work\runs\20260222_203050\data" --auto-prepare-data 0  --enable-mamba
2026-02-22T11:31:52.8698020Z [FAILED] exit_code=1
2026-02-22T11:31:52.8698426Z [FAILED] run_id=20260222_203050
2026-02-22T11:31:52.8699063Z [FAILED] log=C:\work\apex_work\runs\20260222_203050\logs\run_20260222_203050.log
2026-02-22T11:31:52.8700014Z [NG] failed. log=C:\work\apex_work\runs\20260222_203050\logs\run_20260222_203050.log
2026-02-22T11:31:52.8788940Z [RC]=1
2026-02-22T11:31:52.8929569Z WARNING: Run desktop BAT failed with rc=1
2026-02-22T11:31:52.9173840Z Latest run_dir=C:\work\apex_work\runs\20260222_203050
2026-02-22T11:31:52.9179247Z Expected run_log=C:\work\apex_work\runs\20260222_203050\logs\run_20260222_203050.log
2026-02-22T11:31:52.9183867Z === tail run_*.log (260 lines) ===
2026-02-22T11:31:52.9205438Z ==================================================
2026-02-22T11:31:52.9205911Z [RUN] ApexTraderAI local run started
2026-02-22T11:31:52.9208191Z [RUN] requirement=Never finish a workflow run without leaving a readable log artifact
2026-02-22T11:31:52.9209265Z [RUN] run_id=20260222_203050
2026-02-22T11:31:52.9209841Z [RUN] repo=C:\work\apex_repo_cache\ApexTraderAI
2026-02-22T11:31:52.9210201Z [RUN] work_root=C:\work\apex_work\runs
2026-02-22T11:31:52.9210684Z [RUN] run_dir=C:\work\apex_work\runs\20260222_203050
2026-02-22T11:31:52.9211312Z [RUN] log=C:\work\apex_work\runs\20260222_203050\logs\run_20260222_203050.log
2026-02-22T11:31:52.9211940Z [RUN] timestamp=2026/02/22 20:30:50.10
2026-02-22T11:31:52.9212439Z ==================================================
2026-02-22T11:31:52.9212822Z [RUN] commit=fd83146
2026-02-22T11:31:52.9213239Z [RUN] data_dir=C:\work\apex_work\runs\20260222_203050\data
2026-02-22T11:31:52.9213844Z [RUN] output_dir=C:\work\apex_work\runs\20260222_203050\output
2026-02-22T11:31:52.9220840Z 
2026-02-22T11:31:52.9221310Z [CMD] git rev-parse --short HEAD
2026-02-22T11:31:52.9221675Z fd83146
2026-02-22T11:31:52.9221787Z 
2026-02-22T11:31:52.9222130Z [CMD] git rev-parse --is-inside-work-tree
2026-02-22T11:31:52.9222643Z true
2026-02-22T11:31:52.9222777Z 
2026-02-22T11:31:52.9222933Z [CMD] where python
2026-02-22T11:31:52.9223339Z C:\Users\becky\AppData\Local\Programs\Python\Python310\python.exe
2026-02-22T11:31:52.9223600Z 
2026-02-22T11:31:52.9223715Z [CMD] python --version
2026-02-22T11:31:52.9224027Z Python 3.10.6
2026-02-22T11:31:52.9224164Z 
2026-02-22T11:31:52.9224303Z [CMD] "python" --version
2026-02-22T11:31:52.9224587Z Python 3.10.6
2026-02-22T11:31:52.9224688Z 
2026-02-22T11:31:52.9225885Z [CMD] "python" tools\run_with_python.py tools\prepare_data.py --symbols SOXL,SOXS --start 2014-01-01 --end 2022-03-31 --force --data-dir "C:\work\apex_work\runs\20260222_203050\data"
2026-02-22T11:31:52.9227122Z [prepare_data] wrote C:\work\apex_work\runs\20260222_203050\data\prices_SOXL.csv (2077 rows)
2026-02-22T11:31:52.9227933Z [prepare_data] wrote C:\work\apex_work\runs\20260222_203050\data\prices_SOXS.csv (2077 rows)
2026-02-22T11:31:52.9229429Z [CMD] 'C:\Users\becky\AppData\Local\Programs\Python\Python310\python.exe' 'tools\prepare_data.py' --symbols SOXL,SOXS --start 2014-01-01 --end 2022-03-31 --force --data-dir 'C:\work\apex_work\runs\20260222_203050\data'
2026-02-22T11:31:52.9230467Z [RC] 0
2026-02-22T11:31:52.9230589Z 
2026-02-22T11:31:52.9232127Z [CMD] "python" tools\run_with_python.py tools\run_pipeline.py --symbol SOXL --steps "A,B,C,D,DPRIME,E,F" --test-start 2022-01-03 --train-years 8 --test-months 3 --mode sim --output-root "C:\work\apex_work\runs\20260222_203050\output" --data-dir "C:\work\apex_work\runs\20260222_203050\data" --auto-prepare-data 0  --enable-mamba
2026-02-22T11:31:52.9234656Z [StepB] WARN: failed to ensure stepB_pred_time_all: _load_prices_dates() missing 3 required positional arguments: 'output_root', 'data_root', and 'mode'
2026-02-22T11:31:52.9236726Z C:\work\apex_repo_cache\ApexTraderAI\ai_core\models\transformer_summarizer.py:61: UserWarning: enable_nested_tensor is True, but self.use_nested_tensor is False because encoder_layer.norm_first was True
2026-02-22T11:31:52.9237996Z   self.encoder = nn.TransformerEncoder(enc_layer, num_layers=cfg.num_layers)
2026-02-22T11:31:52.9239321Z C:\work\apex_repo_cache\ApexTraderAI\ai_core\models\transformer_summarizer.py:61: UserWarning: enable_nested_tensor is True, but self.use_nested_tensor is False because encoder_layer.norm_first was True
2026-02-22T11:31:52.9240654Z   self.encoder = nn.TransformerEncoder(enc_layer, num_layers=cfg.num_layers)
2026-02-22T11:31:52.9241988Z C:\work\apex_repo_cache\ApexTraderAI\ai_core\models\transformer_summarizer.py:61: UserWarning: enable_nested_tensor is True, but self.use_nested_tensor is False because encoder_layer.norm_first was True
2026-02-22T11:31:52.9243367Z   self.encoder = nn.TransformerEncoder(enc_layer, num_layers=cfg.num_layers)
2026-02-22T11:31:52.9244619Z C:\work\apex_repo_cache\ApexTraderAI\ai_core\models\transformer_summarizer.py:61: UserWarning: enable_nested_tensor is True, but self.use_nested_tensor is False because encoder_layer.norm_first was True
2026-02-22T11:31:52.9246189Z   self.encoder = nn.TransformerEncoder(enc_layer, num_layers=cfg.num_layers)
2026-02-22T11:31:52.9247530Z [headless] output_root_resolved=C:\work\apex_work\runs\20260222_203050\output cfg_output_root=C:\work\apex_work\runs\20260222_203050\output cfg_data_output_root=C:\work\apex_work\runs\20260222_203050\output
2026-02-22T11:31:52.9248541Z [headless] data ready: SOXL,SOXS
2026-02-22T11:31:52.9250191Z [headless] StepE default config injected: agents=dprime_bnf_h01,dprime_bnf_h02,dprime_bnf_h03,dprime_all_features_h01,dprime_all_features_h02,dprime_all_features_h03,dprime_mix_h01,dprime_bnf_3scale,dprime_all_features_3scale,dprime_mix_3scale seed=42+idx device=auto
2026-02-22T11:31:52.9252824Z [headless] StepF default config injected: agents=dprime_all_features_3scale,dprime_all_features_h01,dprime_all_features_h02,dprime_all_features_h03,dprime_bnf_3scale,dprime_bnf_h01,dprime_bnf_h02,dprime_bnf_h03,dprime_mix_3scale,dprime_mix_h01 seed=42 device=auto
2026-02-22T11:31:52.9254243Z [headless] repo_root=C:\work\apex_repo_cache\ApexTraderAI
2026-02-22T11:31:52.9254725Z [headless] symbol=SOXL
2026-02-22T11:31:52.9255131Z [headless] steps=A,B,C,D,DPRIME,E,F
2026-02-22T11:31:52.9255621Z [headless] skip_stepe=0
2026-02-22T11:31:52.9256022Z [headless] auto_prepare_data=0 data_start=2010-01-01 data_end=2026-02-22
2026-02-22T11:31:52.9256545Z [StepA] start
2026-02-22T11:31:52.9257001Z [StepA] data_dir=C:\work\apex_work\runs\20260222_203050\data
2026-02-22T11:31:52.9257978Z [StepA] data_dir=C:\work\apex_work\runs\20260222_203050\data src_csv=C:\work\apex_work\runs\20260222_203050\data\prices_SOXL.csv
2026-02-22T11:31:52.9258591Z [StepA] done
2026-02-22T11:31:52.9258922Z [StepB] start
2026-02-22T11:31:52.9259770Z [StepB:mamba] wrote daily manifest -> C:\work\apex_work\runs\20260222_203050\output\stepB\sim\stepB_daily_manifest_SOXL.csv rows=62
2026-02-22T11:31:52.9260533Z [StepB] agents: mamba=True
2026-02-22T11:31:52.9260771Z [StepB] done
2026-02-22T11:31:52.9261066Z [StepC] start
2026-02-22T11:31:52.9261720Z [StepC] price_path=C:\work\apex_work\runs\20260222_203050\output\stepA\sim\stepA_prices_train_SOXL.csv
2026-02-22T11:31:52.9262878Z [StepC] wrote daily snapshots: 62 -> C:\work\apex_work\runs\20260222_203050\output\stepC\sim\stepC_daily_manifest_SOXL.csv
2026-02-22T11:31:52.9263514Z [StepC] done
2026-02-22T11:31:52.9263801Z [StepDPrime] start
2026-02-22T11:31:52.9264140Z [StepDPrime] seed=42
2026-02-22T11:31:52.9264478Z [StepDPrime] device=cuda
2026-02-22T11:31:52.9265214Z [StepD'] collect: source=mamba h=1 files=62 root=C:/work/apex_work/runs/20260222_203050/output/stepB/sim
2026-02-22T11:31:52.9266048Z [StepD'] stepDprime_mamba_h01_SOXL ep=001 train_loss=0.7007 acc=0.500 val_loss=0.6942 val_acc=0.556
2026-02-22T11:31:52.9267393Z [StepD'] stepDprime_mamba_h01_SOXL ep=002 train_loss=0.6856 acc=0.596 val_loss=0.6992 val_acc=0.556
2026-02-22T11:31:52.9268211Z [StepD'] stepDprime_mamba_h01_SOXL ep=003 train_loss=0.6862 acc=0.558 val_loss=0.6972 val_acc=0.444
2026-02-22T11:31:52.9269200Z [StepD'] stepDprime_mamba_h01_SOXL ep=004 train_loss=0.6908 acc=0.635 val_loss=0.6927 val_acc=0.444
2026-02-22T11:31:52.9270206Z [StepD'] stepDprime_mamba_h01_SOXL ep=005 train_loss=0.6847 acc=0.500 val_loss=0.6901 val_acc=0.556
2026-02-22T11:31:52.9271098Z [StepD'] stepDprime_mamba_h01_SOXL ep=006 train_loss=0.6710 acc=0.692 val_loss=0.6892 val_acc=0.556
2026-02-22T11:31:52.9272134Z [StepD'] stepDprime_mamba_h01_SOXL ep=007 train_loss=0.6966 acc=0.462 val_loss=0.6894 val_acc=0.556
2026-02-22T11:31:52.9272962Z [StepD'] stepDprime_mamba_h01_SOXL ep=008 train_loss=0.6934 acc=0.558 val_loss=0.6907 val_acc=0.222
2026-02-22T11:31:52.9273949Z [StepD'] stepDprime_mamba_h01_SOXL ep=009 train_loss=0.6728 acc=0.692 val_loss=0.6921 val_acc=0.444
2026-02-22T11:31:52.9274964Z [StepD'] stepDprime_mamba_h01_SOXL ep=010 train_loss=0.6919 acc=0.558 val_loss=0.6935 val_acc=0.444
2026-02-22T11:31:52.9275813Z [StepD'] stepDprime_mamba_h01_SOXL ep=011 train_loss=0.6878 acc=0.519 val_loss=0.6951 val_acc=0.556
2026-02-22T11:31:52.9277971Z [StepD'] stepDprime_mamba_h01_SOXL early stop at ep=11
2026-02-22T11:31:52.9278755Z [StepD'] collect: source=mamba h=5 files=62 root=C:/work/apex_work/runs/20260222_203050/output/stepB/sim
2026-02-22T11:31:52.9279800Z [StepD'] stepDprime_mamba_h05_SOXL ep=001 train_loss=0.6988 acc=0.388 val_loss=0.7327 val_acc=0.375
2026-02-22T11:31:52.9280682Z [StepD'] stepDprime_mamba_h05_SOXL ep=002 train_loss=0.6769 acc=0.592 val_loss=0.7887 val_acc=0.375
2026-02-22T11:31:52.9281730Z [StepD'] stepDprime_mamba_h05_SOXL ep=003 train_loss=0.6798 acc=0.592 val_loss=0.8185 val_acc=0.375
2026-02-22T11:31:52.9282549Z [StepD'] stepDprime_mamba_h05_SOXL ep=004 train_loss=0.6832 acc=0.592 val_loss=0.8179 val_acc=0.375
2026-02-22T11:31:52.9283539Z [StepD'] stepDprime_mamba_h05_SOXL ep=005 train_loss=0.6804 acc=0.592 val_loss=0.8001 val_acc=0.375
2026-02-22T11:31:52.9284568Z [StepD'] stepDprime_mamba_h05_SOXL ep=006 train_loss=0.6836 acc=0.592 val_loss=0.7755 val_acc=0.375
2026-02-22T11:31:52.9285231Z [StepD'] stepDprime_mamba_h05_SOXL early stop at ep=6
2026-02-22T11:31:52.9286055Z [StepD'] collect: source=mamba h=10 files=62 root=C:/work/apex_work/runs/20260222_203050/output/stepB/sim
2026-02-22T11:31:52.9287082Z [StepD'] stepDprime_mamba_h10_SOXL ep=001 train_loss=0.7572 acc=0.267 val_loss=0.7013 val_acc=0.429
2026-02-22T11:31:52.9287977Z [StepD'] stepDprime_mamba_h10_SOXL ep=002 train_loss=0.6743 acc=0.733 val_loss=0.7455 val_acc=0.429
2026-02-22T11:31:52.9289041Z [StepD'] stepDprime_mamba_h10_SOXL ep=003 train_loss=0.6189 acc=0.733 val_loss=0.8135 val_acc=0.429
2026-02-22T11:31:52.9289855Z [StepD'] stepDprime_mamba_h10_SOXL ep=004 train_loss=0.5887 acc=0.733 val_loss=0.8968 val_acc=0.429
2026-02-22T11:31:52.9290854Z [StepD'] stepDprime_mamba_h10_SOXL ep=005 train_loss=0.5804 acc=0.733 val_loss=0.9767 val_acc=0.429
2026-02-22T11:31:52.9291883Z [StepD'] stepDprime_mamba_h10_SOXL ep=006 train_loss=0.5898 acc=0.733 val_loss=1.0330 val_acc=0.429
2026-02-22T11:31:52.9292587Z [StepD'] stepDprime_mamba_h10_SOXL early stop at ep=6
2026-02-22T11:31:52.9293470Z [StepD'] collect: source=mamba h=20 files=62 root=C:/work/apex_work/runs/20260222_203050/output/stepB/sim
2026-02-22T11:31:52.9294420Z [StepD'] stepDprime_mamba_h20_SOXL ep=001 train_loss=0.5967 acc=0.778 val_loss=0.6362 val_acc=0.667
2026-02-22T11:31:52.9295347Z [StepD'] stepDprime_mamba_h20_SOXL ep=002 train_loss=0.5519 acc=0.778 val_loss=0.6508 val_acc=0.667
2026-02-22T11:31:52.9296435Z [StepD'] stepDprime_mamba_h20_SOXL ep=003 train_loss=0.5327 acc=0.778 val_loss=0.6799 val_acc=0.667
2026-02-22T11:31:52.9297223Z [StepD'] stepDprime_mamba_h20_SOXL ep=004 train_loss=0.5260 acc=0.778 val_loss=0.7086 val_acc=0.667
2026-02-22T11:31:52.9298736Z [StepD'] stepDprime_mamba_h20_SOXL ep=005 train_loss=0.5336 acc=0.778 val_loss=0.7254 val_acc=0.667
2026-02-22T11:31:52.9299542Z [StepD'] stepDprime_mamba_h20_SOXL ep=006 train_loss=0.5413 acc=0.778 val_loss=0.7289 val_acc=0.667
2026-02-22T11:31:52.9300314Z [StepD'] stepDprime_mamba_h20_SOXL early stop at ep=6
2026-02-22T11:31:52.9301368Z [StepD'] wrote summary: C:/work/apex_work/runs/20260222_203050/output/stepD_prime/sim/stepDprime_summary_SOXL.json
2026-02-22T11:31:52.9301963Z [StepDPrime] done
2026-02-22T11:31:52.9302304Z [StepD] start
2026-02-22T11:31:52.9302724Z [StepD] mode=sim source=stepC rows=2076 cols=12 rbw=20
2026-02-22T11:31:52.9303749Z [StepD] wrote daily snapshots: 62 agent=mamba -> C:\work\apex_work\runs\20260222_203050\output\stepD\sim\stepD_daily_manifest_mamba_SOXL.csv
2026-02-22T11:31:52.9305216Z [StepD] ensured global daily manifest -> C:\work\apex_work\runs\20260222_203050\output\stepD\sim\stepD_daily_manifest_SOXL.csv
2026-02-22T11:31:52.9306804Z [StepD] wrote agent=mamba daily=stepD_envelope_daily_mamba_SOXL.csv used_cols=Pred_Close_scaled_MAMBA_h01,Pred_Close_scaled_MAMBA_h05,Pred_Close_scaled_MAMBA_h10,Pred_Close_scaled_MAMBA_h20 days=2076
2026-02-22T11:31:52.9307919Z [StepD] done
2026-02-22T11:31:52.9308234Z [StepE] start
2026-02-22T11:31:52.9309210Z [StepE] agent=dprime_bnf_h01 mode=sim profile=A use_stepd_prime=True seed=42 device=auto
2026-02-22T11:31:52.9310111Z [PIPELINE] status=failed steps=A,B,C,D,DPRIME,E,F output_root=C:\work\apex_work\runs\20260222_203050\output
2026-02-22T11:31:52.9310911Z Traceback (most recent call last):
2026-02-22T11:31:52.9311572Z   File "C:\work\apex_repo_cache\ApexTraderAI\tools\run_pipeline.py", line 1498, in <module>
2026-02-22T11:31:52.9312162Z     raise SystemExit(main())
2026-02-22T11:31:52.9312789Z   File "C:\work\apex_repo_cache\ApexTraderAI\tools\run_pipeline.py", line 1482, in main
2026-02-22T11:31:52.9313678Z     step_result = _run_step_generic(step, app_config, symbol, date_range, results)
2026-02-22T11:31:52.9314422Z   File "C:\work\apex_repo_cache\ApexTraderAI\tools\run_pipeline.py", line 1203, in _run_step_generic
2026-02-22T11:31:52.9315120Z     return _call_with_best_effort(fn, ctx2)
2026-02-22T11:31:52.9315921Z   File "C:\work\apex_repo_cache\ApexTraderAI\tools\run_pipeline.py", line 451, in _call_with_best_effort
2026-02-22T11:31:52.9316490Z     return fn(**kwargs)
2026-02-22T11:31:52.9317098Z   File "C:\work\apex_repo_cache\ApexTraderAI\ai_core\services\step_e_service.py", line 141, in run
2026-02-22T11:31:52.9317895Z     self._run_one(cfg, date_range=date_range, symbol=symbol, mode=mode)
2026-02-22T11:31:52.9318895Z   File "C:\work\apex_repo_cache\ApexTraderAI\ai_core\services\step_e_service.py", line 168, in _run_one
2026-02-22T11:31:52.9319880Z     df_all, used_manifest = self._merge_inputs(cfg, out_root=out_root, mode=mode, symbol=symbol)
2026-02-22T11:31:52.9321077Z   File "C:\work\apex_repo_cache\ApexTraderAI\ai_core\services\step_e_service.py", line 415, in _merge_inputs
2026-02-22T11:31:52.9322159Z     raise RuntimeError(
2026-02-22T11:31:52.9323531Z RuntimeError: StepD' merge mismatch (match_ratio=0.030). df Date range=2014-01-03 00:00:00..2022-03-31 00:00:00, dprime Date range=2022-01-03 00:00:00..2022-03-31 00:00:00. Check the embeddings file Date column/format.
2026-02-22T11:31:52.9326219Z [CMD] 'C:\Users\becky\AppData\Local\Programs\Python\Python310\python.exe' 'tools\run_pipeline.py' --symbol SOXL --steps A,B,C,D,DPRIME,E,F --test-start 2022-01-03 --train-years 8 --test-months 3 --mode sim --output-root 'C:\work\apex_work\runs\20260222_203050\output' --data-dir 'C:\work\apex_work\runs\20260222_203050\data' --auto-prepare-data 0 --enable-mamba
2026-02-22T11:31:52.9327640Z [RC] 1
2026-02-22T11:31:52.9327824Z [RC] 
2026-02-22T11:31:52.9329272Z [FAILED] command="python" tools\run_with_python.py tools\run_pipeline.py --symbol SOXL --steps "A,B,C,D,DPRIME,E,F" --test-start 2022-01-03 --train-years 8 --test-months 3 --mode sim --output-root "C:\work\apex_work\runs\20260222_203050\output" --data-dir "C:\work\apex_work\runs\20260222_203050\data" --auto-prepare-data 0  --enable-mamba
2026-02-22T11:31:52.9330870Z [FAILED] exit_code=
2026-02-22T11:31:52.9331153Z [FAILED] run_id=20260222_203050
2026-02-22T11:31:52.9331585Z [FAILED] log=C:\work\apex_work\runs\20260222_203050\logs\run_20260222_203050.log
2026-02-22T11:31:52.9331891Z 
2026-02-22T11:31:52.9331897Z 
2026-02-22T11:31:52.9419117Z ##[error]Process completed with exit code 1.

----- FILE: actions_logs/run/system.txt -----
2026-02-22T11:30:35.7780000Z Evaluating run.if
2026-02-22T11:30:35.7780000Z Evaluating: success()
2026-02-22T11:30:35.7780000Z Result: true
2026-02-22T11:30:36.2700000Z Requested labels: self-hosted, windows
2026-02-22T11:30:36.2700000Z Job defined at: toki866/ApexTraderAI/.github/workflows/run_desktop_pipeline.yml@refs/heads/main
2026-02-22T11:30:36.2700000Z Waiting for a runner to pick up this job...
2026-02-22T11:30:36.2830000Z Job is about to start running on the runner: DESKTOP-C54PIIA
