Run: https://github.com/toki866/ApexTraderAI/actions/runs/22253961100
SHA: cb77d37b55b828f026f4f791a8813f54ca9b319e
Attempt: 1
Conclusion: success

==== TAILS (each file last 200 lines) ====

----- FILE: actions_logs/0_run.txt -----
2026-02-21T08:57:38.3694770Z ##[group]Run actions/github-script@v7
2026-02-21T08:57:38.3695129Z with:
2026-02-21T08:57:38.3699907Z   script: const fs = require('fs');
const path = require('path');

const owner = context.repo.owner;
const repo = context.repo.repo;

const reportPath = path.join(process.env.GITHUB_WORKSPACE, 'temp', 'ONE_TAP_ERROR_REPORT.txt');
let report = fs.existsSync(reportPath)
  ? fs.readFileSync(reportPath, 'utf8')
  : '(missing ONE_TAP_ERROR_REPORT.txt)';

if (report.length > 60000) report = report.slice(-60000);

const runUrl = `${context.serverUrl}/${owner}/${repo}/actions/runs/${context.runId}`;
const title = 'ApexTraderAI Diagnostics (latest)';
const attempt = process.env.GITHUB_RUN_ATTEMPT || '1';
const diagRunFolder = process.env.DIAG_RUN_FOLDER || 'LATEST_CSV.md';
const csvIndexUrl = diagRunFolder === 'LATEST_CSV.md'
  ? `${context.serverUrl}/${owner}/${repo}/blob/diag-logs/runs/LATEST_CSV.md`
  : `${context.serverUrl}/${owner}/${repo}/blob/diag-logs/runs/${diagRunFolder}/CSV_INDEX.md`;
const body = `Run: ${runUrl}\nSHA: ${context.sha}\nAttempt: ${attempt}\ndiag-logs csv_index: ${csvIndexUrl}\n\n\`\`\`text\n${report}\n\`\`\`\n`;

const { data: issues } = await github.rest.issues.listForRepo({
  owner,
  repo,
  state: 'open',
  per_page: 100
});
const existing = issues.find(i => i.title === title);

if (existing) {
  await github.rest.issues.update({ owner, repo, issue_number: existing.number, body });
} else {
  await github.rest.issues.create({ owner, repo, title, body });
}

2026-02-21T08:57:38.3705165Z   github-token: ***
2026-02-21T08:57:38.3705346Z   debug: false
2026-02-21T08:57:38.3705529Z   user-agent: actions/github-script
2026-02-21T08:57:38.3705772Z   result-encoding: json
2026-02-21T08:57:38.3705959Z   retries: 0
2026-02-21T08:57:38.3706162Z   retry-exempt-status-codes: 400,401,403,404,422
2026-02-21T08:57:38.3706417Z env:
2026-02-21T08:57:38.3706622Z   REPO_ROOT: C:\work\apex_repo_cache\ApexTraderAI
2026-02-21T08:57:38.3706966Z   DIAG_RUN_FOLDER: 20260221_175735_run22253961100_att1_cb77d37
2026-02-21T08:57:38.3707252Z ##[endgroup]
2026-02-21T08:57:40.1807321Z ##[group]Run $ErrorActionPreference = 'Stop'
2026-02-21T08:57:40.1807795Z [36;1m$ErrorActionPreference = 'Stop'[0m
2026-02-21T08:57:40.1808088Z [36;1m[0m
2026-02-21T08:57:40.1808288Z [36;1mfunction Mask-Secrets {[0m
2026-02-21T08:57:40.1808533Z [36;1m  param([string]$Text)[0m
2026-02-21T08:57:40.1808744Z [36;1m[0m
2026-02-21T08:57:40.1808972Z [36;1m  if ([string]::IsNullOrEmpty($Text)) { return $Text }[0m
2026-02-21T08:57:40.1809265Z [36;1m[0m
2026-02-21T08:57:40.1809421Z [36;1m  $masked = $Text[0m
2026-02-21T08:57:40.1809828Z [36;1m  $masked = [regex]::Replace($masked, 'github_pat_[A-Za-z0-9_]{20,}', 'github_pat_***MASKED***')[0m
2026-02-21T08:57:40.1810475Z [36;1m  $masked = [regex]::Replace($masked, 'gh[pousr]_[A-Za-z0-9_]{20,}', 'gh***_***MASKED***')[0m
2026-02-21T08:57:40.1811100Z [36;1m  $masked = [regex]::Replace($masked, '(?im)\b(token|password|secret)\b\s*[:=]\s*\S+', '$1=***MASKED***')[0m
2026-02-21T08:57:40.1811592Z [36;1m  return $masked[0m
2026-02-21T08:57:40.1811797Z [36;1m}[0m
2026-02-21T08:57:40.1811955Z [36;1m[0m
2026-02-21T08:57:40.1812123Z [36;1mfunction Get-MaskedTail {[0m
2026-02-21T08:57:40.1812346Z [36;1m  param([0m
2026-02-21T08:57:40.1812525Z [36;1m    [string]$Path,[0m
2026-02-21T08:57:40.1812770Z [36;1m    [int]$Tail = 200[0m
2026-02-21T08:57:40.1813010Z [36;1m  )[0m
2026-02-21T08:57:40.1813218Z [36;1m[0m
2026-02-21T08:57:40.1813462Z [36;1m  if (-not (Test-Path $Path)) { return "(not found) $Path" }[0m
2026-02-21T08:57:40.1813976Z [36;1m  $raw = (Get-Content -Path $Path -Tail $Tail -ErrorAction SilentlyContinue) -join "`r`n"[0m
2026-02-21T08:57:40.1814423Z [36;1m  return (Mask-Secrets -Text $raw)[0m
2026-02-21T08:57:40.1814666Z [36;1m}[0m
2026-02-21T08:57:40.1814811Z [36;1m[0m
2026-02-21T08:57:40.1815017Z [36;1m$diagOut = Join-Path $env:RUNNER_TEMP 'diag_out'[0m
2026-02-21T08:57:40.1815474Z [36;1m$null = New-Item -Path $diagOut -ItemType Directory -Force[0m
2026-02-21T08:57:40.1815798Z [36;1m[0m
2026-02-21T08:57:40.1815976Z [36;1m$ws = $env:GITHUB_WORKSPACE[0m
2026-02-21T08:57:40.1816297Z [36;1m$runnerRoot = (Resolve-Path (Join-Path $ws '..\..\..')).Path[0m
2026-02-21T08:57:40.1816677Z [36;1m$runnerDiag = Join-Path $runnerRoot '_diag'[0m
2026-02-21T08:57:40.1816959Z [36;1m$runId = '22253961100'[0m
2026-02-21T08:57:40.1817173Z [36;1m$runAttempt = '1'[0m
2026-02-21T08:57:40.1817438Z [36;1m$sha = 'cb77d37b55b828f026f4f791a8813f54ca9b319e'[0m
2026-02-21T08:57:40.1817832Z [36;1m$branch = 'main'[0m
2026-02-21T08:57:40.1818053Z [36;1m$repo = 'toki866/ApexTraderAI'[0m
2026-02-21T08:57:40.1818354Z [36;1m$artifactName = "diag_full_${runId}_${runAttempt}"[0m
2026-02-21T08:57:40.1818639Z [36;1m[0m
2026-02-21T08:57:40.1818805Z [36;1m$latestRunnerLog = $null[0m
2026-02-21T08:57:40.1819036Z [36;1m$latestWorkerLog = $null[0m
2026-02-21T08:57:40.1819271Z [36;1mif (Test-Path $runnerDiag) {[0m
2026-02-21T08:57:40.1820114Z [36;1m  $latestRunnerLog = Get-ChildItem -Path $runnerDiag -Filter 'Runner_*.log' -File -ErrorAction SilentlyContinue | Sort-Object LastWriteTime -Descending | Select-Object -First 1[0m
2026-02-21T08:57:40.1821397Z [36;1m  $latestWorkerLog = Get-ChildItem -Path $runnerDiag -Filter 'Worker_*.log' -File -ErrorAction SilentlyContinue | Sort-Object LastWriteTime -Descending | Select-Object -First 1[0m
2026-02-21T08:57:40.1822133Z [36;1m}[0m
2026-02-21T08:57:40.1822339Z [36;1m[0m
2026-02-21T08:57:40.1822680Z [36;1m$workflowLog = Join-Path $env:RUNNER_TEMP 'run_all_local_then_copy_console.log'[0m
2026-02-21T08:57:40.1823257Z [36;1m$runLogPath = 'C:\work\apex_work\runs\20260221_175601\logs\run_20260221_175601.log'[0m
2026-02-21T08:57:40.1823757Z [36;1m$stepSummaryGlob = Join-Path $env:RUNNER_TEMP 'step_summary_*'[0m
2026-02-21T08:57:40.1824317Z [36;1m$oneTapReportWorkspace = Join-Path $env:GITHUB_WORKSPACE 'temp\ONE_TAP_ERROR_REPORT.txt'[0m
2026-02-21T08:57:40.1824820Z [36;1m[0m
2026-02-21T08:57:40.1826671Z [36;1mif ($latestRunnerLog) { Copy-Item -Path $latestRunnerLog.FullName -Destination (Join-Path $diagOut $latestRunnerLog.Name) -Force }[0m
2026-02-21T08:57:40.1827937Z [36;1mif ($latestWorkerLog) { Copy-Item -Path $latestWorkerLog.FullName -Destination (Join-Path $diagOut $latestWorkerLog.Name) -Force }[0m
2026-02-21T08:57:40.1828890Z [36;1mif (Test-Path $workflowLog) { Copy-Item -Path $workflowLog -Destination (Join-Path $diagOut 'workflow_console.log') -Force }[0m
2026-02-21T08:57:40.1829904Z [36;1mif ($runLogPath -and (Test-Path $runLogPath)) { Copy-Item -Path $runLogPath -Destination (Join-Path $diagOut (Split-Path $runLogPath -Leaf)) -Force }[0m
2026-02-21T08:57:40.1831017Z [36;1mif (Test-Path $oneTapReportWorkspace) { Copy-Item -Path $oneTapReportWorkspace -Destination (Join-Path $diagOut 'ONE_TAP_ERROR_REPORT.txt') -Force }[0m
2026-02-21T08:57:40.1831982Z [36;1mGet-ChildItem -Path $stepSummaryGlob -File -ErrorAction SilentlyContinue | ForEach-Object {[0m
2026-02-21T08:57:40.1832644Z [36;1m  Copy-Item -Path $_.FullName -Destination (Join-Path $diagOut $_.Name) -Force[0m
2026-02-21T08:57:40.1833091Z [36;1m}[0m
2026-02-21T08:57:40.1833252Z [36;1m[0m
2026-02-21T08:57:40.1833458Z [36;1mforeach ($subDir in @('pages', 'blocks')) {[0m
2026-02-21T08:57:40.1833791Z [36;1m  $src = Join-Path $runnerDiag $subDir[0m
2026-02-21T08:57:40.1834078Z [36;1m  if (Test-Path $src) {[0m
2026-02-21T08:57:40.1834579Z [36;1m    Copy-Item -Path $src -Destination (Join-Path $diagOut $subDir) -Recurse -Force[0m
2026-02-21T08:57:40.1834994Z [36;1m  }[0m
2026-02-21T08:57:40.1835157Z [36;1m}[0m
2026-02-21T08:57:40.1835309Z [36;1m[0m
2026-02-21T08:57:40.1835848Z [36;1m$runnerTailText = if ($latestRunnerLog) { Get-MaskedTail -Path $latestRunnerLog.FullName -Tail 200 } else { '(runner diag not found)' }[0m
2026-02-21T08:57:40.1836856Z [36;1m$workflowTailText = if (Test-Path $workflowLog) { Get-MaskedTail -Path $workflowLog -Tail 200 } else { '(workflow log not found)' }[0m
2026-02-21T08:57:40.1837456Z [36;1m[0m
2026-02-21T08:57:40.1837688Z [36;1m$summaryPath = Join-Path $diagOut 'summary.md'[0m
2026-02-21T08:57:40.1837993Z [36;1m$summary = @([0m
2026-02-21T08:57:40.1838209Z [36;1m  '# Diagnostics Summary',[0m
2026-02-21T08:57:40.1838442Z [36;1m  '',[0m
2026-02-21T08:57:40.1838616Z [36;1m  "- repo: $repo",[0m
2026-02-21T08:57:40.1838838Z [36;1m  "- branch: $branch",[0m
2026-02-21T08:57:40.1839104Z [36;1m  "- sha: $sha",[0m
2026-02-21T08:57:40.1839364Z [36;1m  "- run_id: $runId",[0m
2026-02-21T08:57:40.1839603Z [36;1m  "- attempt: $runAttempt",[0m
2026-02-21T08:57:40.1839885Z [36;1m  "- failing_step: $env:FAILING_STEP",[0m
2026-02-21T08:57:40.1840185Z [36;1m  "- artifact_name: $artifactName",[0m
2026-02-21T08:57:40.1840514Z [36;1m  '- one_tap_report: See ONE_TAP_ERROR_REPORT.txt',[0m
2026-02-21T08:57:40.1840814Z [36;1m  '',[0m
2026-02-21T08:57:40.1841026Z [36;1m  '## runner_diag_tail (last 200 lines)',[0m
2026-02-21T08:57:40.1841296Z [36;1m  '```text',[0m
2026-02-21T08:57:40.1841575Z [36;1m  $runnerTailText,[0m
2026-02-21T08:57:40.1841805Z [36;1m  '```',[0m
2026-02-21T08:57:40.1841978Z [36;1m  '',[0m
2026-02-21T08:57:40.1842176Z [36;1m  '## workflow_tail (last 200 lines)',[0m
2026-02-21T08:57:40.1842445Z [36;1m  '```text',[0m
2026-02-21T08:57:40.1842639Z [36;1m  $workflowTailText,[0m
2026-02-21T08:57:40.1842854Z [36;1m  '```'[0m
2026-02-21T08:57:40.1843056Z [36;1m) -join "`r`n"[0m
2026-02-21T08:57:40.1843297Z [36;1m$summary = Mask-Secrets -Text $summary[0m
2026-02-21T08:57:40.1843693Z [36;1mSet-Content -Path $summaryPath -Value $summary -Encoding UTF8[0m
2026-02-21T08:57:40.1844156Z [36;1m[0m
2026-02-21T08:57:40.1844427Z [36;1m$runnerTailPath = Join-Path $diagOut 'runner_diag_tail.txt'[0m
2026-02-21T08:57:40.1844938Z [36;1mSet-Content -Path $runnerTailPath -Value $runnerTailText -Encoding UTF8[0m
2026-02-21T08:57:40.1845445Z [36;1m$workflowTailPath = Join-Path $diagOut 'workflow_tail.txt'[0m
2026-02-21T08:57:40.1846587Z [36;1mSet-Content -Path $workflowTailPath -Value $workflowTailText -Encoding UTF8[0m
2026-02-21T08:57:40.1847141Z [36;1m[0m
2026-02-21T08:57:40.1847422Z [36;1m$fullZip = Join-Path $env:RUNNER_TEMP ("{0}.zip" -f $artifactName)[0m
2026-02-21T08:57:40.1847886Z [36;1mif (Test-Path $fullZip) { Remove-Item $fullZip -Force }[0m
2026-02-21T08:57:40.1848403Z [36;1mCompress-Archive -Path (Join-Path $diagOut '*') -DestinationPath $fullZip -Force[0m
2026-02-21T08:57:40.1848834Z [36;1m[0m
2026-02-21T08:57:40.1849183Z [36;1m"diag_out=$diagOut" | Out-File -FilePath $env:GITHUB_OUTPUT -Encoding utf8 -Append[0m
2026-02-21T08:57:40.1849813Z [36;1m"diag_summary=$summaryPath" | Out-File -FilePath $env:GITHUB_OUTPUT -Encoding utf8 -Append[0m
2026-02-21T08:57:40.1850511Z [36;1m"diag_runner_tail=$runnerTailPath" | Out-File -FilePath $env:GITHUB_OUTPUT -Encoding utf8 -Append[0m
2026-02-21T08:57:40.1851277Z [36;1m"diag_workflow_tail=$workflowTailPath" | Out-File -FilePath $env:GITHUB_OUTPUT -Encoding utf8 -Append[0m
2026-02-21T08:57:40.1851959Z [36;1m"diag_zip=$fullZip" | Out-File -FilePath $env:GITHUB_OUTPUT -Encoding utf8 -Append[0m
2026-02-21T08:57:40.1852608Z [36;1m"diag_artifact_name=$artifactName" | Out-File -FilePath $env:GITHUB_OUTPUT -Encoding utf8 -Append[0m
2026-02-21T08:57:40.1870880Z shell: C:\Windows\System32\WindowsPowerShell\v1.0\powershell.EXE -NoProfile -ExecutionPolicy Bypass -Command "{0}"
2026-02-21T08:57:40.1871399Z env:
2026-02-21T08:57:40.1871591Z   REPO_ROOT: C:\work\apex_repo_cache\ApexTraderAI
2026-02-21T08:57:40.1871869Z   FAILING_STEP: unknown
2026-02-21T08:57:40.1872052Z ##[endgroup]
2026-02-21T08:57:41.3711661Z ##[group]Run actions/upload-artifact@v4
2026-02-21T08:57:41.3712105Z with:
2026-02-21T08:57:41.3712603Z   name: diag_full_22253961100_1
2026-02-21T08:57:41.3712896Z   if-no-files-found: warn
2026-02-21T08:57:41.3713116Z   retention-days: 7
2026-02-21T08:57:41.3713576Z   path: C:\Users\becky\OneDrive\ãƒ‡ã‚¹ã‚¯ãƒˆãƒƒãƒ—\Python\apex-trader-ai\actions-runner\_work\_temp\diag_full_22253961100_1.zip
2026-02-21T08:57:41.3714116Z   compression-level: 6
2026-02-21T08:57:41.3714317Z   overwrite: false
2026-02-21T08:57:41.3714514Z   include-hidden-files: false
2026-02-21T08:57:41.3714727Z env:
2026-02-21T08:57:41.3714940Z   REPO_ROOT: C:\work\apex_repo_cache\ApexTraderAI
2026-02-21T08:57:41.3715272Z ##[endgroup]
2026-02-21T08:57:41.6425157Z With the provided path, there will be 1 file uploaded
2026-02-21T08:57:41.6431206Z Artifact name is valid!
2026-02-21T08:57:41.6434289Z Root directory input is valid!
2026-02-21T08:57:42.2579934Z Beginning upload of artifact content to blob storage
2026-02-21T08:57:43.3439156Z Uploaded bytes 91178
2026-02-21T08:57:43.5202337Z Finished uploading artifact content to blob storage!
2026-02-21T08:57:43.5204944Z SHA256 digest of uploaded artifact zip is e346d4e58699646dbd5bb1f6d8f97557bdb88b581f01f5719e464a3a4c07e402
2026-02-21T08:57:43.5209204Z Finalizing artifact upload
2026-02-21T08:57:43.7743616Z Artifact diag_full_22253961100_1.zip successfully finalized. Artifact ID 5600535264
2026-02-21T08:57:43.7748320Z Artifact diag_full_22253961100_1 has been successfully uploaded! Final size is 91178 bytes. Artifact ID is 5600535264
2026-02-21T08:57:43.7753647Z Artifact download URL: https://github.com/toki866/ApexTraderAI/actions/runs/22253961100/artifacts/5600535264
2026-02-21T08:57:43.8125846Z ##[group]Run actions/upload-artifact@v4
2026-02-21T08:57:43.8126298Z with:
2026-02-21T08:57:43.8126549Z   name: diagnostics
2026-02-21T08:57:43.8126919Z   if-no-files-found: warn
2026-02-21T08:57:43.8127294Z   path: _diagnostics/**/*
2026-02-21T08:57:43.8127648Z   compression-level: 6
2026-02-21T08:57:43.8127928Z   overwrite: false
2026-02-21T08:57:43.8128185Z   include-hidden-files: false
2026-02-21T08:57:43.8128474Z env:
2026-02-21T08:57:43.8128734Z   REPO_ROOT: C:\work\apex_repo_cache\ApexTraderAI
2026-02-21T08:57:43.8129210Z ##[endgroup]
2026-02-21T08:57:44.0956426Z ##[warning]No files were found with the provided path: _diagnostics/**/*. No artifacts will be uploaded.
2026-02-21T08:57:44.1329282Z Cleaning up orphan processes

----- FILE: actions_logs/run/10_Stage console log in workspace.txt -----
ï»¿2026-02-21T08:57:19.5305387Z ##[group]Run $workspaceTemp = Join-Path $env:GITHUB_WORKSPACE 'temp'
2026-02-21T08:57:19.5306481Z [36;1m$workspaceTemp = Join-Path $env:GITHUB_WORKSPACE 'temp'[0m
2026-02-21T08:57:19.5307319Z [36;1m$null = New-Item -Path $workspaceTemp -ItemType Directory -Force[0m
2026-02-21T08:57:19.5308244Z [36;1m$consoleLog = Join-Path $env:RUNNER_TEMP 'run_all_local_then_copy_console.log'[0m
2026-02-21T08:57:19.5309403Z [36;1m$workspaceConsoleLog = Join-Path $workspaceTemp 'run_all_local_then_copy_console.log'[0m
2026-02-21T08:57:19.5310317Z [36;1mif (Test-Path $consoleLog) {[0m
2026-02-21T08:57:19.5311009Z [36;1m  Copy-Item -Path $consoleLog -Destination $workspaceConsoleLog -Force[0m
2026-02-21T08:57:19.5311931Z [36;1m  Write-Host "Staged console log: $workspaceConsoleLog"[0m
2026-02-21T08:57:19.5312550Z [36;1m} else {[0m
2026-02-21T08:57:19.5313032Z [36;1m  Write-Warning "Console log not found at: $consoleLog"[0m
2026-02-21T08:57:19.5313616Z [36;1m  @([0m
2026-02-21T08:57:19.5314092Z [36;1m    '[WARN] Console log was not generated by BAT execution.',[0m
2026-02-21T08:57:19.5315035Z [36;1m    '[WARN] Never finish a workflow run without leaving a readable log artifact.',[0m
2026-02-21T08:57:19.5316096Z [36;1m    ('[WARN] generated_at={0}' -f (Get-Date -Format 'yyyy-MM-dd HH:mm:ss zzz'))[0m
2026-02-21T08:57:19.5317009Z [36;1m  ) | Set-Content -Path $workspaceConsoleLog -Encoding UTF8[0m
2026-02-21T08:57:19.5317868Z [36;1m  Write-Host "Created fallback console log: $workspaceConsoleLog"[0m
2026-02-21T08:57:19.5318561Z [36;1m}[0m
2026-02-21T08:57:19.5346397Z shell: C:\Windows\System32\WindowsPowerShell\v1.0\powershell.EXE -NoProfile -ExecutionPolicy Bypass -Command "{0}"
2026-02-21T08:57:19.5347465Z env:
2026-02-21T08:57:19.5347911Z   REPO_ROOT: C:\work\apex_repo_cache\ApexTraderAI
2026-02-21T08:57:19.5348406Z ##[endgroup]
2026-02-21T08:57:19.8412571Z Staged console log: C:\Users\becky\OneDrive\ãƒ‡ã‚¹ã‚¯ãƒˆãƒƒãƒ—\Python\apex-trader-ai\actions-runner\_work\ApexTraderAI\ApexTraderAI\temp\run_all_local_then_copy_console.log

----- FILE: actions_logs/run/11_Append error tails to ONE_TAP (always).txt -----
ï»¿2026-02-21T08:57:19.8712017Z ##[group]Run $ErrorActionPreference = 'Continue'
2026-02-21T08:57:19.8712506Z [36;1m$ErrorActionPreference = 'Continue'[0m
2026-02-21T08:57:19.8712780Z [36;1m[0m
2026-02-21T08:57:19.8713089Z [36;1m$report = Join-Path $env:GITHUB_WORKSPACE 'temp\ONE_TAP_ERROR_REPORT.txt'[0m
2026-02-21T08:57:19.8713616Z [36;1mif (!(Test-Path $report)) {[0m
2026-02-21T08:57:19.8714300Z [36;1m  New-Item -Path (Split-Path $report -Parent) -ItemType Directory -Force | Out-Null[0m
2026-02-21T08:57:19.8715332Z [36;1m  '[WARN] ONE_TAP report missing; created.' | Set-Content -Path $report -Encoding UTF8[0m
2026-02-21T08:57:19.8716092Z [36;1m}[0m
2026-02-21T08:57:19.8716363Z [36;1m[0m
2026-02-21T08:57:19.8716659Z [36;1mAdd-Content $report ""[0m
2026-02-21T08:57:19.8717188Z [36;1mAdd-Content $report "[STEP] append_error_tails"[0m
2026-02-21T08:57:19.8718174Z [36;1mAdd-Content $report ("timestamp={0}" -f (Get-Date -Format 'yyyy-MM-dd HH:mm:ss zzz'))[0m
2026-02-21T08:57:19.8719006Z [36;1m[0m
2026-02-21T08:57:19.8719476Z [36;1m# python env snapshot (to compare with local)[0m
2026-02-21T08:57:19.8720121Z [36;1mAdd-Content $report "---- python_env ----"[0m
2026-02-21T08:57:19.8721116Z [36;1mtry { (& where.exe python 2>&1) | Add-Content $report } catch { ($_ | Out-String) | Add-Content $report }[0m
2026-02-21T08:57:19.8722272Z [36;1mtry { (& python --version 2>&1) | Add-Content $report } catch { ($_ | Out-String) | Add-Content $report }[0m
2026-02-21T08:57:19.8723992Z [36;1mtry { (& python -c "import sys; print(sys.executable)" 2>&1) | Add-Content $report } catch { ($_ | Out-String) | Add-Content $report }[0m
2026-02-21T08:57:19.8725000Z [36;1m[0m
2026-02-21T08:57:19.8725337Z [36;1m# console log tail[0m
2026-02-21T08:57:19.8726026Z [36;1m$consoleLog = Join-Path $env:RUNNER_TEMP 'run_all_local_then_copy_console.log'[0m
2026-02-21T08:57:19.8726929Z [36;1mAdd-Content $report ("[INFO] console_log={0}" -f $consoleLog)[0m
2026-02-21T08:57:19.8727558Z [36;1mif (Test-Path $consoleLog) {[0m
2026-02-21T08:57:19.8728269Z [36;1m  Add-Content $report "---- console_log_tail (last 350 lines) ----"[0m
2026-02-21T08:57:19.8729326Z [36;1m  (Get-Content $consoleLog -Tail 350 -ErrorAction SilentlyContinue) | Add-Content $report[0m
2026-02-21T08:57:19.8730243Z [36;1m} else {[0m
2026-02-21T08:57:19.8730744Z [36;1m  Add-Content $report "[WARN] console log not found"[0m
2026-02-21T08:57:19.8731244Z [36;1m}[0m
2026-02-21T08:57:19.8731497Z [36;1m[0m
2026-02-21T08:57:19.8731822Z [36;1m# run_*.log tail (best effort)[0m
2026-02-21T08:57:19.8732306Z [36;1m$workRoot = 'C:\work\apex_work\runs'[0m
2026-02-21T08:57:19.8733251Z [36;1m$latestRunDir = Get-ChildItem -Path $workRoot -Directory -ErrorAction SilentlyContinue |[0m
2026-02-21T08:57:19.8734363Z [36;1m  Sort-Object LastWriteTime -Descending | Select-Object -First 1[0m
2026-02-21T08:57:19.8735298Z [36;1mAdd-Content $report ("[INFO] work_root={0}" -f $workRoot)[0m
2026-02-21T08:57:19.8735945Z [36;1mif ($latestRunDir) {[0m
2026-02-21T08:57:19.8736647Z [36;1m  Add-Content $report ("[INFO] latest_run_dir={0}" -f $latestRunDir.FullName)[0m
2026-02-21T08:57:19.8738126Z [36;1m  $latestRunLog = Get-ChildItem -Path (Join-Path $latestRunDir.FullName 'logs') -Filter 'run_*.log' -File -ErrorAction SilentlyContinue |[0m
2026-02-21T08:57:19.8739468Z [36;1m    Sort-Object LastWriteTime -Descending | Select-Object -First 1[0m
2026-02-21T08:57:19.8740245Z [36;1m  if ($latestRunLog) {[0m
2026-02-21T08:57:19.8740957Z [36;1m    Add-Content $report ("[INFO] run_log={0}" -f $latestRunLog.FullName)[0m
2026-02-21T08:57:19.8741860Z [36;1m    Add-Content $report "---- run_log_tail (last 350 lines) ----"[0m
2026-02-21T08:57:19.8742988Z [36;1m    (Get-Content $latestRunLog.FullName -Tail 350 -ErrorAction SilentlyContinue) | Add-Content $report[0m
2026-02-21T08:57:19.8751702Z [36;1m  } else {[0m
2026-02-21T08:57:19.8752326Z [36;1m    Add-Content $report "[WARN] run_*.log not found under latest_run_dir\logs"[0m
2026-02-21T08:57:19.8754493Z [36;1m  }[0m
2026-02-21T08:57:19.8754704Z [36;1m} else {[0m
2026-02-21T08:57:19.8755245Z [36;1m  Add-Content $report "[WARN] no run_dir found under work_root"[0m
2026-02-21T08:57:19.8755810Z [36;1m}[0m
2026-02-21T08:57:19.8756038Z [36;1m[0m
2026-02-21T08:57:19.8756278Z [36;1m$global:LASTEXITCODE = 0[0m
2026-02-21T08:57:19.8756629Z [36;1mexit 0[0m
2026-02-21T08:57:19.8785518Z shell: C:\Windows\System32\WindowsPowerShell\v1.0\powershell.EXE -NoProfile -ExecutionPolicy Bypass -Command "{0}"
2026-02-21T08:57:19.8786592Z env:
2026-02-21T08:57:19.8787000Z   REPO_ROOT: C:\work\apex_repo_cache\ApexTraderAI
2026-02-21T08:57:19.8787549Z ##[endgroup]

----- FILE: actions_logs/run/12_Package diagnostics to OneDrive (always).txt -----
ï»¿2026-02-21T08:57:20.7119116Z ##[group]Run $ErrorActionPreference = 'Stop'
2026-02-21T08:57:20.7121657Z [36;1m$ErrorActionPreference = 'Stop'[0m
2026-02-21T08:57:20.7124034Z [36;1m$diagScript = Join-Path $env:REPO_ROOT 'scripts\package_diagnostics_to_onedrive.ps1'[0m
2026-02-21T08:57:20.7126766Z [36;1m$reportPath = Join-Path $env:GITHUB_WORKSPACE 'temp\ONE_TAP_ERROR_REPORT.txt'[0m
2026-02-21T08:57:20.7129362Z [36;1m[0m
2026-02-21T08:57:20.7131456Z [36;1mAdd-Content -Path $reportPath -Value @([0m
2026-02-21T08:57:20.7131808Z [36;1m  '[STEP] package_diagnostics_to_onedrive',[0m
2026-02-21T08:57:20.7134021Z [36;1m  ('[INFO] diag_script={0}' -f $diagScript)[0m
2026-02-21T08:57:20.7134299Z [36;1m)[0m
2026-02-21T08:57:20.7136449Z [36;1mWrite-Host "Diagnostics script path: $diagScript"[0m
2026-02-21T08:57:20.7138923Z [36;1m[0m
2026-02-21T08:57:20.7139111Z [36;1m$diagDirCandidates = @()[0m
2026-02-21T08:57:20.7141232Z [36;1mif ($env:OneDrive) {[0m
2026-02-21T08:57:20.7143479Z [36;1m  $diagDirCandidates += (Join-Path $env:OneDrive 'ApexTraderAI\diagnostics')[0m
2026-02-21T08:57:20.7143941Z [36;1m}[0m
2026-02-21T08:57:20.7146046Z [36;1mif ($env:USERPROFILE) {[0m
2026-02-21T08:57:20.7148405Z [36;1m  $diagDirCandidates += (Join-Path $env:USERPROFILE 'OneDrive\ApexTraderAI\diagnostics')[0m
2026-02-21T08:57:20.7150772Z [36;1m}[0m
2026-02-21T08:57:20.7151139Z [36;1m$diagDirCandidates += (Join-Path $env:RUNNER_TEMP 'ApexTraderAI\diagnostics')[0m
2026-02-21T08:57:20.7153513Z [36;1m[0m
2026-02-21T08:57:20.7153699Z [36;1m$selectedDiagDir = $null[0m
2026-02-21T08:57:20.7155939Z [36;1mforeach ($candidate in $diagDirCandidates) {[0m
2026-02-21T08:57:20.7158748Z [36;1m  try {[0m
2026-02-21T08:57:20.7161034Z [36;1m    $null = New-Item -Path $candidate -ItemType Directory -Force -ErrorAction Stop[0m
2026-02-21T08:57:20.7163432Z [36;1m    $selectedDiagDir = $candidate[0m
2026-02-21T08:57:20.7163736Z [36;1m    break[0m
2026-02-21T08:57:20.7163925Z [36;1m  } catch {[0m
2026-02-21T08:57:20.7166307Z [36;1m    Write-Warning "Diagnostics dir candidate unavailable: $candidate ($($_.Exception.Message))"[0m
2026-02-21T08:57:20.7168680Z [36;1m  }[0m
2026-02-21T08:57:20.7170856Z [36;1m}[0m
2026-02-21T08:57:20.7171024Z [36;1m[0m
2026-02-21T08:57:20.7171191Z [36;1mif (-not $selectedDiagDir) {[0m
2026-02-21T08:57:20.7173391Z [36;1m  Add-Content -Path $reportPath -Value @([0m
2026-02-21T08:57:20.7173727Z [36;1m    '[NG] package_diagnostics_to_onedrive',[0m
2026-02-21T08:57:20.7175937Z [36;1m    '[NG] selected diagnostics dir unavailable',[0m
2026-02-21T08:57:20.7178417Z [36;1m    ''[0m
2026-02-21T08:57:20.7178584Z [36;1m  )[0m
2026-02-21T08:57:20.7180881Z [36;1m  throw 'Unable to resolve diagnostics output directory from OneDrive/USERPROFILE/RUNNER_TEMP candidates.'[0m
2026-02-21T08:57:20.7183268Z [36;1m}[0m
2026-02-21T08:57:20.7185276Z [36;1m[0m
2026-02-21T08:57:20.7185556Z [36;1mWrite-Host "Selected diagnostics output dir: $selectedDiagDir"[0m
2026-02-21T08:57:20.7188136Z [36;1m"diag_dir=$selectedDiagDir" | Out-File -FilePath $env:GITHUB_OUTPUT -Encoding utf8 -Append[0m
2026-02-21T08:57:20.7190457Z [36;1m[0m
2026-02-21T08:57:20.7192509Z [36;1mif (Test-Path $diagScript) {[0m
2026-02-21T08:57:20.7194860Z [36;1m  powershell -NoProfile -ExecutionPolicy Bypass -File $diagScript -DiagDir "$selectedDiagDir"[0m
2026-02-21T08:57:20.7197268Z [36;1m  if ($LASTEXITCODE -ne 0) {[0m
2026-02-21T08:57:20.7197555Z [36;1m    Add-Content -Path $reportPath -Value @([0m
2026-02-21T08:57:20.7199921Z [36;1m      '[NG] package_diagnostics_to_onedrive',[0m
2026-02-21T08:57:20.7202128Z [36;1m      ('[NG] exit_code={0}' -f $LASTEXITCODE),[0m
2026-02-21T08:57:20.7202414Z [36;1m      ''[0m
2026-02-21T08:57:20.7204446Z [36;1m    )[0m
2026-02-21T08:57:20.7204770Z [36;1m    Write-Error "Diagnostics script exited with code $LASTEXITCODE"[0m
2026-02-21T08:57:20.7207074Z [36;1m    exit $LASTEXITCODE[0m
2026-02-21T08:57:20.7207290Z [36;1m  }[0m
2026-02-21T08:57:20.7216847Z [36;1m  Add-Content -Path $reportPath -Value @([0m
2026-02-21T08:57:20.7219289Z [36;1m    '[OK] package_diagnostics_to_onedrive',[0m
2026-02-21T08:57:20.7221528Z [36;1m    ('[OK] diag_dir={0}' -f $selectedDiagDir),[0m
2026-02-21T08:57:20.7221846Z [36;1m    ''[0m
2026-02-21T08:57:20.7222033Z [36;1m  )[0m
2026-02-21T08:57:20.7224104Z [36;1m} else {[0m
2026-02-21T08:57:20.7224343Z [36;1m  Add-Content -Path $reportPath -Value @([0m
2026-02-21T08:57:20.7226875Z [36;1m    '[NG] package_diagnostics_to_onedrive',[0m
2026-02-21T08:57:20.7229177Z [36;1m    '[NG] diagnostics script not found',[0m
2026-02-21T08:57:20.7231320Z [36;1m    ''[0m
2026-02-21T08:57:20.7231483Z [36;1m  )[0m
2026-02-21T08:57:20.7233615Z [36;1m  Write-Error "Diagnostics script not found: $diagScript"[0m
2026-02-21T08:57:20.7236151Z [36;1m  exit 1[0m
2026-02-21T08:57:20.7236323Z [36;1m}[0m
2026-02-21T08:57:20.7236478Z [36;1m[0m
2026-02-21T08:57:20.7238566Z [36;1mif ((Get-Item $reportPath).Length -gt 60000) {[0m
2026-02-21T08:57:20.7238925Z [36;1m  $tail = Get-Content -Path $reportPath -Raw[0m
2026-02-21T08:57:20.7241272Z [36;1m  $tail = $tail.Substring([Math]::Max(0, $tail.Length - 60000))[0m
2026-02-21T08:57:20.7243571Z [36;1m  Set-Content -Path $reportPath -Value $tail -Encoding UTF8[0m
2026-02-21T08:57:20.7245776Z [36;1m}[0m
2026-02-21T08:57:20.7330248Z shell: C:\Windows\System32\WindowsPowerShell\v1.0\powershell.EXE -NoProfile -ExecutionPolicy Bypass -Command "{0}"
2026-02-21T08:57:20.7332646Z env:
2026-02-21T08:57:20.7334704Z   REPO_ROOT: C:\work\apex_repo_cache\ApexTraderAI
2026-02-21T08:57:20.7334973Z ##[endgroup]
2026-02-21T08:57:21.0183432Z Diagnostics script path: C:\work\apex_repo_cache\ApexTraderAI\scripts\package_diagnostics_to_onedrive.ps1
2026-02-21T08:57:21.0275668Z Selected diagnostics output dir: C:\Users\becky\OneDrive\ApexTraderAI\diagnostics
2026-02-21T08:57:21.3048173Z runnerDiag=C:\Users\becky\OneDrive\ãƒ‡ã‚¹ã‚¯ãƒˆãƒƒãƒ—\Python\apex-trader-ai\actions-runner\_diag
2026-02-21T08:57:21.3053741Z diagDir=C:\Users\becky\OneDrive\ApexTraderAI\diagnostics
2026-02-21T08:57:21.8404258Z WARNING: Primary diagnostics archive failed: The process cannot access the file 
2026-02-21T08:57:21.8405149Z 'C:\Users\becky\OneDrive\ãƒ‡ã‚¹ã‚¯ãƒˆãƒƒãƒ—\Python\apex-trader-ai\actions-runner\_diag\blocks\6c21db18-d180-406e-b403-4c482b29d9d7_
2026-02-21T08:57:21.8405968Z 57e976f1-d8c7-4b57-af3d-bc88dfc38d16.1' because it is being used by another process.
2026-02-21T08:57:21.8973784Z zipPath=C:\Users\becky\OneDrive\ApexTraderAI\diagnostics\diag_22253961100_1_20260221_175721.zip
2026-02-21T08:57:21.9214531Z 
2026-02-21T08:57:21.9214974Z 
2026-02-21T08:57:21.9217002Z     ãƒ‡ã‚£ãƒ¬ã‚¯ãƒˆãƒª: C:\Users\becky\OneDrive\ApexTraderAI\diagnostics
2026-02-21T08:57:21.9217429Z 
2026-02-21T08:57:21.9217466Z 
2026-02-21T08:57:21.9221901Z Mode                 LastWriteTime         Length Name                                                                 
2026-02-21T08:57:21.9225812Z ----                 -------------         ------ ----                                                                 
2026-02-21T08:57:21.9240915Z -a----        2026/02/21     17:57           4845 diag_22253961100_1_20260221_175721.zip                               
2026-02-21T08:57:21.9249961Z -a----        2026/02/21     17:23           4840 diag_22253509025_1_20260221_172305.zip                               
2026-02-21T08:57:21.9256414Z -a----        2026/02/21     16:43           4839 diag_22252976665_1_20260221_164333.zip                               
2026-02-21T08:57:21.9262921Z -a----        2026/02/21     16:11           4806 diag_22252533924_1_20260221_161105.zip                               
2026-02-21T08:57:21.9269194Z -a----        2026/02/21     15:35           4851 diag_22252052676_1_20260221_153526.zip                               
2026-02-21T08:57:21.9275850Z -a----        2026/02/21     15:17           4846 diag_22251800216_1_20260221_151709.zip                               
2026-02-21T08:57:21.9282246Z -a----        2026/02/21     13:43           4912 diag_22250512578_1_20260221_134327.zip                               
2026-02-21T08:57:21.9288636Z -a----        2026/02/21     11:34           4944 diag_22248695422_1_20260221_113420.zip                               
2026-02-21T08:57:21.9295054Z -a----        2026/02/21     11:09           4759 diag_22248308415_1_20260221_110900.zip                               
2026-02-21T08:57:21.9301962Z -a----        2026/02/21     10:51           4964 diag_22248046183_1_20260221_105148.zip                               
2026-02-21T08:57:21.9302625Z 
2026-02-21T08:57:21.9302635Z 

----- FILE: actions_logs/run/13_Verify diagnostics directory content.txt -----
ï»¿2026-02-21T08:57:21.9797239Z ##[group]Run $ErrorActionPreference = 'Stop'
2026-02-21T08:57:21.9798035Z [36;1m$ErrorActionPreference = 'Stop'[0m
2026-02-21T08:57:21.9799016Z [36;1m$diagDir = 'C:\Users\becky\OneDrive\ApexTraderAI\diagnostics'[0m
2026-02-21T08:57:21.9799657Z [36;1mif (-not $diagDir) {[0m
2026-02-21T08:57:21.9800292Z [36;1m  $diagDir = Join-Path $env:RUNNER_TEMP 'ApexTraderAI\diagnostics'[0m
2026-02-21T08:57:21.9800951Z [36;1m}[0m
2026-02-21T08:57:21.9801342Z [36;1mWrite-Host '=== diagnostics dir listing ==='[0m
2026-02-21T08:57:21.9801895Z [36;1mif (Test-Path $diagDir) {[0m
2026-02-21T08:57:21.9802358Z [36;1m  dir $diagDir[0m
2026-02-21T08:57:21.9802714Z [36;1m} else {[0m
2026-02-21T08:57:21.9803227Z [36;1m  Write-Warning "Diagnostics directory not found: $diagDir"[0m
2026-02-21T08:57:21.9803849Z [36;1m}[0m
2026-02-21T08:57:21.9804105Z [36;1m[0m
2026-02-21T08:57:21.9804853Z [36;1m$latestZip = Get-ChildItem -Path $diagDir -File -Filter 'diag_*.zip' -ErrorAction SilentlyContinue |[0m
2026-02-21T08:57:21.9805957Z [36;1m  Sort-Object LastWriteTime -Descending |[0m
2026-02-21T08:57:21.9806512Z [36;1m  Select-Object -First 1[0m
2026-02-21T08:57:21.9807062Z [36;1m[0m
2026-02-21T08:57:21.9807341Z [36;1mif (-not $latestZip) {[0m
2026-02-21T08:57:21.9807819Z [36;1m  Write-Warning "diag zip missing in $diagDir"[0m
2026-02-21T08:57:21.9809221Z [36;1m  Write-Host 'Hint: package diagnostics step uses OneDrive -> USERPROFILE\\OneDrive -> RUNNER_TEMP fallback. Check step logs for selected path and creation errors.'[0m
2026-02-21T08:57:21.9810498Z [36;1m  exit 0[0m
2026-02-21T08:57:21.9810778Z [36;1m}[0m
2026-02-21T08:57:21.9811046Z [36;1m[0m
2026-02-21T08:57:21.9811456Z [36;1mWrite-Host "latestDiagZip=$($latestZip.FullName)"[0m
2026-02-21T08:57:21.9837351Z shell: C:\Windows\System32\WindowsPowerShell\v1.0\powershell.EXE -NoProfile -ExecutionPolicy Bypass -Command "{0}"
2026-02-21T08:57:21.9838326Z env:
2026-02-21T08:57:21.9838656Z   REPO_ROOT: C:\work\apex_repo_cache\ApexTraderAI
2026-02-21T08:57:21.9839155Z ##[endgroup]
2026-02-21T08:57:22.2597384Z === diagnostics dir listing ===
2026-02-21T08:57:22.3255078Z 
2026-02-21T08:57:22.3256117Z 
2026-02-21T08:57:22.3259100Z     ãƒ‡ã‚£ãƒ¬ã‚¯ãƒˆãƒª: C:\Users\becky\OneDrive\ApexTraderAI\diagnostics
2026-02-21T08:57:22.3259572Z 
2026-02-21T08:57:22.3259593Z 
2026-02-21T08:57:22.3266060Z Mode                 LastWriteTime         Length Name                                                                 
2026-02-21T08:57:22.3268152Z ----                 -------------         ------ ----                                                                 
2026-02-21T08:57:22.3271900Z -a----        2026/02/21     10:51           4964 diag_22248046183_1_20260221_105148.zip                               
2026-02-21T08:57:22.3284756Z -a----        2026/02/21     11:09           4759 diag_22248308415_1_20260221_110900.zip                               
2026-02-21T08:57:22.3293692Z -a----        2026/02/21     11:34           4944 diag_22248695422_1_20260221_113420.zip                               
2026-02-21T08:57:22.3301665Z -a----        2026/02/21     13:43           4912 diag_22250512578_1_20260221_134327.zip                               
2026-02-21T08:57:22.3310241Z -a----        2026/02/21     15:17           4846 diag_22251800216_1_20260221_151709.zip                               
2026-02-21T08:57:22.3321029Z -a----        2026/02/21     15:35           4851 diag_22252052676_1_20260221_153526.zip                               
2026-02-21T08:57:22.3328516Z -a----        2026/02/21     16:11           4806 diag_22252533924_1_20260221_161105.zip                               
2026-02-21T08:57:22.3336552Z -a----        2026/02/21     16:43           4839 diag_22252976665_1_20260221_164333.zip                               
2026-02-21T08:57:22.3344929Z -a----        2026/02/21     17:23           4840 diag_22253509025_1_20260221_172305.zip                               
2026-02-21T08:57:22.3356649Z -a----        2026/02/21     17:57           4845 diag_22253961100_1_20260221_175721.zip                               
2026-02-21T08:57:22.3490146Z latestDiagZip=C:\Users\becky\OneDrive\ApexTraderAI\diagnostics\diag_22253961100_1_20260221_175721.zip
2026-02-21T08:57:22.3498280Z 
2026-02-21T08:57:22.3498504Z 

----- FILE: actions_logs/run/15_Resolve latest run artifacts.txt -----
ï»¿2026-02-21T08:57:22.3973510Z ##[group]Run $workRoot = 'C:\work\apex_work\runs'
2026-02-21T08:57:22.3974245Z [36;1m$workRoot = 'C:\work\apex_work\runs'[0m
2026-02-21T08:57:22.3974978Z [36;1m$consoleLog = Join-Path $env:RUNNER_TEMP 'run_all_local_then_copy_console.log'[0m
2026-02-21T08:57:22.3975978Z [36;1m$reportPath = Join-Path $env:GITHUB_WORKSPACE 'temp\ONE_TAP_ERROR_REPORT.txt'[0m
2026-02-21T08:57:22.3977490Z [36;1m[0m
2026-02-21T08:57:22.3977929Z [36;1mAdd-Content -Path $reportPath -Value @([0m
2026-02-21T08:57:22.3978626Z [36;1m  '[STEP] resolve_latest_run_artifacts',[0m
2026-02-21T08:57:22.3979405Z [36;1m  ('[INFO] work_root={0}' -f $workRoot)[0m
2026-02-21T08:57:22.3980150Z [36;1m)[0m
2026-02-21T08:57:22.3981365Z [36;1m[0m
2026-02-21T08:57:22.3981720Z [36;1m$runId = ''[0m
2026-02-21T08:57:22.3982216Z [36;1mif (Test-Path $consoleLog) {[0m
2026-02-21T08:57:22.3983117Z [36;1m  $runIdLine = Select-String -Path $consoleLog -Pattern '^\[OK\] run_id=' | Select-Object -Last 1[0m
2026-02-21T08:57:22.3984348Z [36;1m  if ($runIdLine) {[0m
2026-02-21T08:57:22.3985139Z [36;1m    $runId = ($runIdLine.Line -replace '^\[OK\] run_id=', '').Trim()[0m
2026-02-21T08:57:22.3985773Z [36;1m  }[0m
2026-02-21T08:57:22.3986029Z [36;1m}[0m
2026-02-21T08:57:22.3986279Z [36;1m[0m
2026-02-21T08:57:22.3986522Z [36;1m$runDir = $null[0m
2026-02-21T08:57:22.3986850Z [36;1mif ($runId) {[0m
2026-02-21T08:57:22.3987252Z [36;1m  $candidateDir = Join-Path $workRoot $runId[0m
2026-02-21T08:57:22.3987806Z [36;1m  if (Test-Path $candidateDir) {[0m
2026-02-21T08:57:22.3988372Z [36;1m    $runDir = Get-Item $candidateDir[0m
2026-02-21T08:57:22.3988808Z [36;1m  }[0m
2026-02-21T08:57:22.3989080Z [36;1m}[0m
2026-02-21T08:57:22.3989326Z [36;1m[0m
2026-02-21T08:57:22.3989697Z [36;1mif (-not $runDir -and (Test-Path $workRoot)) {[0m
2026-02-21T08:57:22.3990815Z [36;1m  $runDir = Get-ChildItem -Path $workRoot -Directory | Sort-Object LastWriteTime -Descending | Select-Object -First 1[0m
2026-02-21T08:57:22.3994211Z [36;1m  if ($runDir -and -not $runId) {[0m
2026-02-21T08:57:22.3996871Z [36;1m    $runId = $runDir.Name[0m
2026-02-21T08:57:22.3999457Z [36;1m  }[0m
2026-02-21T08:57:22.3999957Z [36;1m}[0m
2026-02-21T08:57:22.4002438Z [36;1m[0m
2026-02-21T08:57:22.4004713Z [36;1mif ($runId) {[0m
2026-02-21T08:57:22.4007733Z [36;1m  "run_id=$runId" | Out-File -FilePath $env:GITHUB_OUTPUT -Encoding utf8 -Append[0m
2026-02-21T08:57:22.4012932Z [36;1m  Write-Host "Resolved run_id=$runId"[0m
2026-02-21T08:57:22.4018144Z [36;1m} else {[0m
2026-02-21T08:57:22.4021269Z [36;1m  Add-Content -Path $reportPath -Value '[NG] resolve_latest_run_artifacts run_id unresolved'[0m
2026-02-21T08:57:22.4022453Z [36;1m  Write-Warning 'Failed to resolve run_id from console log and latest run folder.'[0m
2026-02-21T08:57:22.4023217Z [36;1m}[0m
2026-02-21T08:57:22.4023542Z [36;1m[0m
2026-02-21T08:57:22.4023826Z [36;1mif ($runDir) {[0m
2026-02-21T08:57:22.4024328Z [36;1m  $logGlob = Join-Path $runDir.FullName 'logs\run_*.log'[0m
2026-02-21T08:57:22.4025168Z [36;1m  $zipPath = Join-Path $runDir.FullName ("run_{0}.zip" -f $runDir.Name)[0m
2026-02-21T08:57:22.4026072Z [36;1m  $runLogPath = Join-Path $runDir.FullName ("logs\run_{0}.log" -f $runDir.Name)[0m
2026-02-21T08:57:22.4027054Z [36;1m  "log_glob=$logGlob" | Out-File -FilePath $env:GITHUB_OUTPUT -Encoding utf8 -Append[0m
2026-02-21T08:57:22.4028115Z [36;1m  "zip_path=$zipPath" | Out-File -FilePath $env:GITHUB_OUTPUT -Encoding utf8 -Append[0m
2026-02-21T08:57:22.4029282Z [36;1m  "run_log_path=$runLogPath" | Out-File -FilePath $env:GITHUB_OUTPUT -Encoding utf8 -Append[0m
2026-02-21T08:57:22.4030530Z [36;1m  "run_dir=$($runDir.FullName)" | Out-File -FilePath $env:GITHUB_OUTPUT -Encoding utf8 -Append[0m
2026-02-21T08:57:22.4031541Z [36;1m  Write-Host "Resolved run directory: $($runDir.FullName)"[0m
2026-02-21T08:57:22.4032490Z [36;1m}[0m
2026-02-21T08:57:22.4032792Z [36;1m[0m
2026-02-21T08:57:22.4033090Z [36;1mif ($runDir) {[0m
2026-02-21T08:57:22.4035556Z [36;1m  Add-Content -Path $reportPath -Value @([0m
2026-02-21T08:57:22.4036120Z [36;1m    '[OK] resolve_latest_run_artifacts',[0m
2026-02-21T08:57:22.4036652Z [36;1m    ('[OK] run_dir={0}' -f $runDir.FullName),[0m
2026-02-21T08:57:22.4037169Z [36;1m    ('[OK] run_id={0}' -f $runId),[0m
2026-02-21T08:57:22.4037604Z [36;1m    ''[0m
2026-02-21T08:57:22.4037877Z [36;1m  )[0m
2026-02-21T08:57:22.4038153Z [36;1m}[0m
2026-02-21T08:57:22.4038413Z [36;1m[0m
2026-02-21T08:57:22.4038813Z [36;1mif ((Get-Item $reportPath).Length -gt 60000) {[0m
2026-02-21T08:57:22.4039441Z [36;1m  $tail = Get-Content -Path $reportPath -Raw[0m
2026-02-21T08:57:22.4040128Z [36;1m  $tail = $tail.Substring([Math]::Max(0, $tail.Length - 60000))[0m
2026-02-21T08:57:22.4040946Z [36;1m  Set-Content -Path $reportPath -Value $tail -Encoding UTF8[0m
2026-02-21T08:57:22.4041648Z [36;1m}[0m
2026-02-21T08:57:22.4069892Z shell: C:\Windows\System32\WindowsPowerShell\v1.0\powershell.EXE -NoProfile -ExecutionPolicy Bypass -Command "{0}"
2026-02-21T08:57:22.4070982Z env:
2026-02-21T08:57:22.4071404Z   REPO_ROOT: C:\work\apex_repo_cache\ApexTraderAI
2026-02-21T08:57:22.4071921Z ##[endgroup]
2026-02-21T08:57:22.7286503Z Resolved run_id=20260221_175601
2026-02-21T08:57:22.7344747Z Resolved run directory: C:\work\apex_work\runs\20260221_175601

----- FILE: actions_logs/run/16_Trim ONE_TAP report size.txt -----
ï»¿2026-02-21T08:57:22.8055147Z ##[group]Run $reportPath = Join-Path $env:GITHUB_WORKSPACE 'temp\ONE_TAP_ERROR_REPORT.txt'
2026-02-21T08:57:22.8056348Z [36;1m$reportPath = Join-Path $env:GITHUB_WORKSPACE 'temp\ONE_TAP_ERROR_REPORT.txt'[0m
2026-02-21T08:57:22.8057180Z [36;1m$maxBytes = 60000[0m
2026-02-21T08:57:22.8057882Z [36;1mif ((Test-Path $reportPath) -and ((Get-Item $reportPath).Length -gt $maxBytes)) {[0m
2026-02-21T08:57:22.8058747Z [36;1m  $tail = Get-Content -Path $reportPath -Raw[0m
2026-02-21T08:57:22.8059559Z [36;1m  $tail = $tail.Substring([Math]::Max(0, $tail.Length - $maxBytes))[0m
2026-02-21T08:57:22.8060402Z [36;1m  Set-Content -Path $reportPath -Value $tail -Encoding UTF8[0m
2026-02-21T08:57:22.8060989Z [36;1m}[0m
2026-02-21T08:57:22.8088552Z shell: C:\Windows\System32\WindowsPowerShell\v1.0\powershell.EXE -NoProfile -ExecutionPolicy Bypass -Command "{0}"
2026-02-21T08:57:22.8089305Z env:
2026-02-21T08:57:22.8089631Z   REPO_ROOT: C:\work\apex_repo_cache\ApexTraderAI
2026-02-21T08:57:22.8090084Z ##[endgroup]

----- FILE: actions_logs/run/17_Stage run artifacts.txt -----
ï»¿2026-02-21T08:57:23.0395705Z ##[group]Run $artifactRoot = Join-Path $env:GITHUB_WORKSPACE 'temp\desktop_artifacts'
2026-02-21T08:57:23.0396622Z [36;1m$artifactRoot = Join-Path $env:GITHUB_WORKSPACE 'temp\desktop_artifacts'[0m
2026-02-21T08:57:23.0397154Z [36;1m$null = New-Item -Path $artifactRoot -ItemType Directory -Force[0m
2026-02-21T08:57:23.0397694Z [36;1m$workspaceLogRoot = Join-Path $env:GITHUB_WORKSPACE 'artifacts\logs'[0m
2026-02-21T08:57:23.0398234Z [36;1m$null = New-Item -Path $workspaceLogRoot -ItemType Directory -Force[0m
2026-02-21T08:57:23.0398588Z [36;1m[0m
2026-02-21T08:57:23.0398941Z [36;1m$reportSource = Join-Path $env:GITHUB_WORKSPACE 'temp\ONE_TAP_ERROR_REPORT.txt'[0m
2026-02-21T08:57:23.0399489Z [36;1m$reportDest = Join-Path $artifactRoot 'ONE_TAP_ERROR_REPORT.txt'[0m
2026-02-21T08:57:23.0399898Z [36;1mif (Test-Path $reportSource) {[0m
2026-02-21T08:57:23.0400335Z [36;1m  Copy-Item -Path $reportSource -Destination $reportDest -Force[0m
2026-02-21T08:57:23.0400695Z [36;1m} else {[0m
2026-02-21T08:57:23.0400912Z [36;1m  @([0m
2026-02-21T08:57:23.0401189Z [36;1m    '[WARN] ONE_TAP_ERROR_REPORT.txt was missing at stage time.',[0m
2026-02-21T08:57:23.0401653Z [36;1m    ('timestamp={0}' -f (Get-Date -Format 'yyyy-MM-dd HH:mm:ss zzz'))[0m
2026-02-21T08:57:23.0402103Z [36;1m  ) | Set-Content -Path $reportDest -Encoding UTF8[0m
2026-02-21T08:57:23.0402421Z [36;1m}[0m
2026-02-21T08:57:23.0402598Z [36;1m[0m
2026-02-21T08:57:23.0403998Z [36;1m$consoleLog = Join-Path $env:GITHUB_WORKSPACE 'temp\run_all_local_then_copy_console.log'[0m
2026-02-21T08:57:23.0404996Z [36;1mif (Test-Path $consoleLog) {[0m
2026-02-21T08:57:23.0405758Z [36;1m  Copy-Item -Path $consoleLog -Destination (Join-Path $artifactRoot 'run_all_local_then_copy_console.log') -Force[0m
2026-02-21T08:57:23.0406298Z [36;1m}[0m
2026-02-21T08:57:23.0406459Z [36;1m[0m
2026-02-21T08:57:23.0406759Z [36;1m$runLog = 'C:\work\apex_work\runs\20260221_175601\logs\run_20260221_175601.log'[0m
2026-02-21T08:57:23.0407237Z [36;1mif ((-not $runLog) -or (-not (Test-Path $runLog))) {[0m
2026-02-21T08:57:23.0407615Z [36;1m  $runDir = 'C:\work\apex_work\runs\20260221_175601'[0m
2026-02-21T08:57:23.0407954Z [36;1m  if ($runDir -and (Test-Path $runDir)) {[0m
2026-02-21T08:57:23.0408819Z [36;1m    $latestRunLog = Get-ChildItem -Path (Join-Path $runDir 'logs') -Filter 'run_*.log' -File -ErrorAction SilentlyContinue | Sort-Object LastWriteTime -Descending | Select-Object -First 1[0m
2026-02-21T08:57:23.0409677Z [36;1m    if ($latestRunLog) {[0m
2026-02-21T08:57:23.0409994Z [36;1m      $runLog = $latestRunLog.FullName[0m
2026-02-21T08:57:23.0410267Z [36;1m    }[0m
2026-02-21T08:57:23.0410426Z [36;1m  }[0m
2026-02-21T08:57:23.0410588Z [36;1m}[0m
2026-02-21T08:57:23.0410742Z [36;1m[0m
2026-02-21T08:57:23.0410942Z [36;1mif ($runLog -and (Test-Path $runLog)) {[0m
2026-02-21T08:57:23.0411305Z [36;1m  $runLogName = Split-Path -Path $runLog -Leaf[0m
2026-02-21T08:57:23.0412128Z [36;1m  Copy-Item -Path $runLog -Destination (Join-Path $artifactRoot $runLogName) -Force[0m
2026-02-21T08:57:23.0413318Z [36;1m  Copy-Item -Path $runLog -Destination (Join-Path $workspaceLogRoot $runLogName) -Force[0m
2026-02-21T08:57:23.0414178Z [36;1m  Write-Host "Staged run log: $runLog"[0m
2026-02-21T08:57:23.0414675Z [36;1m} else {[0m
2026-02-21T08:57:23.0415436Z [36;1m  Write-Warning 'Run log was not found for artifact staging. Uploading console log artifact only.'[0m
2026-02-21T08:57:23.0416225Z [36;1m  @([0m
2026-02-21T08:57:23.0416711Z [36;1m    '[WARN] run_*.log was not found. Artifact includes console log only.',[0m
2026-02-21T08:57:23.0417698Z [36;1m    '[WARN] Never finish a workflow run without leaving a readable log artifact.',[0m
2026-02-21T08:57:23.0418740Z [36;1m    ('[WARN] generated_at={0}' -f (Get-Date -Format 'yyyy-MM-dd HH:mm:ss zzz'))[0m
2026-02-21T08:57:23.0419931Z [36;1m  ) | Set-Content -Path (Join-Path $artifactRoot 'missing_run_log_warning.txt') -Encoding UTF8[0m
2026-02-21T08:57:23.0422777Z [36;1m}[0m
2026-02-21T08:57:23.0423069Z [36;1m[0m
2026-02-21T08:57:23.0423608Z [36;1m$zipPath = 'C:\work\apex_work\runs\20260221_175601\run_20260221_175601.zip'[0m
2026-02-21T08:57:23.0424433Z [36;1mif ($zipPath -and (Test-Path $zipPath)) {[0m
2026-02-21T08:57:23.0425548Z [36;1m  Copy-Item -Path $zipPath -Destination (Join-Path $artifactRoot (Split-Path -Path $zipPath -Leaf)) -Force[0m
2026-02-21T08:57:23.0426573Z [36;1m}[0m
2026-02-21T08:57:23.0426847Z [36;1m[0m
2026-02-21T08:57:23.0427605Z [36;1m"artifact_path=$artifactRoot" | Out-File -FilePath $env:GITHUB_OUTPUT -Encoding utf8 -Append[0m
2026-02-21T08:57:23.0428677Z [36;1mWrite-Host "Staged artifacts under: $artifactRoot"[0m
2026-02-21T08:57:23.0458766Z shell: C:\Windows\System32\WindowsPowerShell\v1.0\powershell.EXE -NoProfile -ExecutionPolicy Bypass -Command "{0}"
2026-02-21T08:57:23.0459858Z env:
2026-02-21T08:57:23.0460226Z   REPO_ROOT: C:\work\apex_repo_cache\ApexTraderAI
2026-02-21T08:57:23.0460755Z ##[endgroup]
2026-02-21T08:57:23.3437797Z Staged run log: C:\work\apex_work\runs\20260221_175601\logs\run_20260221_175601.log
2026-02-21T08:57:23.3562756Z Staged artifacts under: C:\Users\becky\OneDrive\ãƒ‡ã‚¹ã‚¯ãƒˆãƒƒãƒ—\Python\apex-trader-ai\actions-runner\_work\ApexTraderAI\ApexTraderAI\temp\desktop_artifacts

----- FILE: actions_logs/run/18_Upload run artifacts.txt -----
ï»¿2026-02-21T08:57:23.4037565Z ##[group]Run actions/upload-artifact@v4
2026-02-21T08:57:23.4038099Z with:
2026-02-21T08:57:23.4038655Z   name: desktop-run-20260221_175601
2026-02-21T08:57:23.4039061Z   if-no-files-found: warn
2026-02-21T08:57:23.4040065Z   path: C:\Users\becky\OneDrive\ãƒ‡ã‚¹ã‚¯ãƒˆãƒƒãƒ—\Python\apex-trader-ai\actions-runner\_work\ApexTraderAI\ApexTraderAI\temp\desktop_artifacts\**
2026-02-21T08:57:23.4041149Z   compression-level: 6
2026-02-21T08:57:23.4041484Z   overwrite: false
2026-02-21T08:57:23.4041817Z   include-hidden-files: false
2026-02-21T08:57:23.4042170Z env:
2026-02-21T08:57:23.4042492Z   REPO_ROOT: C:\work\apex_repo_cache\ApexTraderAI
2026-02-21T08:57:23.4042963Z ##[endgroup]
2026-02-21T08:57:24.1397659Z With the provided path, there will be 25 files uploaded
2026-02-21T08:57:24.1403401Z Artifact name is valid!
2026-02-21T08:57:24.1406668Z Root directory input is valid!
2026-02-21T08:57:24.7165276Z Beginning upload of artifact content to blob storage
2026-02-21T08:57:27.9836411Z Uploaded bytes 8388608
2026-02-21T08:57:28.4419400Z Uploaded bytes 16777216
2026-02-21T08:57:30.7159176Z Uploaded bytes 25165824
2026-02-21T08:57:31.3320393Z Uploaded bytes 27294539
2026-02-21T08:57:31.5081871Z Finished uploading artifact content to blob storage!
2026-02-21T08:57:31.5085431Z SHA256 digest of uploaded artifact zip is 05dc0e06acfdf4f7a27bb8b92af436dc71d0dabdb2d938d1b3c28798c8809c12
2026-02-21T08:57:31.5087424Z Finalizing artifact upload
2026-02-21T08:57:32.0780365Z Artifact desktop-run-20260221_175601.zip successfully finalized. Artifact ID 5600534562
2026-02-21T08:57:32.0782145Z Artifact desktop-run-20260221_175601 has been successfully uploaded! Final size is 27294539 bytes. Artifact ID is 5600534562
2026-02-21T08:57:32.0797460Z Artifact download URL: https://github.com/toki866/ApexTraderAI/actions/runs/22253961100/artifacts/5600534562

----- FILE: actions_logs/run/19_Evaluate outputs (StepA_StepB) and write report.txt -----
ï»¿2026-02-21T08:57:32.1172897Z ##[group]Run $ErrorActionPreference='Continue'
2026-02-21T08:57:32.1173323Z [36;1m$ErrorActionPreference='Continue'[0m
2026-02-21T08:57:32.1173600Z [36;1mSet-Location $env:REPO_ROOT[0m
2026-02-21T08:57:32.1173827Z [36;1m[0m
2026-02-21T08:57:32.1174017Z [36;1m$workRoot='C:\work\apex_work\runs'[0m
2026-02-21T08:57:32.1174682Z [36;1m$latest=Get-ChildItem $workRoot -Directory -ErrorAction SilentlyContinue | Sort-Object LastWriteTime -Desc | Select-Object -First 1[0m
2026-02-21T08:57:32.1175377Z [36;1mif (-not $latest) { Write-Host "[WARN] no run_dir"; exit 0 }[0m
2026-02-21T08:57:32.1175692Z [36;1m[0m
2026-02-21T08:57:32.1175913Z [36;1m$outputRoot=Join-Path $latest.FullName 'output'[0m
2026-02-21T08:57:32.1176369Z [36;1mif (-not (Test-Path $outputRoot)) { Write-Host "[WARN] no output_root"; exit 0 }[0m
2026-02-21T08:57:32.1176778Z [36;1m[0m
2026-02-21T08:57:32.1177038Z [36;1m$repDir=Join-Path $env:GITHUB_WORKSPACE 'temp\eval'[0m
2026-02-21T08:57:32.1177590Z [36;1mNew-Item $repDir -ItemType Directory -Force | Out-Null[0m
2026-02-21T08:57:32.1177995Z [36;1m$md=Join-Path $repDir 'EVAL_REPORT.md'[0m
2026-02-21T08:57:32.1178320Z [36;1m$js=Join-Path $repDir 'EVAL_REPORT.json'[0m
2026-02-21T08:57:32.1178590Z [36;1m[0m
2026-02-21T08:57:32.1178770Z [36;1m$symbols = 'SOXL,SOXS'[0m
2026-02-21T08:57:32.1178997Z [36;1m$symbol = 'SOXL'[0m
2026-02-21T08:57:32.1179310Z [36;1mif (-not [string]::IsNullOrWhiteSpace($symbols)) {[0m
2026-02-21T08:57:32.1179710Z [36;1m  $symbol = ($symbols -split ',')[0].Trim()[0m
2026-02-21T08:57:32.1180137Z [36;1m  if ([string]::IsNullOrWhiteSpace($symbol)) { $symbol = 'SOXL' }[0m
2026-02-21T08:57:32.1180495Z [36;1m}[0m
2026-02-21T08:57:32.1180660Z [36;1m$mode = 'sim'[0m
2026-02-21T08:57:32.1180948Z [36;1mif ([string]::IsNullOrWhiteSpace($mode)) { $mode = 'sim' }[0m
2026-02-21T08:57:32.1181274Z [36;1m[0m
2026-02-21T08:57:32.1181845Z [36;1mpython scripts/evaluate_run_outputs.py --output-root "$outputRoot" --mode "$mode" --symbol "$symbol" --out-md "$md" --out-json "$js"[0m
2026-02-21T08:57:32.1182458Z [36;1mexit 0[0m
2026-02-21T08:57:32.1200484Z shell: C:\Windows\System32\WindowsPowerShell\v1.0\powershell.EXE -NoProfile -ExecutionPolicy Bypass -Command "{0}"
2026-02-21T08:57:32.1201289Z env:
2026-02-21T08:57:32.1201544Z   REPO_ROOT: C:\work\apex_repo_cache\ApexTraderAI
2026-02-21T08:57:32.1201832Z ##[endgroup]

----- FILE: actions_logs/run/1_Set up job.txt -----
ï»¿2026-02-21T08:55:52.1885012Z Current runner version: '2.331.0'
2026-02-21T08:55:52.1897149Z Runner name: 'DESKTOP-C54PIIA'
2026-02-21T08:55:52.1897879Z Runner group name: 'Default'
2026-02-21T08:55:52.1898788Z Machine name: 'DESKTOP-C54PIIA'
2026-02-21T08:55:52.1902545Z ##[group]GITHUB_TOKEN Permissions
2026-02-21T08:55:52.1904935Z Actions: read
2026-02-21T08:55:52.1905384Z Contents: write
2026-02-21T08:55:52.1905939Z Issues: write
2026-02-21T08:55:52.1906323Z Metadata: read
2026-02-21T08:55:52.1906736Z ##[endgroup]
2026-02-21T08:55:52.1908699Z Secret source: Actions
2026-02-21T08:55:52.1909283Z Prepare workflow directory
2026-02-21T08:55:52.2657041Z Prepare all required actions
2026-02-21T08:55:52.2696219Z Getting action download info
2026-02-21T08:55:53.4538152Z Download action repository 'actions/upload-artifact@v4' (SHA:ea165f8d65b6e75b540449e92b4886f43607fa02)
2026-02-21T08:55:55.1378779Z Download action repository 'actions/github-script@v7' (SHA:f28e40c7f34bde8b3046d885e986cb6290c5673b)
2026-02-21T08:55:56.0243114Z Complete job name: run

----- FILE: actions_logs/run/20_Publish ONE_TAP report to diag-logs branch.txt -----
2026-02-21T08:57:33.2571335Z [36;1m$runsDir = Join-Path $diagRepo 'runs'[0m
2026-02-21T08:57:33.2573526Z [36;1m$null = New-Item -Path $runsDir -ItemType Directory -Force[0m
2026-02-21T08:57:33.2575690Z [36;1m[0m
2026-02-21T08:57:33.2575891Z [36;1m$timestamp = Get-Date -Format 'yyyyMMdd_HHmmss'[0m
2026-02-21T08:57:33.2578143Z [36;1m$shortSha = ('cb77d37b55b828f026f4f791a8813f54ca9b319e').Substring(0, 7)[0m
2026-02-21T08:57:33.2580514Z [36;1m$runFolderName = "${timestamp}_run22253961100_att1_${shortSha}"[0m
2026-02-21T08:57:33.2616410Z [36;1m$runFolder = Join-Path $runsDir $runFolderName[0m
2026-02-21T08:57:33.2618638Z [36;1m$null = New-Item -Path $runFolder -ItemType Directory -Force[0m
2026-02-21T08:57:33.2620880Z [36;1m$csvOutDir = Join-Path $runFolder 'csv'[0m
2026-02-21T08:57:33.2623080Z [36;1m$null = New-Item -Path $csvOutDir -ItemType Directory -Force[0m
2026-02-21T08:57:33.2623377Z [36;1m[0m
2026-02-21T08:57:33.2625545Z [36;1m$oneTapSource = Join-Path $env:GITHUB_WORKSPACE 'temp\ONE_TAP_ERROR_REPORT.txt'[0m
2026-02-21T08:57:33.2627881Z [36;1m$oneTapDest = Join-Path $runFolder 'ONE_TAP_ERROR_REPORT.txt'[0m
2026-02-21T08:57:33.2630092Z [36;1mif (Test-Path $oneTapSource) {[0m
2026-02-21T08:57:33.2630435Z [36;1m  Copy-Item -Path $oneTapSource -Destination $oneTapDest -Force[0m
2026-02-21T08:57:33.2632614Z [36;1m} else {[0m
2026-02-21T08:57:33.2632781Z [36;1m  @([0m
2026-02-21T08:57:33.2634902Z [36;1m    '[WARN] ONE_TAP_ERROR_REPORT.txt was not found in workspace temp.',[0m
2026-02-21T08:57:33.2637205Z [36;1m    ('timestamp={0}' -f (Get-Date -Format 'yyyy-MM-dd HH:mm:ss zzz')),[0m
2026-02-21T08:57:33.2639434Z [36;1m    ('repo=toki866/ApexTraderAI'),[0m
2026-02-21T08:57:33.2639682Z [36;1m    ('run_id=22253961100'),[0m
2026-02-21T08:57:33.2639892Z [36;1m    ('run_attempt=1')[0m
2026-02-21T08:57:33.2642048Z [36;1m  ) | Set-Content -Path $oneTapDest -Encoding UTF8[0m
2026-02-21T08:57:33.2644626Z [36;1m}[0m
2026-02-21T08:57:33.2644771Z [36;1m[0m
2026-02-21T08:57:33.2646917Z [36;1m$evalMdSource = Join-Path $env:GITHUB_WORKSPACE 'temp\eval\EVAL_REPORT.md'[0m
2026-02-21T08:57:33.2647298Z [36;1mif (Test-Path $evalMdSource) {[0m
2026-02-21T08:57:33.2649603Z [36;1m  Copy-Item -Path $evalMdSource -Destination (Join-Path $csvOutDir 'EVAL_REPORT.md') -Force[0m
2026-02-21T08:57:33.2651873Z [36;1m}[0m
2026-02-21T08:57:33.2654279Z [36;1m$evalJsonSource = Join-Path $env:GITHUB_WORKSPACE 'temp\eval\EVAL_REPORT.json'[0m
2026-02-21T08:57:33.2656545Z [36;1mif (Test-Path $evalJsonSource) {[0m
2026-02-21T08:57:33.2665662Z [36;1m  Copy-Item -Path $evalJsonSource -Destination (Join-Path $csvOutDir 'EVAL_REPORT.json') -Force[0m
2026-02-21T08:57:33.2667947Z [36;1m}[0m
2026-02-21T08:57:33.2668092Z [36;1m[0m
2026-02-21T08:57:33.2668290Z [36;1m$runDir = 'C:\work\apex_work\runs\20260221_175601'[0m
2026-02-21T08:57:33.2670570Z [36;1mif ([string]::IsNullOrWhiteSpace($runDir) -or -not (Test-Path $runDir)) {[0m
2026-02-21T08:57:33.2672832Z [36;1m  $runsRoot = 'C:\work\apex_work\runs'[0m
2026-02-21T08:57:33.2673091Z [36;1m  if (Test-Path $runsRoot) {[0m
2026-02-21T08:57:33.2675355Z [36;1m    $latestRun = Get-ChildItem -Path $runsRoot -Directory -ErrorAction SilentlyContinue |[0m
2026-02-21T08:57:33.2677672Z [36;1m      Sort-Object LastWriteTime -Descending |[0m
2026-02-21T08:57:33.2680200Z [36;1m      Select-Object -First 1[0m
2026-02-21T08:57:33.2682333Z [36;1m    if ($latestRun) {[0m
2026-02-21T08:57:33.2682569Z [36;1m      $runDir = $latestRun.FullName[0m
2026-02-21T08:57:33.2684683Z [36;1m    }[0m
2026-02-21T08:57:33.2684840Z [36;1m  }[0m
2026-02-21T08:57:33.2686841Z [36;1m}[0m
2026-02-21T08:57:33.2687127Z [36;1m[0m
2026-02-21T08:57:33.2689348Z [36;1m$outputRoot = if ([string]::IsNullOrWhiteSpace($runDir)) { '' } else { Join-Path $runDir 'output' }[0m
2026-02-21T08:57:33.2689785Z [36;1m$maxCsvBytes = 5MB[0m
2026-02-21T08:57:33.2691853Z [36;1m$headLines = 500[0m
2026-02-21T08:57:33.2694017Z [36;1m$publishedCsv = New-Object System.Collections.Generic.List[object][0m
2026-02-21T08:57:33.2694359Z [36;1m[0m
2026-02-21T08:57:33.2696527Z [36;1mif (-not [string]::IsNullOrWhiteSpace($outputRoot) -and (Test-Path $outputRoot)) {[0m
2026-02-21T08:57:33.2698801Z [36;1m  $csvPatterns = @([0m
2026-02-21T08:57:33.2699102Z [36;1m    (Join-Path $outputRoot 'stepA\*\stepA_split_summary_*.csv'),[0m
2026-02-21T08:57:33.2701364Z [36;1m    (Join-Path $outputRoot 'stepA\*\stepA_prices_test_*.csv'),[0m
2026-02-21T08:57:33.2703617Z [36;1m    (Join-Path $outputRoot 'stepB\*\stepB_split_summary_*.csv'),[0m
2026-02-21T08:57:33.2705871Z [36;1m    (Join-Path $outputRoot 'stepB\*\stepB_pred_*.csv')[0m
2026-02-21T08:57:33.2706146Z [36;1m  )[0m
2026-02-21T08:57:33.2708147Z [36;1m[0m
2026-02-21T08:57:33.2708308Z [36;1m  $sourceCsvFiles = @()[0m
2026-02-21T08:57:33.2710433Z [36;1m  foreach ($pattern in $csvPatterns) {[0m
2026-02-21T08:57:33.2710864Z [36;1m    $sourceCsvFiles += Get-ChildItem -Path $pattern -File -ErrorAction SilentlyContinue[0m
2026-02-21T08:57:33.2713131Z [36;1m  }[0m
2026-02-21T08:57:33.2715137Z [36;1m[0m
2026-02-21T08:57:33.2715311Z [36;1m  $sourceCsvFiles = $sourceCsvFiles |[0m
2026-02-21T08:57:33.2717433Z [36;1m    Sort-Object FullName -Unique[0m
2026-02-21T08:57:33.2717667Z [36;1m[0m
2026-02-21T08:57:33.2717842Z [36;1m  foreach ($src in $sourceCsvFiles) {[0m
2026-02-21T08:57:33.2719959Z [36;1m    $destName = $src.Name[0m
2026-02-21T08:57:33.2720177Z [36;1m    $headOnly = $false[0m
2026-02-21T08:57:33.2722242Z [36;1m[0m
2026-02-21T08:57:33.2722415Z [36;1m    if ($src.Length -le $maxCsvBytes) {[0m
2026-02-21T08:57:33.2724703Z [36;1m      Copy-Item -Path $src.FullName -Destination (Join-Path $csvOutDir $destName) -Force[0m
2026-02-21T08:57:33.2726968Z [36;1m    } else {[0m
2026-02-21T08:57:33.2727231Z [36;1m      $destName = '{0}__HEAD{1}' -f $src.BaseName, $src.Extension[0m
2026-02-21T08:57:33.2729640Z [36;1m      Get-Content -Path $src.FullName -TotalCount $headLines -ErrorAction SilentlyContinue |[0m
2026-02-21T08:57:33.2733903Z [36;1m        Set-Content -Path (Join-Path $csvOutDir $destName) -Encoding UTF8[0m
2026-02-21T08:57:33.2734265Z [36;1m      $headOnly = $true[0m
2026-02-21T08:57:33.2736314Z [36;1m    }[0m
2026-02-21T08:57:33.2736461Z [36;1m[0m
2026-02-21T08:57:33.2736656Z [36;1m    $destPath = Join-Path $csvOutDir $destName[0m
2026-02-21T08:57:33.2738969Z [36;1m    if (Test-Path $destPath) {[0m
2026-02-21T08:57:33.2741250Z [36;1m      $previewLines = Get-Content -Path $destPath -TotalCount 2 -ErrorAction SilentlyContinue[0m
2026-02-21T08:57:33.2745929Z [36;1m      $publishedCsv.Add([PSCustomObject]@{[0m
2026-02-21T08:57:33.2748052Z [36;1m        Name = $destName[0m
2026-02-21T08:57:33.2748285Z [36;1m        RelativePath = "./csv/$destName"[0m
2026-02-21T08:57:33.2750475Z [36;1m        SizeBytes = (Get-Item -Path $destPath).Length[0m
2026-02-21T08:57:33.2752623Z [36;1m        HeadOnly = $headOnly[0m
2026-02-21T08:57:33.2752876Z [36;1m        PreviewLines = @($previewLines)[0m
2026-02-21T08:57:33.2754962Z [36;1m      })[0m
2026-02-21T08:57:33.2755128Z [36;1m    }[0m
2026-02-21T08:57:33.2755279Z [36;1m  }[0m
2026-02-21T08:57:33.2755416Z [36;1m}[0m
2026-02-21T08:57:33.2757421Z [36;1m[0m
2026-02-21T08:57:33.2757636Z [36;1m$csvIndexPath = Join-Path $runFolder 'CSV_INDEX.md'[0m
2026-02-21T08:57:33.2759912Z [36;1m$csvIndexLines = New-Object System.Collections.Generic.List[string][0m
2026-02-21T08:57:33.2762143Z [36;1m$csvIndexLines.Add('# CSV Index')[0m
2026-02-21T08:57:33.2762395Z [36;1m$csvIndexLines.Add('')[0m
2026-02-21T08:57:33.2764515Z [36;1m$csvIndexLines.Add("- source_run_dir: $runDir")[0m
2026-02-21T08:57:33.2766724Z [36;1m$csvIndexLines.Add("- source_output_root: $outputRoot")[0m
2026-02-21T08:57:33.2767035Z [36;1m$csvIndexLines.Add('')[0m
2026-02-21T08:57:33.2769109Z [36;1m[0m
2026-02-21T08:57:33.2769272Z [36;1mif ($publishedCsv.Count -eq 0) {[0m
2026-02-21T08:57:33.2771509Z [36;1m  $csvIndexLines.Add('_No CSV files matched the publish patterns for this run._')[0m
2026-02-21T08:57:33.2773749Z [36;1m} else {[0m
2026-02-21T08:57:33.2773941Z [36;1m  foreach ($item in $publishedCsv) {[0m
2026-02-21T08:57:33.2776150Z [36;1m    $headNote = if ($item.HeadOnly) { 'yes (500-line sample)' } else { 'no' }[0m
2026-02-21T08:57:33.2778649Z [36;1m    $csvIndexLines.Add("- file: $($item.RelativePath) | size_bytes: $($item.SizeBytes) | head_only: $headNote")[0m
2026-02-21T08:57:33.2781009Z [36;1m    if ($item.PreviewLines.Count -gt 0) {[0m
2026-02-21T08:57:33.2783179Z [36;1m      $csvIndexLines.Add('  - preview:')[0m
2026-02-21T08:57:33.2783483Z [36;1m      foreach ($line in $item.PreviewLines) {[0m
2026-02-21T08:57:33.2785606Z [36;1m        $safeLine = [string]$line[0m
2026-02-21T08:57:33.2785875Z [36;1m        $csvIndexLines.Add("    - $safeLine")[0m
2026-02-21T08:57:33.2787979Z [36;1m      }[0m
2026-02-21T08:57:33.2788132Z [36;1m    }[0m
2026-02-21T08:57:33.2790158Z [36;1m  }[0m
2026-02-21T08:57:33.2790302Z [36;1m}[0m
2026-02-21T08:57:33.2790443Z [36;1m[0m
2026-02-21T08:57:33.2792530Z [36;1mif (Test-Path (Join-Path $csvOutDir 'EVAL_REPORT.md')) {[0m
2026-02-21T08:57:33.2792845Z [36;1m  $csvIndexLines.Add('')[0m
2026-02-21T08:57:33.2795020Z [36;1m  $csvIndexLines.Add('- eval_report: ./csv/EVAL_REPORT.md')[0m
2026-02-21T08:57:33.2797182Z [36;1m}[0m
2026-02-21T08:57:33.2797322Z [36;1m[0m
2026-02-21T08:57:33.2799473Z [36;1m$csvIndexLines -join "`r`n" | Set-Content -Path $csvIndexPath -Encoding UTF8[0m
2026-02-21T08:57:33.2799838Z [36;1m[0m
2026-02-21T08:57:33.2801925Z [36;1m$latestOneTapPath = Join-Path $runsDir 'LATEST_ONE_TAP.md'[0m
2026-02-21T08:57:33.2804174Z [36;1m$latestCsvPath = Join-Path $runsDir 'LATEST_CSV.md'[0m
2026-02-21T08:57:33.2804464Z [36;1m$keepLatest = 10[0m
2026-02-21T08:57:33.2806588Z [36;1mtry { $keepLatest = [int]'10' } catch { $keepLatest = 10 }[0m
2026-02-21T08:57:33.2808807Z [36;1mif ($keepLatest -lt 1) { $keepLatest = 1 }[0m
2026-02-21T08:57:33.2809064Z [36;1m[0m
2026-02-21T08:57:33.2809194Z [36;1m@([0m
2026-02-21T08:57:33.2811213Z [36;1m  '# Latest ONE_TAP report',[0m
2026-02-21T08:57:33.2811425Z [36;1m  '',[0m
2026-02-21T08:57:33.2811597Z [36;1m  "- folder: $runFolderName",[0m
2026-02-21T08:57:33.2813756Z [36;1m  "- report: ./runs/$runFolderName/ONE_TAP_ERROR_REPORT.txt"[0m
2026-02-21T08:57:33.2816130Z [36;1m) -join "`r`n" | Set-Content -Path $latestOneTapPath -Encoding UTF8[0m
2026-02-21T08:57:33.2820608Z [36;1m[0m
2026-02-21T08:57:33.2820746Z [36;1m@([0m
2026-02-21T08:57:33.2820902Z [36;1m  '# Latest CSV index',[0m
2026-02-21T08:57:33.2822966Z [36;1m  '',[0m
2026-02-21T08:57:33.2823131Z [36;1m  "- folder: $runFolderName",[0m
2026-02-21T08:57:33.2825223Z [36;1m  "- keep_latest: $keepLatest",[0m
2026-02-21T08:57:33.2825511Z [36;1m  "- csv_index: ./runs/$runFolderName/CSV_INDEX.md"[0m
2026-02-21T08:57:33.2827743Z [36;1m) -join "`r`n" | Set-Content -Path $latestCsvPath -Encoding UTF8[0m
2026-02-21T08:57:33.2830023Z [36;1m[0m
2026-02-21T08:57:33.2830353Z [36;1m$runFolders = Get-ChildItem -Path $runsDir -Directory -ErrorAction SilentlyContinue |[0m
2026-02-21T08:57:33.2832713Z [36;1m  Where-Object { $_.Name -match '^\d{8}_\d{6}_run\d+_' } |[0m
2026-02-21T08:57:33.2834882Z [36;1m  Sort-Object Name -Descending[0m
2026-02-21T08:57:33.2835113Z [36;1m[0m
2026-02-21T08:57:33.2837207Z [36;1m$toDelete = $runFolders | Select-Object -Skip $keepLatest[0m
2026-02-21T08:57:33.2839401Z [36;1mforeach ($d in $toDelete) {[0m
2026-02-21T08:57:33.2839731Z [36;1m  Write-Host ("[RETENTION] delete old run folder: {0}" -f $d.FullName)[0m
2026-02-21T08:57:33.2842075Z [36;1m  Remove-Item -Path $d.FullName -Recurse -Force -ErrorAction SilentlyContinue[0m
2026-02-21T08:57:33.2844298Z [36;1m}[0m
2026-02-21T08:57:33.2844433Z [36;1m[0m
2026-02-21T08:57:33.2846632Z [36;1m"run_folder=$runFolderName" | Out-File -FilePath $env:GITHUB_OUTPUT -Encoding utf8 -Append[0m
2026-02-21T08:57:33.2848921Z [36;1m[0m
2026-02-21T08:57:33.2849068Z [36;1mgit add runs[0m
2026-02-21T08:57:33.2851123Z [36;1mif (git diff --cached --quiet) {[0m
2026-02-21T08:57:33.2851414Z [36;1m  Write-Host 'No diagnostics changes to commit.'[0m
2026-02-21T08:57:33.2853534Z [36;1m  exit 0[0m
2026-02-21T08:57:33.2853682Z [36;1m}[0m
2026-02-21T08:57:33.2855688Z [36;1m[0m
2026-02-21T08:57:33.2855922Z [36;1mgit commit -m "diag: add one_tap report $runFolderName"[0m
2026-02-21T08:57:33.2858106Z [36;1mcmd /c "git push origin diag-logs"[0m
2026-02-21T08:57:33.2858395Z [36;1m$pushRc = $LASTEXITCODE[0m
2026-02-21T08:57:33.2860460Z [36;1mif ($pushRc -ne 0) {[0m
2026-02-21T08:57:33.2862727Z [36;1m  Write-Warning ('Failed to push ONE_TAP report to diag-logs branch. git push rc={0}' -f $pushRc)[0m
2026-02-21T08:57:33.2865208Z [36;1m  Write-Warning 'Enable Settings > Actions > Workflow permissions: Read and write permissions'[0m
2026-02-21T08:57:33.2867492Z [36;1m}[0m
2026-02-21T08:57:33.2944889Z shell: C:\Windows\System32\WindowsPowerShell\v1.0\powershell.EXE -NoProfile -ExecutionPolicy Bypass -Command "{0}"
2026-02-21T08:57:33.2947246Z env:
2026-02-21T08:57:33.2947433Z   REPO_ROOT: C:\work\apex_repo_cache\ApexTraderAI
2026-02-21T08:57:33.2949570Z ##[endgroup]
2026-02-21T08:57:33.5999031Z Initialized empty Git repository in C:/Users/becky/OneDrive/ãƒ‡ã‚¹ã‚¯ãƒˆãƒƒãƒ—/Python/apex-trader-ai/actions-runner/_work/_temp/diag_repo/.git/
2026-02-21T08:57:35.5973255Z branch 'diag-logs' set up to track 'origin/diag-logs'.
2026-02-21T08:57:35.5973810Z Switched to a new branch 'diag-logs'
2026-02-21T08:57:35.8807790Z [RETENTION] delete old run folder: C:\Users\becky\OneDrive\ãƒ‡ã‚¹ã‚¯ãƒˆãƒƒãƒ—\Python\apex-trader-ai\actions-runner\_work\_temp\diag_repo\runs\20260221_063602_run22252052676_att1_success_93004ae
2026-02-21T08:57:35.8847751Z [RETENTION] delete old run folder: C:\Users\becky\OneDrive\ãƒ‡ã‚¹ã‚¯ãƒˆãƒƒãƒ—\Python\apex-trader-ai\actions-runner\_work\_temp\diag_repo\runs\20260221_061741_run22251800216_att1_success_7f5fcbc
2026-02-21T08:57:36.1344831Z [diag-logs 095fac8] diag: add one_tap report 20260221_175735_run22253961100_att1_cb77d37
2026-02-21T08:57:36.1345525Z  17 files changed, 10837 insertions(+), 3028 deletions(-)
2026-02-21T08:57:36.1346150Z  delete mode 100644 runs/20260221_061741_run22251800216_att1_success_7f5fcbc/ACTIONS_JOB_LOG_TAIL.txt
2026-02-21T08:57:36.1347144Z  delete mode 100644 runs/20260221_061741_run22251800216_att1_success_7f5fcbc/actions_logs.zip
2026-02-21T08:57:36.1347946Z  delete mode 100644 runs/20260221_063602_run22252052676_att1_success_93004ae/ACTIONS_JOB_LOG_TAIL.txt
2026-02-21T08:57:36.1349284Z  delete mode 100644 runs/20260221_063602_run22252052676_att1_success_93004ae/actions_logs.zip
2026-02-21T08:57:36.1349921Z  create mode 100644 runs/20260221_175735_run22253961100_att1_cb77d37/CSV_INDEX.md
2026-02-21T08:57:36.1350601Z  create mode 100644 runs/20260221_175735_run22253961100_att1_cb77d37/ONE_TAP_ERROR_REPORT.txt
2026-02-21T08:57:36.1351237Z  create mode 100644 runs/20260221_175735_run22253961100_att1_cb77d37/csv/EVAL_REPORT.json
2026-02-21T08:57:36.1351895Z  create mode 100644 runs/20260221_175735_run22253961100_att1_cb77d37/csv/EVAL_REPORT.md
2026-02-21T08:57:36.1352585Z  create mode 100644 runs/20260221_175735_run22253961100_att1_cb77d37/csv/stepA_prices_test_SOXL.csv
2026-02-21T08:57:36.1353302Z  create mode 100644 runs/20260221_175735_run22253961100_att1_cb77d37/csv/stepA_split_summary_SOXL.csv
2026-02-21T08:57:36.1354051Z  create mode 100644 runs/20260221_175735_run22253961100_att1_cb77d37/csv/stepB_pred_close_mamba_SOXL.csv
2026-02-21T08:57:36.1354862Z  create mode 100644 runs/20260221_175735_run22253961100_att1_cb77d37/csv/stepB_pred_close_mamba_periodic_SOXL.csv
2026-02-21T08:57:36.1355672Z  create mode 100644 runs/20260221_175735_run22253961100_att1_cb77d37/csv/stepB_pred_path_mamba_SOXL.csv
2026-02-21T08:57:36.1356450Z  create mode 100644 runs/20260221_175735_run22253961100_att1_cb77d37/csv/stepB_pred_path_mamba_periodic_SOXL.csv
2026-02-21T08:57:36.1357256Z  create mode 100644 runs/20260221_175735_run22253961100_att1_cb77d37/csv/stepB_pred_time_all_SOXL.csv
2026-02-21T08:57:38.3347149Z To https://github.com/toki866/ApexTraderAI.git
2026-02-21T08:57:38.3348024Z    fa3d6d6..095fac8  diag-logs -> diag-logs

----- FILE: actions_logs/run/21_Publish diagnostics to Issue (always).txt -----
ï»¿2026-02-21T08:57:38.3694750Z ##[group]Run actions/github-script@v7
2026-02-21T08:57:38.3695125Z with:
2026-02-21T08:57:38.3699846Z   script: const fs = require('fs');
const path = require('path');

const owner = context.repo.owner;
const repo = context.repo.repo;

const reportPath = path.join(process.env.GITHUB_WORKSPACE, 'temp', 'ONE_TAP_ERROR_REPORT.txt');
let report = fs.existsSync(reportPath)
  ? fs.readFileSync(reportPath, 'utf8')
  : '(missing ONE_TAP_ERROR_REPORT.txt)';

if (report.length > 60000) report = report.slice(-60000);

const runUrl = `${context.serverUrl}/${owner}/${repo}/actions/runs/${context.runId}`;
const title = 'ApexTraderAI Diagnostics (latest)';
const attempt = process.env.GITHUB_RUN_ATTEMPT || '1';
const diagRunFolder = process.env.DIAG_RUN_FOLDER || 'LATEST_CSV.md';
const csvIndexUrl = diagRunFolder === 'LATEST_CSV.md'
  ? `${context.serverUrl}/${owner}/${repo}/blob/diag-logs/runs/LATEST_CSV.md`
  : `${context.serverUrl}/${owner}/${repo}/blob/diag-logs/runs/${diagRunFolder}/CSV_INDEX.md`;
const body = `Run: ${runUrl}\nSHA: ${context.sha}\nAttempt: ${attempt}\ndiag-logs csv_index: ${csvIndexUrl}\n\n\`\`\`text\n${report}\n\`\`\`\n`;

const { data: issues } = await github.rest.issues.listForRepo({
  owner,
  repo,
  state: 'open',
  per_page: 100
});
const existing = issues.find(i => i.title === title);

if (existing) {
  await github.rest.issues.update({ owner, repo, issue_number: existing.number, body });
} else {
  await github.rest.issues.create({ owner, repo, title, body });
}

2026-02-21T08:57:38.3705160Z   github-token: ***
2026-02-21T08:57:38.3705343Z   debug: false
2026-02-21T08:57:38.3705526Z   user-agent: actions/github-script
2026-02-21T08:57:38.3705770Z   result-encoding: json
2026-02-21T08:57:38.3705957Z   retries: 0
2026-02-21T08:57:38.3706159Z   retry-exempt-status-codes: 400,401,403,404,422
2026-02-21T08:57:38.3706414Z env:
2026-02-21T08:57:38.3706619Z   REPO_ROOT: C:\work\apex_repo_cache\ApexTraderAI
2026-02-21T08:57:38.3706956Z   DIAG_RUN_FOLDER: 20260221_175735_run22253961100_att1_cb77d37
2026-02-21T08:57:38.3707250Z ##[endgroup]

----- FILE: actions_logs/run/22_Collect diagnostics.txt -----
ï»¿2026-02-21T08:57:40.1807302Z ##[group]Run $ErrorActionPreference = 'Stop'
2026-02-21T08:57:40.1807791Z [36;1m$ErrorActionPreference = 'Stop'[0m
2026-02-21T08:57:40.1808085Z [36;1m[0m
2026-02-21T08:57:40.1808285Z [36;1mfunction Mask-Secrets {[0m
2026-02-21T08:57:40.1808530Z [36;1m  param([string]$Text)[0m
2026-02-21T08:57:40.1808742Z [36;1m[0m
2026-02-21T08:57:40.1808969Z [36;1m  if ([string]::IsNullOrEmpty($Text)) { return $Text }[0m
2026-02-21T08:57:40.1809262Z [36;1m[0m
2026-02-21T08:57:40.1809419Z [36;1m  $masked = $Text[0m
2026-02-21T08:57:40.1809825Z [36;1m  $masked = [regex]::Replace($masked, 'github_pat_[A-Za-z0-9_]{20,}', 'github_pat_***MASKED***')[0m
2026-02-21T08:57:40.1810472Z [36;1m  $masked = [regex]::Replace($masked, 'gh[pousr]_[A-Za-z0-9_]{20,}', 'gh***_***MASKED***')[0m
2026-02-21T08:57:40.1811097Z [36;1m  $masked = [regex]::Replace($masked, '(?im)\b(token|password|secret)\b\s*[:=]\s*\S+', '$1=***MASKED***')[0m
2026-02-21T08:57:40.1811552Z [36;1m  return $masked[0m
2026-02-21T08:57:40.1811794Z [36;1m}[0m
2026-02-21T08:57:40.1811953Z [36;1m[0m
2026-02-21T08:57:40.1812120Z [36;1mfunction Get-MaskedTail {[0m
2026-02-21T08:57:40.1812344Z [36;1m  param([0m
2026-02-21T08:57:40.1812522Z [36;1m    [string]$Path,[0m
2026-02-21T08:57:40.1812768Z [36;1m    [int]$Tail = 200[0m
2026-02-21T08:57:40.1813008Z [36;1m  )[0m
2026-02-21T08:57:40.1813215Z [36;1m[0m
2026-02-21T08:57:40.1813459Z [36;1m  if (-not (Test-Path $Path)) { return "(not found) $Path" }[0m
2026-02-21T08:57:40.1813973Z [36;1m  $raw = (Get-Content -Path $Path -Tail $Tail -ErrorAction SilentlyContinue) -join "`r`n"[0m
2026-02-21T08:57:40.1814420Z [36;1m  return (Mask-Secrets -Text $raw)[0m
2026-02-21T08:57:40.1814663Z [36;1m}[0m
2026-02-21T08:57:40.1814809Z [36;1m[0m
2026-02-21T08:57:40.1815014Z [36;1m$diagOut = Join-Path $env:RUNNER_TEMP 'diag_out'[0m
2026-02-21T08:57:40.1815472Z [36;1m$null = New-Item -Path $diagOut -ItemType Directory -Force[0m
2026-02-21T08:57:40.1815790Z [36;1m[0m
2026-02-21T08:57:40.1815974Z [36;1m$ws = $env:GITHUB_WORKSPACE[0m
2026-02-21T08:57:40.1816296Z [36;1m$runnerRoot = (Resolve-Path (Join-Path $ws '..\..\..')).Path[0m
2026-02-21T08:57:40.1816675Z [36;1m$runnerDiag = Join-Path $runnerRoot '_diag'[0m
2026-02-21T08:57:40.1816957Z [36;1m$runId = '22253961100'[0m
2026-02-21T08:57:40.1817171Z [36;1m$runAttempt = '1'[0m
2026-02-21T08:57:40.1817436Z [36;1m$sha = 'cb77d37b55b828f026f4f791a8813f54ca9b319e'[0m
2026-02-21T08:57:40.1817830Z [36;1m$branch = 'main'[0m
2026-02-21T08:57:40.1818051Z [36;1m$repo = 'toki866/ApexTraderAI'[0m
2026-02-21T08:57:40.1818352Z [36;1m$artifactName = "diag_full_${runId}_${runAttempt}"[0m
2026-02-21T08:57:40.1818637Z [36;1m[0m
2026-02-21T08:57:40.1818803Z [36;1m$latestRunnerLog = $null[0m
2026-02-21T08:57:40.1819034Z [36;1m$latestWorkerLog = $null[0m
2026-02-21T08:57:40.1819270Z [36;1mif (Test-Path $runnerDiag) {[0m
2026-02-21T08:57:40.1820106Z [36;1m  $latestRunnerLog = Get-ChildItem -Path $runnerDiag -Filter 'Runner_*.log' -File -ErrorAction SilentlyContinue | Sort-Object LastWriteTime -Descending | Select-Object -First 1[0m
2026-02-21T08:57:40.1821394Z [36;1m  $latestWorkerLog = Get-ChildItem -Path $runnerDiag -Filter 'Worker_*.log' -File -ErrorAction SilentlyContinue | Sort-Object LastWriteTime -Descending | Select-Object -First 1[0m
2026-02-21T08:57:40.1822131Z [36;1m}[0m
2026-02-21T08:57:40.1822337Z [36;1m[0m
2026-02-21T08:57:40.1822677Z [36;1m$workflowLog = Join-Path $env:RUNNER_TEMP 'run_all_local_then_copy_console.log'[0m
2026-02-21T08:57:40.1823254Z [36;1m$runLogPath = 'C:\work\apex_work\runs\20260221_175601\logs\run_20260221_175601.log'[0m
2026-02-21T08:57:40.1823754Z [36;1m$stepSummaryGlob = Join-Path $env:RUNNER_TEMP 'step_summary_*'[0m
2026-02-21T08:57:40.1824314Z [36;1m$oneTapReportWorkspace = Join-Path $env:GITHUB_WORKSPACE 'temp\ONE_TAP_ERROR_REPORT.txt'[0m
2026-02-21T08:57:40.1824818Z [36;1m[0m
2026-02-21T08:57:40.1825350Z [36;1mif ($latestRunnerLog) { Copy-Item -Path $latestRunnerLog.FullName -Destination (Join-Path $diagOut $latestRunnerLog.Name) -Force }[0m
2026-02-21T08:57:40.1827932Z [36;1mif ($latestWorkerLog) { Copy-Item -Path $latestWorkerLog.FullName -Destination (Join-Path $diagOut $latestWorkerLog.Name) -Force }[0m
2026-02-21T08:57:40.1828887Z [36;1mif (Test-Path $workflowLog) { Copy-Item -Path $workflowLog -Destination (Join-Path $diagOut 'workflow_console.log') -Force }[0m
2026-02-21T08:57:40.1829901Z [36;1mif ($runLogPath -and (Test-Path $runLogPath)) { Copy-Item -Path $runLogPath -Destination (Join-Path $diagOut (Split-Path $runLogPath -Leaf)) -Force }[0m
2026-02-21T08:57:40.1831014Z [36;1mif (Test-Path $oneTapReportWorkspace) { Copy-Item -Path $oneTapReportWorkspace -Destination (Join-Path $diagOut 'ONE_TAP_ERROR_REPORT.txt') -Force }[0m
2026-02-21T08:57:40.1831974Z [36;1mGet-ChildItem -Path $stepSummaryGlob -File -ErrorAction SilentlyContinue | ForEach-Object {[0m
2026-02-21T08:57:40.1832636Z [36;1m  Copy-Item -Path $_.FullName -Destination (Join-Path $diagOut $_.Name) -Force[0m
2026-02-21T08:57:40.1833088Z [36;1m}[0m
2026-02-21T08:57:40.1833249Z [36;1m[0m
2026-02-21T08:57:40.1833456Z [36;1mforeach ($subDir in @('pages', 'blocks')) {[0m
2026-02-21T08:57:40.1833788Z [36;1m  $src = Join-Path $runnerDiag $subDir[0m
2026-02-21T08:57:40.1834075Z [36;1m  if (Test-Path $src) {[0m
2026-02-21T08:57:40.1834560Z [36;1m    Copy-Item -Path $src -Destination (Join-Path $diagOut $subDir) -Recurse -Force[0m
2026-02-21T08:57:40.1834991Z [36;1m  }[0m
2026-02-21T08:57:40.1835155Z [36;1m}[0m
2026-02-21T08:57:40.1835307Z [36;1m[0m
2026-02-21T08:57:40.1835846Z [36;1m$runnerTailText = if ($latestRunnerLog) { Get-MaskedTail -Path $latestRunnerLog.FullName -Tail 200 } else { '(runner diag not found)' }[0m
2026-02-21T08:57:40.1836854Z [36;1m$workflowTailText = if (Test-Path $workflowLog) { Get-MaskedTail -Path $workflowLog -Tail 200 } else { '(workflow log not found)' }[0m
2026-02-21T08:57:40.1837448Z [36;1m[0m
2026-02-21T08:57:40.1837686Z [36;1m$summaryPath = Join-Path $diagOut 'summary.md'[0m
2026-02-21T08:57:40.1837990Z [36;1m$summary = @([0m
2026-02-21T08:57:40.1838207Z [36;1m  '# Diagnostics Summary',[0m
2026-02-21T08:57:40.1838440Z [36;1m  '',[0m
2026-02-21T08:57:40.1838614Z [36;1m  "- repo: $repo",[0m
2026-02-21T08:57:40.1838835Z [36;1m  "- branch: $branch",[0m
2026-02-21T08:57:40.1839102Z [36;1m  "- sha: $sha",[0m
2026-02-21T08:57:40.1839362Z [36;1m  "- run_id: $runId",[0m
2026-02-21T08:57:40.1839600Z [36;1m  "- attempt: $runAttempt",[0m
2026-02-21T08:57:40.1839882Z [36;1m  "- failing_step: $env:FAILING_STEP",[0m
2026-02-21T08:57:40.1840178Z [36;1m  "- artifact_name: $artifactName",[0m
2026-02-21T08:57:40.1840512Z [36;1m  '- one_tap_report: See ONE_TAP_ERROR_REPORT.txt',[0m
2026-02-21T08:57:40.1840812Z [36;1m  '',[0m
2026-02-21T08:57:40.1841024Z [36;1m  '## runner_diag_tail (last 200 lines)',[0m
2026-02-21T08:57:40.1841293Z [36;1m  '```text',[0m
2026-02-21T08:57:40.1841569Z [36;1m  $runnerTailText,[0m
2026-02-21T08:57:40.1841803Z [36;1m  '```',[0m
2026-02-21T08:57:40.1841976Z [36;1m  '',[0m
2026-02-21T08:57:40.1842174Z [36;1m  '## workflow_tail (last 200 lines)',[0m
2026-02-21T08:57:40.1842443Z [36;1m  '```text',[0m
2026-02-21T08:57:40.1842637Z [36;1m  $workflowTailText,[0m
2026-02-21T08:57:40.1842852Z [36;1m  '```'[0m
2026-02-21T08:57:40.1843053Z [36;1m) -join "`r`n"[0m
2026-02-21T08:57:40.1843295Z [36;1m$summary = Mask-Secrets -Text $summary[0m
2026-02-21T08:57:40.1843690Z [36;1mSet-Content -Path $summaryPath -Value $summary -Encoding UTF8[0m
2026-02-21T08:57:40.1844153Z [36;1m[0m
2026-02-21T08:57:40.1844425Z [36;1m$runnerTailPath = Join-Path $diagOut 'runner_diag_tail.txt'[0m
2026-02-21T08:57:40.1844935Z [36;1mSet-Content -Path $runnerTailPath -Value $runnerTailText -Encoding UTF8[0m
2026-02-21T08:57:40.1845443Z [36;1m$workflowTailPath = Join-Path $diagOut 'workflow_tail.txt'[0m
2026-02-21T08:57:40.1845960Z [36;1mSet-Content -Path $workflowTailPath -Value $workflowTailText -Encoding UTF8[0m
2026-02-21T08:57:40.1847138Z [36;1m[0m
2026-02-21T08:57:40.1847420Z [36;1m$fullZip = Join-Path $env:RUNNER_TEMP ("{0}.zip" -f $artifactName)[0m
2026-02-21T08:57:40.1847883Z [36;1mif (Test-Path $fullZip) { Remove-Item $fullZip -Force }[0m
2026-02-21T08:57:40.1848400Z [36;1mCompress-Archive -Path (Join-Path $diagOut '*') -DestinationPath $fullZip -Force[0m
2026-02-21T08:57:40.1848831Z [36;1m[0m
2026-02-21T08:57:40.1849181Z [36;1m"diag_out=$diagOut" | Out-File -FilePath $env:GITHUB_OUTPUT -Encoding utf8 -Append[0m
2026-02-21T08:57:40.1849811Z [36;1m"diag_summary=$summaryPath" | Out-File -FilePath $env:GITHUB_OUTPUT -Encoding utf8 -Append[0m
2026-02-21T08:57:40.1850508Z [36;1m"diag_runner_tail=$runnerTailPath" | Out-File -FilePath $env:GITHUB_OUTPUT -Encoding utf8 -Append[0m
2026-02-21T08:57:40.1851267Z [36;1m"diag_workflow_tail=$workflowTailPath" | Out-File -FilePath $env:GITHUB_OUTPUT -Encoding utf8 -Append[0m
2026-02-21T08:57:40.1851956Z [36;1m"diag_zip=$fullZip" | Out-File -FilePath $env:GITHUB_OUTPUT -Encoding utf8 -Append[0m
2026-02-21T08:57:40.1852606Z [36;1m"diag_artifact_name=$artifactName" | Out-File -FilePath $env:GITHUB_OUTPUT -Encoding utf8 -Append[0m
2026-02-21T08:57:40.1870871Z shell: C:\Windows\System32\WindowsPowerShell\v1.0\powershell.EXE -NoProfile -ExecutionPolicy Bypass -Command "{0}"
2026-02-21T08:57:40.1871396Z env:
2026-02-21T08:57:40.1871589Z   REPO_ROOT: C:\work\apex_repo_cache\ApexTraderAI
2026-02-21T08:57:40.1871867Z   FAILING_STEP: unknown
2026-02-21T08:57:40.1872050Z ##[endgroup]

----- FILE: actions_logs/run/23_Upload full diagnostics artifact.txt -----
ï»¿2026-02-21T08:57:41.3711643Z ##[group]Run actions/upload-artifact@v4
2026-02-21T08:57:41.3712095Z with:
2026-02-21T08:57:41.3712594Z   name: diag_full_22253961100_1
2026-02-21T08:57:41.3712893Z   if-no-files-found: warn
2026-02-21T08:57:41.3713113Z   retention-days: 7
2026-02-21T08:57:41.3713572Z   path: C:\Users\becky\OneDrive\ãƒ‡ã‚¹ã‚¯ãƒˆãƒƒãƒ—\Python\apex-trader-ai\actions-runner\_work\_temp\diag_full_22253961100_1.zip
2026-02-21T08:57:41.3714114Z   compression-level: 6
2026-02-21T08:57:41.3714314Z   overwrite: false
2026-02-21T08:57:41.3714506Z   include-hidden-files: false
2026-02-21T08:57:41.3714724Z env:
2026-02-21T08:57:41.3714937Z   REPO_ROOT: C:\work\apex_repo_cache\ApexTraderAI
2026-02-21T08:57:41.3715270Z ##[endgroup]
2026-02-21T08:57:41.6425124Z With the provided path, there will be 1 file uploaded
2026-02-21T08:57:41.6431201Z Artifact name is valid!
2026-02-21T08:57:41.6434279Z Root directory input is valid!
2026-02-21T08:57:42.2579898Z Beginning upload of artifact content to blob storage
2026-02-21T08:57:43.3439058Z Uploaded bytes 91178
2026-02-21T08:57:43.5202304Z Finished uploading artifact content to blob storage!
2026-02-21T08:57:43.5204934Z SHA256 digest of uploaded artifact zip is e346d4e58699646dbd5bb1f6d8f97557bdb88b581f01f5719e464a3a4c07e402
2026-02-21T08:57:43.5209200Z Finalizing artifact upload
2026-02-21T08:57:43.7743585Z Artifact diag_full_22253961100_1.zip successfully finalized. Artifact ID 5600535264
2026-02-21T08:57:43.7748316Z Artifact diag_full_22253961100_1 has been successfully uploaded! Final size is 91178 bytes. Artifact ID is 5600535264
2026-02-21T08:57:43.7753622Z Artifact download URL: https://github.com/toki866/ApexTraderAI/actions/runs/22253961100/artifacts/5600535264

----- FILE: actions_logs/run/24_Upload diagnostics artifact.txt -----
ï»¿2026-02-21T08:57:43.8125818Z ##[group]Run actions/upload-artifact@v4
2026-02-21T08:57:43.8126293Z with:
2026-02-21T08:57:43.8126545Z   name: diagnostics
2026-02-21T08:57:43.8126916Z   if-no-files-found: warn
2026-02-21T08:57:43.8127289Z   path: _diagnostics/**/*
2026-02-21T08:57:43.8127644Z   compression-level: 6
2026-02-21T08:57:43.8127925Z   overwrite: false
2026-02-21T08:57:43.8128180Z   include-hidden-files: false
2026-02-21T08:57:43.8128470Z env:
2026-02-21T08:57:43.8128731Z   REPO_ROOT: C:\work\apex_repo_cache\ApexTraderAI
2026-02-21T08:57:43.8129207Z ##[endgroup]
2026-02-21T08:57:44.0956390Z ##[warning]No files were found with the provided path: _diagnostics/**/*. No artifacts will be uploaded.

----- FILE: actions_logs/run/25_Complete job.txt -----
ï»¿2026-02-21T08:57:44.1329259Z Cleaning up orphan processes

----- FILE: actions_logs/run/2_Prepare repo in C_work (no OneDrive cleanup).txt -----
ï»¿2026-02-21T08:55:56.1582452Z ##[group]Run $ErrorActionPreference = 'Stop'
2026-02-21T08:55:56.1583074Z [36;1m$ErrorActionPreference = 'Stop'[0m
2026-02-21T08:55:56.1583433Z [36;1mgit config --global core.longpaths true[0m
2026-02-21T08:55:56.1583747Z [36;1m[0m
2026-02-21T08:55:56.1584644Z [36;1m$repoUrl = "***github.com/toki866/ApexTraderAI.git"[0m
2026-02-21T08:55:56.1585048Z [36;1m$cacheRoot = "C:\work\apex_repo_cache"[0m
2026-02-21T08:55:56.1585421Z [36;1m$repoDir = Join-Path $cacheRoot "ApexTraderAI"[0m
2026-02-21T08:55:56.1585735Z [36;1m[0m
2026-02-21T08:55:56.1586060Z [36;1mNew-Item -Path $cacheRoot -ItemType Directory -Force | Out-Null[0m
2026-02-21T08:55:56.1586442Z [36;1m[0m
2026-02-21T08:55:56.1586705Z [36;1mif (!(Test-Path (Join-Path $repoDir ".git"))) {[0m
2026-02-21T08:55:56.1587074Z [36;1m  Write-Host "[repo] cloning to $repoDir"[0m
2026-02-21T08:55:56.1587633Z [36;1m  if (Test-Path $repoDir) { Remove-Item -Path $repoDir -Recurse -Force -ErrorAction SilentlyContinue }[0m
2026-02-21T08:55:56.1588270Z [36;1m  git clone $repoUrl $repoDir[0m
2026-02-21T08:55:56.1588690Z [36;1m  if ($LASTEXITCODE -ne 0) { throw "git clone failed (exit=$LASTEXITCODE)" }[0m
2026-02-21T08:55:56.1589096Z [36;1m} else {[0m
2026-02-21T08:55:56.1589369Z [36;1m  Write-Host "[repo] fetch/reset in $repoDir"[0m
2026-02-21T08:55:56.1589790Z [36;1m  git -C $repoDir remote set-url origin $repoUrl | Out-Null[0m
2026-02-21T08:55:56.1590473Z [36;1m  git -C $repoDir fetch --force --prune origin[0m
2026-02-21T08:55:56.1590958Z [36;1m  if ($LASTEXITCODE -ne 0) { throw "git fetch failed (exit=$LASTEXITCODE)" }[0m
2026-02-21T08:55:56.1591357Z [36;1m}[0m
2026-02-21T08:55:56.1591552Z [36;1m[0m
2026-02-21T08:55:56.1591793Z [36;1mgit -C $repoDir checkout -f $env:GITHUB_SHA[0m
2026-02-21T08:55:56.1592269Z [36;1mif ($LASTEXITCODE -ne 0) { throw "git checkout SHA failed (exit=$LASTEXITCODE)" }[0m
2026-02-21T08:55:56.1592770Z [36;1mgit -C $repoDir reset --hard $env:GITHUB_SHA[0m
2026-02-21T08:55:56.1593260Z [36;1mif ($LASTEXITCODE -ne 0) { throw "git reset SHA failed (exit=$LASTEXITCODE)" }[0m
2026-02-21T08:55:56.1593708Z [36;1mgit -C $repoDir clean -ffdx[0m
2026-02-21T08:55:56.1594123Z [36;1mif ($LASTEXITCODE -ne 0) { throw "git clean failed (exit=$LASTEXITCODE)" }[0m
2026-02-21T08:55:56.1594543Z [36;1m[0m
2026-02-21T08:55:56.1594814Z [36;1mgit config --global --add safe.directory $repoDir[0m
2026-02-21T08:55:56.1595139Z [36;1m[0m
2026-02-21T08:55:56.1595447Z [36;1mAdd-Content -Path $env:GITHUB_ENV -Value "REPO_ROOT=$repoDir"[0m
2026-02-21T08:55:56.1595947Z [36;1mWrite-Host "REPO_ROOT=$repoDir"[0m
2026-02-21T08:55:56.1596325Z [36;1m$headShort = git -C $repoDir rev-parse --short HEAD[0m
2026-02-21T08:55:56.1596686Z [36;1mWrite-Host "HEAD=$headShort"[0m
2026-02-21T08:55:56.1620980Z shell: C:\Windows\System32\WindowsPowerShell\v1.0\powershell.EXE -NoProfile -ExecutionPolicy Bypass -Command "{0}"
2026-02-21T08:55:56.1621939Z env:
2026-02-21T08:55:56.1623478Z   GIT_TERMINAL_PROMPT: 0
2026-02-21T08:55:56.1623746Z ##[endgroup]
2026-02-21T08:55:56.4855909Z [repo] fetch/reset in C:\work\apex_repo_cache\ApexTraderAI
2026-02-21T08:55:58.3264229Z From https://github.com/toki866/ApexTraderAI
2026-02-21T08:55:58.3265350Z    cdeb225..fa3d6d6  diag-logs  -> origin/diag-logs
2026-02-21T08:55:58.3265775Z    66de1e1..cb77d37  main       -> origin/main
2026-02-21T08:55:58.3894760Z Previous HEAD position was 66de1e1 Merge pull request #66 from toki866/codex/add-evaluation-script-and-workflow-step
2026-02-21T08:55:58.3896273Z HEAD is now at cb77d37 Merge pull request #67 from toki866/codex/add-automatic-evaluation-for-run-outputs
2026-02-21T08:55:58.4237930Z HEAD is now at cb77d37 Merge pull request #67 from toki866/codex/add-automatic-evaluation-for-run-outputs
2026-02-21T08:55:58.4516148Z Removing ai_core/__pycache__/
2026-02-21T08:55:58.4516837Z Removing ai_core/config/__pycache__/
2026-02-21T08:55:58.4517441Z Removing ai_core/services/__pycache__/
2026-02-21T08:55:58.4517852Z Removing ai_core/types/__pycache__/
2026-02-21T08:55:58.4520580Z Removing ai_core/utils/__pycache__/
2026-02-21T08:55:58.4521037Z Removing output/
2026-02-21T08:55:58.4521413Z Removing temp/
2026-02-21T08:55:58.5184508Z REPO_ROOT=C:\work\apex_repo_cache\ApexTraderAI
2026-02-21T08:55:58.5536341Z HEAD=cb77d37

----- FILE: actions_logs/run/3_Initialize ONE_TAP error report.txt -----
ï»¿2026-02-21T08:55:58.5988007Z ##[group]Run $ErrorActionPreference = 'Stop'
2026-02-21T08:55:58.5988634Z [36;1m$ErrorActionPreference = 'Stop'[0m
2026-02-21T08:55:58.6003946Z [36;1m$reportDir = Join-Path $env:GITHUB_WORKSPACE 'temp'[0m
2026-02-21T08:55:58.6004772Z [36;1m$null = New-Item -Path $reportDir -ItemType Directory -Force[0m
2026-02-21T08:55:58.6005583Z [36;1m$reportPath = Join-Path $reportDir 'ONE_TAP_ERROR_REPORT.txt'[0m
2026-02-21T08:55:58.6006181Z [36;1m[0m
2026-02-21T08:55:58.6006460Z [36;1m@([0m
2026-02-21T08:55:58.6006825Z [36;1m  '=== ONE TAP ERROR REPORT ===',[0m
2026-02-21T08:55:58.6007572Z [36;1m  ('timestamp={0}' -f (Get-Date -Format 'yyyy-MM-dd HH:mm:ss zzz')),[0m
2026-02-21T08:55:58.6008365Z [36;1m  ('repo=toki866/ApexTraderAI'),[0m
2026-02-21T08:55:58.6008911Z [36;1m  ('ref=refs/heads/main'),[0m
2026-02-21T08:55:58.6009673Z [36;1m  ('sha=cb77d37b55b828f026f4f791a8813f54ca9b319e'),[0m
2026-02-21T08:55:58.6010411Z [36;1m  ('run_id=22253961100'),[0m
2026-02-21T08:55:58.6010928Z [36;1m  ('run_attempt=1'),[0m
2026-02-21T08:55:58.6011490Z [36;1m  ''[0m
2026-02-21T08:55:58.6012018Z [36;1m) | Set-Content -Path $reportPath -Encoding UTF8[0m
2026-02-21T08:55:58.6012816Z [36;1m[0m
2026-02-21T08:55:58.6013266Z [36;1mAdd-Content -Path $reportPath -Value @([0m
2026-02-21T08:55:58.6013944Z [36;1m  '[STEP] initialize_one_tap_report',[0m
2026-02-21T08:55:58.6014523Z [36;1m  '[OK] report initialized',[0m
2026-02-21T08:55:58.6015183Z [36;1m  ('[PATH] {0}' -f $reportPath),[0m
2026-02-21T08:55:58.6015807Z [36;1m  ('[INFO] REPO_ROOT={0}' -f $env:REPO_ROOT),[0m
2026-02-21T08:55:58.6016604Z [36;1m  ('[INFO] HEAD={0}' -f (git -C $env:REPO_ROOT rev-parse --short HEAD)),[0m
2026-02-21T08:55:58.6017483Z [36;1m  ''[0m
2026-02-21T08:55:58.6017872Z [36;1m)[0m
2026-02-21T08:55:58.6037521Z shell: C:\Windows\System32\WindowsPowerShell\v1.0\powershell.EXE -NoProfile -ExecutionPolicy Bypass -Command "{0}"
2026-02-21T08:55:58.6038145Z env:
2026-02-21T08:55:58.6038401Z   REPO_ROOT: C:\work\apex_repo_cache\ApexTraderAI
2026-02-21T08:55:58.6038746Z ##[endgroup]

----- FILE: actions_logs/run/4_Verify scripts directory (post-prepare).txt -----
ï»¿2026-02-21T08:55:58.9149087Z ##[group]Run $ErrorActionPreference='Stop'
2026-02-21T08:55:58.9149828Z [36;1m$ErrorActionPreference='Stop'[0m
2026-02-21T08:55:58.9150225Z [36;1m$repoRoot = $env:REPO_ROOT[0m
2026-02-21T08:55:58.9150486Z [36;1mSet-Location $repoRoot[0m
2026-02-21T08:55:58.9150908Z [36;1mWrite-Host "***"[0m
2026-02-21T08:55:58.9151197Z [36;1mWrite-Host "HEAD=$(git rev-parse --short HEAD)"[0m
2026-02-21T08:55:58.9151557Z [36;1mWrite-Host "=== workspace listing ==="[0m
2026-02-21T08:55:58.9152039Z [36;1mGet-ChildItem -Path $repoRoot | Select-Object Name, FullName | Format-Table -AutoSize[0m
2026-02-21T08:55:58.9153337Z [36;1m$scriptsDir = Join-Path $repoRoot 'scripts'[0m
2026-02-21T08:55:58.9153666Z [36;1mWrite-Host "scripts_dir=$scriptsDir"[0m
2026-02-21T08:55:58.9154146Z [36;1mif (!(Test-Path $scriptsDir)) { throw "scripts directory not found: $scriptsDir" }[0m
2026-02-21T08:55:58.9154833Z [36;1mGet-ChildItem -Path $scriptsDir | Select-Object Name, Length, LastWriteTime | Format-Table -AutoSize[0m
2026-02-21T08:55:58.9172050Z shell: C:\Windows\System32\WindowsPowerShell\v1.0\powershell.EXE -NoProfile -ExecutionPolicy Bypass -Command "{0}"
2026-02-21T08:55:58.9172590Z env:
2026-02-21T08:55:58.9172799Z   REPO_ROOT: C:\work\apex_repo_cache\ApexTraderAI
2026-02-21T08:55:58.9173071Z ##[endgroup]
2026-02-21T08:55:59.1353423Z ***
2026-02-21T08:55:59.1631480Z HEAD=cb77d37
2026-02-21T08:55:59.1633696Z === workspace listing ===
2026-02-21T08:55:59.1695626Z 
2026-02-21T08:55:59.1736840Z Name                                               FullName                                                            
2026-02-21T08:55:59.1738434Z ----                                               --------                                                            
2026-02-21T08:55:59.1739507Z .github                                            C:\work\apex_repo_cache\ApexTraderAI\.github                        
2026-02-21T08:55:59.1740519Z ai_core                                            C:\work\apex_repo_cache\ApexTraderAI\ai_core                        
2026-02-21T08:55:59.1741336Z archive                                            C:\work\apex_repo_cache\ApexTraderAI\archive                        
2026-02-21T08:55:59.1742246Z config                                             C:\work\apex_repo_cache\ApexTraderAI\config                         
2026-02-21T08:55:59.1743136Z data                                               C:\work\apex_repo_cache\ApexTraderAI\data                           
2026-02-21T08:55:59.1743969Z docs                                               C:\work\apex_repo_cache\ApexTraderAI\docs                           
2026-02-21T08:55:59.1744986Z engine                                             C:\work\apex_repo_cache\ApexTraderAI\engine                         
2026-02-21T08:55:59.1745775Z scripts                                            C:\work\apex_repo_cache\ApexTraderAI\scripts                        
2026-02-21T08:55:59.1746724Z specs                                              C:\work\apex_repo_cache\ApexTraderAI\specs                          
2026-02-21T08:55:59.1747765Z tools                                              C:\work\apex_repo_cache\ApexTraderAI\tools                          
2026-02-21T08:55:59.1748532Z .gitignore                                         C:\work\apex_repo_cache\ApexTraderAI\.gitignore                     
2026-02-21T08:55:59.1749607Z AGENTS.md                                          C:\work\apex_repo_cache\ApexTraderAI\AGENTS.md                      
2026-02-21T08:55:59.1750544Z auto_trader.py                                     C:\work\apex_repo_cache\ApexTraderAI\auto_trader.py                 
2026-02-21T08:55:59.1751402Z main_v0_6.py                                       C:\work\apex_repo_cache\ApexTraderAI\main_v0_6.py                   
2026-02-21T08:55:59.1752358Z README.md                                          C:\work\apex_repo_cache\ApexTraderAI\README.md                      
2026-02-21T08:55:59.1753140Z requirements.txt                                   C:\work\apex_repo_cache\ApexTraderAI\requirements.txt               
2026-02-21T08:55:59.1756452Z run_stepd_prime.py                                 C:\work\apex_repo_cache\ApexTraderAI\run_stepd_prime.py             
2026-02-21T08:55:59.1757505Z run_steps_a_f_headless.py                          C:\work\apex_repo_cache\ApexTraderAI\run_steps_a_f_headless.py      
2026-02-21T08:55:59.1758434Z run_steps_a_f_headless_safe3_lazy_import.py        C:\work\apex_repo_cache\ApexTraderAI\run_steps_a_f_headless_safe3...
2026-02-21T08:55:59.1762866Z run_steps_a_f_headless_safe4_force_stepb_agents.py C:\work\apex_repo_cache\ApexTraderAI\run_steps_a_f_headless_safe4...
2026-02-21T08:55:59.1763494Z 
2026-02-21T08:55:59.1763549Z 
2026-02-21T08:55:59.1780456Z scripts_dir=C:\work\apex_repo_cache\ApexTraderAI\scripts
2026-02-21T08:55:59.1834152Z 
2026-02-21T08:55:59.1850598Z Name                                Length LastWriteTime      
2026-02-21T08:55:59.1851710Z ----                                ------ -------------      
2026-02-21T08:55:59.1854400Z bat_config.bat                        1651 2026/02/21 10:12:46
2026-02-21T08:55:59.1860641Z copy_run_to_onedrive.bat              1072 2026/02/21 10:12:46
2026-02-21T08:55:59.1862955Z doctor.bat                            1973 2026/02/21 10:12:46
2026-02-21T08:55:59.1865242Z evaluate_run_outputs.py              14936 2026/02/21 17:55:58
2026-02-21T08:55:59.1867545Z package_diagnostics.ps1                801 2026/02/21 10:12:46
2026-02-21T08:55:59.1869918Z package_diagnostics_to_onedrive.ps1   3248 2026/02/21 10:51:29
2026-02-21T08:55:59.1870378Z run_all_local_then_copy.bat           9168 2026/02/21 13:42:05
2026-02-21T08:55:59.1872461Z 
2026-02-21T08:55:59.1872467Z 

----- FILE: actions_logs/run/5_Debug shells.txt -----
ï»¿2026-02-21T08:55:59.2108405Z ##[group]Run echo RUNNER_OS=%RUNNER_OS%
2026-02-21T08:55:59.2108797Z [36;1mecho RUNNER_OS=%RUNNER_OS%[0m
2026-02-21T08:55:59.2109080Z [36;1mecho === powershell path ===[0m
2026-02-21T08:55:59.2109387Z [36;1mwhere powershell >nul 2>&1[0m
2026-02-21T08:55:59.2109629Z [36;1mif %ERRORLEVEL% EQU 0 ([0m
2026-02-21T08:55:59.2109863Z [36;1m  where powershell[0m
2026-02-21T08:55:59.2110067Z [36;1m) else ([0m
2026-02-21T08:55:59.2110257Z [36;1m  echo powershell_not_found[0m
2026-02-21T08:55:59.2110481Z [36;1m)[0m
2026-02-21T08:55:59.2110673Z [36;1mecho === pwsh path (optional) ===[0m
2026-02-21T08:55:59.2110937Z [36;1mwhere pwsh >nul 2>&1[0m
2026-02-21T08:55:59.2111157Z [36;1mif %ERRORLEVEL% EQU 0 ([0m
2026-02-21T08:55:59.2111390Z [36;1m  pwsh -v[0m
2026-02-21T08:55:59.2111612Z [36;1m) else ([0m
2026-02-21T08:55:59.2111816Z [36;1m  echo pwsh_not_found (OK)[0m
2026-02-21T08:55:59.2112036Z [36;1m)[0m
2026-02-21T08:55:59.2112194Z [36;1mexit /b 0[0m
2026-02-21T08:55:59.2117918Z shell: C:\Windows\system32\cmd.EXE /D /E:ON /V:OFF /S /C "CALL "{0}""
2026-02-21T08:55:59.2118287Z env:
2026-02-21T08:55:59.2118502Z   REPO_ROOT: C:\work\apex_repo_cache\ApexTraderAI
2026-02-21T08:55:59.2118798Z ##[endgroup]
2026-02-21T08:55:59.2349678Z RUNNER_OS=Windows
2026-02-21T08:55:59.2360414Z === powershell path ===
2026-02-21T08:55:59.5070924Z C:\Windows\System32\WindowsPowerShell\v1.0\powershell.exe
2026-02-21T08:55:59.5150352Z === pwsh path (optional) ===
2026-02-21T08:55:59.6338921Z pwsh_not_found (OK

----- FILE: actions_logs/run/6_Debug python environment.txt -----
ï»¿2026-02-21T08:55:59.6461369Z ##[group]Run where python
2026-02-21T08:55:59.6461692Z [36;1mwhere python[0m
2026-02-21T08:55:59.6461897Z [36;1mpython --version[0m
2026-02-21T08:55:59.6462149Z [36;1mecho RUNNER_TEMP=%RUNNER_TEMP%[0m
2026-02-21T08:55:59.6462460Z [36;1mecho GITHUB_WORKSPACE=%GITHUB_WORKSPACE%[0m
2026-02-21T08:55:59.6466633Z shell: C:\Windows\system32\cmd.EXE /D /E:ON /V:OFF /S /C "CALL "{0}""
2026-02-21T08:55:59.6467034Z env:
2026-02-21T08:55:59.6467315Z   REPO_ROOT: C:\work\apex_repo_cache\ApexTraderAI
2026-02-21T08:55:59.6467589Z ##[endgroup]
2026-02-21T08:55:59.7842623Z C:\Users\becky\AppData\Local\Programs\Python\Python310\python.exe
2026-02-21T08:55:59.7980483Z Python 3.10.6
2026-02-21T08:55:59.7990718Z RUNNER_TEMP=C:\Users\becky\OneDrive\ãƒ‡ã‚¹ã‚¯ãƒˆãƒƒãƒ—\Python\apex-trader-ai\actions-runner\_work\_temp
2026-02-21T08:55:59.7993785Z GITHUB_WORKSPACE=C:\Users\becky\OneDrive\ãƒ‡ã‚¹ã‚¯ãƒˆãƒƒãƒ—\Python\apex-trader-ai\actions-runner\_work\ApexTraderAI\ApexTraderAI

----- FILE: actions_logs/run/7_Verify required scripts.txt -----
ï»¿2026-02-21T08:55:59.8155259Z ##[group]Run $ErrorActionPreference = 'Stop'
2026-02-21T08:55:59.8155725Z [36;1m$ErrorActionPreference = 'Stop'[0m
2026-02-21T08:55:59.8155993Z [36;1mSet-Location $env:REPO_ROOT[0m
2026-02-21T08:55:59.8156211Z [36;1m[0m
2026-02-21T08:55:59.8156658Z [36;1m$reportDir = Join-Path $env:REPO_ROOT 'temp'[0m
2026-02-21T08:55:59.8157051Z [36;1m$null = New-Item -Path $reportDir -ItemType Directory -Force[0m
2026-02-21T08:55:59.8157484Z [36;1m$reportPath = Join-Path $reportDir 'ONE_TAP_ERROR_REPORT.txt'[0m
2026-02-21T08:55:59.8157814Z [36;1m[0m
2026-02-21T08:55:59.8158007Z [36;1mAdd-Content -Path $reportPath -Value @([0m
2026-02-21T08:55:59.8158305Z [36;1m  '[STEP] verify_required_scripts',[0m
2026-02-21T08:55:59.8158589Z [36;1m  ('[INFO] REPO_ROOT={0}' -f $env:REPO_ROOT),[0m
2026-02-21T08:55:59.8158948Z [36;1m  ('[INFO] GITHUB_WORKSPACE={0}' -f $env:GITHUB_WORKSPACE),[0m
2026-02-21T08:55:59.8159406Z [36;1m  ('[INFO] ***' -f $PWD),[0m
2026-02-21T08:55:59.8159650Z [36;1m  ''[0m
2026-02-21T08:55:59.8159842Z [36;1m)[0m
2026-02-21T08:55:59.8159991Z [36;1m[0m
2026-02-21T08:55:59.8160188Z [36;1mWrite-Host '=== Verify scripts directory ==='[0m
2026-02-21T08:55:59.8160499Z [36;1mWrite-Host "REPO_ROOT=$env:REPO_ROOT"[0m
2026-02-21T08:55:59.8160820Z [36;1m$headShort = git rev-parse --short HEAD 2>$null[0m
2026-02-21T08:55:59.8161147Z [36;1mif ($LASTEXITCODE -eq 0 -and $headShort) {[0m
2026-02-21T08:55:59.8161473Z [36;1m  Write-Host ("HEAD={0}" -f $headShort.Trim())[0m
2026-02-21T08:55:59.8161737Z [36;1m} else {[0m
2026-02-21T08:55:59.8162035Z [36;1m  Write-Warning 'Unable to resolve HEAD via git rev-parse --short HEAD'[0m
2026-02-21T08:55:59.8162386Z [36;1m}[0m
2026-02-21T08:55:59.8162611Z [36;1mWrite-Host 'git ls-files scripts (best effort):'[0m
2026-02-21T08:55:59.8162909Z [36;1mgit ls-files scripts 2>$null[0m
2026-02-21T08:55:59.8163198Z [36;1m$scriptsDir = Join-Path $env:REPO_ROOT 'scripts'[0m
2026-02-21T08:55:59.8163526Z [36;1mWrite-Host "scripts_dir=$scriptsDir"[0m
2026-02-21T08:55:59.8163800Z [36;1mif (Test-Path $scriptsDir) {[0m
2026-02-21T08:55:59.8164278Z [36;1m  Get-ChildItem -Path $scriptsDir | Select-Object Name, Length, LastWriteTime | Format-Table -AutoSize[0m
2026-02-21T08:55:59.8164765Z [36;1m} else {[0m
2026-02-21T08:55:59.8165033Z [36;1m  Write-Warning "scripts directory not found: $scriptsDir"[0m
2026-02-21T08:55:59.8165355Z [36;1m}[0m
2026-02-21T08:55:59.8165496Z [36;1m[0m
2026-02-21T08:55:59.8165648Z [36;1m$expected = @([0m
2026-02-21T08:55:59.8165946Z [36;1m  (Join-Path $env:REPO_ROOT 'scripts\run_all_local_then_copy.bat'),[0m
2026-02-21T08:55:59.8166402Z [36;1m  (Join-Path $env:REPO_ROOT 'scripts\package_diagnostics.ps1'),[0m
2026-02-21T08:55:59.8166864Z [36;1m  (Join-Path $env:REPO_ROOT 'scripts\package_diagnostics_to_onedrive.ps1')[0m
2026-02-21T08:55:59.8167226Z [36;1m)[0m
2026-02-21T08:55:59.8167363Z [36;1m[0m
2026-02-21T08:55:59.8192019Z [36;1m$missing = @()[0m
2026-02-21T08:55:59.8192463Z [36;1mforeach ($path in $expected) {[0m
2026-02-21T08:55:59.8192872Z [36;1m  if (Test-Path $path) {[0m
2026-02-21T08:55:59.8193167Z [36;1m    Write-Host "[FOUND] $path"[0m
2026-02-21T08:55:59.8193402Z [36;1m  } else {[0m
2026-02-21T08:55:59.8193620Z [36;1m    Write-Warning "[MISSING] $path"[0m
2026-02-21T08:55:59.8193878Z [36;1m    $missing += $path[0m
2026-02-21T08:55:59.8194077Z [36;1m  }[0m
2026-02-21T08:55:59.8194233Z [36;1m}[0m
2026-02-21T08:55:59.8194377Z [36;1m[0m
2026-02-21T08:55:59.8194534Z [36;1m$searchResults = [ordered]@{}[0m
2026-02-21T08:55:59.8195201Z [36;1mforeach ($fileName in @('run_all_local_then_copy.bat', 'package_diagnostics.ps1', 'package_diagnostics_to_onedrive.ps1')) {[0m
2026-02-21T08:55:59.8196038Z [36;1m  $hits = Get-ChildItem -Path $env:REPO_ROOT -Recurse -Filter $fileName -File -ErrorAction SilentlyContinue |[0m
2026-02-21T08:55:59.8196617Z [36;1m    Select-Object -First 5 -ExpandProperty FullName[0m
2026-02-21T08:55:59.8197041Z [36;1m  $searchResults[$fileName] = if ($hits) { $hits } else { @('(no matches)') }[0m
2026-02-21T08:55:59.8199125Z [36;1m}[0m
2026-02-21T08:55:59.8199270Z [36;1m[0m
2026-02-21T08:55:59.8199490Z [36;1mAdd-Content -Path $reportPath -Value @([0m
2026-02-21T08:55:59.8200354Z [36;1m  '## REQUIRED_SCRIPT_CHECK',[0m
2026-02-21T08:55:59.8200619Z [36;1m  ('repo_root={0}' -f $env:REPO_ROOT),[0m
2026-02-21T08:55:59.8200949Z [36;1m  ('scripts_dir_exists={0}' -f (Test-Path $scriptsDir)),[0m
2026-02-21T08:55:59.8201285Z [36;1m  ('scripts_dir={0}' -f $scriptsDir),[0m
2026-02-21T08:55:59.8201527Z [36;1m  '',[0m
2026-02-21T08:55:59.8201697Z [36;1m  '### scripts_dir_listing',[0m
2026-02-21T08:55:59.8201975Z [36;1m  $([0m
2026-02-21T08:55:59.8202201Z [36;1m    if (Test-Path $scriptsDir) {[0m
2026-02-21T08:55:59.8202635Z [36;1m      $listing = Get-ChildItem -Path $scriptsDir | Sort-Object Name | ForEach-Object {[0m
2026-02-21T08:55:59.8203145Z [36;1m        '- {0} | len={1} | mtime={2}' -f $_.Name, $_.Length, $_.LastWriteTime[0m
2026-02-21T08:55:59.8203485Z [36;1m      }[0m
2026-02-21T08:55:59.8203711Z [36;1m      if ($listing) { $listing } else { '- (empty)' }[0m
2026-02-21T08:55:59.8203987Z [36;1m    } else {[0m
2026-02-21T08:55:59.8204198Z [36;1m      '- (scripts directory missing)'[0m
2026-02-21T08:55:59.8204433Z [36;1m    }[0m
2026-02-21T08:55:59.8204586Z [36;1m  ),[0m
2026-02-21T08:55:59.8204728Z [36;1m  '',[0m
2026-02-21T08:55:59.8204888Z [36;1m  '### FOUND',[0m
2026-02-21T08:55:59.8205203Z [36;1m  ($expected | Where-Object { Test-Path $_ } | ForEach-Object { "- $_" }),[0m
2026-02-21T08:55:59.8205554Z [36;1m  '',[0m
2026-02-21T08:55:59.8205726Z [36;1m  '### MISSING',[0m
2026-02-21T08:55:59.8206088Z [36;1m  ($(if ($missing.Count -gt 0) { $missing | ForEach-Object { "- $_" } } else { '- (none)' })),[0m
2026-02-21T08:55:59.8206482Z [36;1m  '',[0m
2026-02-21T08:55:59.8206701Z [36;1m  '### recursive_search_run_all_local_then_copy.bat',[0m
2026-02-21T08:55:59.8207145Z [36;1m  ($searchResults['run_all_local_then_copy.bat'] | ForEach-Object { "- $_" }),[0m
2026-02-21T08:55:59.8207520Z [36;1m  '',[0m
2026-02-21T08:55:59.8207735Z [36;1m  '### recursive_search_package_diagnostics.ps1',[0m
2026-02-21T08:55:59.8208166Z [36;1m  ($searchResults['package_diagnostics.ps1'] | ForEach-Object { "- $_" }),[0m
2026-02-21T08:55:59.8208521Z [36;1m  '',[0m
2026-02-21T08:55:59.8208784Z [36;1m  '### recursive_search_package_diagnostics_to_onedrive.ps1',[0m
2026-02-21T08:55:59.8209401Z [36;1m  ($searchResults['package_diagnostics_to_onedrive.ps1'] | ForEach-Object { "- $_" }),[0m
2026-02-21T08:55:59.8209814Z [36;1m  '',[0m
2026-02-21T08:55:59.8209972Z [36;1m  '## NEXT_ACTION',[0m
2026-02-21T08:55:59.8210273Z [36;1m  '- Open Artifact desktop-run-* and copy ONE_TAP_ERROR_REPORT.txt'[0m
2026-02-21T08:55:59.8210598Z [36;1m)[0m
2026-02-21T08:55:59.8210733Z [36;1m[0m
2026-02-21T08:55:59.8210888Z [36;1mif ($missing.Count -gt 0) {[0m
2026-02-21T08:55:59.8211151Z [36;1m  Add-Content -Path $reportPath -Value @([0m
2026-02-21T08:55:59.8211441Z [36;1m    '[NG] verify_required_scripts',[0m
2026-02-21T08:55:59.8211723Z [36;1m    ('[NG] missing_count={0}' -f $missing.Count),[0m
2026-02-21T08:55:59.8211979Z [36;1m    ''[0m
2026-02-21T08:55:59.8212128Z [36;1m  )[0m
2026-02-21T08:55:59.8212266Z [36;1m} else {[0m
2026-02-21T08:55:59.8212473Z [36;1m  Add-Content -Path $reportPath -Value @([0m
2026-02-21T08:55:59.8212744Z [36;1m    '[OK] verify_required_scripts',[0m
2026-02-21T08:55:59.8212975Z [36;1m    ''[0m
2026-02-21T08:55:59.8213116Z [36;1m  )[0m
2026-02-21T08:55:59.8213254Z [36;1m}[0m
2026-02-21T08:55:59.8213385Z [36;1m[0m
2026-02-21T08:55:59.8213544Z [36;1mif ($missing.Count -gt 0) {[0m
2026-02-21T08:55:59.8213829Z [36;1m  Write-Host '=== Required scripts debug summary ==='[0m
2026-02-21T08:55:59.8214138Z [36;1m  Write-Host "REPO_ROOT=$env:REPO_ROOT"[0m
2026-02-21T08:55:59.8214415Z [36;1m  Write-Host "scriptsDir=$scriptsDir"[0m
2026-02-21T08:55:59.8215141Z [36;1m  if (Test-Path $scriptsDir) {[0m
2026-02-21T08:55:59.8215393Z [36;1m    Write-Host 'scriptsDir listing:'[0m
2026-02-21T08:55:59.8215862Z [36;1m    Get-ChildItem -Path $scriptsDir | Select-Object Name, Length, LastWriteTime | Format-Table -AutoSize[0m
2026-02-21T08:55:59.8216432Z [36;1m  }[0m
2026-02-21T08:55:59.8216647Z [36;1m  foreach ($fileName in $searchResults.Keys) {[0m
2026-02-21T08:55:59.8216935Z [36;1m    Write-Host "search($fileName):"[0m
2026-02-21T08:55:59.8217271Z [36;1m    $searchResults[$fileName] | ForEach-Object { Write-Host "  $_" }[0m
2026-02-21T08:55:59.8217587Z [36;1m  }[0m
2026-02-21T08:55:59.8217843Z [36;1m  $missingNames = $missing | ForEach-Object { Split-Path $_ -Leaf }[0m
2026-02-21T08:55:59.8218349Z [36;1m  throw ("Required scripts missing: {0}" -f (($missingNames | Sort-Object -Unique) -join ', '))[0m
2026-02-21T08:55:59.8218891Z [36;1m}[0m
2026-02-21T08:55:59.8234963Z shell: C:\Windows\System32\WindowsPowerShell\v1.0\powershell.EXE -NoProfile -ExecutionPolicy Bypass -Command "{0}"
2026-02-21T08:55:59.8235456Z env:
2026-02-21T08:55:59.8235649Z   REPO_ROOT: C:\work\apex_repo_cache\ApexTraderAI
2026-02-21T08:55:59.8235907Z ##[endgroup]
2026-02-21T08:56:00.0887553Z === Verify scripts directory ===
2026-02-21T08:56:00.0903355Z REPO_ROOT=C:\work\apex_repo_cache\ApexTraderAI
2026-02-21T08:56:00.1274639Z HEAD=cb77d37
2026-02-21T08:56:00.1278977Z git ls-files scripts (best effort):
2026-02-21T08:56:00.1504979Z scripts/bat_config.bat
2026-02-21T08:56:00.1505329Z scripts/copy_run_to_onedrive.bat
2026-02-21T08:56:00.1505593Z scripts/doctor.bat
2026-02-21T08:56:00.1505828Z scripts/evaluate_run_outputs.py
2026-02-21T08:56:00.1506107Z scripts/package_diagnostics.ps1
2026-02-21T08:56:00.1506409Z scripts/package_diagnostics_to_onedrive.ps1
2026-02-21T08:56:00.1506813Z scripts/run_all_local_then_copy.bat
2026-02-21T08:56:00.1548171Z scripts_dir=C:\work\apex_repo_cache\ApexTraderAI\scripts
2026-02-21T08:56:00.1632245Z 
2026-02-21T08:56:00.1652850Z Name                                Length LastWriteTime      
2026-02-21T08:56:00.1654086Z ----                                ------ -------------      
2026-02-21T08:56:00.1657618Z bat_config.bat                        1651 2026/02/21 10:12:46
2026-02-21T08:56:00.1660299Z copy_run_to_onedrive.bat              1072 2026/02/21 10:12:46
2026-02-21T08:56:00.1664609Z doctor.bat                            1973 2026/02/21 10:12:46
2026-02-21T08:56:00.1665392Z evaluate_run_outputs.py              14936 2026/02/21 17:55:58
2026-02-21T08:56:00.1667583Z package_diagnostics.ps1                801 2026/02/21 10:12:46
2026-02-21T08:56:00.1671265Z package_diagnostics_to_onedrive.ps1   3248 2026/02/21 10:51:29
2026-02-21T08:56:00.1672031Z run_all_local_then_copy.bat           9168 2026/02/21 13:42:05
2026-02-21T08:56:00.1672423Z 
2026-02-21T08:56:00.1672437Z 
2026-02-21T08:56:00.1684574Z [FOUND] C:\work\apex_repo_cache\ApexTraderAI\scripts\run_all_local_then_copy.bat
2026-02-21T08:56:00.1691813Z [FOUND] C:\work\apex_repo_cache\ApexTraderAI\scripts\package_diagnostics.ps1
2026-02-21T08:56:00.1701488Z [FOUND] C:\work\apex_repo_cache\ApexTraderAI\scripts\package_diagnostics_to_onedrive.ps1

----- FILE: actions_logs/run/8_Runner connectivity and host status.txt -----
ï»¿2026-02-21T08:56:00.2780294Z ##[group]Run Write-Host '=== Runner connectivity / host status ==='
2026-02-21T08:56:00.2780862Z [36;1mWrite-Host '=== Runner connectivity / host status ==='[0m
2026-02-21T08:56:00.2781218Z [36;1mwhoami[0m
2026-02-21T08:56:00.2781421Z [36;1mhostname[0m
2026-02-21T08:56:00.2781673Z [36;1mGet-Date -Format 'yyyy-MM-dd HH:mm:ss zzz'[0m
2026-02-21T08:56:00.2782006Z [36;1mWrite-Host "RUNNER_NAME=$env:RUNNER_NAME"[0m
2026-02-21T08:56:00.2782317Z [36;1mWrite-Host "RUNNER_OS=$env:RUNNER_OS"[0m
2026-02-21T08:56:00.2782623Z [36;1mWrite-Host "RUNNER_ARCH=$env:RUNNER_ARCH"[0m
2026-02-21T08:56:00.2782970Z [36;1mWrite-Host "GITHUB_WORKFLOW=$env:GITHUB_WORKFLOW"[0m
2026-02-21T08:56:00.2783321Z [36;1mWrite-Host "GITHUB_RUN_ID=$env:GITHUB_RUN_ID"[0m
2026-02-21T08:56:00.2783705Z [36;1mGet-Process | Where-Object { $_.Name -like '*Runner*' } |[0m
2026-02-21T08:56:00.2784083Z [36;1m  Select-Object Name, Id, StartTime |[0m
2026-02-21T08:56:00.2784363Z [36;1m  Format-Table -AutoSize[0m
2026-02-21T08:56:00.2801598Z shell: C:\Windows\System32\WindowsPowerShell\v1.0\powershell.EXE -NoProfile -ExecutionPolicy Bypass -Command "{0}"
2026-02-21T08:56:00.2802114Z env:
2026-02-21T08:56:00.2802317Z   REPO_ROOT: C:\work\apex_repo_cache\ApexTraderAI
2026-02-21T08:56:00.2802581Z ##[endgroup]
2026-02-21T08:56:00.5363249Z === Runner connectivity / host status ===
2026-02-21T08:56:00.5526525Z desktop-c54piia\becky
2026-02-21T08:56:00.5752645Z DESKTOP-C54PIIA
2026-02-21T08:56:00.5785103Z 2026-02-21 17:56:00 +09:00
2026-02-21T08:56:00.5800484Z RUNNER_NAME=DESKTOP-C54PIIA
2026-02-21T08:56:00.5804617Z RUNNER_OS=Windows
2026-02-21T08:56:00.5808343Z RUNNER_ARCH=X64
2026-02-21T08:56:00.5812043Z GITHUB_WORKFLOW=Run Desktop Pipeline
2026-02-21T08:56:00.5815606Z GITHUB_RUN_ID=22253961100
2026-02-21T08:56:00.6202791Z 
2026-02-21T08:56:00.6250318Z Name               Id StartTime          
2026-02-21T08:56:00.6252606Z ----               -- ---------          
2026-02-21T08:56:00.6252955Z Runner.Listener 12500 2026/02/21 6:39:02 
2026-02-21T08:56:00.6255198Z Runner.Worker   14236 2026/02/21 17:55:51
2026-02-21T08:56:00.6257400Z RunnerService   12440 2026/02/21 6:39:02 
2026-02-21T08:56:00.6257584Z 
2026-02-21T08:56:00.6257591Z 

----- FILE: actions_logs/run/9_Run desktop BAT.txt -----
ï»¿2026-02-21T08:56:00.6517266Z ##[group]Run $ErrorActionPreference = 'Stop'
2026-02-21T08:56:00.6517977Z [36;1m$ErrorActionPreference = 'Stop'[0m
2026-02-21T08:56:00.6518263Z [36;1mSet-Location $env:REPO_ROOT[0m
2026-02-21T08:56:00.6518671Z [36;1m$consoleLog = Join-Path $env:RUNNER_TEMP 'run_all_local_then_copy_console.log'[0m
2026-02-21T08:56:00.6519247Z [36;1m$reportPath = Join-Path $env:GITHUB_WORKSPACE 'temp\ONE_TAP_ERROR_REPORT.txt'[0m
2026-02-21T08:56:00.6519639Z [36;1m[0m
2026-02-21T08:56:00.6519856Z [36;1mAdd-Content -Path $reportPath -Value @([0m
2026-02-21T08:56:00.6520148Z [36;1m  '[STEP] run_desktop_bat',[0m
2026-02-21T08:56:00.6520434Z [36;1m  ('[INFO] console_log={0}' -f $consoleLog)[0m
2026-02-21T08:56:00.6520698Z [36;1m)[0m
2026-02-21T08:56:00.6520890Z [36;1m$batCandidates = @([0m
2026-02-21T08:56:00.6521223Z [36;1m  (Join-Path $env:REPO_ROOT 'scripts\run_all_local_then_copy.bat')[0m
2026-02-21T08:56:00.6521573Z [36;1m)[0m
2026-02-21T08:56:00.6521899Z [36;1m$bat = $batCandidates | Where-Object { Test-Path $_ } | Select-Object -First 1[0m
2026-02-21T08:56:00.6522329Z [36;1m[0m
2026-02-21T08:56:00.6522550Z [36;1mWrite-Host '=== Run desktop BAT preflight ==='[0m
2026-02-21T08:56:00.6522991Z [36;1mWrite-Host "***"[0m
2026-02-21T08:56:00.6523237Z [36;1mWrite-Host "REPO_ROOT=$env:REPO_ROOT"[0m
2026-02-21T08:56:00.6523581Z [36;1mWrite-Host "GITHUB_WORKSPACE=$env:GITHUB_WORKSPACE"[0m
2026-02-21T08:56:00.6523943Z [36;1mWrite-Host "RUNNER_TEMP=$env:RUNNER_TEMP"[0m
2026-02-21T08:56:00.6524487Z [36;1mGet-ChildItem (Join-Path $env:REPO_ROOT 'scripts') | Select-Object Name[0m
2026-02-21T08:56:00.6524876Z [36;1m& where.exe python 2>$null[0m
2026-02-21T08:56:00.6525229Z [36;1mWrite-Host ("BAT candidate paths: {0}" -f ($batCandidates -join '; '))[0m
2026-02-21T08:56:00.6525584Z [36;1m[0m
2026-02-21T08:56:00.6525739Z [36;1mif (-not $bat) {[0m
2026-02-21T08:56:00.6525982Z [36;1m  Add-Content -Path $reportPath -Value @([0m
2026-02-21T08:56:00.6526264Z [36;1m    '[NG] run_desktop_bat',[0m
2026-02-21T08:56:00.6526500Z [36;1m    '[NG] BAT not found',[0m
2026-02-21T08:56:00.6526703Z [36;1m    ''[0m
2026-02-21T08:56:00.6526860Z [36;1m  )[0m
2026-02-21T08:56:00.6527165Z [36;1m  Write-Error "BAT not found. candidates=$($batCandidates -join '; ')"[0m
2026-02-21T08:56:00.6527522Z [36;1m  exit 1[0m
2026-02-21T08:56:00.6527672Z [36;1m}[0m
2026-02-21T08:56:00.6527819Z [36;1m[0m
2026-02-21T08:56:00.6527977Z [36;1m$bat = (Get-Item $bat).FullName[0m
2026-02-21T08:56:00.6528281Z [36;1mWrite-Host ("Executing BAT full path: {0}" -f $bat)[0m
2026-02-21T08:56:00.6528567Z [36;1m[0m
2026-02-21T08:56:00.6528802Z [36;1m$null = New-Item -Path $consoleLog -ItemType File -Force[0m
2026-02-21T08:56:00.6529248Z [36;1mAdd-Content -Path $consoleLog -Value ("[BAT_FULL_PATH]={0}" -f $bat)[0m
2026-02-21T08:56:00.6529838Z [36;1m[0m
2026-02-21T08:56:00.6530068Z [36;1mWrite-Host '=== Python diagnostics (before BAT) ==='[0m
2026-02-21T08:56:00.6530491Z [36;1m& where.exe python 2>&1 | Tee-Object -FilePath $consoleLog -Append[0m
2026-02-21T08:56:00.6530961Z [36;1m& python --version 2>&1 | Tee-Object -FilePath $consoleLog -Append[0m
2026-02-21T08:56:00.6531346Z [36;1mWrite-Host '=== PATH (before BAT) ==='[0m
2026-02-21T08:56:00.6531603Z [36;1mWrite-Host $env:PATH[0m
2026-02-21T08:56:00.6531921Z [36;1mAdd-Content -Path $consoleLog -Value ('[PATH] ' + $env:PATH)[0m
2026-02-21T08:56:00.6532237Z [36;1m[0m
2026-02-21T08:56:00.6532464Z [36;1m& $bat 2>&1 | Tee-Object -FilePath $consoleLog -Append[0m
2026-02-21T08:56:00.6532765Z [36;1m$rc = $LASTEXITCODE[0m
2026-02-21T08:56:00.6532981Z [36;1mWrite-Host "[RC]=$rc"[0m
2026-02-21T08:56:00.6533276Z [36;1mAdd-Content -Path $consoleLog -Value ("[RC]={0}" -f $rc)[0m
2026-02-21T08:56:00.6533580Z [36;1m[0m
2026-02-21T08:56:00.6533731Z [36;1mif ($rc -ne 0) {[0m
2026-02-21T08:56:00.6533969Z [36;1m  Add-Content -Path $reportPath -Value @([0m
2026-02-21T08:56:00.6534249Z [36;1m    '[NG] run_desktop_bat',[0m
2026-02-21T08:56:00.6535839Z [36;1m    ('[NG] exit_code={0}' -f $rc),[0m
2026-02-21T08:56:00.6536069Z [36;1m    ''[0m
2026-02-21T08:56:00.6536218Z [36;1m  )[0m
2026-02-21T08:56:00.6536445Z [36;1m  Write-Warning "Run desktop BAT failed with rc=$rc"[0m
2026-02-21T08:56:00.6536777Z [36;1m  $workRoot = 'C:\work\apex_work\runs'[0m
2026-02-21T08:56:00.6537024Z [36;1m  $runDir = $null[0m
2026-02-21T08:56:00.6537260Z [36;1m  if (Test-Path $workRoot) {[0m
2026-02-21T08:56:00.6544731Z [36;1m    $runDir = Get-ChildItem -Path $workRoot -Directory | Sort-Object LastWriteTime -Descending | Select-Object -First 1[0m
2026-02-21T08:56:00.6545461Z [36;1m  }[0m
2026-02-21T08:56:00.6545618Z [36;1m[0m
2026-02-21T08:56:00.6545778Z [36;1m  if ($runDir) {[0m
2026-02-21T08:56:00.6546140Z [36;1m    $runLog = Join-Path $runDir.FullName ("logs\run_{0}.log" -f $runDir.Name)[0m
2026-02-21T08:56:00.6546604Z [36;1m    Write-Host ("Latest run_dir={0}" -f $runDir.FullName)[0m
2026-02-21T08:56:00.6546979Z [36;1m    Write-Host ("Expected run_log={0}" -f $runLog)[0m
2026-02-21T08:56:00.6547302Z [36;1m    if (Test-Path $runLog) {[0m
2026-02-21T08:56:00.6547582Z [36;1m      Write-Host '=== tail run_*.log (260 lines) ==='[0m
2026-02-21T08:56:00.6547904Z [36;1m      Get-Content -Path $runLog -Tail 260[0m
2026-02-21T08:56:00.6548159Z [36;1m    } else {[0m
2026-02-21T08:56:00.6548408Z [36;1m      Write-Warning ("run log not found: {0}" -f $runLog)[0m
2026-02-21T08:56:00.6548936Z [36;1m    }[0m
2026-02-21T08:56:00.6549458Z [36;1m  } else {[0m
2026-02-21T08:56:00.6549807Z [36;1m    Write-Warning ("No run directories found under {0}" -f $workRoot)[0m
2026-02-21T08:56:00.6550172Z [36;1m  }[0m
2026-02-21T08:56:00.6550341Z [36;1m  exit $rc[0m
2026-02-21T08:56:00.6550528Z [36;1m}[0m
2026-02-21T08:56:00.6550684Z [36;1m[0m
2026-02-21T08:56:00.6550899Z [36;1mAdd-Content -Path $reportPath -Value @([0m
2026-02-21T08:56:00.6551211Z [36;1m  '[OK] run_desktop_bat',[0m
2026-02-21T08:56:00.6551459Z [36;1m  '[OK] exit_code=0',[0m
2026-02-21T08:56:00.6551672Z [36;1m  ''[0m
2026-02-21T08:56:00.6551833Z [36;1m)[0m
2026-02-21T08:56:00.6551995Z [36;1m[0m
2026-02-21T08:56:00.6552220Z [36;1mif ((Get-Item $reportPath).Length -gt 60000) {[0m
2026-02-21T08:56:00.6552573Z [36;1m  $tail = Get-Content -Path $reportPath -Raw[0m
2026-02-21T08:56:00.6552968Z [36;1m  $tail = $tail.Substring([Math]::Max(0, $tail.Length - 60000))[0m
2026-02-21T08:56:00.6553413Z [36;1m  Set-Content -Path $reportPath -Value $tail -Encoding UTF8[0m
2026-02-21T08:56:00.6553764Z [36;1m}[0m
2026-02-21T08:56:00.6553912Z [36;1m[0m
2026-02-21T08:56:00.6554065Z [36;1mexit 0[0m
2026-02-21T08:56:00.6571460Z shell: C:\Windows\System32\WindowsPowerShell\v1.0\powershell.EXE -NoProfile -ExecutionPolicy Bypass -Command "{0}"
2026-02-21T08:56:00.6572725Z env:
2026-02-21T08:56:00.6572926Z   REPO_ROOT: C:\work\apex_repo_cache\ApexTraderAI
2026-02-21T08:56:00.6573195Z   INPUT_MODE: sim
2026-02-21T08:56:00.6573374Z   INPUT_SYMBOLS: SOXL,SOXS
2026-02-21T08:56:00.6573575Z   INPUT_START: 2014-01-01
2026-02-21T08:56:00.6573763Z   INPUT_END: 2022-03-31
2026-02-21T08:56:00.6573961Z   INPUT_TEST_START: 2022-01-03
2026-02-21T08:56:00.6574159Z   INPUT_TRAIN_YEARS: 8
2026-02-21T08:56:00.6574339Z   INPUT_TEST_MONTHS: 3
2026-02-21T08:56:00.6574529Z   INPUT_COPY_TO_ONEDRIVE: true
2026-02-21T08:56:00.6574739Z   INPUT_STEPS: A,B
2026-02-21T08:56:00.6574903Z   RUN_MODE: sim
2026-02-21T08:56:00.6575056Z   SYMBOLS: SOXL,SOXS
2026-02-21T08:56:00.6575225Z   SYMBOL: SOXL
2026-02-21T08:56:00.6575369Z   STEPS: A,B
2026-02-21T08:56:00.6575522Z   DATA_START: 2014-01-01
2026-02-21T08:56:00.6575702Z   DATA_END: 2022-03-31
2026-02-21T08:56:00.6575876Z   TEST_START: 2022-01-03
2026-02-21T08:56:00.6576052Z   TRAIN_YEARS: 8
2026-02-21T08:56:00.6576210Z   TEST_MONTHS: 3
2026-02-21T08:56:00.6576382Z   WORK_ROOT: C:\work\apex_work\runs
2026-02-21T08:56:00.6576604Z   COPY_TO_ONEDRIVE: 1
2026-02-21T08:56:00.6576793Z   PYTHON_EXE: python
2026-02-21T08:56:00.6577528Z ##[endgroup]
2026-02-21T08:56:00.9794325Z === Run desktop BAT preflight ===
2026-02-21T08:56:00.9884292Z ***
2026-02-21T08:56:00.9897210Z REPO_ROOT=C:\work\apex_repo_cache\ApexTraderAI
2026-02-21T08:56:00.9901739Z GITHUB_WORKSPACE=C:\Users\becky\OneDrive\ãƒ‡ã‚¹ã‚¯ãƒˆãƒƒãƒ—\Python\apex-trader-ai\actions-runner\_work\ApexTraderAI\ApexTraderAI
2026-02-21T08:56:00.9906373Z RUNNER_TEMP=C:\Users\becky\OneDrive\ãƒ‡ã‚¹ã‚¯ãƒˆãƒƒãƒ—\Python\apex-trader-ai\actions-runner\_work\_temp
2026-02-21T08:56:00.9947473Z 
2026-02-21T08:56:01.1282095Z C:\Users\becky\AppData\Local\Programs\Python\Python310\python.exe
2026-02-21T08:56:01.1308979Z BAT candidate paths: C:\work\apex_repo_cache\ApexTraderAI\scripts\run_all_local_then_copy.bat
2026-02-21T08:56:01.1355581Z Executing BAT full path: C:\work\apex_repo_cache\ApexTraderAI\scripts\run_all_local_then_copy.bat
2026-02-21T08:56:01.1394977Z === Python diagnostics (before BAT) ===
2026-02-21T08:56:01.2785684Z === PATH (before BAT) ===
2026-02-21T08:56:01.2792746Z C:\Program Files\Oculus\Support\oculus-runtime;C:\Windows\system32;C:\Windows;C:\Windows\System32\Wbem;C:\Windows\System32\WindowsPowerShell\v1.0\;C:\Windows\System32\OpenSSH\;C:\Program Files (x86)\Intel\Intel(R) Management Engine Components\DAL;C:\Program Files\Intel\Intel(R) Management Engine Components\DAL;C:\Program Files (x86)\NVIDIA Corporation\PhysX\Common;C:\Program Files\NVIDIA Corporation\NVIDIA NvDLISR;C:\Program Files (x86)\QuickTime\QTSystem\;C:\Program Files\Git\cmd;C:\WINDOWS\system32;C:\WINDOWS;C:\WINDOWS\System32\Wbem;C:\WINDOWS\System32\WindowsPowerShell\v1.0\;C:\WINDOWS\System32\OpenSSH\;C:\Users\becky\AppData\Local\Programs\Python\Python310\;C:\ffmpeg\bin\;
2026-02-21T08:56:01.6339161Z Name                               
2026-02-21T08:56:01.6339694Z ----                               
2026-02-21T08:56:01.6339991Z bat_config.bat                     
2026-02-21T08:56:01.6340352Z copy_run_to_onedrive.bat           
2026-02-21T08:56:01.6340648Z doctor.bat                         
2026-02-21T08:56:01.6341196Z evaluate_run_outputs.py            
2026-02-21T08:56:01.6341563Z package_diagnostics.ps1            
2026-02-21T08:56:01.6341989Z package_diagnostics_to_onedrive.ps1
2026-02-21T08:56:01.6342403Z run_all_local_then_copy.bat        
2026-02-21T08:56:01.6342862Z C:\Users\becky\AppData\Local\Programs\Python\Python310\python.exe
2026-02-21T08:56:01.6343227Z Python 3.10.6
2026-02-21T08:56:01.6343402Z [RC] 
2026-02-21T08:56:01.6908675Z [RC] 
2026-02-21T08:56:01.8577415Z [RC] 
2026-02-21T08:56:01.8993550Z [RC] 
2026-02-21T08:56:01.9434067Z [RC] 
2026-02-21T08:56:03.8288587Z [RC] 
2026-02-21T08:57:04.4395932Z [RC] 
2026-02-21T08:57:18.2946817Z [RC] 
2026-02-21T08:57:18.3370004Z [RC] 
2026-02-21T08:57:19.1472276Z [OK] repo_snapshots already exists: "C:\Users\becky\OneDrive\ApexTraderAI\repo_snapshots"
2026-02-21T08:57:19.4508540Z [RC] 
2026-02-21T08:57:19.4614507Z [OK] run_id=20260221_175601
2026-02-21T08:57:19.4615422Z [OK] local=C:\work\apex_work\runs\20260221_175601
2026-02-21T08:57:19.4616338Z [OK] onedrive=C:\Users\becky\OneDrive\ApexTraderAI\runs\20260221_175601
2026-02-21T08:57:19.4724927Z [RC]=0
2026-02-21T08:57:19.4827380Z 
2026-02-21T08:57:19.4827500Z 

----- FILE: actions_logs/run/system.txt -----
2026-02-21T08:55:47.9540000Z Evaluating run.if
2026-02-21T08:55:47.9540000Z Evaluating: success()
2026-02-21T08:55:47.9540000Z Result: true
2026-02-21T08:55:47.9540000Z Requested labels: self-hosted, windows
2026-02-21T08:55:47.9540000Z Job defined at: toki866/ApexTraderAI/.github/workflows/run_desktop_pipeline.yml@refs/heads/main
2026-02-21T08:55:47.9540000Z Waiting for a runner to pick up this job...
2026-02-21T08:55:48.4430000Z Job is about to start running on the runner: DESKTOP-C54PIIA
