Run: https://github.com/toki866/ApexTraderAI/actions/runs/22251800216
SHA: 7f5fcbc656c598d0bfbefa1b2a5540b7d725f652
Attempt: 1
Conclusion: success

==== TAILS (each file last 200 lines) ====

----- FILE: actions_logs/0_run.txt -----
2026-02-21T06:17:18.4806595Z [36;1m[0m
2026-02-21T06:17:18.4806905Z [36;1m$oneTapSource = Join-Path $env:GITHUB_WORKSPACE 'temp\ONE_TAP_ERROR_REPORT.txt'[0m
2026-02-21T06:17:18.4807399Z [36;1m$oneTapDest = Join-Path $runFolder 'ONE_TAP_ERROR_REPORT.txt'[0m
2026-02-21T06:17:18.4807956Z [36;1mif (Test-Path $oneTapSource) {[0m
2026-02-21T06:17:18.4808899Z [36;1m  Copy-Item -Path $oneTapSource -Destination $oneTapDest -Force[0m
2026-02-21T06:17:18.4809281Z [36;1m} else {[0m
2026-02-21T06:17:18.4809446Z [36;1m  @([0m
2026-02-21T06:17:18.4809727Z [36;1m    '[WARN] ONE_TAP_ERROR_REPORT.txt was not found in workspace temp.',[0m
2026-02-21T06:17:18.4810184Z [36;1m    ('timestamp={0}' -f (Get-Date -Format 'yyyy-MM-dd HH:mm:ss zzz')),[0m
2026-02-21T06:17:18.4810838Z [36;1m    ('repo=toki866/ApexTraderAI'),[0m
2026-02-21T06:17:18.4811234Z [36;1m    ('run_id=22251800216'),[0m
2026-02-21T06:17:18.4811517Z [36;1m    ('run_attempt=1')[0m
2026-02-21T06:17:18.4811788Z [36;1m  ) | Set-Content -Path $oneTapDest -Encoding UTF8[0m
2026-02-21T06:17:18.4812065Z [36;1m}[0m
2026-02-21T06:17:18.4812207Z [36;1m[0m
2026-02-21T06:17:18.4812413Z [36;1m$latestMdPath = Join-Path $runsDir 'LATEST.md'[0m
2026-02-21T06:17:18.4812686Z [36;1m@([0m
2026-02-21T06:17:18.4812942Z [36;1m  '# Latest ONE_TAP report',[0m
2026-02-21T06:17:18.4813461Z [36;1m  '',[0m
2026-02-21T06:17:18.4813697Z [36;1m  "- folder: $runFolderName",[0m
2026-02-21T06:17:18.4814066Z [36;1m  "- report: ./runs/$runFolderName/ONE_TAP_ERROR_REPORT.txt"[0m
2026-02-21T06:17:18.4814482Z [36;1m) -join "`r`n" | Set-Content -Path $latestMdPath -Encoding UTF8[0m
2026-02-21T06:17:18.4814792Z [36;1m[0m
2026-02-21T06:17:18.4814951Z [36;1mgit add runs[0m
2026-02-21T06:17:18.4816868Z [36;1mif (git diff --cached --quiet) {[0m
2026-02-21T06:17:18.4817204Z [36;1m  Write-Host 'No diagnostics changes to commit.'[0m
2026-02-21T06:17:18.4817490Z [36;1m  exit 0[0m
2026-02-21T06:17:18.4817789Z [36;1m}[0m
2026-02-21T06:17:18.4817953Z [36;1m[0m
2026-02-21T06:17:18.4818223Z [36;1mgit commit -m "diag: add one_tap report $runFolderName"[0m
2026-02-21T06:17:18.4818595Z [36;1mcmd /c "git push origin diag-logs"[0m
2026-02-21T06:17:18.4818872Z [36;1m$pushRc = $LASTEXITCODE[0m
2026-02-21T06:17:18.4819106Z [36;1mif ($pushRc -ne 0) {[0m
2026-02-21T06:17:18.4819562Z [36;1m  Write-Warning ('Failed to push ONE_TAP report to diag-logs branch. git push rc={0}' -f $pushRc)[0m
2026-02-21T06:17:18.4820264Z [36;1m  Write-Warning 'Enable Settings > Actions > Workflow permissions: Read and write permissions'[0m
2026-02-21T06:17:18.4820728Z [36;1m}[0m
2026-02-21T06:17:18.4838383Z shell: C:\Windows\System32\WindowsPowerShell\v1.0\powershell.EXE -NoProfile -ExecutionPolicy Bypass -Command "{0}"
2026-02-21T06:17:18.4838926Z env:
2026-02-21T06:17:18.4839136Z   REPO_ROOT: C:\work\apex_repo_cache\ApexTraderAI
2026-02-21T06:17:18.4839411Z ##[endgroup]
2026-02-21T06:17:18.7554098Z Initialized empty Git repository in C:/Users/becky/OneDrive/ãƒ‡ã‚¹ã‚¯ãƒˆãƒƒãƒ—/Python/apex-trader-ai/actions-runner/_work/_temp/diag_repo/.git/
2026-02-21T06:17:20.6678800Z Switched to a new branch 'diag-logs'
2026-02-21T06:17:20.6679618Z branch 'diag-logs' set up to track 'origin/diag-logs'.
2026-02-21T06:17:20.8675410Z [diag-logs 6edcba8] diag: add one_tap report 20260221_151720_run22251800216_att1_7f5fcbc
2026-02-21T06:17:20.8679721Z  2 files changed, 4 insertions(+), 4 deletions(-)
2026-02-21T06:17:20.8682140Z  create mode 100644 runs/20260221_151720_run22251800216_att1_7f5fcbc/ONE_TAP_ERROR_REPORT.txt
2026-02-21T06:17:22.3024079Z To https://github.com/toki866/ApexTraderAI.git
2026-02-21T06:17:22.3024532Z    23a01e2..6edcba8  diag-logs -> diag-logs
2026-02-21T06:17:22.3341649Z ##[group]Run $ErrorActionPreference = 'Stop'
2026-02-21T06:17:22.3342122Z [36;1m$ErrorActionPreference = 'Stop'[0m
2026-02-21T06:17:22.3342370Z [36;1m[0m
2026-02-21T06:17:22.3342535Z [36;1mfunction Mask-Secrets {[0m
2026-02-21T06:17:22.3342765Z [36;1m  param([string]$Text)[0m
2026-02-21T06:17:22.3342966Z [36;1m[0m
2026-02-21T06:17:22.3343194Z [36;1m  if ([string]::IsNullOrEmpty($Text)) { return $Text }[0m
2026-02-21T06:17:22.3343492Z [36;1m[0m
2026-02-21T06:17:22.3343666Z [36;1m  $masked = $Text[0m
2026-02-21T06:17:22.3344067Z [36;1m  $masked = [regex]::Replace($masked, 'github_pat_[A-Za-z0-9_]{20,}', 'github_pat_***MASKED***')[0m
2026-02-21T06:17:22.3344868Z [36;1m  $masked = [regex]::Replace($masked, 'gh[pousr]_[A-Za-z0-9_]{20,}', 'gh***_***MASKED***')[0m
2026-02-21T06:17:22.3345486Z [36;1m  $masked = [regex]::Replace($masked, '(?im)\b(token|password|secret)\b\s*[:=]\s*\S+', '$1=***MASKED***')[0m
2026-02-21T06:17:22.3345963Z [36;1m  return $masked[0m
2026-02-21T06:17:22.3346158Z [36;1m}[0m
2026-02-21T06:17:22.3346307Z [36;1m[0m
2026-02-21T06:17:22.3346481Z [36;1mfunction Get-MaskedTail {[0m
2026-02-21T06:17:22.3346716Z [36;1m  param([0m
2026-02-21T06:17:22.3346894Z [36;1m    [string]$Path,[0m
2026-02-21T06:17:22.3347102Z [36;1m    [int]$Tail = 200[0m
2026-02-21T06:17:22.3347294Z [36;1m  )[0m
2026-02-21T06:17:22.3347438Z [36;1m[0m
2026-02-21T06:17:22.3347680Z [36;1m  if (-not (Test-Path $Path)) { return "(not found) $Path" }[0m
2026-02-21T06:17:22.3348188Z [36;1m  $raw = (Get-Content -Path $Path -Tail $Tail -ErrorAction SilentlyContinue) -join "`r`n"[0m
2026-02-21T06:17:22.3348639Z [36;1m  return (Mask-Secrets -Text $raw)[0m
2026-02-21T06:17:22.3348889Z [36;1m}[0m
2026-02-21T06:17:22.3349033Z [36;1m[0m
2026-02-21T06:17:22.3349240Z [36;1m$diagOut = Join-Path $env:RUNNER_TEMP 'diag_out'[0m
2026-02-21T06:17:22.3349617Z [36;1m$null = New-Item -Path $diagOut -ItemType Directory -Force[0m
2026-02-21T06:17:22.3349936Z [36;1m[0m
2026-02-21T06:17:22.3350100Z [36;1m$ws = $env:GITHUB_WORKSPACE[0m
2026-02-21T06:17:22.3350417Z [36;1m$runnerRoot = (Resolve-Path (Join-Path $ws '..\..\..')).Path[0m
2026-02-21T06:17:22.3350795Z [36;1m$runnerDiag = Join-Path $runnerRoot '_diag'[0m
2026-02-21T06:17:22.3351071Z [36;1m$runId = '22251800216'[0m
2026-02-21T06:17:22.3351280Z [36;1m$runAttempt = '1'[0m
2026-02-21T06:17:22.3351556Z [36;1m$sha = '7f5fcbc656c598d0bfbefa1b2a5540b7d725f652'[0m
2026-02-21T06:17:22.3351850Z [36;1m$branch = 'main'[0m
2026-02-21T06:17:22.3352065Z [36;1m$repo = 'toki866/ApexTraderAI'[0m
2026-02-21T06:17:22.3352374Z [36;1m$artifactName = "diag_full_${runId}_${runAttempt}"[0m
2026-02-21T06:17:22.3352657Z [36;1m[0m
2026-02-21T06:17:22.3352821Z [36;1m$latestRunnerLog = $null[0m
2026-02-21T06:17:22.3353056Z [36;1m$latestWorkerLog = $null[0m
2026-02-21T06:17:22.3353294Z [36;1mif (Test-Path $runnerDiag) {[0m
2026-02-21T06:17:22.3354077Z [36;1m  $latestRunnerLog = Get-ChildItem -Path $runnerDiag -Filter 'Runner_*.log' -File -ErrorAction SilentlyContinue | Sort-Object LastWriteTime -Descending | Select-Object -First 1[0m
2026-02-21T06:17:22.3355331Z [36;1m  $latestWorkerLog = Get-ChildItem -Path $runnerDiag -Filter 'Worker_*.log' -File -ErrorAction SilentlyContinue | Sort-Object LastWriteTime -Descending | Select-Object -First 1[0m
2026-02-21T06:17:22.3356059Z [36;1m}[0m
2026-02-21T06:17:22.3356216Z [36;1m[0m
2026-02-21T06:17:22.3356528Z [36;1m$workflowLog = Join-Path $env:RUNNER_TEMP 'run_all_local_then_copy_console.log'[0m
2026-02-21T06:17:22.3357077Z [36;1m$runLogPath = 'C:\work\apex_work\runs\20260221_151549\logs\run_20260221_151549.log'[0m
2026-02-21T06:17:22.3357571Z [36;1m$stepSummaryGlob = Join-Path $env:RUNNER_TEMP 'step_summary_*'[0m
2026-02-21T06:17:22.3358112Z [36;1m$oneTapReportWorkspace = Join-Path $env:GITHUB_WORKSPACE 'temp\ONE_TAP_ERROR_REPORT.txt'[0m
2026-02-21T06:17:22.3358539Z [36;1m[0m
2026-02-21T06:17:22.3360343Z [36;1mif ($latestRunnerLog) { Copy-Item -Path $latestRunnerLog.FullName -Destination (Join-Path $diagOut $latestRunnerLog.Name) -Force }[0m
2026-02-21T06:17:22.3361336Z [36;1mif ($latestWorkerLog) { Copy-Item -Path $latestWorkerLog.FullName -Destination (Join-Path $diagOut $latestWorkerLog.Name) -Force }[0m
2026-02-21T06:17:22.3362234Z [36;1mif (Test-Path $workflowLog) { Copy-Item -Path $workflowLog -Destination (Join-Path $diagOut 'workflow_console.log') -Force }[0m
2026-02-21T06:17:22.3363177Z [36;1mif ($runLogPath -and (Test-Path $runLogPath)) { Copy-Item -Path $runLogPath -Destination (Join-Path $diagOut (Split-Path $runLogPath -Leaf)) -Force }[0m
2026-02-21T06:17:22.3364376Z [36;1mif (Test-Path $oneTapReportWorkspace) { Copy-Item -Path $oneTapReportWorkspace -Destination (Join-Path $diagOut 'ONE_TAP_ERROR_REPORT.txt') -Force }[0m
2026-02-21T06:17:22.3365246Z [36;1mGet-ChildItem -Path $stepSummaryGlob -File -ErrorAction SilentlyContinue | ForEach-Object {[0m
2026-02-21T06:17:22.3365857Z [36;1m  Copy-Item -Path $_.FullName -Destination (Join-Path $diagOut $_.Name) -Force[0m
2026-02-21T06:17:22.3366241Z [36;1m}[0m
2026-02-21T06:17:22.3366397Z [36;1m[0m
2026-02-21T06:17:22.3366592Z [36;1mforeach ($subDir in @('pages', 'blocks')) {[0m
2026-02-21T06:17:22.3366902Z [36;1m  $src = Join-Path $runnerDiag $subDir[0m
2026-02-21T06:17:22.3367176Z [36;1m  if (Test-Path $src) {[0m
2026-02-21T06:17:22.3367571Z [36;1m    Copy-Item -Path $src -Destination (Join-Path $diagOut $subDir) -Recurse -Force[0m
2026-02-21T06:17:22.3367959Z [36;1m  }[0m
2026-02-21T06:17:22.3368108Z [36;1m}[0m
2026-02-21T06:17:22.3368256Z [36;1m[0m
2026-02-21T06:17:22.3368764Z [36;1m$runnerTailText = if ($latestRunnerLog) { Get-MaskedTail -Path $latestRunnerLog.FullName -Tail 200 } else { '(runner diag not found)' }[0m
2026-02-21T06:17:22.3369689Z [36;1m$workflowTailText = if (Test-Path $workflowLog) { Get-MaskedTail -Path $workflowLog -Tail 200 } else { '(workflow log not found)' }[0m
2026-02-21T06:17:22.3370244Z [36;1m[0m
2026-02-21T06:17:22.3370460Z [36;1m$summaryPath = Join-Path $diagOut 'summary.md'[0m
2026-02-21T06:17:22.3370747Z [36;1m$summary = @([0m
2026-02-21T06:17:22.3370947Z [36;1m  '# Diagnostics Summary',[0m
2026-02-21T06:17:22.3371170Z [36;1m  '',[0m
2026-02-21T06:17:22.3371336Z [36;1m  "- repo: $repo",[0m
2026-02-21T06:17:22.3371547Z [36;1m  "- branch: $branch",[0m
2026-02-21T06:17:22.3371770Z [36;1m  "- sha: $sha",[0m
2026-02-21T06:17:22.3371967Z [36;1m  "- run_id: $runId",[0m
2026-02-21T06:17:22.3372183Z [36;1m  "- attempt: $runAttempt",[0m
2026-02-21T06:17:22.3372444Z [36;1m  "- failing_step: $env:FAILING_STEP",[0m
2026-02-21T06:17:22.3372742Z [36;1m  "- artifact_name: $artifactName",[0m
2026-02-21T06:17:22.3373048Z [36;1m  '- one_tap_report: See ONE_TAP_ERROR_REPORT.txt',[0m
2026-02-21T06:17:22.3373334Z [36;1m  '',[0m
2026-02-21T06:17:22.3373555Z [36;1m  '## runner_diag_tail (last 200 lines)',[0m
2026-02-21T06:17:22.3373804Z [36;1m  '```text',[0m
2026-02-21T06:17:22.3374002Z [36;1m  $runnerTailText,[0m
2026-02-21T06:17:22.3374198Z [36;1m  '```',[0m
2026-02-21T06:17:22.3374354Z [36;1m  '',[0m
2026-02-21T06:17:22.3374542Z [36;1m  '## workflow_tail (last 200 lines)',[0m
2026-02-21T06:17:22.3374790Z [36;1m  '```text',[0m
2026-02-21T06:17:22.3374973Z [36;1m  $workflowTailText,[0m
2026-02-21T06:17:22.3375179Z [36;1m  '```'[0m
2026-02-21T06:17:22.3375346Z [36;1m) -join "`r`n"[0m
2026-02-21T06:17:22.3375571Z [36;1m$summary = Mask-Secrets -Text $summary[0m
2026-02-21T06:17:22.3375938Z [36;1mSet-Content -Path $summaryPath -Value $summary -Encoding UTF8[0m
2026-02-21T06:17:22.3376277Z [36;1m[0m
2026-02-21T06:17:22.3376537Z [36;1m$runnerTailPath = Join-Path $diagOut 'runner_diag_tail.txt'[0m
2026-02-21T06:17:22.3377009Z [36;1mSet-Content -Path $runnerTailPath -Value $runnerTailText -Encoding UTF8[0m
2026-02-21T06:17:22.3377492Z [36;1m$workflowTailPath = Join-Path $diagOut 'workflow_tail.txt'[0m
2026-02-21T06:17:22.3378514Z [36;1mSet-Content -Path $workflowTailPath -Value $workflowTailText -Encoding UTF8[0m
2026-02-21T06:17:22.3378934Z [36;1m[0m
2026-02-21T06:17:22.3379203Z [36;1m$fullZip = Join-Path $env:RUNNER_TEMP ("{0}.zip" -f $artifactName)[0m
2026-02-21T06:17:22.3379634Z [36;1mif (Test-Path $fullZip) { Remove-Item $fullZip -Force }[0m
2026-02-21T06:17:22.3380124Z [36;1mCompress-Archive -Path (Join-Path $diagOut '*') -DestinationPath $fullZip -Force[0m
2026-02-21T06:17:22.3380519Z [36;1m[0m
2026-02-21T06:17:22.3380835Z [36;1m"diag_out=$diagOut" | Out-File -FilePath $env:GITHUB_OUTPUT -Encoding utf8 -Append[0m
2026-02-21T06:17:22.3381559Z [36;1m"diag_summary=$summaryPath" | Out-File -FilePath $env:GITHUB_OUTPUT -Encoding utf8 -Append[0m
2026-02-21T06:17:22.3382211Z [36;1m"diag_runner_tail=$runnerTailPath" | Out-File -FilePath $env:GITHUB_OUTPUT -Encoding utf8 -Append[0m
2026-02-21T06:17:22.3382902Z [36;1m"diag_workflow_tail=$workflowTailPath" | Out-File -FilePath $env:GITHUB_OUTPUT -Encoding utf8 -Append[0m
2026-02-21T06:17:22.3383563Z [36;1m"diag_zip=$fullZip" | Out-File -FilePath $env:GITHUB_OUTPUT -Encoding utf8 -Append[0m
2026-02-21T06:17:22.3384179Z [36;1m"diag_artifact_name=$artifactName" | Out-File -FilePath $env:GITHUB_OUTPUT -Encoding utf8 -Append[0m
2026-02-21T06:17:22.3401934Z shell: C:\Windows\System32\WindowsPowerShell\v1.0\powershell.EXE -NoProfile -ExecutionPolicy Bypass -Command "{0}"
2026-02-21T06:17:22.3402452Z env:
2026-02-21T06:17:22.3402642Z   REPO_ROOT: C:\work\apex_repo_cache\ApexTraderAI
2026-02-21T06:17:22.3402916Z   FAILING_STEP: unknown
2026-02-21T06:17:22.3403105Z ##[endgroup]
2026-02-21T06:17:23.5917223Z ##[group]Run actions/upload-artifact@v4
2026-02-21T06:17:23.5917851Z with:
2026-02-21T06:17:23.5918094Z   name: diag_full_22251800216_1
2026-02-21T06:17:23.5918331Z   if-no-files-found: warn
2026-02-21T06:17:23.5918540Z   retention-days: 7
2026-02-21T06:17:23.5918996Z   path: C:\Users\becky\OneDrive\ãƒ‡ã‚¹ã‚¯ãƒˆãƒƒãƒ—\Python\apex-trader-ai\actions-runner\_work\_temp\diag_full_22251800216_1.zip
2026-02-21T06:17:23.5919509Z   compression-level: 6
2026-02-21T06:17:23.5919706Z   overwrite: false
2026-02-21T06:17:23.5919905Z   include-hidden-files: false
2026-02-21T06:17:23.5920290Z env:
2026-02-21T06:17:23.5920507Z   REPO_ROOT: C:\work\apex_repo_cache\ApexTraderAI
2026-02-21T06:17:23.5920778Z ##[endgroup]
2026-02-21T06:17:23.8698009Z With the provided path, there will be 1 file uploaded
2026-02-21T06:17:23.8731210Z Artifact name is valid!
2026-02-21T06:17:23.8746107Z Root directory input is valid!
2026-02-21T06:17:24.5064901Z Beginning upload of artifact content to blob storage
2026-02-21T06:17:25.6222198Z Uploaded bytes 84114
2026-02-21T06:17:25.8090615Z Finished uploading artifact content to blob storage!
2026-02-21T06:17:25.8093557Z SHA256 digest of uploaded artifact zip is 7ce53ecd3fcc31c910683b6617e92cea1779b3d1b75640a162bbedaf797a7fa2
2026-02-21T06:17:25.8095285Z Finalizing artifact upload
2026-02-21T06:17:26.0368426Z Artifact diag_full_22251800216_1.zip successfully finalized. Artifact ID 5599937657
2026-02-21T06:17:26.0369446Z Artifact diag_full_22251800216_1 has been successfully uploaded! Final size is 84114 bytes. Artifact ID is 5599937657
2026-02-21T06:17:26.0386649Z Artifact download URL: https://github.com/toki866/ApexTraderAI/actions/runs/22251800216/artifacts/5599937657
2026-02-21T06:17:26.0728906Z ##[group]Run actions/upload-artifact@v4
2026-02-21T06:17:26.0729468Z with:
2026-02-21T06:17:26.0729748Z   name: diagnostics
2026-02-21T06:17:26.0730088Z   if-no-files-found: warn
2026-02-21T06:17:26.0730485Z   path: _diagnostics/**/*
2026-02-21T06:17:26.0730900Z   compression-level: 6
2026-02-21T06:17:26.0731265Z   overwrite: false
2026-02-21T06:17:26.0731633Z   include-hidden-files: false
2026-02-21T06:17:26.0732008Z env:
2026-02-21T06:17:26.0732364Z   REPO_ROOT: C:\work\apex_repo_cache\ApexTraderAI
2026-02-21T06:17:26.0732871Z ##[endgroup]
2026-02-21T06:17:26.3489947Z ##[warning]No files were found with the provided path: _diagnostics/**/*. No artifacts will be uploaded.
2026-02-21T06:17:26.3580637Z Cleaning up orphan processes

----- FILE: actions_logs/run/10_Stage console log in workspace.txt -----
ï»¿2026-02-21T06:17:07.5427786Z ##[group]Run $workspaceTemp = Join-Path $env:GITHUB_WORKSPACE 'temp'
2026-02-21T06:17:07.5428406Z [36;1m$workspaceTemp = Join-Path $env:GITHUB_WORKSPACE 'temp'[0m
2026-02-21T06:17:07.5428874Z [36;1m$null = New-Item -Path $workspaceTemp -ItemType Directory -Force[0m
2026-02-21T06:17:07.5429461Z [36;1m$consoleLog = Join-Path $env:RUNNER_TEMP 'run_all_local_then_copy_console.log'[0m
2026-02-21T06:17:07.5430072Z [36;1m$workspaceConsoleLog = Join-Path $workspaceTemp 'run_all_local_then_copy_console.log'[0m
2026-02-21T06:17:07.5430656Z [36;1mif (Test-Path $consoleLog) {[0m
2026-02-21T06:17:07.5431271Z [36;1m  Copy-Item -Path $consoleLog -Destination $workspaceConsoleLog -Force[0m
2026-02-21T06:17:07.5431768Z [36;1m  Write-Host "Staged console log: $workspaceConsoleLog"[0m
2026-02-21T06:17:07.5432093Z [36;1m} else {[0m
2026-02-21T06:17:07.5432377Z [36;1m  Write-Warning "Console log not found at: $consoleLog"[0m
2026-02-21T06:17:07.5432690Z [36;1m  @([0m
2026-02-21T06:17:07.5432953Z [36;1m    '[WARN] Console log was not generated by BAT execution.',[0m
2026-02-21T06:17:07.5433506Z [36;1m    '[WARN] Never finish a workflow run without leaving a readable log artifact.',[0m
2026-02-21T06:17:07.5434104Z [36;1m    ('[WARN] generated_at={0}' -f (Get-Date -Format 'yyyy-MM-dd HH:mm:ss zzz'))[0m
2026-02-21T06:17:07.5434609Z [36;1m  ) | Set-Content -Path $workspaceConsoleLog -Encoding UTF8[0m
2026-02-21T06:17:07.5435074Z [36;1m  Write-Host "Created fallback console log: $workspaceConsoleLog"[0m
2026-02-21T06:17:07.5435450Z [36;1m}[0m
2026-02-21T06:17:07.5455838Z shell: C:\Windows\System32\WindowsPowerShell\v1.0\powershell.EXE -NoProfile -ExecutionPolicy Bypass -Command "{0}"
2026-02-21T06:17:07.5456835Z env:
2026-02-21T06:17:07.5457187Z   REPO_ROOT: C:\work\apex_repo_cache\ApexTraderAI
2026-02-21T06:17:07.5457686Z ##[endgroup]
2026-02-21T06:17:07.8137543Z Staged console log: C:\Users\becky\OneDrive\ãƒ‡ã‚¹ã‚¯ãƒˆãƒƒãƒ—\Python\apex-trader-ai\actions-runner\_work\ApexTraderAI\ApexTraderAI\temp\run_all_local_then_copy_console.log

----- FILE: actions_logs/run/11_Append error tails to ONE_TAP (always).txt -----
ï»¿2026-02-21T06:17:07.8502062Z ##[group]Run $ErrorActionPreference = 'Continue'
2026-02-21T06:17:07.8502558Z [36;1m$ErrorActionPreference = 'Continue'[0m
2026-02-21T06:17:07.8502907Z [36;1m[0m
2026-02-21T06:17:07.8503237Z [36;1m$report = Join-Path $env:GITHUB_WORKSPACE 'temp\ONE_TAP_ERROR_REPORT.txt'[0m
2026-02-21T06:17:07.8503652Z [36;1mif (!(Test-Path $report)) {[0m
2026-02-21T06:17:07.8504083Z [36;1m  New-Item -Path (Split-Path $report -Parent) -ItemType Directory -Force | Out-Null[0m
2026-02-21T06:17:07.8504701Z [36;1m  '[WARN] ONE_TAP report missing; created.' | Set-Content -Path $report -Encoding UTF8[0m
2026-02-21T06:17:07.8505177Z [36;1m}[0m
2026-02-21T06:17:07.8505349Z [36;1m[0m
2026-02-21T06:17:07.8505550Z [36;1mAdd-Content $report ""[0m
2026-02-21T06:17:07.8505841Z [36;1mAdd-Content $report "[STEP] append_error_tails"[0m
2026-02-21T06:17:07.8506358Z [36;1mAdd-Content $report ("timestamp={0}" -f (Get-Date -Format 'yyyy-MM-dd HH:mm:ss zzz'))[0m
2026-02-21T06:17:07.8506774Z [36;1m[0m
2026-02-21T06:17:07.8507042Z [36;1m# python env snapshot (to compare with local)[0m
2026-02-21T06:17:07.8507389Z [36;1mAdd-Content $report "---- python_env ----"[0m
2026-02-21T06:17:07.8507940Z [36;1mtry { (& where.exe python 2>&1) | Add-Content $report } catch { ($_ | Out-String) | Add-Content $report }[0m
2026-02-21T06:17:07.8508651Z [36;1mtry { (& python --version 2>&1) | Add-Content $report } catch { ($_ | Out-String) | Add-Content $report }[0m
2026-02-21T06:17:07.8509491Z [36;1mtry { (& python -c "import sys; print(sys.executable)" 2>&1) | Add-Content $report } catch { ($_ | Out-String) | Add-Content $report }[0m
2026-02-21T06:17:07.8510084Z [36;1m[0m
2026-02-21T06:17:07.8510265Z [36;1m# console log tail[0m
2026-02-21T06:17:07.8510689Z [36;1m$consoleLog = Join-Path $env:RUNNER_TEMP 'run_all_local_then_copy_console.log'[0m
2026-02-21T06:17:07.8511881Z [36;1mAdd-Content $report ("[INFO] console_log={0}" -f $consoleLog)[0m
2026-02-21T06:17:07.8512247Z [36;1mif (Test-Path $consoleLog) {[0m
2026-02-21T06:17:07.8512613Z [36;1m  Add-Content $report "---- console_log_tail (last 350 lines) ----"[0m
2026-02-21T06:17:07.8513224Z [36;1m  (Get-Content $consoleLog -Tail 350 -ErrorAction SilentlyContinue) | Add-Content $report[0m
2026-02-21T06:17:07.8513666Z [36;1m} else {[0m
2026-02-21T06:17:07.8513917Z [36;1m  Add-Content $report "[WARN] console log not found"[0m
2026-02-21T06:17:07.8514223Z [36;1m}[0m
2026-02-21T06:17:07.8514372Z [36;1m[0m
2026-02-21T06:17:07.8514550Z [36;1m# run_*.log tail (best effort)[0m
2026-02-21T06:17:07.8514825Z [36;1m$workRoot = 'C:\work\apex_work\runs'[0m
2026-02-21T06:17:07.8515299Z [36;1m$latestRunDir = Get-ChildItem -Path $workRoot -Directory -ErrorAction SilentlyContinue |[0m
2026-02-21T06:17:07.8515936Z [36;1m  Sort-Object LastWriteTime -Descending | Select-Object -First 1[0m
2026-02-21T06:17:07.8516405Z [36;1mAdd-Content $report ("[INFO] work_root={0}" -f $workRoot)[0m
2026-02-21T06:17:07.8516750Z [36;1mif ($latestRunDir) {[0m
2026-02-21T06:17:07.8517114Z [36;1m  Add-Content $report ("[INFO] latest_run_dir={0}" -f $latestRunDir.FullName)[0m
2026-02-21T06:17:07.8517955Z [36;1m  $latestRunLog = Get-ChildItem -Path (Join-Path $latestRunDir.FullName 'logs') -Filter 'run_*.log' -File -ErrorAction SilentlyContinue |[0m
2026-02-21T06:17:07.8518722Z [36;1m    Sort-Object LastWriteTime -Descending | Select-Object -First 1[0m
2026-02-21T06:17:07.8519107Z [36;1m  if ($latestRunLog) {[0m
2026-02-21T06:17:07.8519462Z [36;1m    Add-Content $report ("[INFO] run_log={0}" -f $latestRunLog.FullName)[0m
2026-02-21T06:17:07.8519933Z [36;1m    Add-Content $report "---- run_log_tail (last 350 lines) ----"[0m
2026-02-21T06:17:07.8520536Z [36;1m    (Get-Content $latestRunLog.FullName -Tail 350 -ErrorAction SilentlyContinue) | Add-Content $report[0m
2026-02-21T06:17:07.8521087Z [36;1m  } else {[0m
2026-02-21T06:17:07.8521436Z [36;1m    Add-Content $report "[WARN] run_*.log not found under latest_run_dir\logs"[0m
2026-02-21T06:17:07.8523194Z [36;1m  }[0m
2026-02-21T06:17:07.8523352Z [36;1m} else {[0m
2026-02-21T06:17:07.8523632Z [36;1m  Add-Content $report "[WARN] no run_dir found under work_root"[0m
2026-02-21T06:17:07.8523961Z [36;1m}[0m
2026-02-21T06:17:07.8524119Z [36;1m[0m
2026-02-21T06:17:07.8524283Z [36;1m$global:LASTEXITCODE = 0[0m
2026-02-21T06:17:07.8524514Z [36;1mexit 0[0m
2026-02-21T06:17:07.8542923Z shell: C:\Windows\System32\WindowsPowerShell\v1.0\powershell.EXE -NoProfile -ExecutionPolicy Bypass -Command "{0}"
2026-02-21T06:17:07.8543474Z env:
2026-02-21T06:17:07.8543692Z   REPO_ROOT: C:\work\apex_repo_cache\ApexTraderAI
2026-02-21T06:17:07.8543972Z ##[endgroup]

----- FILE: actions_logs/run/12_Package diagnostics to OneDrive (always).txt -----
ï»¿2026-02-21T06:17:08.7356672Z ##[group]Run $ErrorActionPreference = 'Stop'
2026-02-21T06:17:08.7361250Z [36;1m$ErrorActionPreference = 'Stop'[0m
2026-02-21T06:17:08.7361780Z [36;1m$diagScript = Join-Path $env:REPO_ROOT 'scripts\package_diagnostics_to_onedrive.ps1'[0m
2026-02-21T06:17:08.7366176Z [36;1m$reportPath = Join-Path $env:GITHUB_WORKSPACE 'temp\ONE_TAP_ERROR_REPORT.txt'[0m
2026-02-21T06:17:08.7366598Z [36;1m[0m
2026-02-21T06:17:08.7368874Z [36;1mAdd-Content -Path $reportPath -Value @([0m
2026-02-21T06:17:08.7369224Z [36;1m  '[STEP] package_diagnostics_to_onedrive',[0m
2026-02-21T06:17:08.7371701Z [36;1m  ('[INFO] diag_script={0}' -f $diagScript)[0m
2026-02-21T06:17:08.7373939Z [36;1m)[0m
2026-02-21T06:17:08.7374187Z [36;1mWrite-Host "Diagnostics script path: $diagScript"[0m
2026-02-21T06:17:08.7376382Z [36;1m[0m
2026-02-21T06:17:08.7376553Z [36;1m$diagDirCandidates = @()[0m
2026-02-21T06:17:08.7378826Z [36;1mif ($env:OneDrive) {[0m
2026-02-21T06:17:08.7379190Z [36;1m  $diagDirCandidates += (Join-Path $env:OneDrive 'ApexTraderAI\diagnostics')[0m
2026-02-21T06:17:08.7384049Z [36;1m}[0m
2026-02-21T06:17:08.7386095Z [36;1mif ($env:USERPROFILE) {[0m
2026-02-21T06:17:08.7388508Z [36;1m  $diagDirCandidates += (Join-Path $env:USERPROFILE 'OneDrive\ApexTraderAI\diagnostics')[0m
2026-02-21T06:17:08.7428789Z [36;1m}[0m
2026-02-21T06:17:08.7432477Z [36;1m$diagDirCandidates += (Join-Path $env:RUNNER_TEMP 'ApexTraderAI\diagnostics')[0m
2026-02-21T06:17:08.7434731Z [36;1m[0m
2026-02-21T06:17:08.7436809Z [36;1m$selectedDiagDir = $null[0m
2026-02-21T06:17:08.7437144Z [36;1mforeach ($candidate in $diagDirCandidates) {[0m
2026-02-21T06:17:08.7439302Z [36;1m  try {[0m
2026-02-21T06:17:08.7439659Z [36;1m    $null = New-Item -Path $candidate -ItemType Directory -Force -ErrorAction Stop[0m
2026-02-21T06:17:08.7442108Z [36;1m    $selectedDiagDir = $candidate[0m
2026-02-21T06:17:08.7442345Z [36;1m    break[0m
2026-02-21T06:17:08.7444405Z [36;1m  } catch {[0m
2026-02-21T06:17:08.7446690Z [36;1m    Write-Warning "Diagnostics dir candidate unavailable: $candidate ($($_.Exception.Message))"[0m
2026-02-21T06:17:08.7449481Z [36;1m  }[0m
2026-02-21T06:17:08.7449652Z [36;1m}[0m
2026-02-21T06:17:08.7451656Z [36;1m[0m
2026-02-21T06:17:08.7451822Z [36;1mif (-not $selectedDiagDir) {[0m
2026-02-21T06:17:08.7452105Z [36;1m  Add-Content -Path $reportPath -Value @([0m
2026-02-21T06:17:08.7454292Z [36;1m    '[NG] package_diagnostics_to_onedrive',[0m
2026-02-21T06:17:08.7456475Z [36;1m    '[NG] selected diagnostics dir unavailable',[0m
2026-02-21T06:17:08.7456808Z [36;1m    ''[0m
2026-02-21T06:17:08.7456962Z [36;1m  )[0m
2026-02-21T06:17:08.7459241Z [36;1m  throw 'Unable to resolve diagnostics output directory from OneDrive/USERPROFILE/RUNNER_TEMP candidates.'[0m
2026-02-21T06:17:08.7461578Z [36;1m}[0m
2026-02-21T06:17:08.7461727Z [36;1m[0m
2026-02-21T06:17:08.7463862Z [36;1mWrite-Host "Selected diagnostics output dir: $selectedDiagDir"[0m
2026-02-21T06:17:08.7466282Z [36;1m"diag_dir=$selectedDiagDir" | Out-File -FilePath $env:GITHUB_OUTPUT -Encoding utf8 -Append[0m
2026-02-21T06:17:08.7468589Z [36;1m[0m
2026-02-21T06:17:08.7468763Z [36;1mif (Test-Path $diagScript) {[0m
2026-02-21T06:17:08.7471087Z [36;1m  powershell -NoProfile -ExecutionPolicy Bypass -File $diagScript -DiagDir "$selectedDiagDir"[0m
2026-02-21T06:17:08.7471558Z [36;1m  if ($LASTEXITCODE -ne 0) {[0m
2026-02-21T06:17:08.7473819Z [36;1m    Add-Content -Path $reportPath -Value @([0m
2026-02-21T06:17:08.7474124Z [36;1m      '[NG] package_diagnostics_to_onedrive',[0m
2026-02-21T06:17:08.7476267Z [36;1m      ('[NG] exit_code={0}' -f $LASTEXITCODE),[0m
2026-02-21T06:17:08.7476509Z [36;1m      ''[0m
2026-02-21T06:17:08.7478549Z [36;1m    )[0m
2026-02-21T06:17:08.7478817Z [36;1m    Write-Error "Diagnostics script exited with code $LASTEXITCODE"[0m
2026-02-21T06:17:08.7481027Z [36;1m    exit $LASTEXITCODE[0m
2026-02-21T06:17:08.7481214Z [36;1m  }[0m
2026-02-21T06:17:08.7490569Z [36;1m  Add-Content -Path $reportPath -Value @([0m
2026-02-21T06:17:08.7492769Z [36;1m    '[OK] package_diagnostics_to_onedrive',[0m
2026-02-21T06:17:08.7493091Z [36;1m    ('[OK] diag_dir={0}' -f $selectedDiagDir),[0m
2026-02-21T06:17:08.7495230Z [36;1m    ''[0m
2026-02-21T06:17:08.7495388Z [36;1m  )[0m
2026-02-21T06:17:08.7497507Z [36;1m} else {[0m
2026-02-21T06:17:08.7499860Z [36;1m  Add-Content -Path $reportPath -Value @([0m
2026-02-21T06:17:08.7500195Z [36;1m    '[NG] package_diagnostics_to_onedrive',[0m
2026-02-21T06:17:08.7502347Z [36;1m    '[NG] diagnostics script not found',[0m
2026-02-21T06:17:08.7502593Z [36;1m    ''[0m
2026-02-21T06:17:08.7504613Z [36;1m  )[0m
2026-02-21T06:17:08.7504857Z [36;1m  Write-Error "Diagnostics script not found: $diagScript"[0m
2026-02-21T06:17:08.7507368Z [36;1m  exit 1[0m
2026-02-21T06:17:08.7507620Z [36;1m}[0m
2026-02-21T06:17:08.7509809Z [36;1m[0m
2026-02-21T06:17:08.7510020Z [36;1mif ((Get-Item $reportPath).Length -gt 60000) {[0m
2026-02-21T06:17:08.7512265Z [36;1m  $tail = Get-Content -Path $reportPath -Raw[0m
2026-02-21T06:17:08.7517253Z [36;1m  $tail = $tail.Substring([Math]::Max(0, $tail.Length - 60000))[0m
2026-02-21T06:17:08.7519963Z [36;1m  Set-Content -Path $reportPath -Value $tail -Encoding UTF8[0m
2026-02-21T06:17:08.7522347Z [36;1m}[0m
2026-02-21T06:17:08.7605220Z shell: C:\Windows\System32\WindowsPowerShell\v1.0\powershell.EXE -NoProfile -ExecutionPolicy Bypass -Command "{0}"
2026-02-21T06:17:08.7607652Z env:
2026-02-21T06:17:08.7607841Z   REPO_ROOT: C:\work\apex_repo_cache\ApexTraderAI
2026-02-21T06:17:08.7609965Z ##[endgroup]
2026-02-21T06:17:09.0937191Z Diagnostics script path: C:\work\apex_repo_cache\ApexTraderAI\scripts\package_diagnostics_to_onedrive.ps1
2026-02-21T06:17:09.1036270Z Selected diagnostics output dir: C:\Users\becky\OneDrive\ApexTraderAI\diagnostics
2026-02-21T06:17:09.3479617Z runnerDiag=C:\Users\becky\OneDrive\ãƒ‡ã‚¹ã‚¯ãƒˆãƒƒãƒ—\Python\apex-trader-ai\actions-runner\_diag
2026-02-21T06:17:09.3490970Z diagDir=C:\Users\becky\OneDrive\ApexTraderAI\diagnostics
2026-02-21T06:17:09.7527316Z WARNING: Primary diagnostics archive failed: The process cannot access the file 
2026-02-21T06:17:09.7528246Z 'C:\Users\becky\OneDrive\ãƒ‡ã‚¹ã‚¯ãƒˆãƒƒãƒ—\Python\apex-trader-ai\actions-runner\_diag\blocks\adc5a207-187a-4316-9c5b-f0747df8c643_
2026-02-21T06:17:09.7529093Z 07989560-c444-4a08-a32c-c3c720ec6db0.1' because it is being used by another process.
2026-02-21T06:17:09.8747125Z zipPath=C:\Users\becky\OneDrive\ApexTraderAI\diagnostics\diag_22251800216_1_20260221_151709.zip
2026-02-21T06:17:09.8984705Z 
2026-02-21T06:17:09.8985118Z 
2026-02-21T06:17:09.8986699Z     ãƒ‡ã‚£ãƒ¬ã‚¯ãƒˆãƒª: C:\Users\becky\OneDrive\ApexTraderAI\diagnostics
2026-02-21T06:17:09.8986978Z 
2026-02-21T06:17:09.8986983Z 
2026-02-21T06:17:09.8990856Z Mode                 LastWriteTime         Length Name                                                                 
2026-02-21T06:17:09.8991957Z ----                 -------------         ------ ----                                                                 
2026-02-21T06:17:09.8995636Z -a----        2026/02/21     15:17           4846 diag_22251800216_1_20260221_151709.zip                               
2026-02-21T06:17:09.9004064Z -a----        2026/02/21     13:43           4912 diag_22250512578_1_20260221_134327.zip                               
2026-02-21T06:17:09.9021077Z -a----        2026/02/21     11:34           4944 diag_22248695422_1_20260221_113420.zip                               
2026-02-21T06:17:09.9059196Z -a----        2026/02/21     11:09           4759 diag_22248308415_1_20260221_110900.zip                               
2026-02-21T06:17:09.9071816Z -a----        2026/02/21     10:51           4964 diag_22248046183_1_20260221_105148.zip                               
2026-02-21T06:17:09.9072311Z 
2026-02-21T06:17:09.9072319Z 

----- FILE: actions_logs/run/13_Verify diagnostics directory content.txt -----
ï»¿2026-02-21T06:17:09.9632376Z ##[group]Run $ErrorActionPreference = 'Stop'
2026-02-21T06:17:09.9633077Z [36;1m$ErrorActionPreference = 'Stop'[0m
2026-02-21T06:17:09.9633843Z [36;1m$diagDir = 'C:\Users\becky\OneDrive\ApexTraderAI\diagnostics'[0m
2026-02-21T06:17:09.9634341Z [36;1mif (-not $diagDir) {[0m
2026-02-21T06:17:09.9634686Z [36;1m  $diagDir = Join-Path $env:RUNNER_TEMP 'ApexTraderAI\diagnostics'[0m
2026-02-21T06:17:09.9635035Z [36;1m}[0m
2026-02-21T06:17:09.9635484Z [36;1mWrite-Host '=== diagnostics dir listing ==='[0m
2026-02-21T06:17:09.9636134Z [36;1mif (Test-Path $diagDir) {[0m
2026-02-21T06:17:09.9636497Z [36;1m  dir $diagDir[0m
2026-02-21T06:17:09.9636754Z [36;1m} else {[0m
2026-02-21T06:17:09.9637045Z [36;1m  Write-Warning "Diagnostics directory not found: $diagDir"[0m
2026-02-21T06:17:09.9637596Z [36;1m}[0m
2026-02-21T06:17:09.9637834Z [36;1m[0m
2026-02-21T06:17:09.9638535Z [36;1m$latestZip = Get-ChildItem -Path $diagDir -File -Filter 'diag_*.zip' -ErrorAction SilentlyContinue |[0m
2026-02-21T06:17:09.9639567Z [36;1m  Sort-Object LastWriteTime -Descending |[0m
2026-02-21T06:17:09.9640094Z [36;1m  Select-Object -First 1[0m
2026-02-21T06:17:09.9640493Z [36;1m[0m
2026-02-21T06:17:09.9642072Z [36;1mif (-not $latestZip) {[0m
2026-02-21T06:17:09.9642715Z [36;1m  Write-Warning "diag zip missing in $diagDir"[0m
2026-02-21T06:17:09.9644813Z [36;1m  Write-Host 'Hint: package diagnostics step uses OneDrive -> USERPROFILE\\OneDrive -> RUNNER_TEMP fallback. Check step logs for selected path and creation errors.'[0m
2026-02-21T06:17:09.9646013Z [36;1m  exit 0[0m
2026-02-21T06:17:09.9646293Z [36;1m}[0m
2026-02-21T06:17:09.9646535Z [36;1m[0m
2026-02-21T06:17:09.9646853Z [36;1mWrite-Host "latestDiagZip=$($latestZip.FullName)"[0m
2026-02-21T06:17:09.9673151Z shell: C:\Windows\System32\WindowsPowerShell\v1.0\powershell.EXE -NoProfile -ExecutionPolicy Bypass -Command "{0}"
2026-02-21T06:17:09.9673748Z env:
2026-02-21T06:17:09.9673986Z   REPO_ROOT: C:\work\apex_repo_cache\ApexTraderAI
2026-02-21T06:17:09.9674334Z ##[endgroup]
2026-02-21T06:17:10.2240358Z === diagnostics dir listing ===
2026-02-21T06:17:10.2803942Z 
2026-02-21T06:17:10.2804225Z 
2026-02-21T06:17:10.2806365Z     ãƒ‡ã‚£ãƒ¬ã‚¯ãƒˆãƒª: C:\Users\becky\OneDrive\ApexTraderAI\diagnostics
2026-02-21T06:17:10.2806652Z 
2026-02-21T06:17:10.2806658Z 
2026-02-21T06:17:10.2810152Z Mode                 LastWriteTime         Length Name                                                                 
2026-02-21T06:17:10.2811422Z ----                 -------------         ------ ----                                                                 
2026-02-21T06:17:10.2814786Z -a----        2026/02/21     10:51           4964 diag_22248046183_1_20260221_105148.zip                               
2026-02-21T06:17:10.2823806Z -a----        2026/02/21     11:09           4759 diag_22248308415_1_20260221_110900.zip                               
2026-02-21T06:17:10.2831444Z -a----        2026/02/21     11:34           4944 diag_22248695422_1_20260221_113420.zip                               
2026-02-21T06:17:10.2838639Z -a----        2026/02/21     13:43           4912 diag_22250512578_1_20260221_134327.zip                               
2026-02-21T06:17:10.2845770Z -a----        2026/02/21     15:17           4846 diag_22251800216_1_20260221_151709.zip                               
2026-02-21T06:17:10.3036632Z latestDiagZip=C:\Users\becky\OneDrive\ApexTraderAI\diagnostics\diag_22251800216_1_20260221_151709.zip
2026-02-21T06:17:10.3071988Z 
2026-02-21T06:17:10.3073938Z 

----- FILE: actions_logs/run/15_Resolve latest run artifacts.txt -----
ï»¿2026-02-21T06:17:10.3359237Z ##[group]Run $workRoot = 'C:\work\apex_work\runs'
2026-02-21T06:17:10.3359929Z [36;1m$workRoot = 'C:\work\apex_work\runs'[0m
2026-02-21T06:17:10.3360455Z [36;1m$consoleLog = Join-Path $env:RUNNER_TEMP 'run_all_local_then_copy_console.log'[0m
2026-02-21T06:17:10.3361024Z [36;1m$reportPath = Join-Path $env:GITHUB_WORKSPACE 'temp\ONE_TAP_ERROR_REPORT.txt'[0m
2026-02-21T06:17:10.3361425Z [36;1m[0m
2026-02-21T06:17:10.3361647Z [36;1mAdd-Content -Path $reportPath -Value @([0m
2026-02-21T06:17:10.3361974Z [36;1m  '[STEP] resolve_latest_run_artifacts',[0m
2026-02-21T06:17:10.3362279Z [36;1m  ('[INFO] work_root={0}' -f $workRoot)[0m
2026-02-21T06:17:10.3362557Z [36;1m)[0m
2026-02-21T06:17:10.3362710Z [36;1m[0m
2026-02-21T06:17:10.3362858Z [36;1m$runId = ''[0m
2026-02-21T06:17:10.3363068Z [36;1mif (Test-Path $consoleLog) {[0m
2026-02-21T06:17:10.3363549Z [36;1m  $runIdLine = Select-String -Path $consoleLog -Pattern '^\[OK\] run_id=' | Select-Object -Last 1[0m
2026-02-21T06:17:10.3364089Z [36;1m  if ($runIdLine) {[0m
2026-02-21T06:17:10.3364449Z [36;1m    $runId = ($runIdLine.Line -replace '^\[OK\] run_id=', '').Trim()[0m
2026-02-21T06:17:10.3364798Z [36;1m  }[0m
2026-02-21T06:17:10.3364958Z [36;1m}[0m
2026-02-21T06:17:10.3365107Z [36;1m[0m
2026-02-21T06:17:10.3365260Z [36;1m$runDir = $null[0m
2026-02-21T06:17:10.3365471Z [36;1mif ($runId) {[0m
2026-02-21T06:17:10.3365711Z [36;1m  $candidateDir = Join-Path $workRoot $runId[0m
2026-02-21T06:17:10.3366026Z [36;1m  if (Test-Path $candidateDir) {[0m
2026-02-21T06:17:10.3366308Z [36;1m    $runDir = Get-Item $candidateDir[0m
2026-02-21T06:17:10.3366951Z [36;1m  }[0m
2026-02-21T06:17:10.3367098Z [36;1m}[0m
2026-02-21T06:17:10.3367246Z [36;1m[0m
2026-02-21T06:17:10.3367447Z [36;1mif (-not $runDir -and (Test-Path $workRoot)) {[0m
2026-02-21T06:17:10.3368024Z [36;1m  $runDir = Get-ChildItem -Path $workRoot -Directory | Sort-Object LastWriteTime -Descending | Select-Object -First 1[0m
2026-02-21T06:17:10.3368596Z [36;1m  if ($runDir -and -not $runId) {[0m
2026-02-21T06:17:10.3368841Z [36;1m    $runId = $runDir.Name[0m
2026-02-21T06:17:10.3369054Z [36;1m  }[0m
2026-02-21T06:17:10.3369196Z [36;1m}[0m
2026-02-21T06:17:10.3369349Z [36;1m[0m
2026-02-21T06:17:10.3369497Z [36;1mif ($runId) {[0m
2026-02-21T06:17:10.3369843Z [36;1m  "run_id=$runId" | Out-File -FilePath $env:GITHUB_OUTPUT -Encoding utf8 -Append[0m
2026-02-21T06:17:10.3370253Z [36;1m  Write-Host "Resolved run_id=$runId"[0m
2026-02-21T06:17:10.3370496Z [36;1m} else {[0m
2026-02-21T06:17:10.3370864Z [36;1m  Add-Content -Path $reportPath -Value '[NG] resolve_latest_run_artifacts run_id unresolved'[0m
2026-02-21T06:17:10.3371464Z [36;1m  Write-Warning 'Failed to resolve run_id from console log and latest run folder.'[0m
2026-02-21T06:17:10.3371851Z [36;1m}[0m
2026-02-21T06:17:10.3371991Z [36;1m[0m
2026-02-21T06:17:10.3372147Z [36;1mif ($runDir) {[0m
2026-02-21T06:17:10.3372427Z [36;1m  $logGlob = Join-Path $runDir.FullName 'logs\run_*.log'[0m
2026-02-21T06:17:10.3372871Z [36;1m  $zipPath = Join-Path $runDir.FullName ("run_{0}.zip" -f $runDir.Name)[0m
2026-02-21T06:17:10.3373381Z [36;1m  $runLogPath = Join-Path $runDir.FullName ("logs\run_{0}.log" -f $runDir.Name)[0m
2026-02-21T06:17:10.3373927Z [36;1m  "log_glob=$logGlob" | Out-File -FilePath $env:GITHUB_OUTPUT -Encoding utf8 -Append[0m
2026-02-21T06:17:10.3374520Z [36;1m  "zip_path=$zipPath" | Out-File -FilePath $env:GITHUB_OUTPUT -Encoding utf8 -Append[0m
2026-02-21T06:17:10.3375106Z [36;1m  "run_log_path=$runLogPath" | Out-File -FilePath $env:GITHUB_OUTPUT -Encoding utf8 -Append[0m
2026-02-21T06:17:10.3375735Z [36;1m  "run_dir=$($runDir.FullName)" | Out-File -FilePath $env:GITHUB_OUTPUT -Encoding utf8 -Append[0m
2026-02-21T06:17:10.3376272Z [36;1m  Write-Host "Resolved run directory: $($runDir.FullName)"[0m
2026-02-21T06:17:10.3376882Z [36;1m}[0m
2026-02-21T06:17:10.3377062Z [36;1m[0m
2026-02-21T06:17:10.3377425Z [36;1mif ($runDir) {[0m
2026-02-21T06:17:10.3379474Z [36;1m  Add-Content -Path $reportPath -Value @([0m
2026-02-21T06:17:10.3379805Z [36;1m    '[OK] resolve_latest_run_artifacts',[0m
2026-02-21T06:17:10.3380116Z [36;1m    ('[OK] run_dir={0}' -f $runDir.FullName),[0m
2026-02-21T06:17:10.3380415Z [36;1m    ('[OK] run_id={0}' -f $runId),[0m
2026-02-21T06:17:10.3380647Z [36;1m    ''[0m
2026-02-21T06:17:10.3380812Z [36;1m  )[0m
2026-02-21T06:17:10.3380965Z [36;1m}[0m
2026-02-21T06:17:10.3381127Z [36;1m[0m
2026-02-21T06:17:10.3381338Z [36;1mif ((Get-Item $reportPath).Length -gt 60000) {[0m
2026-02-21T06:17:10.3381693Z [36;1m  $tail = Get-Content -Path $reportPath -Raw[0m
2026-02-21T06:17:10.3382092Z [36;1m  $tail = $tail.Substring([Math]::Max(0, $tail.Length - 60000))[0m
2026-02-21T06:17:10.3382530Z [36;1m  Set-Content -Path $reportPath -Value $tail -Encoding UTF8[0m
2026-02-21T06:17:10.3382865Z [36;1m}[0m
2026-02-21T06:17:10.3401838Z shell: C:\Windows\System32\WindowsPowerShell\v1.0\powershell.EXE -NoProfile -ExecutionPolicy Bypass -Command "{0}"
2026-02-21T06:17:10.3402810Z env:
2026-02-21T06:17:10.3403158Z   REPO_ROOT: C:\work\apex_repo_cache\ApexTraderAI
2026-02-21T06:17:10.3403628Z ##[endgroup]
2026-02-21T06:17:10.6359865Z Resolved run_id=20260221_151549
2026-02-21T06:17:10.6427731Z Resolved run directory: C:\work\apex_work\runs\20260221_151549

----- FILE: actions_logs/run/16_Trim ONE_TAP report size.txt -----
ï»¿2026-02-21T06:17:10.7013144Z ##[group]Run $reportPath = Join-Path $env:GITHUB_WORKSPACE 'temp\ONE_TAP_ERROR_REPORT.txt'
2026-02-21T06:17:10.7014264Z [36;1m$reportPath = Join-Path $env:GITHUB_WORKSPACE 'temp\ONE_TAP_ERROR_REPORT.txt'[0m
2026-02-21T06:17:10.7015282Z [36;1m$maxBytes = 60000[0m
2026-02-21T06:17:10.7015956Z [36;1mif ((Test-Path $reportPath) -and ((Get-Item $reportPath).Length -gt $maxBytes)) {[0m
2026-02-21T06:17:10.7016845Z [36;1m  $tail = Get-Content -Path $reportPath -Raw[0m
2026-02-21T06:17:10.7017697Z [36;1m  $tail = $tail.Substring([Math]::Max(0, $tail.Length - $maxBytes))[0m
2026-02-21T06:17:10.7018339Z [36;1m  Set-Content -Path $reportPath -Value $tail -Encoding UTF8[0m
2026-02-21T06:17:10.7018817Z [36;1m}[0m
2026-02-21T06:17:10.7044096Z shell: C:\Windows\System32\WindowsPowerShell\v1.0\powershell.EXE -NoProfile -ExecutionPolicy Bypass -Command "{0}"
2026-02-21T06:17:10.7045107Z env:
2026-02-21T06:17:10.7045399Z   REPO_ROOT: C:\work\apex_repo_cache\ApexTraderAI
2026-02-21T06:17:10.7045841Z ##[endgroup]

----- FILE: actions_logs/run/17_Stage run artifacts.txt -----
ï»¿2026-02-21T06:17:10.9444556Z ##[group]Run $artifactRoot = Join-Path $env:GITHUB_WORKSPACE 'temp\desktop_artifacts'
2026-02-21T06:17:10.9445720Z [36;1m$artifactRoot = Join-Path $env:GITHUB_WORKSPACE 'temp\desktop_artifacts'[0m
2026-02-21T06:17:10.9446302Z [36;1m$null = New-Item -Path $artifactRoot -ItemType Directory -Force[0m
2026-02-21T06:17:10.9447162Z [36;1m$workspaceLogRoot = Join-Path $env:GITHUB_WORKSPACE 'artifacts\logs'[0m
2026-02-21T06:17:10.9448272Z [36;1m$null = New-Item -Path $workspaceLogRoot -ItemType Directory -Force[0m
2026-02-21T06:17:10.9449143Z [36;1m[0m
2026-02-21T06:17:10.9449744Z [36;1m$reportSource = Join-Path $env:GITHUB_WORKSPACE 'temp\ONE_TAP_ERROR_REPORT.txt'[0m
2026-02-21T06:17:10.9450522Z [36;1m$reportDest = Join-Path $artifactRoot 'ONE_TAP_ERROR_REPORT.txt'[0m
2026-02-21T06:17:10.9450929Z [36;1mif (Test-Path $reportSource) {[0m
2026-02-21T06:17:10.9451300Z [36;1m  Copy-Item -Path $reportSource -Destination $reportDest -Force[0m
2026-02-21T06:17:10.9451650Z [36;1m} else {[0m
2026-02-21T06:17:10.9451870Z [36;1m  @([0m
2026-02-21T06:17:10.9452146Z [36;1m    '[WARN] ONE_TAP_ERROR_REPORT.txt was missing at stage time.',[0m
2026-02-21T06:17:10.9452609Z [36;1m    ('timestamp={0}' -f (Get-Date -Format 'yyyy-MM-dd HH:mm:ss zzz'))[0m
2026-02-21T06:17:10.9453074Z [36;1m  ) | Set-Content -Path $reportDest -Encoding UTF8[0m
2026-02-21T06:17:10.9453381Z [36;1m}[0m
2026-02-21T06:17:10.9453533Z [36;1m[0m
2026-02-21T06:17:10.9453897Z [36;1m$consoleLog = Join-Path $env:GITHUB_WORKSPACE 'temp\run_all_local_then_copy_console.log'[0m
2026-02-21T06:17:10.9454352Z [36;1mif (Test-Path $consoleLog) {[0m
2026-02-21T06:17:10.9455032Z [36;1m  Copy-Item -Path $consoleLog -Destination (Join-Path $artifactRoot 'run_all_local_then_copy_console.log') -Force[0m
2026-02-21T06:17:10.9455551Z [36;1m}[0m
2026-02-21T06:17:10.9455694Z [36;1m[0m
2026-02-21T06:17:10.9455975Z [36;1m$runLog = 'C:\work\apex_work\runs\20260221_151549\logs\run_20260221_151549.log'[0m
2026-02-21T06:17:10.9456414Z [36;1mif ((-not $runLog) -or (-not (Test-Path $runLog))) {[0m
2026-02-21T06:17:10.9456767Z [36;1m  $runDir = 'C:\work\apex_work\runs\20260221_151549'[0m
2026-02-21T06:17:10.9457092Z [36;1m  if ($runDir -and (Test-Path $runDir)) {[0m
2026-02-21T06:17:10.9457896Z [36;1m    $latestRunLog = Get-ChildItem -Path (Join-Path $runDir 'logs') -Filter 'run_*.log' -File -ErrorAction SilentlyContinue | Sort-Object LastWriteTime -Descending | Select-Object -First 1[0m
2026-02-21T06:17:10.9458719Z [36;1m    if ($latestRunLog) {[0m
2026-02-21T06:17:10.9458976Z [36;1m      $runLog = $latestRunLog.FullName[0m
2026-02-21T06:17:10.9459228Z [36;1m    }[0m
2026-02-21T06:17:10.9459386Z [36;1m  }[0m
2026-02-21T06:17:10.9459542Z [36;1m}[0m
2026-02-21T06:17:10.9459682Z [36;1m[0m
2026-02-21T06:17:10.9459872Z [36;1mif ($runLog -and (Test-Path $runLog)) {[0m
2026-02-21T06:17:10.9460196Z [36;1m  $runLogName = Split-Path -Path $runLog -Leaf[0m
2026-02-21T06:17:10.9460662Z [36;1m  Copy-Item -Path $runLog -Destination (Join-Path $artifactRoot $runLogName) -Force[0m
2026-02-21T06:17:10.9461310Z [36;1m  Copy-Item -Path $runLog -Destination (Join-Path $workspaceLogRoot $runLogName) -Force[0m
2026-02-21T06:17:10.9462536Z [36;1m  Write-Host "Staged run log: $runLog"[0m
2026-02-21T06:17:10.9462790Z [36;1m} else {[0m
2026-02-21T06:17:10.9463170Z [36;1m  Write-Warning 'Run log was not found for artifact staging. Uploading console log artifact only.'[0m
2026-02-21T06:17:10.9463612Z [36;1m  @([0m
2026-02-21T06:17:10.9463888Z [36;1m    '[WARN] run_*.log was not found. Artifact includes console log only.',[0m
2026-02-21T06:17:10.9464395Z [36;1m    '[WARN] Never finish a workflow run without leaving a readable log artifact.',[0m
2026-02-21T06:17:10.9464915Z [36;1m    ('[WARN] generated_at={0}' -f (Get-Date -Format 'yyyy-MM-dd HH:mm:ss zzz'))[0m
2026-02-21T06:17:10.9465475Z [36;1m  ) | Set-Content -Path (Join-Path $artifactRoot 'missing_run_log_warning.txt') -Encoding UTF8[0m
2026-02-21T06:17:10.9467559Z [36;1m}[0m
2026-02-21T06:17:10.9467702Z [36;1m[0m
2026-02-21T06:17:10.9467973Z [36;1m$zipPath = 'C:\work\apex_work\runs\20260221_151549\run_20260221_151549.zip'[0m
2026-02-21T06:17:10.9468359Z [36;1mif ($zipPath -and (Test-Path $zipPath)) {[0m
2026-02-21T06:17:10.9468891Z [36;1m  Copy-Item -Path $zipPath -Destination (Join-Path $artifactRoot (Split-Path -Path $zipPath -Leaf)) -Force[0m
2026-02-21T06:17:10.9469348Z [36;1m}[0m
2026-02-21T06:17:10.9469499Z [36;1m[0m
2026-02-21T06:17:10.9469841Z [36;1m"artifact_path=$artifactRoot" | Out-File -FilePath $env:GITHUB_OUTPUT -Encoding utf8 -Append[0m
2026-02-21T06:17:10.9470321Z [36;1mWrite-Host "Staged artifacts under: $artifactRoot"[0m
2026-02-21T06:17:10.9487266Z shell: C:\Windows\System32\WindowsPowerShell\v1.0\powershell.EXE -NoProfile -ExecutionPolicy Bypass -Command "{0}"
2026-02-21T06:17:10.9487771Z env:
2026-02-21T06:17:10.9487990Z   REPO_ROOT: C:\work\apex_repo_cache\ApexTraderAI
2026-02-21T06:17:10.9488243Z ##[endgroup]
2026-02-21T06:17:11.2752720Z Staged run log: C:\work\apex_work\runs\20260221_151549\logs\run_20260221_151549.log
2026-02-21T06:17:11.2844606Z Staged artifacts under: C:\Users\becky\OneDrive\ãƒ‡ã‚¹ã‚¯ãƒˆãƒƒãƒ—\Python\apex-trader-ai\actions-runner\_work\ApexTraderAI\ApexTraderAI\temp\desktop_artifacts

----- FILE: actions_logs/run/18_Upload run artifacts.txt -----
ï»¿2026-02-21T06:17:11.3175776Z ##[group]Run actions/upload-artifact@v4
2026-02-21T06:17:11.3176307Z with:
2026-02-21T06:17:11.3176531Z   name: desktop-run-20260221_151549
2026-02-21T06:17:11.3176778Z   if-no-files-found: warn
2026-02-21T06:17:11.3177339Z   path: C:\Users\becky\OneDrive\ãƒ‡ã‚¹ã‚¯ãƒˆãƒƒãƒ—\Python\apex-trader-ai\actions-runner\_work\ApexTraderAI\ApexTraderAI\temp\desktop_artifacts\**
2026-02-21T06:17:11.3177920Z   compression-level: 6
2026-02-21T06:17:11.3178141Z   overwrite: false
2026-02-21T06:17:11.3178337Z   include-hidden-files: false
2026-02-21T06:17:11.3178572Z env:
2026-02-21T06:17:11.3178769Z   REPO_ROOT: C:\work\apex_repo_cache\ApexTraderAI
2026-02-21T06:17:11.3179034Z ##[endgroup]
2026-02-21T06:17:12.1011777Z With the provided path, there will be 15 files uploaded
2026-02-21T06:17:12.1019597Z Artifact name is valid!
2026-02-21T06:17:12.1023015Z Root directory input is valid!
2026-02-21T06:17:12.6878934Z Beginning upload of artifact content to blob storage
2026-02-21T06:17:15.6355425Z Uploaded bytes 8388608
2026-02-21T06:17:16.2172213Z Uploaded bytes 12137692
2026-02-21T06:17:16.3942025Z Finished uploading artifact content to blob storage!
2026-02-21T06:17:16.3945879Z SHA256 digest of uploaded artifact zip is 4e05c60d55079a491132565789265cf316bd0d0bcb2c308efdb856791c1647f5
2026-02-21T06:17:16.3948287Z Finalizing artifact upload
2026-02-21T06:17:16.6227911Z Artifact desktop-run-20260221_151549.zip successfully finalized. Artifact ID 5599936809
2026-02-21T06:17:16.6229057Z Artifact desktop-run-20260221_151549 has been successfully uploaded! Final size is 12137692 bytes. Artifact ID is 5599936809
2026-02-21T06:17:16.6244778Z Artifact download URL: https://github.com/toki866/ApexTraderAI/actions/runs/22251800216/artifacts/5599936809

----- FILE: actions_logs/run/19_Publish diagnostics to Issue (always).txt -----
ï»¿2026-02-21T06:17:16.6907548Z ##[group]Run actions/github-script@v7
2026-02-21T06:17:16.6907900Z with:
2026-02-21T06:17:16.6911421Z   script: const fs = require('fs');
const path = require('path');

const owner = context.repo.owner;
const repo = context.repo.repo;

const reportPath = path.join(process.env.GITHUB_WORKSPACE, 'temp', 'ONE_TAP_ERROR_REPORT.txt');
let report = fs.existsSync(reportPath)
  ? fs.readFileSync(reportPath, 'utf8')
  : '(missing ONE_TAP_ERROR_REPORT.txt)';

if (report.length > 60000) report = report.slice(-60000);

const runUrl = `${context.serverUrl}/${owner}/${repo}/actions/runs/${context.runId}`;
const title = 'ApexTraderAI Diagnostics (latest)';
const attempt = process.env.GITHUB_RUN_ATTEMPT || '1';
const body = `Run: ${runUrl}\nSHA: ${context.sha}\nAttempt: ${attempt}\n\n\`\`\`text\n${report}\n\`\`\`\n`;

const { data: issues } = await github.rest.issues.listForRepo({
  owner,
  repo,
  state: 'open',
  per_page: 100
});
const existing = issues.find(i => i.title === title);

if (existing) {
  await github.rest.issues.update({ owner, repo, issue_number: existing.number, body });
} else {
  await github.rest.issues.create({ owner, repo, title, body });
}

2026-02-21T06:17:16.6915921Z   github-token: ***
2026-02-21T06:17:16.6916105Z   debug: false
2026-02-21T06:17:16.6916280Z   user-agent: actions/github-script
2026-02-21T06:17:16.6916500Z   result-encoding: json
2026-02-21T06:17:16.6916677Z   retries: 0
2026-02-21T06:17:16.6916868Z   retry-exempt-status-codes: 400,401,403,404,422
2026-02-21T06:17:16.6917108Z env:
2026-02-21T06:17:16.6917287Z   REPO_ROOT: C:\work\apex_repo_cache\ApexTraderAI
2026-02-21T06:17:16.6917536Z ##[endgroup]

----- FILE: actions_logs/run/1_Set up job.txt -----
ï»¿2026-02-21T06:15:39.9786374Z Current runner version: '2.331.0'
2026-02-21T06:15:39.9797928Z Runner name: 'DESKTOP-C54PIIA'
2026-02-21T06:15:39.9798991Z Runner group name: 'Default'
2026-02-21T06:15:39.9799760Z Machine name: 'DESKTOP-C54PIIA'
2026-02-21T06:15:39.9803695Z ##[group]GITHUB_TOKEN Permissions
2026-02-21T06:15:39.9806029Z Actions: read
2026-02-21T06:15:39.9806631Z Contents: write
2026-02-21T06:15:39.9807053Z Issues: write
2026-02-21T06:15:39.9807488Z Metadata: read
2026-02-21T06:15:39.9807883Z ##[endgroup]
2026-02-21T06:15:39.9809879Z Secret source: Actions
2026-02-21T06:15:39.9810547Z Prepare workflow directory
2026-02-21T06:15:40.0461198Z Prepare all required actions
2026-02-21T06:15:40.0500320Z Getting action download info
2026-02-21T06:15:41.2128841Z Download action repository 'actions/upload-artifact@v4' (SHA:ea165f8d65b6e75b540449e92b4886f43607fa02)
2026-02-21T06:15:42.7911353Z Download action repository 'actions/github-script@v7' (SHA:f28e40c7f34bde8b3046d885e986cb6290c5673b)
2026-02-21T06:15:43.7366122Z Complete job name: run

----- FILE: actions_logs/run/20_Publish ONE_TAP report to diag-logs branch.txt -----
ï»¿2026-02-21T06:17:18.4794612Z ##[group]Run $ErrorActionPreference = 'Continue'
2026-02-21T06:17:18.4795081Z [36;1m$ErrorActionPreference = 'Continue'[0m
2026-02-21T06:17:18.4795328Z [36;1m[0m
2026-02-21T06:17:18.4795557Z [36;1m$diagRepo = Join-Path $env:RUNNER_TEMP 'diag_repo'[0m
2026-02-21T06:17:18.4796389Z [36;1mif (Test-Path $diagRepo) { Remove-Item -Path $diagRepo -Recurse -Force }[0m
2026-02-21T06:17:18.4796986Z [36;1m$null = New-Item -Path $diagRepo -ItemType Directory -Force[0m
2026-02-21T06:17:18.4797339Z [36;1mSet-Location $diagRepo[0m
2026-02-21T06:17:18.4797555Z [36;1m[0m
2026-02-21T06:17:18.4797706Z [36;1mgit init[0m
2026-02-21T06:17:18.4797920Z [36;1mgit config user.name 'github-actions[bot]'[0m
2026-02-21T06:17:18.4798729Z [36;1mgit config user.email '41898282+github-actions[bot]@users.noreply.github.com'[0m
2026-02-21T06:17:18.4799774Z [36;1mgit remote add origin "***github.com/toki866/ApexTraderAI.git"[0m
2026-02-21T06:17:18.4800117Z [36;1m[0m
2026-02-21T06:17:18.4800360Z [36;1mcmd /c "git fetch origin diag-logs --depth 1 1>nul 2>nul"[0m
2026-02-21T06:17:18.4800932Z [36;1m$fetchRc = $LASTEXITCODE[0m
2026-02-21T06:17:18.4801345Z [36;1mif ($fetchRc -eq 0) {[0m
2026-02-21T06:17:18.4801676Z [36;1m  git checkout -B diag-logs origin/diag-logs[0m
2026-02-21T06:17:18.4801949Z [36;1m} else {[0m
2026-02-21T06:17:18.4802148Z [36;1m  git checkout --orphan diag-logs[0m
2026-02-21T06:17:18.4802384Z [36;1m}[0m
2026-02-21T06:17:18.4802525Z [36;1m[0m
2026-02-21T06:17:18.4802722Z [36;1m$runsDir = Join-Path $diagRepo 'runs'[0m
2026-02-21T06:17:18.4803172Z [36;1m$null = New-Item -Path $runsDir -ItemType Directory -Force[0m
2026-02-21T06:17:18.4803808Z [36;1m[0m
2026-02-21T06:17:18.4804088Z [36;1m$timestamp = Get-Date -Format 'yyyyMMdd_HHmmss'[0m
2026-02-21T06:17:18.4804509Z [36;1m$shortSha = ('7f5fcbc656c598d0bfbefa1b2a5540b7d725f652').Substring(0, 7)[0m
2026-02-21T06:17:18.4804979Z [36;1m$runFolderName = "${timestamp}_run22251800216_att1_${shortSha}"[0m
2026-02-21T06:17:18.4805373Z [36;1m$runFolder = Join-Path $runsDir $runFolderName[0m
2026-02-21T06:17:18.4806140Z [36;1m$null = New-Item -Path $runFolder -ItemType Directory -Force[0m
2026-02-21T06:17:18.4806593Z [36;1m[0m
2026-02-21T06:17:18.4806903Z [36;1m$oneTapSource = Join-Path $env:GITHUB_WORKSPACE 'temp\ONE_TAP_ERROR_REPORT.txt'[0m
2026-02-21T06:17:18.4807397Z [36;1m$oneTapDest = Join-Path $runFolder 'ONE_TAP_ERROR_REPORT.txt'[0m
2026-02-21T06:17:18.4807948Z [36;1mif (Test-Path $oneTapSource) {[0m
2026-02-21T06:17:18.4808895Z [36;1m  Copy-Item -Path $oneTapSource -Destination $oneTapDest -Force[0m
2026-02-21T06:17:18.4809279Z [36;1m} else {[0m
2026-02-21T06:17:18.4809444Z [36;1m  @([0m
2026-02-21T06:17:18.4809725Z [36;1m    '[WARN] ONE_TAP_ERROR_REPORT.txt was not found in workspace temp.',[0m
2026-02-21T06:17:18.4810182Z [36;1m    ('timestamp={0}' -f (Get-Date -Format 'yyyy-MM-dd HH:mm:ss zzz')),[0m
2026-02-21T06:17:18.4810824Z [36;1m    ('repo=toki866/ApexTraderAI'),[0m
2026-02-21T06:17:18.4811231Z [36;1m    ('run_id=22251800216'),[0m
2026-02-21T06:17:18.4811514Z [36;1m    ('run_attempt=1')[0m
2026-02-21T06:17:18.4811785Z [36;1m  ) | Set-Content -Path $oneTapDest -Encoding UTF8[0m
2026-02-21T06:17:18.4812063Z [36;1m}[0m
2026-02-21T06:17:18.4812206Z [36;1m[0m
2026-02-21T06:17:18.4812411Z [36;1m$latestMdPath = Join-Path $runsDir 'LATEST.md'[0m
2026-02-21T06:17:18.4812684Z [36;1m@([0m
2026-02-21T06:17:18.4812939Z [36;1m  '# Latest ONE_TAP report',[0m
2026-02-21T06:17:18.4813458Z [36;1m  '',[0m
2026-02-21T06:17:18.4813695Z [36;1m  "- folder: $runFolderName",[0m
2026-02-21T06:17:18.4814063Z [36;1m  "- report: ./runs/$runFolderName/ONE_TAP_ERROR_REPORT.txt"[0m
2026-02-21T06:17:18.4814480Z [36;1m) -join "`r`n" | Set-Content -Path $latestMdPath -Encoding UTF8[0m
2026-02-21T06:17:18.4814790Z [36;1m[0m
2026-02-21T06:17:18.4814949Z [36;1mgit add runs[0m
2026-02-21T06:17:18.4815151Z [36;1mif (git diff --cached --quiet) {[0m
2026-02-21T06:17:18.4817201Z [36;1m  Write-Host 'No diagnostics changes to commit.'[0m
2026-02-21T06:17:18.4817487Z [36;1m  exit 0[0m
2026-02-21T06:17:18.4817787Z [36;1m}[0m
2026-02-21T06:17:18.4817950Z [36;1m[0m
2026-02-21T06:17:18.4818221Z [36;1mgit commit -m "diag: add one_tap report $runFolderName"[0m
2026-02-21T06:17:18.4818592Z [36;1mcmd /c "git push origin diag-logs"[0m
2026-02-21T06:17:18.4818869Z [36;1m$pushRc = $LASTEXITCODE[0m
2026-02-21T06:17:18.4819104Z [36;1mif ($pushRc -ne 0) {[0m
2026-02-21T06:17:18.4819558Z [36;1m  Write-Warning ('Failed to push ONE_TAP report to diag-logs branch. git push rc={0}' -f $pushRc)[0m
2026-02-21T06:17:18.4820261Z [36;1m  Write-Warning 'Enable Settings > Actions > Workflow permissions: Read and write permissions'[0m
2026-02-21T06:17:18.4820725Z [36;1m}[0m
2026-02-21T06:17:18.4838375Z shell: C:\Windows\System32\WindowsPowerShell\v1.0\powershell.EXE -NoProfile -ExecutionPolicy Bypass -Command "{0}"
2026-02-21T06:17:18.4838913Z env:
2026-02-21T06:17:18.4839133Z   REPO_ROOT: C:\work\apex_repo_cache\ApexTraderAI
2026-02-21T06:17:18.4839408Z ##[endgroup]
2026-02-21T06:17:18.7554060Z Initialized empty Git repository in C:/Users/becky/OneDrive/ãƒ‡ã‚¹ã‚¯ãƒˆãƒƒãƒ—/Python/apex-trader-ai/actions-runner/_work/_temp/diag_repo/.git/
2026-02-21T06:17:20.6678763Z Switched to a new branch 'diag-logs'
2026-02-21T06:17:20.6679605Z branch 'diag-logs' set up to track 'origin/diag-logs'.
2026-02-21T06:17:20.8675383Z [diag-logs 6edcba8] diag: add one_tap report 20260221_151720_run22251800216_att1_7f5fcbc
2026-02-21T06:17:20.8679717Z  2 files changed, 4 insertions(+), 4 deletions(-)
2026-02-21T06:17:20.8682136Z  create mode 100644 runs/20260221_151720_run22251800216_att1_7f5fcbc/ONE_TAP_ERROR_REPORT.txt
2026-02-21T06:17:22.3024053Z To https://github.com/toki866/ApexTraderAI.git
2026-02-21T06:17:22.3024529Z    23a01e2..6edcba8  diag-logs -> diag-logs

----- FILE: actions_logs/run/21_Collect diagnostics.txt -----
ï»¿2026-02-21T06:17:22.3341631Z ##[group]Run $ErrorActionPreference = 'Stop'
2026-02-21T06:17:22.3342118Z [36;1m$ErrorActionPreference = 'Stop'[0m
2026-02-21T06:17:22.3342367Z [36;1m[0m
2026-02-21T06:17:22.3342532Z [36;1mfunction Mask-Secrets {[0m
2026-02-21T06:17:22.3342762Z [36;1m  param([string]$Text)[0m
2026-02-21T06:17:22.3342964Z [36;1m[0m
2026-02-21T06:17:22.3343191Z [36;1m  if ([string]::IsNullOrEmpty($Text)) { return $Text }[0m
2026-02-21T06:17:22.3343490Z [36;1m[0m
2026-02-21T06:17:22.3343663Z [36;1m  $masked = $Text[0m
2026-02-21T06:17:22.3344064Z [36;1m  $masked = [regex]::Replace($masked, 'github_pat_[A-Za-z0-9_]{20,}', 'github_pat_***MASKED***')[0m
2026-02-21T06:17:22.3344864Z [36;1m  $masked = [regex]::Replace($masked, 'gh[pousr]_[A-Za-z0-9_]{20,}', 'gh***_***MASKED***')[0m
2026-02-21T06:17:22.3345483Z [36;1m  $masked = [regex]::Replace($masked, '(?im)\b(token|password|secret)\b\s*[:=]\s*\S+', '$1=***MASKED***')[0m
2026-02-21T06:17:22.3345928Z [36;1m  return $masked[0m
2026-02-21T06:17:22.3346155Z [36;1m}[0m
2026-02-21T06:17:22.3346304Z [36;1m[0m
2026-02-21T06:17:22.3346478Z [36;1mfunction Get-MaskedTail {[0m
2026-02-21T06:17:22.3346713Z [36;1m  param([0m
2026-02-21T06:17:22.3346891Z [36;1m    [string]$Path,[0m
2026-02-21T06:17:22.3347100Z [36;1m    [int]$Tail = 200[0m
2026-02-21T06:17:22.3347292Z [36;1m  )[0m
2026-02-21T06:17:22.3347436Z [36;1m[0m
2026-02-21T06:17:22.3347677Z [36;1m  if (-not (Test-Path $Path)) { return "(not found) $Path" }[0m
2026-02-21T06:17:22.3348186Z [36;1m  $raw = (Get-Content -Path $Path -Tail $Tail -ErrorAction SilentlyContinue) -join "`r`n"[0m
2026-02-21T06:17:22.3348637Z [36;1m  return (Mask-Secrets -Text $raw)[0m
2026-02-21T06:17:22.3348887Z [36;1m}[0m
2026-02-21T06:17:22.3349031Z [36;1m[0m
2026-02-21T06:17:22.3349237Z [36;1m$diagOut = Join-Path $env:RUNNER_TEMP 'diag_out'[0m
2026-02-21T06:17:22.3349614Z [36;1m$null = New-Item -Path $diagOut -ItemType Directory -Force[0m
2026-02-21T06:17:22.3349928Z [36;1m[0m
2026-02-21T06:17:22.3350097Z [36;1m$ws = $env:GITHUB_WORKSPACE[0m
2026-02-21T06:17:22.3350415Z [36;1m$runnerRoot = (Resolve-Path (Join-Path $ws '..\..\..')).Path[0m
2026-02-21T06:17:22.3350793Z [36;1m$runnerDiag = Join-Path $runnerRoot '_diag'[0m
2026-02-21T06:17:22.3351068Z [36;1m$runId = '22251800216'[0m
2026-02-21T06:17:22.3351278Z [36;1m$runAttempt = '1'[0m
2026-02-21T06:17:22.3351554Z [36;1m$sha = '7f5fcbc656c598d0bfbefa1b2a5540b7d725f652'[0m
2026-02-21T06:17:22.3351848Z [36;1m$branch = 'main'[0m
2026-02-21T06:17:22.3352063Z [36;1m$repo = 'toki866/ApexTraderAI'[0m
2026-02-21T06:17:22.3352371Z [36;1m$artifactName = "diag_full_${runId}_${runAttempt}"[0m
2026-02-21T06:17:22.3352655Z [36;1m[0m
2026-02-21T06:17:22.3352819Z [36;1m$latestRunnerLog = $null[0m
2026-02-21T06:17:22.3353054Z [36;1m$latestWorkerLog = $null[0m
2026-02-21T06:17:22.3353292Z [36;1mif (Test-Path $runnerDiag) {[0m
2026-02-21T06:17:22.3354068Z [36;1m  $latestRunnerLog = Get-ChildItem -Path $runnerDiag -Filter 'Runner_*.log' -File -ErrorAction SilentlyContinue | Sort-Object LastWriteTime -Descending | Select-Object -First 1[0m
2026-02-21T06:17:22.3355328Z [36;1m  $latestWorkerLog = Get-ChildItem -Path $runnerDiag -Filter 'Worker_*.log' -File -ErrorAction SilentlyContinue | Sort-Object LastWriteTime -Descending | Select-Object -First 1[0m
2026-02-21T06:17:22.3356057Z [36;1m}[0m
2026-02-21T06:17:22.3356214Z [36;1m[0m
2026-02-21T06:17:22.3356522Z [36;1m$workflowLog = Join-Path $env:RUNNER_TEMP 'run_all_local_then_copy_console.log'[0m
2026-02-21T06:17:22.3357075Z [36;1m$runLogPath = 'C:\work\apex_work\runs\20260221_151549\logs\run_20260221_151549.log'[0m
2026-02-21T06:17:22.3357569Z [36;1m$stepSummaryGlob = Join-Path $env:RUNNER_TEMP 'step_summary_*'[0m
2026-02-21T06:17:22.3358110Z [36;1m$oneTapReportWorkspace = Join-Path $env:GITHUB_WORKSPACE 'temp\ONE_TAP_ERROR_REPORT.txt'[0m
2026-02-21T06:17:22.3358537Z [36;1m[0m
2026-02-21T06:17:22.3359045Z [36;1mif ($latestRunnerLog) { Copy-Item -Path $latestRunnerLog.FullName -Destination (Join-Path $diagOut $latestRunnerLog.Name) -Force }[0m
2026-02-21T06:17:22.3361332Z [36;1mif ($latestWorkerLog) { Copy-Item -Path $latestWorkerLog.FullName -Destination (Join-Path $diagOut $latestWorkerLog.Name) -Force }[0m
2026-02-21T06:17:22.3362231Z [36;1mif (Test-Path $workflowLog) { Copy-Item -Path $workflowLog -Destination (Join-Path $diagOut 'workflow_console.log') -Force }[0m
2026-02-21T06:17:22.3363174Z [36;1mif ($runLogPath -and (Test-Path $runLogPath)) { Copy-Item -Path $runLogPath -Destination (Join-Path $diagOut (Split-Path $runLogPath -Leaf)) -Force }[0m
2026-02-21T06:17:22.3364373Z [36;1mif (Test-Path $oneTapReportWorkspace) { Copy-Item -Path $oneTapReportWorkspace -Destination (Join-Path $diagOut 'ONE_TAP_ERROR_REPORT.txt') -Force }[0m
2026-02-21T06:17:22.3365238Z [36;1mGet-ChildItem -Path $stepSummaryGlob -File -ErrorAction SilentlyContinue | ForEach-Object {[0m
2026-02-21T06:17:22.3365850Z [36;1m  Copy-Item -Path $_.FullName -Destination (Join-Path $diagOut $_.Name) -Force[0m
2026-02-21T06:17:22.3366238Z [36;1m}[0m
2026-02-21T06:17:22.3366394Z [36;1m[0m
2026-02-21T06:17:22.3366589Z [36;1mforeach ($subDir in @('pages', 'blocks')) {[0m
2026-02-21T06:17:22.3366900Z [36;1m  $src = Join-Path $runnerDiag $subDir[0m
2026-02-21T06:17:22.3367174Z [36;1m  if (Test-Path $src) {[0m
2026-02-21T06:17:22.3367563Z [36;1m    Copy-Item -Path $src -Destination (Join-Path $diagOut $subDir) -Recurse -Force[0m
2026-02-21T06:17:22.3367956Z [36;1m  }[0m
2026-02-21T06:17:22.3368106Z [36;1m}[0m
2026-02-21T06:17:22.3368254Z [36;1m[0m
2026-02-21T06:17:22.3368761Z [36;1m$runnerTailText = if ($latestRunnerLog) { Get-MaskedTail -Path $latestRunnerLog.FullName -Tail 200 } else { '(runner diag not found)' }[0m
2026-02-21T06:17:22.3369687Z [36;1m$workflowTailText = if (Test-Path $workflowLog) { Get-MaskedTail -Path $workflowLog -Tail 200 } else { '(workflow log not found)' }[0m
2026-02-21T06:17:22.3370237Z [36;1m[0m
2026-02-21T06:17:22.3370458Z [36;1m$summaryPath = Join-Path $diagOut 'summary.md'[0m
2026-02-21T06:17:22.3370745Z [36;1m$summary = @([0m
2026-02-21T06:17:22.3370945Z [36;1m  '# Diagnostics Summary',[0m
2026-02-21T06:17:22.3371168Z [36;1m  '',[0m
2026-02-21T06:17:22.3371334Z [36;1m  "- repo: $repo",[0m
2026-02-21T06:17:22.3371545Z [36;1m  "- branch: $branch",[0m
2026-02-21T06:17:22.3371768Z [36;1m  "- sha: $sha",[0m
2026-02-21T06:17:22.3371965Z [36;1m  "- run_id: $runId",[0m
2026-02-21T06:17:22.3372181Z [36;1m  "- attempt: $runAttempt",[0m
2026-02-21T06:17:22.3372442Z [36;1m  "- failing_step: $env:FAILING_STEP",[0m
2026-02-21T06:17:22.3372735Z [36;1m  "- artifact_name: $artifactName",[0m
2026-02-21T06:17:22.3373045Z [36;1m  '- one_tap_report: See ONE_TAP_ERROR_REPORT.txt',[0m
2026-02-21T06:17:22.3373332Z [36;1m  '',[0m
2026-02-21T06:17:22.3373553Z [36;1m  '## runner_diag_tail (last 200 lines)',[0m
2026-02-21T06:17:22.3373801Z [36;1m  '```text',[0m
2026-02-21T06:17:22.3373995Z [36;1m  $runnerTailText,[0m
2026-02-21T06:17:22.3374196Z [36;1m  '```',[0m
2026-02-21T06:17:22.3374352Z [36;1m  '',[0m
2026-02-21T06:17:22.3374540Z [36;1m  '## workflow_tail (last 200 lines)',[0m
2026-02-21T06:17:22.3374788Z [36;1m  '```text',[0m
2026-02-21T06:17:22.3374971Z [36;1m  $workflowTailText,[0m
2026-02-21T06:17:22.3375177Z [36;1m  '```'[0m
2026-02-21T06:17:22.3375344Z [36;1m) -join "`r`n"[0m
2026-02-21T06:17:22.3375569Z [36;1m$summary = Mask-Secrets -Text $summary[0m
2026-02-21T06:17:22.3375935Z [36;1mSet-Content -Path $summaryPath -Value $summary -Encoding UTF8[0m
2026-02-21T06:17:22.3376275Z [36;1m[0m
2026-02-21T06:17:22.3376534Z [36;1m$runnerTailPath = Join-Path $diagOut 'runner_diag_tail.txt'[0m
2026-02-21T06:17:22.3377006Z [36;1mSet-Content -Path $runnerTailPath -Value $runnerTailText -Encoding UTF8[0m
2026-02-21T06:17:22.3377490Z [36;1m$workflowTailPath = Join-Path $diagOut 'workflow_tail.txt'[0m
2026-02-21T06:17:22.3377986Z [36;1mSet-Content -Path $workflowTailPath -Value $workflowTailText -Encoding UTF8[0m
2026-02-21T06:17:22.3378931Z [36;1m[0m
2026-02-21T06:17:22.3379199Z [36;1m$fullZip = Join-Path $env:RUNNER_TEMP ("{0}.zip" -f $artifactName)[0m
2026-02-21T06:17:22.3379632Z [36;1mif (Test-Path $fullZip) { Remove-Item $fullZip -Force }[0m
2026-02-21T06:17:22.3380122Z [36;1mCompress-Archive -Path (Join-Path $diagOut '*') -DestinationPath $fullZip -Force[0m
2026-02-21T06:17:22.3380514Z [36;1m[0m
2026-02-21T06:17:22.3380833Z [36;1m"diag_out=$diagOut" | Out-File -FilePath $env:GITHUB_OUTPUT -Encoding utf8 -Append[0m
2026-02-21T06:17:22.3381557Z [36;1m"diag_summary=$summaryPath" | Out-File -FilePath $env:GITHUB_OUTPUT -Encoding utf8 -Append[0m
2026-02-21T06:17:22.3382209Z [36;1m"diag_runner_tail=$runnerTailPath" | Out-File -FilePath $env:GITHUB_OUTPUT -Encoding utf8 -Append[0m
2026-02-21T06:17:22.3382895Z [36;1m"diag_workflow_tail=$workflowTailPath" | Out-File -FilePath $env:GITHUB_OUTPUT -Encoding utf8 -Append[0m
2026-02-21T06:17:22.3383560Z [36;1m"diag_zip=$fullZip" | Out-File -FilePath $env:GITHUB_OUTPUT -Encoding utf8 -Append[0m
2026-02-21T06:17:22.3384177Z [36;1m"diag_artifact_name=$artifactName" | Out-File -FilePath $env:GITHUB_OUTPUT -Encoding utf8 -Append[0m
2026-02-21T06:17:22.3401922Z shell: C:\Windows\System32\WindowsPowerShell\v1.0\powershell.EXE -NoProfile -ExecutionPolicy Bypass -Command "{0}"
2026-02-21T06:17:22.3402449Z env:
2026-02-21T06:17:22.3402639Z   REPO_ROOT: C:\work\apex_repo_cache\ApexTraderAI
2026-02-21T06:17:22.3402914Z   FAILING_STEP: unknown
2026-02-21T06:17:22.3403103Z ##[endgroup]

----- FILE: actions_logs/run/22_Upload full diagnostics artifact.txt -----
ï»¿2026-02-21T06:17:23.5917188Z ##[group]Run actions/upload-artifact@v4
2026-02-21T06:17:23.5917844Z with:
2026-02-21T06:17:23.5918091Z   name: diag_full_22251800216_1
2026-02-21T06:17:23.5918328Z   if-no-files-found: warn
2026-02-21T06:17:23.5918537Z   retention-days: 7
2026-02-21T06:17:23.5918992Z   path: C:\Users\becky\OneDrive\ãƒ‡ã‚¹ã‚¯ãƒˆãƒƒãƒ—\Python\apex-trader-ai\actions-runner\_work\_temp\diag_full_22251800216_1.zip
2026-02-21T06:17:23.5919506Z   compression-level: 6
2026-02-21T06:17:23.5919704Z   overwrite: false
2026-02-21T06:17:23.5919902Z   include-hidden-files: false
2026-02-21T06:17:23.5920286Z env:
2026-02-21T06:17:23.5920503Z   REPO_ROOT: C:\work\apex_repo_cache\ApexTraderAI
2026-02-21T06:17:23.5920775Z ##[endgroup]
2026-02-21T06:17:23.8697985Z With the provided path, there will be 1 file uploaded
2026-02-21T06:17:23.8731196Z Artifact name is valid!
2026-02-21T06:17:23.8746102Z Root directory input is valid!
2026-02-21T06:17:24.5064873Z Beginning upload of artifact content to blob storage
2026-02-21T06:17:25.6222113Z Uploaded bytes 84114
2026-02-21T06:17:25.8090584Z Finished uploading artifact content to blob storage!
2026-02-21T06:17:25.8093543Z SHA256 digest of uploaded artifact zip is 7ce53ecd3fcc31c910683b6617e92cea1779b3d1b75640a162bbedaf797a7fa2
2026-02-21T06:17:25.8095280Z Finalizing artifact upload
2026-02-21T06:17:26.0368400Z Artifact diag_full_22251800216_1.zip successfully finalized. Artifact ID 5599937657
2026-02-21T06:17:26.0369441Z Artifact diag_full_22251800216_1 has been successfully uploaded! Final size is 84114 bytes. Artifact ID is 5599937657
2026-02-21T06:17:26.0386621Z Artifact download URL: https://github.com/toki866/ApexTraderAI/actions/runs/22251800216/artifacts/5599937657

----- FILE: actions_logs/run/23_Upload diagnostics artifact.txt -----
ï»¿2026-02-21T06:17:26.0728878Z ##[group]Run actions/upload-artifact@v4
2026-02-21T06:17:26.0729463Z with:
2026-02-21T06:17:26.0729743Z   name: diagnostics
2026-02-21T06:17:26.0730083Z   if-no-files-found: warn
2026-02-21T06:17:26.0730482Z   path: _diagnostics/**/*
2026-02-21T06:17:26.0730896Z   compression-level: 6
2026-02-21T06:17:26.0731261Z   overwrite: false
2026-02-21T06:17:26.0731628Z   include-hidden-files: false
2026-02-21T06:17:26.0732003Z env:
2026-02-21T06:17:26.0732359Z   REPO_ROOT: C:\work\apex_repo_cache\ApexTraderAI
2026-02-21T06:17:26.0732867Z ##[endgroup]
2026-02-21T06:17:26.3489923Z ##[warning]No files were found with the provided path: _diagnostics/**/*. No artifacts will be uploaded.

----- FILE: actions_logs/run/24_Complete job.txt -----
ï»¿2026-02-21T06:17:26.3580616Z Cleaning up orphan processes

----- FILE: actions_logs/run/2_Prepare repo in C_work (no OneDrive cleanup).txt -----
ï»¿2026-02-21T06:15:43.8677329Z ##[group]Run $ErrorActionPreference = 'Stop'
2026-02-21T06:15:43.8677951Z [36;1m$ErrorActionPreference = 'Stop'[0m
2026-02-21T06:15:43.8678313Z [36;1mgit config --global core.longpaths true[0m
2026-02-21T06:15:43.8678623Z [36;1m[0m
2026-02-21T06:15:43.8679491Z [36;1m$repoUrl = "***github.com/toki866/ApexTraderAI.git"[0m
2026-02-21T06:15:43.8679897Z [36;1m$cacheRoot = "C:\work\apex_repo_cache"[0m
2026-02-21T06:15:43.8680268Z [36;1m$repoDir = Join-Path $cacheRoot "ApexTraderAI"[0m
2026-02-21T06:15:43.8680588Z [36;1m[0m
2026-02-21T06:15:43.8680901Z [36;1mNew-Item -Path $cacheRoot -ItemType Directory -Force | Out-Null[0m
2026-02-21T06:15:43.8681288Z [36;1m[0m
2026-02-21T06:15:43.8681546Z [36;1mif (!(Test-Path (Join-Path $repoDir ".git"))) {[0m
2026-02-21T06:15:43.8681923Z [36;1m  Write-Host "[repo] cloning to $repoDir"[0m
2026-02-21T06:15:43.8682480Z [36;1m  if (Test-Path $repoDir) { Remove-Item -Path $repoDir -Recurse -Force -ErrorAction SilentlyContinue }[0m
2026-02-21T06:15:43.8683101Z [36;1m  git clone $repoUrl $repoDir[0m
2026-02-21T06:15:43.8683514Z [36;1m  if ($LASTEXITCODE -ne 0) { throw "git clone failed (exit=$LASTEXITCODE)" }[0m
2026-02-21T06:15:43.8683915Z [36;1m} else {[0m
2026-02-21T06:15:43.8684189Z [36;1m  Write-Host "[repo] fetch/reset in $repoDir"[0m
2026-02-21T06:15:43.8684598Z [36;1m  git -C $repoDir remote set-url origin $repoUrl | Out-Null[0m
2026-02-21T06:15:43.8685021Z [36;1m  git -C $repoDir fetch --force --prune origin[0m
2026-02-21T06:15:43.8685505Z [36;1m  if ($LASTEXITCODE -ne 0) { throw "git fetch failed (exit=$LASTEXITCODE)" }[0m
2026-02-21T06:15:43.8685917Z [36;1m}[0m
2026-02-21T06:15:43.8686114Z [36;1m[0m
2026-02-21T06:15:43.8686357Z [36;1mgit -C $repoDir checkout -f $env:GITHUB_SHA[0m
2026-02-21T06:15:43.8686951Z [36;1mif ($LASTEXITCODE -ne 0) { throw "git checkout SHA failed (exit=$LASTEXITCODE)" }[0m
2026-02-21T06:15:43.8687416Z [36;1mgit -C $repoDir reset --hard $env:GITHUB_SHA[0m
2026-02-21T06:15:43.8687869Z [36;1mif ($LASTEXITCODE -ne 0) { throw "git reset SHA failed (exit=$LASTEXITCODE)" }[0m
2026-02-21T06:15:43.8688287Z [36;1mgit -C $repoDir clean -ffdx[0m
2026-02-21T06:15:43.8688683Z [36;1mif ($LASTEXITCODE -ne 0) { throw "git clean failed (exit=$LASTEXITCODE)" }[0m
2026-02-21T06:15:43.8689088Z [36;1m[0m
2026-02-21T06:15:43.8689345Z [36;1mgit config --global --add safe.directory $repoDir[0m
2026-02-21T06:15:43.8689659Z [36;1m[0m
2026-02-21T06:15:43.8689949Z [36;1mAdd-Content -Path $env:GITHUB_ENV -Value "REPO_ROOT=$repoDir"[0m
2026-02-21T06:15:43.8690337Z [36;1mWrite-Host "REPO_ROOT=$repoDir"[0m
2026-02-21T06:15:43.8690776Z [36;1m$headShort = git -C $repoDir rev-parse --short HEAD[0m
2026-02-21T06:15:43.8691119Z [36;1mWrite-Host "HEAD=$headShort"[0m
2026-02-21T06:15:43.8714783Z shell: C:\Windows\System32\WindowsPowerShell\v1.0\powershell.EXE -NoProfile -ExecutionPolicy Bypass -Command "{0}"
2026-02-21T06:15:43.8715843Z env:
2026-02-21T06:15:43.8717426Z   GIT_TERMINAL_PROMPT: 0
2026-02-21T06:15:43.8717697Z ##[endgroup]
2026-02-21T06:15:44.3956155Z [repo] fetch/reset in C:\work\apex_repo_cache\ApexTraderAI
2026-02-21T06:15:45.9602844Z From https://github.com/toki866/ApexTraderAI
2026-02-21T06:15:45.9603425Z    227a689..23a01e2  diag-logs  -> origin/diag-logs
2026-02-21T06:15:45.9603832Z    4bcfe97..7f5fcbc  main       -> origin/main
2026-02-21T06:15:46.0144794Z Previous HEAD position was 4bcfe97 Merge pull request #61 from toki866/codex/fix-workflow-failures-and-improve-robustness
2026-02-21T06:15:46.0145761Z HEAD is now at 7f5fcbc Merge pull request #62 from toki866/codex/fix-github-actions-failure-in-pipeline
2026-02-21T06:15:46.0501370Z HEAD is now at 7f5fcbc Merge pull request #62 from toki866/codex/fix-github-actions-failure-in-pipeline
2026-02-21T06:15:46.0896949Z Removing ai_core/__pycache__/
2026-02-21T06:15:46.0897445Z Removing ai_core/config/__pycache__/
2026-02-21T06:15:46.0898152Z Removing ai_core/services/__pycache__/
2026-02-21T06:15:46.0898726Z Removing ai_core/types/__pycache__/
2026-02-21T06:15:46.0900919Z Removing ai_core/utils/__pycache__/
2026-02-21T06:15:46.0901299Z Removing output/
2026-02-21T06:15:46.0901560Z Removing temp/
2026-02-21T06:15:46.1348313Z REPO_ROOT=C:\work\apex_repo_cache\ApexTraderAI
2026-02-21T06:15:46.1588297Z HEAD=7f5fcbc

----- FILE: actions_logs/run/3_Initialize ONE_TAP error report.txt -----
ï»¿2026-02-21T06:15:46.1906969Z ##[group]Run $ErrorActionPreference = 'Stop'
2026-02-21T06:15:46.1907546Z [36;1m$ErrorActionPreference = 'Stop'[0m
2026-02-21T06:15:46.1907932Z [36;1m$reportDir = Join-Path $env:GITHUB_WORKSPACE 'temp'[0m
2026-02-21T06:15:46.1908511Z [36;1m$null = New-Item -Path $reportDir -ItemType Directory -Force[0m
2026-02-21T06:15:46.1909012Z [36;1m$reportPath = Join-Path $reportDir 'ONE_TAP_ERROR_REPORT.txt'[0m
2026-02-21T06:15:46.1909386Z [36;1m[0m
2026-02-21T06:15:46.1909581Z [36;1m@([0m
2026-02-21T06:15:46.1909812Z [36;1m  '=== ONE TAP ERROR REPORT ===',[0m
2026-02-21T06:15:46.1910242Z [36;1m  ('timestamp={0}' -f (Get-Date -Format 'yyyy-MM-dd HH:mm:ss zzz')),[0m
2026-02-21T06:15:46.1910775Z [36;1m  ('repo=toki866/ApexTraderAI'),[0m
2026-02-21T06:15:46.1911087Z [36;1m  ('ref=refs/heads/main'),[0m
2026-02-21T06:15:46.1911449Z [36;1m  ('sha=7f5fcbc656c598d0bfbefa1b2a5540b7d725f652'),[0m
2026-02-21T06:15:46.1911798Z [36;1m  ('run_id=22251800216'),[0m
2026-02-21T06:15:46.1912081Z [36;1m  ('run_attempt=1'),[0m
2026-02-21T06:15:46.1912392Z [36;1m  ''[0m
2026-02-21T06:15:46.1912700Z [36;1m) | Set-Content -Path $reportPath -Encoding UTF8[0m
2026-02-21T06:15:46.1913110Z [36;1m[0m
2026-02-21T06:15:46.1913398Z [36;1mAdd-Content -Path $reportPath -Value @([0m
2026-02-21T06:15:46.1913762Z [36;1m  '[STEP] initialize_one_tap_report',[0m
2026-02-21T06:15:46.1914085Z [36;1m  '[OK] report initialized',[0m
2026-02-21T06:15:46.1914378Z [36;1m  ('[PATH] {0}' -f $reportPath),[0m
2026-02-21T06:15:46.1914716Z [36;1m  ('[INFO] REPO_ROOT={0}' -f $env:REPO_ROOT),[0m
2026-02-21T06:15:46.1915149Z [36;1m  ('[INFO] HEAD={0}' -f (git -C $env:REPO_ROOT rev-parse --short HEAD)),[0m
2026-02-21T06:15:46.1915615Z [36;1m  ''[0m
2026-02-21T06:15:46.1915842Z [36;1m)[0m
2026-02-21T06:15:46.1935047Z shell: C:\Windows\System32\WindowsPowerShell\v1.0\powershell.EXE -NoProfile -ExecutionPolicy Bypass -Command "{0}"
2026-02-21T06:15:46.1935671Z env:
2026-02-21T06:15:46.1935929Z   REPO_ROOT: C:\work\apex_repo_cache\ApexTraderAI
2026-02-21T06:15:46.1936279Z ##[endgroup]

----- FILE: actions_logs/run/4_Verify scripts directory (post-prepare).txt -----
ï»¿2026-02-21T06:15:46.5768202Z ##[group]Run $ErrorActionPreference='Stop'
2026-02-21T06:15:46.5768983Z [36;1m$ErrorActionPreference='Stop'[0m
2026-02-21T06:15:46.5769278Z [36;1m$repoRoot = $env:REPO_ROOT[0m
2026-02-21T06:15:46.5769531Z [36;1mSet-Location $repoRoot[0m
2026-02-21T06:15:46.5769947Z [36;1mWrite-Host "***"[0m
2026-02-21T06:15:46.5770247Z [36;1mWrite-Host "HEAD=$(git rev-parse --short HEAD)"[0m
2026-02-21T06:15:46.5770589Z [36;1mWrite-Host "=== workspace listing ==="[0m
2026-02-21T06:15:46.5771558Z [36;1mGet-ChildItem -Path $repoRoot | Select-Object Name, FullName | Format-Table -AutoSize[0m
2026-02-21T06:15:46.5773167Z [36;1m$scriptsDir = Join-Path $repoRoot 'scripts'[0m
2026-02-21T06:15:46.5773698Z [36;1mWrite-Host "scripts_dir=$scriptsDir"[0m
2026-02-21T06:15:46.5774556Z [36;1mif (!(Test-Path $scriptsDir)) { throw "scripts directory not found: $scriptsDir" }[0m
2026-02-21T06:15:46.5775465Z [36;1mGet-ChildItem -Path $scriptsDir | Select-Object Name, Length, LastWriteTime | Format-Table -AutoSize[0m
2026-02-21T06:15:46.5800996Z shell: C:\Windows\System32\WindowsPowerShell\v1.0\powershell.EXE -NoProfile -ExecutionPolicy Bypass -Command "{0}"
2026-02-21T06:15:46.5801771Z env:
2026-02-21T06:15:46.5801984Z   REPO_ROOT: C:\work\apex_repo_cache\ApexTraderAI
2026-02-21T06:15:46.5802254Z ##[endgroup]
2026-02-21T06:15:46.8558530Z ***
2026-02-21T06:15:46.8922686Z HEAD=7f5fcbc
2026-02-21T06:15:46.8924900Z === workspace listing ===
2026-02-21T06:15:46.9270894Z 
2026-02-21T06:15:46.9313382Z Name                                               FullName                                                            
2026-02-21T06:15:46.9314690Z ----                                               --------                                                            
2026-02-21T06:15:46.9316019Z .github                                            C:\work\apex_repo_cache\ApexTraderAI\.github                        
2026-02-21T06:15:46.9317006Z ai_core                                            C:\work\apex_repo_cache\ApexTraderAI\ai_core                        
2026-02-21T06:15:46.9317974Z archive                                            C:\work\apex_repo_cache\ApexTraderAI\archive                        
2026-02-21T06:15:46.9318899Z config                                             C:\work\apex_repo_cache\ApexTraderAI\config                         
2026-02-21T06:15:46.9319751Z data                                               C:\work\apex_repo_cache\ApexTraderAI\data                           
2026-02-21T06:15:46.9320761Z docs                                               C:\work\apex_repo_cache\ApexTraderAI\docs                           
2026-02-21T06:15:46.9321846Z engine                                             C:\work\apex_repo_cache\ApexTraderAI\engine                         
2026-02-21T06:15:46.9324536Z scripts                                            C:\work\apex_repo_cache\ApexTraderAI\scripts                        
2026-02-21T06:15:46.9325689Z specs                                              C:\work\apex_repo_cache\ApexTraderAI\specs                          
2026-02-21T06:15:46.9326748Z tools                                              C:\work\apex_repo_cache\ApexTraderAI\tools                          
2026-02-21T06:15:46.9327940Z .gitignore                                         C:\work\apex_repo_cache\ApexTraderAI\.gitignore                     
2026-02-21T06:15:46.9328881Z AGENTS.md                                          C:\work\apex_repo_cache\ApexTraderAI\AGENTS.md                      
2026-02-21T06:15:46.9329944Z auto_trader.py                                     C:\work\apex_repo_cache\ApexTraderAI\auto_trader.py                 
2026-02-21T06:15:46.9330993Z main_v0_6.py                                       C:\work\apex_repo_cache\ApexTraderAI\main_v0_6.py                   
2026-02-21T06:15:46.9331704Z README.md                                          C:\work\apex_repo_cache\ApexTraderAI\README.md                      
2026-02-21T06:15:46.9332443Z requirements.txt                                   C:\work\apex_repo_cache\ApexTraderAI\requirements.txt               
2026-02-21T06:15:46.9335576Z run_stepd_prime.py                                 C:\work\apex_repo_cache\ApexTraderAI\run_stepd_prime.py             
2026-02-21T06:15:46.9336353Z run_steps_a_f_headless.py                          C:\work\apex_repo_cache\ApexTraderAI\run_steps_a_f_headless.py      
2026-02-21T06:15:46.9353376Z run_steps_a_f_headless_safe3_lazy_import.py        C:\work\apex_repo_cache\ApexTraderAI\run_steps_a_f_headless_safe3...
2026-02-21T06:15:46.9361153Z run_steps_a_f_headless_safe4_force_stepb_agents.py C:\work\apex_repo_cache\ApexTraderAI\run_steps_a_f_headless_safe4...
2026-02-21T06:15:46.9362548Z 
2026-02-21T06:15:46.9362573Z 
2026-02-21T06:15:46.9380696Z scripts_dir=C:\work\apex_repo_cache\ApexTraderAI\scripts
2026-02-21T06:15:46.9435146Z 
2026-02-21T06:15:46.9448930Z Name                                Length LastWriteTime      
2026-02-21T06:15:46.9449740Z ----                                ------ -------------      
2026-02-21T06:15:46.9450440Z bat_config.bat                        1651 2026/02/21 10:12:46
2026-02-21T06:15:46.9451322Z copy_run_to_onedrive.bat              1072 2026/02/21 10:12:46
2026-02-21T06:15:46.9452165Z doctor.bat                            1973 2026/02/21 10:12:46
2026-02-21T06:15:46.9453027Z package_diagnostics.ps1                801 2026/02/21 10:12:46
2026-02-21T06:15:46.9453704Z package_diagnostics_to_onedrive.ps1   3248 2026/02/21 10:51:29
2026-02-21T06:15:46.9454418Z run_all_local_then_copy.bat           9168 2026/02/21 13:42:05
2026-02-21T06:15:46.9454711Z 
2026-02-21T06:15:46.9454722Z 

----- FILE: actions_logs/run/5_Debug shells.txt -----
ï»¿2026-02-21T06:15:46.9713722Z ##[group]Run echo RUNNER_OS=%RUNNER_OS%
2026-02-21T06:15:46.9714189Z [36;1mecho RUNNER_OS=%RUNNER_OS%[0m
2026-02-21T06:15:46.9714443Z [36;1mecho === powershell path ===[0m
2026-02-21T06:15:46.9714697Z [36;1mwhere powershell >nul 2>&1[0m
2026-02-21T06:15:46.9714939Z [36;1mif %ERRORLEVEL% EQU 0 ([0m
2026-02-21T06:15:46.9715165Z [36;1m  where powershell[0m
2026-02-21T06:15:46.9715371Z [36;1m) else ([0m
2026-02-21T06:15:46.9715556Z [36;1m  echo powershell_not_found[0m
2026-02-21T06:15:46.9715782Z [36;1m)[0m
2026-02-21T06:15:46.9715960Z [36;1mecho === pwsh path (optional) ===[0m
2026-02-21T06:15:46.9716223Z [36;1mwhere pwsh >nul 2>&1[0m
2026-02-21T06:15:46.9716481Z [36;1mif %ERRORLEVEL% EQU 0 ([0m
2026-02-21T06:15:46.9716735Z [36;1m  pwsh -v[0m
2026-02-21T06:15:46.9716915Z [36;1m) else ([0m
2026-02-21T06:15:46.9717111Z [36;1m  echo pwsh_not_found (OK)[0m
2026-02-21T06:15:46.9717340Z [36;1m)[0m
2026-02-21T06:15:46.9717496Z [36;1mexit /b 0[0m
2026-02-21T06:15:46.9723297Z shell: C:\Windows\system32\cmd.EXE /D /E:ON /V:OFF /S /C "CALL "{0}""
2026-02-21T06:15:46.9723640Z env:
2026-02-21T06:15:46.9723930Z   REPO_ROOT: C:\work\apex_repo_cache\ApexTraderAI
2026-02-21T06:15:46.9724198Z ##[endgroup]
2026-02-21T06:15:46.9914295Z RUNNER_OS=Windows
2026-02-21T06:15:46.9916127Z === powershell path ===
2026-02-21T06:15:47.2378846Z C:\Windows\System32\WindowsPowerShell\v1.0\powershell.exe
2026-02-21T06:15:47.2447582Z === pwsh path (optional) ===
2026-02-21T06:15:47.3635143Z pwsh_not_found (OK

----- FILE: actions_logs/run/6_Debug python environment.txt -----
ï»¿2026-02-21T06:15:47.3763139Z ##[group]Run where python
2026-02-21T06:15:47.3763489Z [36;1mwhere python[0m
2026-02-21T06:15:47.3763705Z [36;1mpython --version[0m
2026-02-21T06:15:47.3763928Z [36;1mecho RUNNER_TEMP=%RUNNER_TEMP%[0m
2026-02-21T06:15:47.3764232Z [36;1mecho GITHUB_WORKSPACE=%GITHUB_WORKSPACE%[0m
2026-02-21T06:15:47.3768608Z shell: C:\Windows\system32\cmd.EXE /D /E:ON /V:OFF /S /C "CALL "{0}""
2026-02-21T06:15:47.3768932Z env:
2026-02-21T06:15:47.3769129Z   REPO_ROOT: C:\work\apex_repo_cache\ApexTraderAI
2026-02-21T06:15:47.3769388Z ##[endgroup]
2026-02-21T06:15:47.5144922Z C:\Users\becky\AppData\Local\Programs\Python\Python310\python.exe
2026-02-21T06:15:47.5451633Z Python 3.10.6
2026-02-21T06:15:47.5461645Z RUNNER_TEMP=C:\Users\becky\OneDrive\ãƒ‡ã‚¹ã‚¯ãƒˆãƒƒãƒ—\Python\apex-trader-ai\actions-runner\_work\_temp
2026-02-21T06:15:47.5490499Z GITHUB_WORKSPACE=C:\Users\becky\OneDrive\ãƒ‡ã‚¹ã‚¯ãƒˆãƒƒãƒ—\Python\apex-trader-ai\actions-runner\_work\ApexTraderAI\ApexTraderAI

----- FILE: actions_logs/run/7_Verify required scripts.txt -----
ï»¿2026-02-21T06:15:47.5622934Z ##[group]Run $ErrorActionPreference = 'Stop'
2026-02-21T06:15:47.5623706Z [36;1m$ErrorActionPreference = 'Stop'[0m
2026-02-21T06:15:47.5624210Z [36;1mSet-Location $env:REPO_ROOT[0m
2026-02-21T06:15:47.5624606Z [36;1m[0m
2026-02-21T06:15:47.5624979Z [36;1m$reportDir = Join-Path $env:REPO_ROOT 'temp'[0m
2026-02-21T06:15:47.5625943Z [36;1m$null = New-Item -Path $reportDir -ItemType Directory -Force[0m
2026-02-21T06:15:47.5626937Z [36;1m$reportPath = Join-Path $reportDir 'ONE_TAP_ERROR_REPORT.txt'[0m
2026-02-21T06:15:47.5627608Z [36;1m[0m
2026-02-21T06:15:47.5628001Z [36;1mAdd-Content -Path $reportPath -Value @([0m
2026-02-21T06:15:47.5628571Z [36;1m  '[STEP] verify_required_scripts',[0m
2026-02-21T06:15:47.5629126Z [36;1m  ('[INFO] REPO_ROOT={0}' -f $env:REPO_ROOT),[0m
2026-02-21T06:15:47.5629798Z [36;1m  ('[INFO] GITHUB_WORKSPACE={0}' -f $env:GITHUB_WORKSPACE),[0m
2026-02-21T06:15:47.5630581Z [36;1m  ('[INFO] ***' -f $PWD),[0m
2026-02-21T06:15:47.5630992Z [36;1m  ''[0m
2026-02-21T06:15:47.5631344Z [36;1m)[0m
2026-02-21T06:15:47.5631593Z [36;1m[0m
2026-02-21T06:15:47.5631961Z [36;1mWrite-Host '=== Verify scripts directory ==='[0m
2026-02-21T06:15:47.5632540Z [36;1mWrite-Host "REPO_ROOT=$env:REPO_ROOT"[0m
2026-02-21T06:15:47.5633129Z [36;1m$headShort = git rev-parse --short HEAD 2>$null[0m
2026-02-21T06:15:47.5633761Z [36;1mif ($LASTEXITCODE -eq 0 -and $headShort) {[0m
2026-02-21T06:15:47.5634688Z [36;1m  Write-Host ("HEAD={0}" -f $headShort.Trim())[0m
2026-02-21T06:15:47.5635225Z [36;1m} else {[0m
2026-02-21T06:15:47.5635777Z [36;1m  Write-Warning 'Unable to resolve HEAD via git rev-parse --short HEAD'[0m
2026-02-21T06:15:47.5636526Z [36;1m}[0m
2026-02-21T06:15:47.5636934Z [36;1mWrite-Host 'git ls-files scripts (best effort):'[0m
2026-02-21T06:15:47.5637513Z [36;1mgit ls-files scripts 2>$null[0m
2026-02-21T06:15:47.5638058Z [36;1m$scriptsDir = Join-Path $env:REPO_ROOT 'scripts'[0m
2026-02-21T06:15:47.5638677Z [36;1mWrite-Host "scripts_dir=$scriptsDir"[0m
2026-02-21T06:15:47.5639260Z [36;1mif (Test-Path $scriptsDir) {[0m
2026-02-21T06:15:47.5640251Z [36;1m  Get-ChildItem -Path $scriptsDir | Select-Object Name, Length, LastWriteTime | Format-Table -AutoSize[0m
2026-02-21T06:15:47.5641170Z [36;1m} else {[0m
2026-02-21T06:15:47.5641633Z [36;1m  Write-Warning "scripts directory not found: $scriptsDir"[0m
2026-02-21T06:15:47.5642228Z [36;1m}[0m
2026-02-21T06:15:47.5642491Z [36;1m[0m
2026-02-21T06:15:47.5642766Z [36;1m$expected = @([0m
2026-02-21T06:15:47.5643342Z [36;1m  (Join-Path $env:REPO_ROOT 'scripts\run_all_local_then_copy.bat'),[0m
2026-02-21T06:15:47.5644177Z [36;1m  (Join-Path $env:REPO_ROOT 'scripts\package_diagnostics.ps1'),[0m
2026-02-21T06:15:47.5645074Z [36;1m  (Join-Path $env:REPO_ROOT 'scripts\package_diagnostics_to_onedrive.ps1')[0m
2026-02-21T06:15:47.5645793Z [36;1m)[0m
2026-02-21T06:15:47.5646059Z [36;1m[0m
2026-02-21T06:15:47.5646356Z [36;1m$missing = @()[0m
2026-02-21T06:15:47.5646753Z [36;1mforeach ($path in $expected) {[0m
2026-02-21T06:15:47.5647159Z [36;1m  if (Test-Path $path) {[0m
2026-02-21T06:15:47.5647548Z [36;1m    Write-Host "[FOUND] $path"[0m
2026-02-21T06:15:47.5647972Z [36;1m  } else {[0m
2026-02-21T06:15:47.5648341Z [36;1m    Write-Warning "[MISSING] $path"[0m
2026-02-21T06:15:47.5648795Z [36;1m    $missing += $path[0m
2026-02-21T06:15:47.5649267Z [36;1m  }[0m
2026-02-21T06:15:47.5649522Z [36;1m}[0m
2026-02-21T06:15:47.5649784Z [36;1m[0m
2026-02-21T06:15:47.5650067Z [36;1m$searchResults = [ordered]@{}[0m
2026-02-21T06:15:47.5651108Z [36;1mforeach ($fileName in @('run_all_local_then_copy.bat', 'package_diagnostics.ps1', 'package_diagnostics_to_onedrive.ps1')) {[0m
2026-02-21T06:15:47.5652691Z [36;1m  $hits = Get-ChildItem -Path $env:REPO_ROOT -Recurse -Filter $fileName -File -ErrorAction SilentlyContinue |[0m
2026-02-21T06:15:47.5653826Z [36;1m    Select-Object -First 5 -ExpandProperty FullName[0m
2026-02-21T06:15:47.5654604Z [36;1m  $searchResults[$fileName] = if ($hits) { $hits } else { @('(no matches)') }[0m
2026-02-21T06:15:47.5657552Z [36;1m}[0m
2026-02-21T06:15:47.5657812Z [36;1m[0m
2026-02-21T06:15:47.5658158Z [36;1mAdd-Content -Path $reportPath -Value @([0m
2026-02-21T06:15:47.5658707Z [36;1m  '## REQUIRED_SCRIPT_CHECK',[0m
2026-02-21T06:15:47.5659997Z [36;1m  ('repo_root={0}' -f $env:REPO_ROOT),[0m
2026-02-21T06:15:47.5660628Z [36;1m  ('scripts_dir_exists={0}' -f (Test-Path $scriptsDir)),[0m
2026-02-21T06:15:47.5661376Z [36;1m  ('scripts_dir={0}' -f $scriptsDir),[0m
2026-02-21T06:15:47.5661835Z [36;1m  '',[0m
2026-02-21T06:15:47.5662129Z [36;1m  '### scripts_dir_listing',[0m
2026-02-21T06:15:47.5662549Z [36;1m  $([0m
2026-02-21T06:15:47.5662877Z [36;1m    if (Test-Path $scriptsDir) {[0m
2026-02-21T06:15:47.5663695Z [36;1m      $listing = Get-ChildItem -Path $scriptsDir | Sort-Object Name | ForEach-Object {[0m
2026-02-21T06:15:47.5664664Z [36;1m        '- {0} | len={1} | mtime={2}' -f $_.Name, $_.Length, $_.LastWriteTime[0m
2026-02-21T06:15:47.5665290Z [36;1m      }[0m
2026-02-21T06:15:47.5665694Z [36;1m      if ($listing) { $listing } else { '- (empty)' }[0m
2026-02-21T06:15:47.5666222Z [36;1m    } else {[0m
2026-02-21T06:15:47.5666622Z [36;1m      '- (scripts directory missing)'[0m
2026-02-21T06:15:47.5667084Z [36;1m    }[0m
2026-02-21T06:15:47.5667370Z [36;1m  ),[0m
2026-02-21T06:15:47.5667637Z [36;1m  '',[0m
2026-02-21T06:15:47.5667923Z [36;1m  '### FOUND',[0m
2026-02-21T06:15:47.5668517Z [36;1m  ($expected | Where-Object { Test-Path $_ } | ForEach-Object { "- $_" }),[0m
2026-02-21T06:15:47.5669144Z [36;1m  '',[0m
2026-02-21T06:15:47.5669429Z [36;1m  '### MISSING',[0m
2026-02-21T06:15:47.5670119Z [36;1m  ($(if ($missing.Count -gt 0) { $missing | ForEach-Object { "- $_" } } else { '- (none)' })),[0m
2026-02-21T06:15:47.5670867Z [36;1m  '',[0m
2026-02-21T06:15:47.5671290Z [36;1m  '### recursive_search_run_all_local_then_copy.bat',[0m
2026-02-21T06:15:47.5672124Z [36;1m  ($searchResults['run_all_local_then_copy.bat'] | ForEach-Object { "- $_" }),[0m
2026-02-21T06:15:47.5672761Z [36;1m  '',[0m
2026-02-21T06:15:47.5673176Z [36;1m  '### recursive_search_package_diagnostics.ps1',[0m
2026-02-21T06:15:47.5673973Z [36;1m  ($searchResults['package_diagnostics.ps1'] | ForEach-Object { "- $_" }),[0m
2026-02-21T06:15:47.5674660Z [36;1m  '',[0m
2026-02-21T06:15:47.5675150Z [36;1m  '### recursive_search_package_diagnostics_to_onedrive.ps1',[0m
2026-02-21T06:15:47.5676096Z [36;1m  ($searchResults['package_diagnostics_to_onedrive.ps1'] | ForEach-Object { "- $_" }),[0m
2026-02-21T06:15:47.5676883Z [36;1m  '',[0m
2026-02-21T06:15:47.5677187Z [36;1m  '## NEXT_ACTION',[0m
2026-02-21T06:15:47.5677786Z [36;1m  '- Open Artifact desktop-run-* and copy ONE_TAP_ERROR_REPORT.txt'[0m
2026-02-21T06:15:47.5678440Z [36;1m)[0m
2026-02-21T06:15:47.5678708Z [36;1m[0m
2026-02-21T06:15:47.5679016Z [36;1mif ($missing.Count -gt 0) {[0m
2026-02-21T06:15:47.5679519Z [36;1m  Add-Content -Path $reportPath -Value @([0m
2026-02-21T06:15:47.5680091Z [36;1m    '[NG] verify_required_scripts',[0m
2026-02-21T06:15:47.5680656Z [36;1m    ('[NG] missing_count={0}' -f $missing.Count),[0m
2026-02-21T06:15:47.5681144Z [36;1m    ''[0m
2026-02-21T06:15:47.5681422Z [36;1m  )[0m
2026-02-21T06:15:47.5681708Z [36;1m} else {[0m
2026-02-21T06:15:47.5682131Z [36;1m  Add-Content -Path $reportPath -Value @([0m
2026-02-21T06:15:47.5682775Z [36;1m    '[OK] verify_required_scripts',[0m
2026-02-21T06:15:47.5683214Z [36;1m    ''[0m
2026-02-21T06:15:47.5683478Z [36;1m  )[0m
2026-02-21T06:15:47.5683731Z [36;1m}[0m
2026-02-21T06:15:47.5684002Z [36;1m[0m
2026-02-21T06:15:47.5684305Z [36;1mif ($missing.Count -gt 0) {[0m
2026-02-21T06:15:47.5684881Z [36;1m  Write-Host '=== Required scripts debug summary ==='[0m
2026-02-21T06:15:47.5685474Z [36;1m  Write-Host "REPO_ROOT=$env:REPO_ROOT"[0m
2026-02-21T06:15:47.5686039Z [36;1m  Write-Host "scriptsDir=$scriptsDir"[0m
2026-02-21T06:15:47.5687701Z [36;1m  if (Test-Path $scriptsDir) {[0m
2026-02-21T06:15:47.5688137Z [36;1m    Write-Host 'scriptsDir listing:'[0m
2026-02-21T06:15:47.5688953Z [36;1m    Get-ChildItem -Path $scriptsDir | Select-Object Name, Length, LastWriteTime | Format-Table -AutoSize[0m
2026-02-21T06:15:47.5689805Z [36;1m  }[0m
2026-02-21T06:15:47.5690427Z [36;1m  foreach ($fileName in $searchResults.Keys) {[0m
2026-02-21T06:15:47.5691030Z [36;1m    Write-Host "search($fileName):"[0m
2026-02-21T06:15:47.5691730Z [36;1m    $searchResults[$fileName] | ForEach-Object { Write-Host "  $_" }[0m
2026-02-21T06:15:47.5692356Z [36;1m  }[0m
2026-02-21T06:15:47.5692874Z [36;1m  $missingNames = $missing | ForEach-Object { Split-Path $_ -Leaf }[0m
2026-02-21T06:15:47.5693927Z [36;1m  throw ("Required scripts missing: {0}" -f (($missingNames | Sort-Object -Unique) -join ', '))[0m
2026-02-21T06:15:47.5694682Z [36;1m}[0m
2026-02-21T06:15:47.5723130Z shell: C:\Windows\System32\WindowsPowerShell\v1.0\powershell.EXE -NoProfile -ExecutionPolicy Bypass -Command "{0}"
2026-02-21T06:15:47.5724160Z env:
2026-02-21T06:15:47.5724534Z   REPO_ROOT: C:\work\apex_repo_cache\ApexTraderAI
2026-02-21T06:15:47.5725056Z ##[endgroup]
2026-02-21T06:15:47.8225681Z === Verify scripts directory ===
2026-02-21T06:15:47.8241646Z REPO_ROOT=C:\work\apex_repo_cache\ApexTraderAI
2026-02-21T06:15:47.8700114Z HEAD=7f5fcbc
2026-02-21T06:15:47.8702489Z git ls-files scripts (best effort):
2026-02-21T06:15:47.8925955Z scripts/bat_config.bat
2026-02-21T06:15:47.8926294Z scripts/copy_run_to_onedrive.bat
2026-02-21T06:15:47.8926544Z scripts/doctor.bat
2026-02-21T06:15:47.8926784Z scripts/package_diagnostics.ps1
2026-02-21T06:15:47.8927072Z scripts/package_diagnostics_to_onedrive.ps1
2026-02-21T06:15:47.8927376Z scripts/run_all_local_then_copy.bat
2026-02-21T06:15:47.8965824Z scripts_dir=C:\work\apex_repo_cache\ApexTraderAI\scripts
2026-02-21T06:15:47.9046429Z 
2026-02-21T06:15:47.9061860Z Name                                Length LastWriteTime      
2026-02-21T06:15:47.9062695Z ----                                ------ -------------      
2026-02-21T06:15:47.9063638Z bat_config.bat                        1651 2026/02/21 10:12:46
2026-02-21T06:15:47.9064331Z copy_run_to_onedrive.bat              1072 2026/02/21 10:12:46
2026-02-21T06:15:47.9065148Z doctor.bat                            1973 2026/02/21 10:12:46
2026-02-21T06:15:47.9065950Z package_diagnostics.ps1                801 2026/02/21 10:12:46
2026-02-21T06:15:47.9066648Z package_diagnostics_to_onedrive.ps1   3248 2026/02/21 10:51:29
2026-02-21T06:15:47.9067507Z run_all_local_then_copy.bat           9168 2026/02/21 13:42:05
2026-02-21T06:15:47.9067776Z 
2026-02-21T06:15:47.9068011Z 
2026-02-21T06:15:47.9079253Z [FOUND] C:\work\apex_repo_cache\ApexTraderAI\scripts\run_all_local_then_copy.bat
2026-02-21T06:15:47.9085838Z [FOUND] C:\work\apex_repo_cache\ApexTraderAI\scripts\package_diagnostics.ps1
2026-02-21T06:15:47.9092092Z [FOUND] C:\work\apex_repo_cache\ApexTraderAI\scripts\package_diagnostics_to_onedrive.ps1

----- FILE: actions_logs/run/8_Runner connectivity and host status.txt -----
ï»¿2026-02-21T06:15:48.0394047Z ##[group]Run Write-Host '=== Runner connectivity / host status ==='
2026-02-21T06:15:48.0394952Z [36;1mWrite-Host '=== Runner connectivity / host status ==='[0m
2026-02-21T06:15:48.0395282Z [36;1mwhoami[0m
2026-02-21T06:15:48.0395466Z [36;1mhostname[0m
2026-02-21T06:15:48.0395704Z [36;1mGet-Date -Format 'yyyy-MM-dd HH:mm:ss zzz'[0m
2026-02-21T06:15:48.0396038Z [36;1mWrite-Host "RUNNER_NAME=$env:RUNNER_NAME"[0m
2026-02-21T06:15:48.0396355Z [36;1mWrite-Host "RUNNER_OS=$env:RUNNER_OS"[0m
2026-02-21T06:15:48.0396671Z [36;1mWrite-Host "RUNNER_ARCH=$env:RUNNER_ARCH"[0m
2026-02-21T06:15:48.0397038Z [36;1mWrite-Host "GITHUB_WORKFLOW=$env:GITHUB_WORKFLOW"[0m
2026-02-21T06:15:48.0397400Z [36;1mWrite-Host "GITHUB_RUN_ID=$env:GITHUB_RUN_ID"[0m
2026-02-21T06:15:48.0397779Z [36;1mGet-Process | Where-Object { $_.Name -like '*Runner*' } |[0m
2026-02-21T06:15:48.0398158Z [36;1m  Select-Object Name, Id, StartTime |[0m
2026-02-21T06:15:48.0398441Z [36;1m  Format-Table -AutoSize[0m
2026-02-21T06:15:48.0417071Z shell: C:\Windows\System32\WindowsPowerShell\v1.0\powershell.EXE -NoProfile -ExecutionPolicy Bypass -Command "{0}"
2026-02-21T06:15:48.0417612Z env:
2026-02-21T06:15:48.0417823Z   REPO_ROOT: C:\work\apex_repo_cache\ApexTraderAI
2026-02-21T06:15:48.0418283Z ##[endgroup]
2026-02-21T06:15:48.2923010Z === Runner connectivity / host status ===
2026-02-21T06:15:48.3100013Z desktop-c54piia\becky
2026-02-21T06:15:48.3231331Z DESKTOP-C54PIIA
2026-02-21T06:15:48.3263334Z 2026-02-21 15:15:48 +09:00
2026-02-21T06:15:48.3278758Z RUNNER_NAME=DESKTOP-C54PIIA
2026-02-21T06:15:48.3283011Z RUNNER_OS=Windows
2026-02-21T06:15:48.3286893Z RUNNER_ARCH=X64
2026-02-21T06:15:48.3290804Z GITHUB_WORKFLOW=Run Desktop Pipeline
2026-02-21T06:15:48.3294550Z GITHUB_RUN_ID=22251800216
2026-02-21T06:15:48.3663163Z 
2026-02-21T06:15:48.3712716Z Name               Id StartTime          
2026-02-21T06:15:48.3713308Z ----               -- ---------          
2026-02-21T06:15:48.3714102Z Runner.Listener 12500 2026/02/21 6:39:02 
2026-02-21T06:15:48.3714747Z Runner.Worker    7588 2026/02/21 15:15:39
2026-02-21T06:15:48.3715774Z RunnerService   12440 2026/02/21 6:39:02 
2026-02-21T06:15:48.3716070Z 
2026-02-21T06:15:48.3716311Z 

----- FILE: actions_logs/run/9_Run desktop BAT.txt -----
ï»¿2026-02-21T06:15:48.4002657Z ##[group]Run $ErrorActionPreference = 'Stop'
2026-02-21T06:15:48.4003333Z [36;1m$ErrorActionPreference = 'Stop'[0m
2026-02-21T06:15:48.4003844Z [36;1mSet-Location $env:REPO_ROOT[0m
2026-02-21T06:15:48.4004324Z [36;1m$consoleLog = Join-Path $env:RUNNER_TEMP 'run_all_local_then_copy_console.log'[0m
2026-02-21T06:15:48.4004896Z [36;1m$reportPath = Join-Path $env:GITHUB_WORKSPACE 'temp\ONE_TAP_ERROR_REPORT.txt'[0m
2026-02-21T06:15:48.4005288Z [36;1m[0m
2026-02-21T06:15:48.4005497Z [36;1mAdd-Content -Path $reportPath -Value @([0m
2026-02-21T06:15:48.4005889Z [36;1m  '[STEP] run_desktop_bat',[0m
2026-02-21T06:15:48.4006168Z [36;1m  ('[INFO] console_log={0}' -f $consoleLog)[0m
2026-02-21T06:15:48.4006432Z [36;1m)[0m
2026-02-21T06:15:48.4006598Z [36;1m$batCandidates = @([0m
2026-02-21T06:15:48.4006925Z [36;1m  (Join-Path $env:REPO_ROOT 'scripts\run_all_local_then_copy.bat')[0m
2026-02-21T06:15:48.4007271Z [36;1m)[0m
2026-02-21T06:15:48.4007584Z [36;1m$bat = $batCandidates | Where-Object { Test-Path $_ } | Select-Object -First 1[0m
2026-02-21T06:15:48.4008084Z [36;1m[0m
2026-02-21T06:15:48.4008347Z [36;1mWrite-Host '=== Run desktop BAT preflight ==='[0m
2026-02-21T06:15:48.4008777Z [36;1mWrite-Host "***"[0m
2026-02-21T06:15:48.4009018Z [36;1mWrite-Host "REPO_ROOT=$env:REPO_ROOT"[0m
2026-02-21T06:15:48.4009366Z [36;1mWrite-Host "GITHUB_WORKSPACE=$env:GITHUB_WORKSPACE"[0m
2026-02-21T06:15:48.4009719Z [36;1mWrite-Host "RUNNER_TEMP=$env:RUNNER_TEMP"[0m
2026-02-21T06:15:48.4010139Z [36;1mGet-ChildItem (Join-Path $env:REPO_ROOT 'scripts') | Select-Object Name[0m
2026-02-21T06:15:48.4010605Z [36;1m& where.exe python 2>$null[0m
2026-02-21T06:15:48.4010973Z [36;1mWrite-Host ("BAT candidate paths: {0}" -f ($batCandidates -join '; '))[0m
2026-02-21T06:15:48.4011340Z [36;1m[0m
2026-02-21T06:15:48.4011493Z [36;1mif (-not $bat) {[0m
2026-02-21T06:15:48.4011748Z [36;1m  Add-Content -Path $reportPath -Value @([0m
2026-02-21T06:15:48.4012037Z [36;1m    '[NG] run_desktop_bat',[0m
2026-02-21T06:15:48.4012300Z [36;1m    '[NG] BAT not found',[0m
2026-02-21T06:15:48.4012515Z [36;1m    ''[0m
2026-02-21T06:15:48.4012678Z [36;1m  )[0m
2026-02-21T06:15:48.4013021Z [36;1m  Write-Error "BAT not found. candidates=$($batCandidates -join '; ')"[0m
2026-02-21T06:15:48.4013417Z [36;1m  exit 1[0m
2026-02-21T06:15:48.4013583Z [36;1m}[0m
2026-02-21T06:15:48.4013725Z [36;1m[0m
2026-02-21T06:15:48.4013895Z [36;1m$bat = (Get-Item $bat).FullName[0m
2026-02-21T06:15:48.4014237Z [36;1mWrite-Host ("Executing BAT full path: {0}" -f $bat)[0m
2026-02-21T06:15:48.4014539Z [36;1m[0m
2026-02-21T06:15:48.4014814Z [36;1m$null = New-Item -Path $consoleLog -ItemType File -Force[0m
2026-02-21T06:15:48.4015313Z [36;1mAdd-Content -Path $consoleLog -Value ("[BAT_FULL_PATH]={0}" -f $bat)[0m
2026-02-21T06:15:48.4015702Z [36;1m[0m
2026-02-21T06:15:48.4015928Z [36;1mWrite-Host '=== Python diagnostics (before BAT) ==='[0m
2026-02-21T06:15:48.4016372Z [36;1m& where.exe python 2>&1 | Tee-Object -FilePath $consoleLog -Append[0m
2026-02-21T06:15:48.4017063Z [36;1m& python --version 2>&1 | Tee-Object -FilePath $consoleLog -Append[0m
2026-02-21T06:15:48.4017461Z [36;1mWrite-Host '=== PATH (before BAT) ==='[0m
2026-02-21T06:15:48.4017804Z [36;1mWrite-Host $env:PATH[0m
2026-02-21T06:15:48.4018140Z [36;1mAdd-Content -Path $consoleLog -Value ('[PATH] ' + $env:PATH)[0m
2026-02-21T06:15:48.4018481Z [36;1m[0m
2026-02-21T06:15:48.4018712Z [36;1m& $bat 2>&1 | Tee-Object -FilePath $consoleLog -Append[0m
2026-02-21T06:15:48.4019041Z [36;1m$rc = $LASTEXITCODE[0m
2026-02-21T06:15:48.4019260Z [36;1mWrite-Host "[RC]=$rc"[0m
2026-02-21T06:15:48.4019569Z [36;1mAdd-Content -Path $consoleLog -Value ("[RC]={0}" -f $rc)[0m
2026-02-21T06:15:48.4019888Z [36;1m[0m
2026-02-21T06:15:48.4020100Z [36;1mif ($rc -ne 0) {[0m
2026-02-21T06:15:48.4020381Z [36;1m  Add-Content -Path $reportPath -Value @([0m
2026-02-21T06:15:48.4020683Z [36;1m    '[NG] run_desktop_bat',[0m
2026-02-21T06:15:48.4022240Z [36;1m    ('[NG] exit_code={0}' -f $rc),[0m
2026-02-21T06:15:48.4022506Z [36;1m    ''[0m
2026-02-21T06:15:48.4022711Z [36;1m  )[0m
2026-02-21T06:15:48.4022946Z [36;1m  Write-Warning "Run desktop BAT failed with rc=$rc"[0m
2026-02-21T06:15:48.4023293Z [36;1m  $workRoot = 'C:\work\apex_work\runs'[0m
2026-02-21T06:15:48.4023556Z [36;1m  $runDir = $null[0m
2026-02-21T06:15:48.4023776Z [36;1m  if (Test-Path $workRoot) {[0m
2026-02-21T06:15:48.4024361Z [36;1m    $runDir = Get-ChildItem -Path $workRoot -Directory | Sort-Object LastWriteTime -Descending | Select-Object -First 1[0m
2026-02-21T06:15:48.4024947Z [36;1m  }[0m
2026-02-21T06:15:48.4025132Z [36;1m[0m
2026-02-21T06:15:48.4025284Z [36;1m  if ($runDir) {[0m
2026-02-21T06:15:48.4025641Z [36;1m    $runLog = Join-Path $runDir.FullName ("logs\run_{0}.log" -f $runDir.Name)[0m
2026-02-21T06:15:48.4026109Z [36;1m    Write-Host ("Latest run_dir={0}" -f $runDir.FullName)[0m
2026-02-21T06:15:48.4026502Z [36;1m    Write-Host ("Expected run_log={0}" -f $runLog)[0m
2026-02-21T06:15:48.4026808Z [36;1m    if (Test-Path $runLog) {[0m
2026-02-21T06:15:48.4027106Z [36;1m      Write-Host '=== tail run_*.log (260 lines) ==='[0m
2026-02-21T06:15:48.4027466Z [36;1m      Get-Content -Path $runLog -Tail 260[0m
2026-02-21T06:15:48.4027752Z [36;1m    } else {[0m
2026-02-21T06:15:48.4028013Z [36;1m      Write-Warning ("run log not found: {0}" -f $runLog)[0m
2026-02-21T06:15:48.4028311Z [36;1m    }[0m
2026-02-21T06:15:48.4028481Z [36;1m  } else {[0m
2026-02-21T06:15:48.4028782Z [36;1m    Write-Warning ("No run directories found under {0}" -f $workRoot)[0m
2026-02-21T06:15:48.4029131Z [36;1m  }[0m
2026-02-21T06:15:48.4029293Z [36;1m  exit $rc[0m
2026-02-21T06:15:48.4029462Z [36;1m}[0m
2026-02-21T06:15:48.4029614Z [36;1m[0m
2026-02-21T06:15:48.4029862Z [36;1mAdd-Content -Path $reportPath -Value @([0m
2026-02-21T06:15:48.4030157Z [36;1m  '[OK] run_desktop_bat',[0m
2026-02-21T06:15:48.4030401Z [36;1m  '[OK] exit_code=0',[0m
2026-02-21T06:15:48.4030609Z [36;1m  ''[0m
2026-02-21T06:15:48.4030758Z [36;1m)[0m
2026-02-21T06:15:48.4030910Z [36;1m[0m
2026-02-21T06:15:48.4031123Z [36;1mif ((Get-Item $reportPath).Length -gt 60000) {[0m
2026-02-21T06:15:48.4031460Z [36;1m  $tail = Get-Content -Path $reportPath -Raw[0m
2026-02-21T06:15:48.4031837Z [36;1m  $tail = $tail.Substring([Math]::Max(0, $tail.Length - 60000))[0m
2026-02-21T06:15:48.4032362Z [36;1m  Set-Content -Path $reportPath -Value $tail -Encoding UTF8[0m
2026-02-21T06:15:48.4032710Z [36;1m}[0m
2026-02-21T06:15:48.4032854Z [36;1m[0m
2026-02-21T06:15:48.4033005Z [36;1mexit 0[0m
2026-02-21T06:15:48.4051167Z shell: C:\Windows\System32\WindowsPowerShell\v1.0\powershell.EXE -NoProfile -ExecutionPolicy Bypass -Command "{0}"
2026-02-21T06:15:48.4051755Z env:
2026-02-21T06:15:48.4051985Z   REPO_ROOT: C:\work\apex_repo_cache\ApexTraderAI
2026-02-21T06:15:48.4052258Z   INPUT_MODE: sim
2026-02-21T06:15:48.4053092Z   INPUT_SYMBOLS: SOXL,SOXS
2026-02-21T06:15:48.4053307Z   INPUT_START: 2014-01-01
2026-02-21T06:15:48.4053507Z   INPUT_END: 2022-03-31
2026-02-21T06:15:48.4053698Z   INPUT_TEST_START: 2022-01-03
2026-02-21T06:15:48.4053981Z   INPUT_TRAIN_YEARS: 8
2026-02-21T06:15:48.4054270Z   INPUT_TEST_MONTHS: 3
2026-02-21T06:15:48.4054491Z   INPUT_COPY_TO_ONEDRIVE: true
2026-02-21T06:15:48.4054706Z   INPUT_STEPS: A,B
2026-02-21T06:15:48.4054870Z   RUN_MODE: sim
2026-02-21T06:15:48.4055036Z   SYMBOLS: SOXL,SOXS
2026-02-21T06:15:48.4055210Z   SYMBOL: SOXL
2026-02-21T06:15:48.4055368Z   STEPS: A,B
2026-02-21T06:15:48.4055522Z   DATA_START: 2014-01-01
2026-02-21T06:15:48.4055712Z   DATA_END: 2022-03-31
2026-02-21T06:15:48.4055887Z   TEST_START: 2022-01-03
2026-02-21T06:15:48.4056077Z   TRAIN_YEARS: 8
2026-02-21T06:15:48.4056247Z   TEST_MONTHS: 3
2026-02-21T06:15:48.4056450Z   WORK_ROOT: C:\work\apex_work\runs
2026-02-21T06:15:48.4056681Z   COPY_TO_ONEDRIVE: 1
2026-02-21T06:15:48.4056868Z   PYTHON_EXE: python
2026-02-21T06:15:48.4057779Z ##[endgroup]
2026-02-21T06:15:48.6973146Z === Run desktop BAT preflight ===
2026-02-21T06:15:48.6990723Z ***
2026-02-21T06:15:48.7004995Z REPO_ROOT=C:\work\apex_repo_cache\ApexTraderAI
2026-02-21T06:15:48.7028333Z GITHUB_WORKSPACE=C:\Users\becky\OneDrive\ãƒ‡ã‚¹ã‚¯ãƒˆãƒƒãƒ—\Python\apex-trader-ai\actions-runner\_work\ApexTraderAI\ApexTraderAI
2026-02-21T06:15:48.7032921Z RUNNER_TEMP=C:\Users\becky\OneDrive\ãƒ‡ã‚¹ã‚¯ãƒˆãƒƒãƒ—\Python\apex-trader-ai\actions-runner\_work\_temp
2026-02-21T06:15:48.7071586Z 
2026-02-21T06:15:48.8406086Z C:\Users\becky\AppData\Local\Programs\Python\Python310\python.exe
2026-02-21T06:15:48.8429400Z BAT candidate paths: C:\work\apex_repo_cache\ApexTraderAI\scripts\run_all_local_then_copy.bat
2026-02-21T06:15:48.8471888Z Executing BAT full path: C:\work\apex_repo_cache\ApexTraderAI\scripts\run_all_local_then_copy.bat
2026-02-21T06:15:48.8506301Z === Python diagnostics (before BAT) ===
2026-02-21T06:15:49.0067052Z === PATH (before BAT) ===
2026-02-21T06:15:49.0074400Z C:\Program Files\Oculus\Support\oculus-runtime;C:\Windows\system32;C:\Windows;C:\Windows\System32\Wbem;C:\Windows\System32\WindowsPowerShell\v1.0\;C:\Windows\System32\OpenSSH\;C:\Program Files (x86)\Intel\Intel(R) Management Engine Components\DAL;C:\Program Files\Intel\Intel(R) Management Engine Components\DAL;C:\Program Files (x86)\NVIDIA Corporation\PhysX\Common;C:\Program Files\NVIDIA Corporation\NVIDIA NvDLISR;C:\Program Files (x86)\QuickTime\QTSystem\;C:\Program Files\Git\cmd;C:\WINDOWS\system32;C:\WINDOWS;C:\WINDOWS\System32\Wbem;C:\WINDOWS\System32\WindowsPowerShell\v1.0\;C:\WINDOWS\System32\OpenSSH\;C:\Users\becky\AppData\Local\Programs\Python\Python310\;C:\ffmpeg\bin\;
2026-02-21T06:15:49.4739842Z Name                               
2026-02-21T06:15:49.4740461Z ----                               
2026-02-21T06:15:49.4741045Z bat_config.bat                     
2026-02-21T06:15:49.4741633Z copy_run_to_onedrive.bat           
2026-02-21T06:15:49.4742202Z doctor.bat                         
2026-02-21T06:15:49.4742808Z package_diagnostics.ps1            
2026-02-21T06:15:49.4743415Z package_diagnostics_to_onedrive.ps1
2026-02-21T06:15:49.4743846Z run_all_local_then_copy.bat        
2026-02-21T06:15:49.4744351Z C:\Users\becky\AppData\Local\Programs\Python\Python310\python.exe
2026-02-21T06:15:49.4744741Z Python 3.10.6
2026-02-21T06:15:49.4744928Z [RC] 
2026-02-21T06:15:49.5498779Z [RC] 
2026-02-21T06:15:49.7816560Z [RC] 
2026-02-21T06:15:49.8771020Z [RC] 
2026-02-21T06:15:49.9694432Z [RC] 
2026-02-21T06:15:52.1100900Z [RC] 
2026-02-21T06:16:54.0392875Z [RC] 
2026-02-21T06:17:06.2501586Z [RC] 
2026-02-21T06:17:06.2948798Z [RC] 
2026-02-21T06:17:07.2618616Z [OK] repo_snapshots already exists: "C:\Users\becky\OneDrive\ApexTraderAI\repo_snapshots"
2026-02-21T06:17:07.4827328Z [RC] 
2026-02-21T06:17:07.4964838Z [OK] run_id=20260221_151549
2026-02-21T06:17:07.4965700Z [OK] local=C:\work\apex_work\runs\20260221_151549
2026-02-21T06:17:07.4967415Z [OK] onedrive=C:\Users\becky\OneDrive\ApexTraderAI\runs\20260221_151549
2026-02-21T06:17:07.5012552Z [RC]=0
2026-02-21T06:17:07.5102613Z 
2026-02-21T06:17:07.5105318Z 

----- FILE: actions_logs/run/system.txt -----
2026-02-21T06:15:35.7520000Z Evaluating run.if
2026-02-21T06:15:35.7520000Z Evaluating: success()
2026-02-21T06:15:35.7520000Z Result: true
2026-02-21T06:15:35.7530000Z Requested labels: self-hosted, windows
2026-02-21T06:15:35.7530000Z Job defined at: toki866/ApexTraderAI/.github/workflows/run_desktop_pipeline.yml@refs/heads/main
2026-02-21T06:15:35.7530000Z Waiting for a runner to pick up this job...
2026-02-21T06:15:35.7580000Z Job is about to start running on the runner: DESKTOP-C54PIIA
