Run: https://github.com/toki866/ApexTraderAI/actions/runs/22275519959
SHA: 0c50f4cc7099b35f0bf9ac1985ede53ad101d7fd
Attempt: 1
Conclusion: failure

==== TAILS (each file last 200 lines) ====

----- FILE: actions_logs/0_run.txt -----
  ? fs.readFileSync(reportPath, 'utf8')
  : '(missing ONE_TAP_ERROR_REPORT.txt)';

const evalPath = path.join(process.env.GITHUB_WORKSPACE, 'temp', 'eval', 'EVAL_SUMMARY.txt');
let evalTxt = fs.existsSync(evalPath)
  ? fs.readFileSync(evalPath, 'utf8')
  : '(EVAL_SUMMARY.txt missing)';

if (report.length > 60000) report = report.slice(-60000);
if (evalTxt.length > 15000) evalTxt = evalTxt.slice(-15000);

const runUrl = `${context.serverUrl}/${owner}/${repo}/actions/runs/${context.runId}`;
const title = 'ApexTraderAI Diagnostics (latest)';
const attempt = process.env.GITHUB_RUN_ATTEMPT || '1';
const diagRunFolder = process.env.DIAG_RUN_FOLDER || 'LATEST_CSV.md';
const csvIndexUrl = diagRunFolder === 'LATEST_CSV.md'
  ? `${context.serverUrl}/${owner}/${repo}/blob/diag-logs/runs/LATEST_CSV.md`
  : `${context.serverUrl}/${owner}/${repo}/blob/diag-logs/runs/${diagRunFolder}/CSV_INDEX.md`;
const evalPathInBranch = diagRunFolder === 'LATEST_CSV.md'
  ? 'runs/LATEST_CSV.md'
  : `runs/${diagRunFolder}/csv/EVAL_REPORT.md`;
const evalUrl = `${context.serverUrl}/${owner}/${repo}/blob/diag-logs/${evalPathInBranch}`;
const body = `Run: ${runUrl}\nSHA: ${context.sha}\nAttempt: ${attempt}\ndiag-logs csv_index: ${csvIndexUrl}\n\n## Evaluation Summary\ndiag-logs: [${evalPathInBranch}](${evalUrl})\n\n\`\`\`text\n${evalTxt}\n\`\`\`\n\n\`\`\`text\n${report}\n\`\`\`\n`;

const { data: issues } = await github.rest.issues.listForRepo({
  owner,
  repo,
  state: 'open',
  per_page: 100
});
const existing = issues.find(i => i.title === title);

if (existing) {
  await github.rest.issues.update({ owner, repo, issue_number: existing.number, body });
} else {
  await github.rest.issues.create({ owner, repo, title, body });
}

2026-02-22T10:40:22.6911874Z   github-token: ***
2026-02-22T10:40:22.6912052Z   debug: false
2026-02-22T10:40:22.6912235Z   user-agent: actions/github-script
2026-02-22T10:40:22.6912534Z   result-encoding: json
2026-02-22T10:40:22.6912750Z   retries: 0
2026-02-22T10:40:22.6912955Z   retry-exempt-status-codes: 400,401,403,404,422
2026-02-22T10:40:22.6913218Z env:
2026-02-22T10:40:22.6913401Z   REPO_ROOT: C:\work\apex_repo_cache\ApexTraderAI
2026-02-22T10:40:22.6913730Z   DIAG_RUN_FOLDER: 20260222_194011_run22275519959_att1_0c50f4c
2026-02-22T10:40:22.6914163Z ##[endgroup]
2026-02-22T10:40:24.5140011Z ##[group]Run $ErrorActionPreference = 'Stop'
2026-02-22T10:40:24.5140531Z [36;1m$ErrorActionPreference = 'Stop'[0m
2026-02-22T10:40:24.5140779Z [36;1m[0m
2026-02-22T10:40:24.5140943Z [36;1mfunction Mask-Secrets {[0m
2026-02-22T10:40:24.5141361Z [36;1m  param([string]$Text)[0m
2026-02-22T10:40:24.5141567Z [36;1m[0m
2026-02-22T10:40:24.5141786Z [36;1m  if ([string]::IsNullOrEmpty($Text)) { return $Text }[0m
2026-02-22T10:40:24.5142081Z [36;1m[0m
2026-02-22T10:40:24.5142229Z [36;1m  $masked = $Text[0m
2026-02-22T10:40:24.5142690Z [36;1m  $masked = [regex]::Replace($masked, 'github_pat_[A-Za-z0-9_]{20,}', 'github_pat_***MASKED***')[0m
2026-02-22T10:40:24.5143292Z [36;1m  $masked = [regex]::Replace($masked, 'gh[pousr]_[A-Za-z0-9_]{20,}', 'gh***_***MASKED***')[0m
2026-02-22T10:40:24.5143916Z [36;1m  $masked = [regex]::Replace($masked, '(?im)\b(token|password|secret)\b\s*[:=]\s*\S+', '$1=***MASKED***')[0m
2026-02-22T10:40:24.5144391Z [36;1m  return $masked[0m
2026-02-22T10:40:24.5144580Z [36;1m}[0m
2026-02-22T10:40:24.5144729Z [36;1m[0m
2026-02-22T10:40:24.5144952Z [36;1mfunction Get-MaskedTail {[0m
2026-02-22T10:40:24.5145198Z [36;1m  param([0m
2026-02-22T10:40:24.5145380Z [36;1m    [string]$Path,[0m
2026-02-22T10:40:24.5145623Z [36;1m    [int]$Tail = 200[0m
2026-02-22T10:40:24.5145822Z [36;1m  )[0m
2026-02-22T10:40:24.5145968Z [36;1m[0m
2026-02-22T10:40:24.5146207Z [36;1m  if (-not (Test-Path $Path)) { return "(not found) $Path" }[0m
2026-02-22T10:40:24.5146714Z [36;1m  $raw = (Get-Content -Path $Path -Tail $Tail -ErrorAction SilentlyContinue) -join "`r`n"[0m
2026-02-22T10:40:24.5147159Z [36;1m  return (Mask-Secrets -Text $raw)[0m
2026-02-22T10:40:24.5147433Z [36;1m}[0m
2026-02-22T10:40:24.5147603Z [36;1m[0m
2026-02-22T10:40:24.5147934Z [36;1m$diagOut = Join-Path $env:RUNNER_TEMP 'diag_out'[0m
2026-02-22T10:40:24.5148294Z [36;1m$null = New-Item -Path $diagOut -ItemType Directory -Force[0m
2026-02-22T10:40:24.5148597Z [36;1m[0m
2026-02-22T10:40:24.5148753Z [36;1m$ws = $env:GITHUB_WORKSPACE[0m
2026-02-22T10:40:24.5149059Z [36;1m$runnerRoot = (Resolve-Path (Join-Path $ws '..\..\..')).Path[0m
2026-02-22T10:40:24.5149419Z [36;1m$runnerDiag = Join-Path $runnerRoot '_diag'[0m
2026-02-22T10:40:24.5149708Z [36;1m$runId = '22275519959'[0m
2026-02-22T10:40:24.5149963Z [36;1m$runAttempt = '1'[0m
2026-02-22T10:40:24.5150221Z [36;1m$sha = '0c50f4cc7099b35f0bf9ac1985ede53ad101d7fd'[0m
2026-02-22T10:40:24.5150494Z [36;1m$branch = 'main'[0m
2026-02-22T10:40:24.5150696Z [36;1m$repo = 'toki866/ApexTraderAI'[0m
2026-02-22T10:40:24.5150985Z [36;1m$artifactName = "diag_full_${runId}_${runAttempt}"[0m
2026-02-22T10:40:24.5151252Z [36;1m[0m
2026-02-22T10:40:24.5151410Z [36;1m$latestRunnerLog = $null[0m
2026-02-22T10:40:24.5151626Z [36;1m$latestWorkerLog = $null[0m
2026-02-22T10:40:24.5151850Z [36;1mif (Test-Path $runnerDiag) {[0m
2026-02-22T10:40:24.5152602Z [36;1m  $latestRunnerLog = Get-ChildItem -Path $runnerDiag -Filter 'Runner_*.log' -File -ErrorAction SilentlyContinue | Sort-Object LastWriteTime -Descending | Select-Object -First 1[0m
2026-02-22T10:40:24.5153787Z [36;1m  $latestWorkerLog = Get-ChildItem -Path $runnerDiag -Filter 'Worker_*.log' -File -ErrorAction SilentlyContinue | Sort-Object LastWriteTime -Descending | Select-Object -First 1[0m
2026-02-22T10:40:24.5154536Z [36;1m}[0m
2026-02-22T10:40:24.5154707Z [36;1m[0m
2026-02-22T10:40:24.5155004Z [36;1m$workflowLog = Join-Path $env:RUNNER_TEMP 'run_all_local_then_copy_console.log'[0m
2026-02-22T10:40:24.5155525Z [36;1m$runLogPath = 'C:\work\apex_work\runs\20260222_193851\logs\run_20260222_193851.log'[0m
2026-02-22T10:40:24.5156008Z [36;1m$stepSummaryGlob = Join-Path $env:RUNNER_TEMP 'step_summary_*'[0m
2026-02-22T10:40:24.5156550Z [36;1m$oneTapReportWorkspace = Join-Path $env:GITHUB_WORKSPACE 'temp\ONE_TAP_ERROR_REPORT.txt'[0m
2026-02-22T10:40:24.5157010Z [36;1m[0m
2026-02-22T10:40:24.5158472Z [36;1mif ($latestRunnerLog) { Copy-Item -Path $latestRunnerLog.FullName -Destination (Join-Path $diagOut $latestRunnerLog.Name) -Force }[0m
2026-02-22T10:40:24.5159440Z [36;1mif ($latestWorkerLog) { Copy-Item -Path $latestWorkerLog.FullName -Destination (Join-Path $diagOut $latestWorkerLog.Name) -Force }[0m
2026-02-22T10:40:24.5160413Z [36;1mif (Test-Path $workflowLog) { Copy-Item -Path $workflowLog -Destination (Join-Path $diagOut 'workflow_console.log') -Force }[0m
2026-02-22T10:40:24.5161309Z [36;1mif ($runLogPath -and (Test-Path $runLogPath)) { Copy-Item -Path $runLogPath -Destination (Join-Path $diagOut (Split-Path $runLogPath -Leaf)) -Force }[0m
2026-02-22T10:40:24.5162310Z [36;1mif (Test-Path $oneTapReportWorkspace) { Copy-Item -Path $oneTapReportWorkspace -Destination (Join-Path $diagOut 'ONE_TAP_ERROR_REPORT.txt') -Force }[0m
2026-02-22T10:40:24.5163137Z [36;1mGet-ChildItem -Path $stepSummaryGlob -File -ErrorAction SilentlyContinue | ForEach-Object {[0m
2026-02-22T10:40:24.5163721Z [36;1m  Copy-Item -Path $_.FullName -Destination (Join-Path $diagOut $_.Name) -Force[0m
2026-02-22T10:40:24.5164132Z [36;1m}[0m
2026-02-22T10:40:24.5164280Z [36;1m[0m
2026-02-22T10:40:24.5164464Z [36;1mforeach ($subDir in @('pages', 'blocks')) {[0m
2026-02-22T10:40:24.5164756Z [36;1m  $src = Join-Path $runnerDiag $subDir[0m
2026-02-22T10:40:24.5165024Z [36;1m  if (Test-Path $src) {[0m
2026-02-22T10:40:24.5165401Z [36;1m    Copy-Item -Path $src -Destination (Join-Path $diagOut $subDir) -Recurse -Force[0m
2026-02-22T10:40:24.5165796Z [36;1m  }[0m
2026-02-22T10:40:24.5165940Z [36;1m}[0m
2026-02-22T10:40:24.5166080Z [36;1m[0m
2026-02-22T10:40:24.5166618Z [36;1m$runnerTailText = if ($latestRunnerLog) { Get-MaskedTail -Path $latestRunnerLog.FullName -Tail 200 } else { '(runner diag not found)' }[0m
2026-02-22T10:40:24.5167511Z [36;1m$workflowTailText = if (Test-Path $workflowLog) { Get-MaskedTail -Path $workflowLog -Tail 200 } else { '(workflow log not found)' }[0m
2026-02-22T10:40:24.5168052Z [36;1m[0m
2026-02-22T10:40:24.5168259Z [36;1m$summaryPath = Join-Path $diagOut 'summary.md'[0m
2026-02-22T10:40:24.5168556Z [36;1m$summary = @([0m
2026-02-22T10:40:24.5168813Z [36;1m  '# Diagnostics Summary',[0m
2026-02-22T10:40:24.5169021Z [36;1m  '',[0m
2026-02-22T10:40:24.5169181Z [36;1m  "- repo: $repo",[0m
2026-02-22T10:40:24.5169380Z [36;1m  "- branch: $branch",[0m
2026-02-22T10:40:24.5169585Z [36;1m  "- sha: $sha",[0m
2026-02-22T10:40:24.5169766Z [36;1m  "- run_id: $runId",[0m
2026-02-22T10:40:24.5169974Z [36;1m  "- attempt: $runAttempt",[0m
2026-02-22T10:40:24.5170222Z [36;1m  "- failing_step: $env:FAILING_STEP",[0m
2026-02-22T10:40:24.5170491Z [36;1m  "- artifact_name: $artifactName",[0m
2026-02-22T10:40:24.5170782Z [36;1m  '- one_tap_report: See ONE_TAP_ERROR_REPORT.txt',[0m
2026-02-22T10:40:24.5171115Z [36;1m  '',[0m
2026-02-22T10:40:24.5171330Z [36;1m  '## runner_diag_tail (last 200 lines)',[0m
2026-02-22T10:40:24.5171575Z [36;1m  '```text',[0m
2026-02-22T10:40:24.5171757Z [36;1m  $runnerTailText,[0m
2026-02-22T10:40:24.5171950Z [36;1m  '```',[0m
2026-02-22T10:40:24.5172099Z [36;1m  '',[0m
2026-02-22T10:40:24.5172277Z [36;1m  '## workflow_tail (last 200 lines)',[0m
2026-02-22T10:40:24.5172510Z [36;1m  '```text',[0m
2026-02-22T10:40:24.5172692Z [36;1m  $workflowTailText,[0m
2026-02-22T10:40:24.5172887Z [36;1m  '```'[0m
2026-02-22T10:40:24.5173048Z [36;1m) -join "`r`n"[0m
2026-02-22T10:40:24.5173268Z [36;1m$summary = Mask-Secrets -Text $summary[0m
2026-02-22T10:40:24.5173673Z [36;1mSet-Content -Path $summaryPath -Value $summary -Encoding UTF8[0m
2026-02-22T10:40:24.5173994Z [36;1m[0m
2026-02-22T10:40:24.5174241Z [36;1m$runnerTailPath = Join-Path $diagOut 'runner_diag_tail.txt'[0m
2026-02-22T10:40:24.5174691Z [36;1mSet-Content -Path $runnerTailPath -Value $runnerTailText -Encoding UTF8[0m
2026-02-22T10:40:24.5175150Z [36;1m$workflowTailPath = Join-Path $diagOut 'workflow_tail.txt'[0m
2026-02-22T10:40:24.5176225Z [36;1mSet-Content -Path $workflowTailPath -Value $workflowTailText -Encoding UTF8[0m
2026-02-22T10:40:24.5176619Z [36;1m[0m
2026-02-22T10:40:24.5182499Z [36;1m$fullZip = Join-Path $env:RUNNER_TEMP ("{0}.zip" -f $artifactName)[0m
2026-02-22T10:40:24.5183037Z [36;1mif (Test-Path $fullZip) { Remove-Item $fullZip -Force }[0m
2026-02-22T10:40:24.5183648Z [36;1mCompress-Archive -Path (Join-Path $diagOut '*') -DestinationPath $fullZip -Force[0m
2026-02-22T10:40:24.5184039Z [36;1m[0m
2026-02-22T10:40:24.5184344Z [36;1m"diag_out=$diagOut" | Out-File -FilePath $env:GITHUB_OUTPUT -Encoding utf8 -Append[0m
2026-02-22T10:40:24.5184911Z [36;1m"diag_summary=$summaryPath" | Out-File -FilePath $env:GITHUB_OUTPUT -Encoding utf8 -Append[0m
2026-02-22T10:40:24.5185587Z [36;1m"diag_runner_tail=$runnerTailPath" | Out-File -FilePath $env:GITHUB_OUTPUT -Encoding utf8 -Append[0m
2026-02-22T10:40:24.5186248Z [36;1m"diag_workflow_tail=$workflowTailPath" | Out-File -FilePath $env:GITHUB_OUTPUT -Encoding utf8 -Append[0m
2026-02-22T10:40:24.5186850Z [36;1m"diag_zip=$fullZip" | Out-File -FilePath $env:GITHUB_OUTPUT -Encoding utf8 -Append[0m
2026-02-22T10:40:24.5187430Z [36;1m"diag_artifact_name=$artifactName" | Out-File -FilePath $env:GITHUB_OUTPUT -Encoding utf8 -Append[0m
2026-02-22T10:40:24.5203160Z shell: C:\Windows\System32\WindowsPowerShell\v1.0\powershell.EXE -NoProfile -ExecutionPolicy Bypass -Command "{0}"
2026-02-22T10:40:24.5203639Z env:
2026-02-22T10:40:24.5203914Z   REPO_ROOT: C:\work\apex_repo_cache\ApexTraderAI
2026-02-22T10:40:24.5204196Z   FAILING_STEP: Run desktop BAT
2026-02-22T10:40:24.5204394Z ##[endgroup]
2026-02-22T10:40:25.8629131Z ##[group]Run actions/upload-artifact@v4
2026-02-22T10:40:25.8629458Z with:
2026-02-22T10:40:25.8629621Z   name: diag_full_22275519959_1
2026-02-22T10:40:25.8629846Z   if-no-files-found: warn
2026-02-22T10:40:25.8630049Z   retention-days: 7
2026-02-22T10:40:25.8630501Z   path: C:\Users\becky\OneDrive\ãƒ‡ã‚¹ã‚¯ãƒˆãƒƒãƒ—\Python\apex-trader-ai\actions-runner\_work\_temp\diag_full_22275519959_1.zip
2026-02-22T10:40:25.8631026Z   compression-level: 6
2026-02-22T10:40:25.8631237Z   overwrite: false
2026-02-22T10:40:25.8631430Z   include-hidden-files: false
2026-02-22T10:40:25.8631638Z env:
2026-02-22T10:40:25.8631830Z   REPO_ROOT: C:\work\apex_repo_cache\ApexTraderAI
2026-02-22T10:40:25.8632118Z ##[endgroup]
2026-02-22T10:40:26.1413491Z With the provided path, there will be 1 file uploaded
2026-02-22T10:40:26.1419803Z Artifact name is valid!
2026-02-22T10:40:26.1423128Z Root directory input is valid!
2026-02-22T10:40:26.7158860Z Beginning upload of artifact content to blob storage
2026-02-22T10:40:27.9767215Z Uploaded bytes 211482
2026-02-22T10:40:28.1585478Z Finished uploading artifact content to blob storage!
2026-02-22T10:40:28.1589975Z SHA256 digest of uploaded artifact zip is e9eba1beef6b60fb49b965adc8efd9968df25273e9c33c366e962c2ea56d4b6e
2026-02-22T10:40:28.1592413Z Finalizing artifact upload
2026-02-22T10:40:28.3928129Z Artifact diag_full_22275519959_1.zip successfully finalized. Artifact ID 5606523992
2026-02-22T10:40:28.3929114Z Artifact diag_full_22275519959_1 has been successfully uploaded! Final size is 211482 bytes. Artifact ID is 5606523992
2026-02-22T10:40:28.3954340Z Artifact download URL: https://github.com/toki866/ApexTraderAI/actions/runs/22275519959/artifacts/5606523992
2026-02-22T10:40:28.4484325Z ##[group]Run actions/upload-artifact@v4
2026-02-22T10:40:28.4486632Z with:
2026-02-22T10:40:28.4486804Z   name: diagnostics
2026-02-22T10:40:28.4488857Z   if-no-files-found: warn
2026-02-22T10:40:28.4489110Z   path: _diagnostics/**/*
2026-02-22T10:40:28.4491192Z   compression-level: 6
2026-02-22T10:40:28.4491388Z   overwrite: false
2026-02-22T10:40:28.4491579Z   include-hidden-files: false
2026-02-22T10:40:28.4493776Z env:
2026-02-22T10:40:28.4493967Z   REPO_ROOT: C:\work\apex_repo_cache\ApexTraderAI
2026-02-22T10:40:28.4496081Z ##[endgroup]
2026-02-22T10:40:28.7262347Z ##[warning]No files were found with the provided path: _diagnostics/**/*. No artifacts will be uploaded.
2026-02-22T10:40:28.7614267Z Cleaning up orphan processes

----- FILE: actions_logs/run/10_Stage console log in workspace.txt -----
ï»¿2026-02-22T10:39:52.7473692Z ##[group]Run $workspaceTemp = Join-Path $env:GITHUB_WORKSPACE 'temp'
2026-02-22T10:39:52.7474607Z [36;1m$workspaceTemp = Join-Path $env:GITHUB_WORKSPACE 'temp'[0m
2026-02-22T10:39:52.7475178Z [36;1m$null = New-Item -Path $workspaceTemp -ItemType Directory -Force[0m
2026-02-22T10:39:52.7475673Z [36;1m$consoleLog = Join-Path $env:RUNNER_TEMP 'run_all_local_then_copy_console.log'[0m
2026-02-22T10:39:52.7476247Z [36;1m$workspaceConsoleLog = Join-Path $workspaceTemp 'run_all_local_then_copy_console.log'[0m
2026-02-22T10:39:52.7476755Z [36;1mif (Test-Path $consoleLog) {[0m
2026-02-22T10:39:52.7477334Z [36;1m  Copy-Item -Path $consoleLog -Destination $workspaceConsoleLog -Force[0m
2026-02-22T10:39:52.7478222Z [36;1m  Write-Host "Staged console log: $workspaceConsoleLog"[0m
2026-02-22T10:39:52.7478780Z [36;1m} else {[0m
2026-02-22T10:39:52.7479278Z [36;1m  Write-Warning "Console log not found at: $consoleLog"[0m
2026-02-22T10:39:52.7479817Z [36;1m  @([0m
2026-02-22T10:39:52.7480235Z [36;1m    '[WARN] Console log was not generated by BAT execution.',[0m
2026-02-22T10:39:52.7481145Z [36;1m    '[WARN] Never finish a workflow run without leaving a readable log artifact.',[0m
2026-02-22T10:39:52.7482119Z [36;1m    ('[WARN] generated_at={0}' -f (Get-Date -Format 'yyyy-MM-dd HH:mm:ss zzz'))[0m
2026-02-22T10:39:52.7482940Z [36;1m  ) | Set-Content -Path $workspaceConsoleLog -Encoding UTF8[0m
2026-02-22T10:39:52.7483763Z [36;1m  Write-Host "Created fallback console log: $workspaceConsoleLog"[0m
2026-02-22T10:39:52.7484363Z [36;1m}[0m
2026-02-22T10:39:52.7509513Z shell: C:\Windows\System32\WindowsPowerShell\v1.0\powershell.EXE -NoProfile -ExecutionPolicy Bypass -Command "{0}"
2026-02-22T10:39:52.7510094Z env:
2026-02-22T10:39:52.7510297Z   REPO_ROOT: C:\work\apex_repo_cache\ApexTraderAI
2026-02-22T10:39:52.7510560Z ##[endgroup]
2026-02-22T10:39:53.0080491Z Staged console log: C:\Users\becky\OneDrive\ãƒ‡ã‚¹ã‚¯ãƒˆãƒƒãƒ—\Python\apex-trader-ai\actions-runner\_work\ApexTraderAI\ApexTraderAI\temp\run_all_local_then_copy_console.log

----- FILE: actions_logs/run/11_Append error tails to ONE_TAP (always).txt -----
ï»¿2026-02-22T10:39:53.0332813Z ##[group]Run $ErrorActionPreference = 'Continue'
2026-02-22T10:39:53.0333324Z [36;1m$ErrorActionPreference = 'Continue'[0m
2026-02-22T10:39:53.0333584Z [36;1m[0m
2026-02-22T10:39:53.0333880Z [36;1m$report = Join-Path $env:GITHUB_WORKSPACE 'temp\ONE_TAP_ERROR_REPORT.txt'[0m
2026-02-22T10:39:53.0334279Z [36;1mif (!(Test-Path $report)) {[0m
2026-02-22T10:39:53.0334693Z [36;1m  New-Item -Path (Split-Path $report -Parent) -ItemType Directory -Force | Out-Null[0m
2026-02-22T10:39:53.0335289Z [36;1m  '[WARN] ONE_TAP report missing; created.' | Set-Content -Path $report -Encoding UTF8[0m
2026-02-22T10:39:53.0335700Z [36;1m}[0m
2026-02-22T10:39:53.0335847Z [36;1m[0m
2026-02-22T10:39:53.0336017Z [36;1mAdd-Content $report ""[0m
2026-02-22T10:39:53.0336314Z [36;1mAdd-Content $report "[STEP] append_error_tails"[0m
2026-02-22T10:39:53.0336789Z [36;1mAdd-Content $report ("timestamp={0}" -f (Get-Date -Format 'yyyy-MM-dd HH:mm:ss zzz'))[0m
2026-02-22T10:39:53.0337404Z [36;1m[0m
2026-02-22T10:39:53.0337678Z [36;1m# python env snapshot (to compare with local)[0m
2026-02-22T10:39:53.0338018Z [36;1mAdd-Content $report "---- python_env ----"[0m
2026-02-22T10:39:53.0338515Z [36;1mtry { (& where.exe python 2>&1) | Add-Content $report } catch { ($_ | Out-String) | Add-Content $report }[0m
2026-02-22T10:39:53.0339245Z [36;1mtry { (& python --version 2>&1) | Add-Content $report } catch { ($_ | Out-String) | Add-Content $report }[0m
2026-02-22T10:39:53.0340011Z [36;1mtry { (& python -c "import sys; print(sys.executable)" 2>&1) | Add-Content $report } catch { ($_ | Out-String) | Add-Content $report }[0m
2026-02-22T10:39:53.0340550Z [36;1m[0m
2026-02-22T10:39:53.0340711Z [36;1m# console log tail[0m
2026-02-22T10:39:53.0341070Z [36;1m$consoleLog = Join-Path $env:RUNNER_TEMP 'run_all_local_then_copy_console.log'[0m
2026-02-22T10:39:53.0341573Z [36;1mAdd-Content $report ("[INFO] console_log={0}" -f $consoleLog)[0m
2026-02-22T10:39:53.0341963Z [36;1mif (Test-Path $consoleLog) {[0m
2026-02-22T10:39:53.0342317Z [36;1m  Add-Content $report "---- console_log_tail (last 350 lines) ----"[0m
2026-02-22T10:39:53.0342866Z [36;1m  (Get-Content $consoleLog -Tail 350 -ErrorAction SilentlyContinue) | Add-Content $report[0m
2026-02-22T10:39:53.0343297Z [36;1m} else {[0m
2026-02-22T10:39:53.0343540Z [36;1m  Add-Content $report "[WARN] console log not found"[0m
2026-02-22T10:39:53.0343831Z [36;1m}[0m
2026-02-22T10:39:53.0343975Z [36;1m[0m
2026-02-22T10:39:53.0344148Z [36;1m# run_*.log tail (best effort)[0m
2026-02-22T10:39:53.0344418Z [36;1m$workRoot = 'C:\work\apex_work\runs'[0m
2026-02-22T10:39:53.0344877Z [36;1m$latestRunDir = Get-ChildItem -Path $workRoot -Directory -ErrorAction SilentlyContinue |[0m
2026-02-22T10:39:53.0345437Z [36;1m  Sort-Object LastWriteTime -Descending | Select-Object -First 1[0m
2026-02-22T10:39:53.0345882Z [36;1mAdd-Content $report ("[INFO] work_root={0}" -f $workRoot)[0m
2026-02-22T10:39:53.0346224Z [36;1mif ($latestRunDir) {[0m
2026-02-22T10:39:53.0346577Z [36;1m  Add-Content $report ("[INFO] latest_run_dir={0}" -f $latestRunDir.FullName)[0m
2026-02-22T10:39:53.0347336Z [36;1m  $latestRunLog = Get-ChildItem -Path (Join-Path $latestRunDir.FullName 'logs') -Filter 'run_*.log' -File -ErrorAction SilentlyContinue |[0m
2026-02-22T10:39:53.0348059Z [36;1m    Sort-Object LastWriteTime -Descending | Select-Object -First 1[0m
2026-02-22T10:39:53.0348428Z [36;1m  if ($latestRunLog) {[0m
2026-02-22T10:39:53.0348776Z [36;1m    Add-Content $report ("[INFO] run_log={0}" -f $latestRunLog.FullName)[0m
2026-02-22T10:39:53.0349265Z [36;1m    Add-Content $report "---- run_log_tail (last 350 lines) ----"[0m
2026-02-22T10:39:53.0350314Z [36;1m    (Get-Content $latestRunLog.FullName -Tail 350 -ErrorAction SilentlyContinue) | Add-Content $report[0m
2026-02-22T10:39:53.0350840Z [36;1m  } else {[0m
2026-02-22T10:39:53.0351165Z [36;1m    Add-Content $report "[WARN] run_*.log not found under latest_run_dir\logs"[0m
2026-02-22T10:39:53.0352940Z [36;1m  }[0m
2026-02-22T10:39:53.0353102Z [36;1m} else {[0m
2026-02-22T10:39:53.0353383Z [36;1m  Add-Content $report "[WARN] no run_dir found under work_root"[0m
2026-02-22T10:39:53.0353707Z [36;1m}[0m
2026-02-22T10:39:53.0353856Z [36;1m[0m
2026-02-22T10:39:53.0354014Z [36;1m$global:LASTEXITCODE = 0[0m
2026-02-22T10:39:53.0354236Z [36;1mexit 0[0m
2026-02-22T10:39:53.0370449Z shell: C:\Windows\System32\WindowsPowerShell\v1.0\powershell.EXE -NoProfile -ExecutionPolicy Bypass -Command "{0}"
2026-02-22T10:39:53.0370972Z env:
2026-02-22T10:39:53.0371170Z   REPO_ROOT: C:\work\apex_repo_cache\ApexTraderAI
2026-02-22T10:39:53.0371442Z ##[endgroup]

----- FILE: actions_logs/run/12_Package diagnostics to OneDrive (always).txt -----
ï»¿2026-02-22T10:39:53.6761182Z ##[group]Run $ErrorActionPreference = 'Stop'
2026-02-22T10:39:53.6761726Z [36;1m$ErrorActionPreference = 'Stop'[0m
2026-02-22T10:39:53.6762210Z [36;1m$diagScript = Join-Path $env:REPO_ROOT 'scripts\package_diagnostics_to_onedrive.ps1'[0m
2026-02-22T10:39:53.6762976Z [36;1m$reportPath = Join-Path $env:GITHUB_WORKSPACE 'temp\ONE_TAP_ERROR_REPORT.txt'[0m
2026-02-22T10:39:53.6771641Z [36;1m[0m
2026-02-22T10:39:53.6771877Z [36;1mAdd-Content -Path $reportPath -Value @([0m
2026-02-22T10:39:53.6772206Z [36;1m  '[STEP] package_diagnostics_to_onedrive',[0m
2026-02-22T10:39:53.6772524Z [36;1m  ('[INFO] diag_script={0}' -f $diagScript)[0m
2026-02-22T10:39:53.6772769Z [36;1m)[0m
2026-02-22T10:39:53.6772997Z [36;1mWrite-Host "Diagnostics script path: $diagScript"[0m
2026-02-22T10:39:53.6773291Z [36;1m[0m
2026-02-22T10:39:53.6773473Z [36;1m$diagDirCandidates = @()[0m
2026-02-22T10:39:53.6773749Z [36;1mif ($env:OneDrive) {[0m
2026-02-22T10:39:53.6774098Z [36;1m  $diagDirCandidates += (Join-Path $env:OneDrive 'ApexTraderAI\diagnostics')[0m
2026-02-22T10:39:53.6774519Z [36;1m}[0m
2026-02-22T10:39:53.6774690Z [36;1mif ($env:USERPROFILE) {[0m
2026-02-22T10:39:53.6775099Z [36;1m  $diagDirCandidates += (Join-Path $env:USERPROFILE 'OneDrive\ApexTraderAI\diagnostics')[0m
2026-02-22T10:39:53.6775530Z [36;1m}[0m
2026-02-22T10:39:53.6775889Z [36;1m$diagDirCandidates += (Join-Path $env:RUNNER_TEMP 'ApexTraderAI\diagnostics')[0m
2026-02-22T10:39:53.6776274Z [36;1m[0m
2026-02-22T10:39:53.6776432Z [36;1m$selectedDiagDir = $null[0m
2026-02-22T10:39:53.6776710Z [36;1mforeach ($candidate in $diagDirCandidates) {[0m
2026-02-22T10:39:53.6776991Z [36;1m  try {[0m
2026-02-22T10:39:53.6777317Z [36;1m    $null = New-Item -Path $candidate -ItemType Directory -Force -ErrorAction Stop[0m
2026-02-22T10:39:53.6777738Z [36;1m    $selectedDiagDir = $candidate[0m
2026-02-22T10:39:53.6777980Z [36;1m    break[0m
2026-02-22T10:39:53.6778183Z [36;1m  } catch {[0m
2026-02-22T10:39:53.6778663Z [36;1m    Write-Warning "Diagnostics dir candidate unavailable: $candidate ($($_.Exception.Message))"[0m
2026-02-22T10:39:53.6779106Z [36;1m  }[0m
2026-02-22T10:39:53.6779260Z [36;1m}[0m
2026-02-22T10:39:53.6779399Z [36;1m[0m
2026-02-22T10:39:53.6779576Z [36;1mif (-not $selectedDiagDir) {[0m
2026-02-22T10:39:53.6779862Z [36;1m  Add-Content -Path $reportPath -Value @([0m
2026-02-22T10:39:53.6780172Z [36;1m    '[NG] package_diagnostics_to_onedrive',[0m
2026-02-22T10:39:53.6780490Z [36;1m    '[NG] selected diagnostics dir unavailable',[0m
2026-02-22T10:39:53.6780791Z [36;1m    ''[0m
2026-02-22T10:39:53.6780948Z [36;1m  )[0m
2026-02-22T10:39:53.6781365Z [36;1m  throw 'Unable to resolve diagnostics output directory from OneDrive/USERPROFILE/RUNNER_TEMP candidates.'[0m
2026-02-22T10:39:53.6781875Z [36;1m}[0m
2026-02-22T10:39:53.6782017Z [36;1m[0m
2026-02-22T10:39:53.6782281Z [36;1mWrite-Host "Selected diagnostics output dir: $selectedDiagDir"[0m
2026-02-22T10:39:53.6782843Z [36;1m"diag_dir=$selectedDiagDir" | Out-File -FilePath $env:GITHUB_OUTPUT -Encoding utf8 -Append[0m
2026-02-22T10:39:53.6783334Z [36;1m[0m
2026-02-22T10:39:53.6783501Z [36;1m$runDirForPackage = ''[0m
2026-02-22T10:39:53.6783736Z [36;1m$outputRootForPackage = ''[0m
2026-02-22T10:39:53.6784004Z [36;1m$runsRoot = 'C:\work\apex_work\runs'[0m
2026-02-22T10:39:53.6784262Z [36;1mif (Test-Path $runsRoot) {[0m
2026-02-22T10:39:53.6784685Z [36;1m  $latestRun = Get-ChildItem -Path $runsRoot -Directory -ErrorAction SilentlyContinue |[0m
2026-02-22T10:39:53.6785160Z [36;1m    Sort-Object LastWriteTime -Descending |[0m
2026-02-22T10:39:53.6785450Z [36;1m    Select-Object -First 1[0m
2026-02-22T10:39:53.6785706Z [36;1m  if ($latestRun) {[0m
2026-02-22T10:39:53.6785957Z [36;1m    $runDirForPackage = $latestRun.FullName[0m
2026-02-22T10:39:53.6786343Z [36;1m    $outputRootForPackage = Join-Path $runDirForPackage 'output'[0m
2026-02-22T10:39:53.6786690Z [36;1m  }[0m
2026-02-22T10:39:53.6788275Z [36;1m}[0m
2026-02-22T10:39:53.6788480Z [36;1mAdd-Content -Path $reportPath -Value @([0m
2026-02-22T10:39:53.6788809Z [36;1m  ('[PUBLISH] run_dir={0}' -f $runDirForPackage),[0m
2026-02-22T10:39:53.6789185Z [36;1m  ('[PUBLISH] output_root={0}' -f $outputRootForPackage)[0m
2026-02-22T10:39:53.6789643Z [36;1m)[0m
2026-02-22T10:39:53.6789794Z [36;1m[0m
2026-02-22T10:39:53.6789954Z [36;1mif (Test-Path $diagScript) {[0m
2026-02-22T10:39:53.6790666Z [36;1m  powershell -NoProfile -ExecutionPolicy Bypass -File $diagScript -DiagDir "$selectedDiagDir" -RunDir "$runDirForPackage" -OutputRoot "$outputRootForPackage"[0m
2026-02-22T10:39:53.6791370Z [36;1m  if ($LASTEXITCODE -ne 0) {[0m
2026-02-22T10:39:53.6791672Z [36;1m    Add-Content -Path $reportPath -Value @([0m
2026-02-22T10:39:53.6791998Z [36;1m      '[NG] package_diagnostics_to_onedrive',[0m
2026-02-22T10:39:53.6792303Z [36;1m      ('[NG] exit_code={0}' -f $LASTEXITCODE),[0m
2026-02-22T10:39:53.6792602Z [36;1m      ''[0m
2026-02-22T10:39:53.6792799Z [36;1m    )[0m
2026-02-22T10:39:53.6793087Z [36;1m    Write-Error "Diagnostics script exited with code $LASTEXITCODE"[0m
2026-02-22T10:39:53.6793456Z [36;1m    exit $LASTEXITCODE[0m
2026-02-22T10:39:53.6793666Z [36;1m  }[0m
2026-02-22T10:39:53.6793877Z [36;1m  Add-Content -Path $reportPath -Value @([0m
2026-02-22T10:39:53.6794185Z [36;1m    '[OK] package_diagnostics_to_onedrive',[0m
2026-02-22T10:39:53.6794492Z [36;1m    ('[OK] diag_dir={0}' -f $selectedDiagDir),[0m
2026-02-22T10:39:53.6794884Z [36;1m    ''[0m
2026-02-22T10:39:53.6795121Z [36;1m  )[0m
2026-02-22T10:39:53.6795294Z [36;1m} else {[0m
2026-02-22T10:39:53.6795500Z [36;1m  Add-Content -Path $reportPath -Value @([0m
2026-02-22T10:39:53.6795800Z [36;1m    '[NG] package_diagnostics_to_onedrive',[0m
2026-02-22T10:39:53.6796079Z [36;1m    '[NG] diagnostics script not found',[0m
2026-02-22T10:39:53.6796324Z [36;1m    ''[0m
2026-02-22T10:39:53.6796467Z [36;1m  )[0m
2026-02-22T10:39:53.6796710Z [36;1m  Write-Error "Diagnostics script not found: $diagScript"[0m
2026-02-22T10:39:53.6797005Z [36;1m  exit 1[0m
2026-02-22T10:39:53.6797157Z [36;1m}[0m
2026-02-22T10:39:53.6797320Z [36;1m[0m
2026-02-22T10:39:53.6797532Z [36;1mif ((Get-Item $reportPath).Length -gt 60000) {[0m
2026-02-22T10:39:53.6797871Z [36;1m  $tail = Get-Content -Path $reportPath -Raw[0m
2026-02-22T10:39:53.6798212Z [36;1m  $tail = $tail.Substring([Math]::Max(0, $tail.Length - 60000))[0m
2026-02-22T10:39:53.6798611Z [36;1m  Set-Content -Path $reportPath -Value $tail -Encoding UTF8[0m
2026-02-22T10:39:53.6798910Z [36;1m}[0m
2026-02-22T10:39:53.6816023Z shell: C:\Windows\System32\WindowsPowerShell\v1.0\powershell.EXE -NoProfile -ExecutionPolicy Bypass -Command "{0}"
2026-02-22T10:39:53.6816590Z env:
2026-02-22T10:39:53.6816844Z   REPO_ROOT: C:\work\apex_repo_cache\ApexTraderAI
2026-02-22T10:39:53.6817111Z ##[endgroup]
2026-02-22T10:39:53.9280994Z Diagnostics script path: C:\work\apex_repo_cache\ApexTraderAI\scripts\package_diagnostics_to_onedrive.ps1
2026-02-22T10:39:53.9363971Z Selected diagnostics output dir: C:\Users\becky\OneDrive\ApexTraderAI\diagnostics
2026-02-22T10:39:54.3288536Z runnerDiag=C:\Users\becky\OneDrive\ãƒ‡ã‚¹ã‚¯ãƒˆãƒƒãƒ—\Python\apex-trader-ai\actions-runner\_diag
2026-02-22T10:39:54.3293376Z diagDir=C:\Users\becky\OneDrive\ApexTraderAI\diagnostics
2026-02-22T10:39:54.8915490Z WARNING: Primary diagnostics archive failed: The process cannot access the file 
2026-02-22T10:39:54.8916372Z 'C:\Users\becky\OneDrive\ãƒ‡ã‚¹ã‚¯ãƒˆãƒƒãƒ—\Python\apex-trader-ai\actions-runner\_diag\blocks\56ccc914-4551-45cb-afc8-a23c619124b1_
2026-02-22T10:39:54.8917167Z 0731bc16-5d49-469d-9354-8c1ad63ec1d0.1' because it is being used by another process.
2026-02-22T10:39:54.9901292Z zipPath=C:\Users\becky\OneDrive\ApexTraderAI\diagnostics\diag_22275519959_1_20260222_193954.zip
2026-02-22T10:39:55.0370224Z 
2026-02-22T10:39:55.0373228Z 
2026-02-22T10:39:55.0375808Z     ãƒ‡ã‚£ãƒ¬ã‚¯ãƒˆãƒª: C:\Users\becky\OneDrive\ApexTraderAI\diagnostics
2026-02-22T10:39:55.0382620Z 
2026-02-22T10:39:55.0382649Z 
2026-02-22T10:39:55.0383025Z Mode                 LastWriteTime         Length Name                                                                 
2026-02-22T10:39:55.0387408Z ----                 -------------         ------ ----                                                                 
2026-02-22T10:39:55.0390116Z -a----        2026/02/22     19:39           6339 diag_22275519959_1_20260222_193954.zip                               
2026-02-22T10:39:55.0394534Z -a----        2026/02/22     19:39            509 diag_publish_summary.txt                                             
2026-02-22T10:39:55.0397369Z -a----        2026/02/22     17:16           4824 diag_22273241605_1_20260222_171613.zip                               
2026-02-22T10:39:55.0404352Z -a----        2026/02/22     16:26           4823 diag_22272555605_1_20260222_162633.zip                               
2026-02-22T10:39:55.0411037Z -a----        2026/02/22     15:58           5932 diag_22272392052_1_20260222_155847.zip                               
2026-02-22T10:39:55.0416176Z -a----        2026/02/22     15:31           4959 diag_22272036196_1_20260222_153148.zip                               
2026-02-22T10:39:55.0423241Z -a----        2026/02/22     12:43           4931 diag_22269818512_1_20260222_124330.zip                               
2026-02-22T10:39:55.0430333Z -a----        2026/02/22     11:45           4930 diag_22269035409_1_20260222_114503.zip                               
2026-02-22T10:39:55.0437200Z -a----        2026/02/22     11:17           4934 diag_22268676913_1_20260222_111738.zip                               
2026-02-22T10:39:55.0442125Z -a----        2026/02/22     11:01           6771 diag_22268462317_1_20260222_110151.zip                               
2026-02-22T10:39:55.0449234Z -a----        2026/02/22      9:55           6061 diag_22267589833_1_20260222_095503.zip                               
2026-02-22T10:39:55.0456567Z -a----        2026/02/21     20:02           5153 diag_22255636168_1_20260221_200205.zip                               
2026-02-22T10:39:55.0471349Z -a----        2026/02/21     19:50           5225 diag_22255482209_1_20260221_195016.zip                               
2026-02-22T10:39:55.0502188Z -a----        2026/02/21     18:51           5266 diag_22254693514_1_20260221_185125.zip                               
2026-02-22T10:39:55.0532822Z -a----        2026/02/21     18:03           4845 diag_22254040899_1_20260221_180313.zip                               
2026-02-22T10:39:55.0563350Z -a----        2026/02/21     17:57           4845 diag_22253961100_1_20260221_175721.zip                               
2026-02-22T10:39:55.0588920Z -a----        2026/02/21     17:23           4840 diag_22253509025_1_20260221_172305.zip                               
2026-02-22T10:39:55.0594076Z -a----        2026/02/21     16:43           4839 diag_22252976665_1_20260221_164333.zip                               
2026-02-22T10:39:55.0608866Z -a----        2026/02/21     16:11           4806 diag_22252533924_1_20260221_161105.zip                               
2026-02-22T10:39:55.0646020Z -a----        2026/02/21     15:35           4851 diag_22252052676_1_20260221_153526.zip                               
2026-02-22T10:39:55.0650921Z -a----        2026/02/21     15:17           4846 diag_22251800216_1_20260221_151709.zip                               
2026-02-22T10:39:55.0655866Z -a----        2026/02/21     13:43           4912 diag_22250512578_1_20260221_134327.zip                               
2026-02-22T10:39:55.0662930Z -a----        2026/02/21     11:34           4944 diag_22248695422_1_20260221_113420.zip                               
2026-02-22T10:39:55.0669990Z -a----        2026/02/21     11:09           4759 diag_22248308415_1_20260221_110900.zip                               
2026-02-22T10:39:55.0677086Z -a----        2026/02/21     10:51           4964 diag_22248046183_1_20260221_105148.zip                               
2026-02-22T10:39:55.0681460Z 
2026-02-22T10:39:55.0681468Z 

----- FILE: actions_logs/run/13_Verify diagnostics directory content.txt -----
ï»¿2026-02-22T10:39:55.1420995Z ##[group]Run $ErrorActionPreference = 'Stop'
2026-02-22T10:39:55.1421530Z [36;1m$ErrorActionPreference = 'Stop'[0m
2026-02-22T10:39:55.1422103Z [36;1m$diagDir = 'C:\Users\becky\OneDrive\ApexTraderAI\diagnostics'[0m
2026-02-22T10:39:55.1422440Z [36;1mif (-not $diagDir) {[0m
2026-02-22T10:39:55.1422853Z [36;1m  $diagDir = Join-Path $env:RUNNER_TEMP 'ApexTraderAI\diagnostics'[0m
2026-02-22T10:39:55.1423239Z [36;1m}[0m
2026-02-22T10:39:55.1423493Z [36;1mWrite-Host '=== diagnostics dir listing ==='[0m
2026-02-22T10:39:55.1423819Z [36;1mif (Test-Path $diagDir) {[0m
2026-02-22T10:39:55.1424045Z [36;1m  dir $diagDir[0m
2026-02-22T10:39:55.1424229Z [36;1m} else {[0m
2026-02-22T10:39:55.1424494Z [36;1m  Write-Warning "Diagnostics directory not found: $diagDir"[0m
2026-02-22T10:39:55.1424815Z [36;1m}[0m
2026-02-22T10:39:55.1424962Z [36;1m[0m
2026-02-22T10:39:55.1425370Z [36;1m$latestZip = Get-ChildItem -Path $diagDir -File -Filter 'diag_*.zip' -ErrorAction SilentlyContinue |[0m
2026-02-22T10:39:55.1425984Z [36;1m  Sort-Object LastWriteTime -Descending |[0m
2026-02-22T10:39:55.1426287Z [36;1m  Select-Object -First 1[0m
2026-02-22T10:39:55.1426505Z [36;1m[0m
2026-02-22T10:39:55.1426667Z [36;1mif (-not $latestZip) {[0m
2026-02-22T10:39:55.1426947Z [36;1m  Write-Warning "diag zip missing in $diagDir"[0m
2026-02-22T10:39:55.1427686Z [36;1m  Write-Host 'Hint: package diagnostics step uses OneDrive -> USERPROFILE\\OneDrive -> RUNNER_TEMP fallback. Check step logs for selected path and creation errors.'[0m
2026-02-22T10:39:55.1428377Z [36;1m  exit 0[0m
2026-02-22T10:39:55.1428540Z [36;1m}[0m
2026-02-22T10:39:55.1428706Z [36;1m[0m
2026-02-22T10:39:55.1428948Z [36;1mWrite-Host "latestDiagZip=$($latestZip.FullName)"[0m
2026-02-22T10:39:55.1446603Z shell: C:\Windows\System32\WindowsPowerShell\v1.0\powershell.EXE -NoProfile -ExecutionPolicy Bypass -Command "{0}"
2026-02-22T10:39:55.1447143Z env:
2026-02-22T10:39:55.1447343Z   REPO_ROOT: C:\work\apex_repo_cache\ApexTraderAI
2026-02-22T10:39:55.1447632Z ##[endgroup]
2026-02-22T10:39:55.4369661Z === diagnostics dir listing ===
2026-02-22T10:39:55.4821812Z 
2026-02-22T10:39:55.4823102Z 
2026-02-22T10:39:55.4824505Z     ãƒ‡ã‚£ãƒ¬ã‚¯ãƒˆãƒª: C:\Users\becky\OneDrive\ApexTraderAI\diagnostics
2026-02-22T10:39:55.4824786Z 
2026-02-22T10:39:55.4824793Z 
2026-02-22T10:39:55.4828748Z Mode                 LastWriteTime         Length Name                                                                 
2026-02-22T10:39:55.4830331Z ----                 -------------         ------ ----                                                                 
2026-02-22T10:39:55.4833507Z -a----        2026/02/21     10:51           4964 diag_22248046183_1_20260221_105148.zip                               
2026-02-22T10:39:55.4842621Z -a----        2026/02/21     11:09           4759 diag_22248308415_1_20260221_110900.zip                               
2026-02-22T10:39:55.4850230Z -a----        2026/02/21     11:34           4944 diag_22248695422_1_20260221_113420.zip                               
2026-02-22T10:39:55.4857529Z -a----        2026/02/21     13:43           4912 diag_22250512578_1_20260221_134327.zip                               
2026-02-22T10:39:55.4865046Z -a----        2026/02/21     15:17           4846 diag_22251800216_1_20260221_151709.zip                               
2026-02-22T10:39:55.4872900Z -a----        2026/02/21     15:35           4851 diag_22252052676_1_20260221_153526.zip                               
2026-02-22T10:39:55.4886210Z -a----        2026/02/21     16:11           4806 diag_22252533924_1_20260221_161105.zip                               
2026-02-22T10:39:55.4915897Z -a----        2026/02/21     16:43           4839 diag_22252976665_1_20260221_164333.zip                               
2026-02-22T10:39:55.4923857Z -a----        2026/02/21     17:23           4840 diag_22253509025_1_20260221_172305.zip                               
2026-02-22T10:39:55.4931235Z -a----        2026/02/21     17:57           4845 diag_22253961100_1_20260221_175721.zip                               
2026-02-22T10:39:55.4944940Z -a----        2026/02/21     18:03           4845 diag_22254040899_1_20260221_180313.zip                               
2026-02-22T10:39:55.4952560Z -a----        2026/02/21     18:51           5266 diag_22254693514_1_20260221_185125.zip                               
2026-02-22T10:39:55.4960881Z -a----        2026/02/21     19:50           5225 diag_22255482209_1_20260221_195016.zip                               
2026-02-22T10:39:55.4970491Z -a----        2026/02/21     20:02           5153 diag_22255636168_1_20260221_200205.zip                               
2026-02-22T10:39:55.4978544Z -a----        2026/02/22      9:55           6061 diag_22267589833_1_20260222_095503.zip                               
2026-02-22T10:39:55.4991882Z -a----        2026/02/22     11:01           6771 diag_22268462317_1_20260222_110151.zip                               
2026-02-22T10:39:55.5027945Z -a----        2026/02/22     11:17           4934 diag_22268676913_1_20260222_111738.zip                               
2026-02-22T10:39:55.5036570Z -a----        2026/02/22     11:45           4930 diag_22269035409_1_20260222_114503.zip                               
2026-02-22T10:39:55.5045138Z -a----        2026/02/22     12:43           4931 diag_22269818512_1_20260222_124330.zip                               
2026-02-22T10:39:55.5052669Z -a----        2026/02/22     15:31           4959 diag_22272036196_1_20260222_153148.zip                               
2026-02-22T10:39:55.5060636Z -a----        2026/02/22     15:58           5932 diag_22272392052_1_20260222_155847.zip                               
2026-02-22T10:39:55.5070977Z -a----        2026/02/22     16:26           4823 diag_22272555605_1_20260222_162633.zip                               
2026-02-22T10:39:55.5079821Z -a----        2026/02/22     17:16           4824 diag_22273241605_1_20260222_171613.zip                               
2026-02-22T10:39:55.5089172Z -a----        2026/02/22     19:39           6339 diag_22275519959_1_20260222_193954.zip                               
2026-02-22T10:39:55.5110393Z -a----        2026/02/22     19:39            509 diag_publish_summary.txt                                             
2026-02-22T10:39:55.5257882Z latestDiagZip=C:\Users\becky\OneDrive\ApexTraderAI\diagnostics\diag_22275519959_1_20260222_193954.zip
2026-02-22T10:39:55.5262674Z 
2026-02-22T10:39:55.5262833Z 

----- FILE: actions_logs/run/14_Tail latest run log on failure.txt -----
ï»¿2026-02-22T10:39:55.5535360Z ##[group]Run $workRoot = 'C:\work\apex_work\runs'
2026-02-22T10:39:55.5535967Z [36;1m$workRoot = 'C:\work\apex_work\runs'[0m
2026-02-22T10:39:55.5536764Z [36;1m$latestRunLog = Get-ChildItem -Path (Join-Path $workRoot '*\logs\run_*.log') -File -ErrorAction SilentlyContinue |[0m
2026-02-22T10:39:55.5537695Z [36;1m  Sort-Object LastWriteTime -Descending |[0m
2026-02-22T10:39:55.5538126Z [36;1m  Select-Object -First 1[0m
2026-02-22T10:39:55.5538435Z [36;1m[0m
2026-02-22T10:39:55.5538655Z [36;1mif ($latestRunLog) {[0m
2026-02-22T10:39:55.5539079Z [36;1m  Write-Host ("=== latest run log: {0} ===" -f $latestRunLog.FullName)[0m
2026-02-22T10:39:55.5539660Z [36;1m  Write-Host '=== tail run_*.log (200 lines) ==='[0m
2026-02-22T10:39:55.5540264Z [36;1m  Get-Content -Path $latestRunLog.FullName -Tail 200[0m
2026-02-22T10:39:55.5540727Z [36;1m} else {[0m
2026-02-22T10:39:55.5541097Z [36;1m  Write-Warning ("No run_*.log found under {0}" -f $workRoot)[0m
2026-02-22T10:39:55.5541541Z [36;1m}[0m
2026-02-22T10:39:55.5581722Z shell: C:\Windows\System32\WindowsPowerShell\v1.0\powershell.EXE -NoProfile -ExecutionPolicy Bypass -Command "{0}"
2026-02-22T10:39:55.5583044Z env:
2026-02-22T10:39:55.5583562Z   REPO_ROOT: C:\work\apex_repo_cache\ApexTraderAI
2026-02-22T10:39:55.5584227Z ##[endgroup]
2026-02-22T10:39:55.9028542Z === latest run log: C:\work\apex_work\runs\20260222_193851\logs\run_20260222_193851.log ===
2026-02-22T10:39:55.9035334Z === tail run_*.log (200 lines) ===
2026-02-22T10:39:55.9196237Z ==================================================
2026-02-22T10:39:55.9204424Z [RUN] ApexTraderAI local run started
2026-02-22T10:39:55.9205554Z [RUN] requirement=Never finish a workflow run without leaving a readable log artifact
2026-02-22T10:39:55.9206111Z [RUN] run_id=20260222_193851
2026-02-22T10:39:55.9206426Z [RUN] repo=C:\work\apex_repo_cache\ApexTraderAI
2026-02-22T10:39:55.9206814Z [RUN] work_root=C:\work\apex_work\runs
2026-02-22T10:39:55.9207186Z [RUN] run_dir=C:\work\apex_work\runs\20260222_193851
2026-02-22T10:39:55.9207659Z [RUN] log=C:\work\apex_work\runs\20260222_193851\logs\run_20260222_193851.log
2026-02-22T10:39:55.9208058Z [RUN] timestamp=2026/02/22 19:38:51.57
2026-02-22T10:39:55.9208354Z ==================================================
2026-02-22T10:39:55.9208635Z [RUN] commit=0c50f4c
2026-02-22T10:39:55.9208942Z [RUN] data_dir=C:\work\apex_work\runs\20260222_193851\data
2026-02-22T10:39:55.9209447Z [RUN] output_dir=C:\work\apex_work\runs\20260222_193851\output
2026-02-22T10:39:55.9209691Z 
2026-02-22T10:39:55.9209837Z [CMD] git rev-parse --short HEAD
2026-02-22T10:39:55.9210089Z 0c50f4c
2026-02-22T10:39:55.9210188Z 
2026-02-22T10:39:55.9210336Z [CMD] git rev-parse --is-inside-work-tree
2026-02-22T10:39:55.9210611Z true
2026-02-22T10:39:55.9210717Z 
2026-02-22T10:39:55.9212275Z [CMD] where python
2026-02-22T10:39:55.9214695Z C:\Users\becky\AppData\Local\Programs\Python\Python310\python.exe
2026-02-22T10:39:55.9216697Z 
2026-02-22T10:39:55.9216894Z [CMD] python --version
2026-02-22T10:39:55.9217133Z Python 3.10.6
2026-02-22T10:39:55.9217234Z 
2026-02-22T10:39:55.9217351Z [CMD] "python" --version
2026-02-22T10:39:55.9219203Z Python 3.10.6
2026-02-22T10:39:55.9219306Z 
2026-02-22T10:39:55.9219995Z [CMD] "python" tools\run_with_python.py tools\prepare_data.py --symbols SOXL,SOXS --start 2014-01-01 --end 2022-03-31 --force --data-dir "C:\work\apex_work\runs\20260222_193851\data"
2026-02-22T10:39:55.9220988Z [prepare_data] wrote C:\work\apex_work\runs\20260222_193851\data\prices_SOXL.csv (2077 rows)
2026-02-22T10:39:55.9221697Z [prepare_data] wrote C:\work\apex_work\runs\20260222_193851\data\prices_SOXS.csv (2077 rows)
2026-02-22T10:39:55.9222869Z [CMD] 'C:\Users\becky\AppData\Local\Programs\Python\Python310\python.exe' 'tools\prepare_data.py' --symbols SOXL,SOXS --start 2014-01-01 --end 2022-03-31 --force --data-dir 'C:\work\apex_work\runs\20260222_193851\data'
2026-02-22T10:39:55.9223724Z [RC] 0
2026-02-22T10:39:55.9223830Z 
2026-02-22T10:39:55.9226491Z [CMD] "python" tools\run_with_python.py tools\run_pipeline.py --symbol SOXL --steps "A,B,C,D,DPRIME,E,F" --test-start 2022-01-03 --train-years 8 --test-months 3 --mode sim --output-root "C:\work\apex_work\runs\20260222_193851\output" --data-dir "C:\work\apex_work\runs\20260222_193851\data" --auto-prepare-data 0  --enable-mamba
2026-02-22T10:39:55.9228205Z [StepB] WARN: failed to ensure stepB_pred_time_all: _load_prices_dates() missing 3 required positional arguments: 'output_root', 'data_root', and 'mode'
2026-02-22T10:39:55.9229573Z C:\work\apex_repo_cache\ApexTraderAI\ai_core\models\transformer_summarizer.py:61: UserWarning: enable_nested_tensor is True, but self.use_nested_tensor is False because encoder_layer.norm_first was True
2026-02-22T10:39:55.9230597Z   self.encoder = nn.TransformerEncoder(enc_layer, num_layers=cfg.num_layers)
2026-02-22T10:39:55.9231705Z C:\work\apex_repo_cache\ApexTraderAI\ai_core\models\transformer_summarizer.py:61: UserWarning: enable_nested_tensor is True, but self.use_nested_tensor is False because encoder_layer.norm_first was True
2026-02-22T10:39:55.9232686Z   self.encoder = nn.TransformerEncoder(enc_layer, num_layers=cfg.num_layers)
2026-02-22T10:39:55.9233765Z C:\work\apex_repo_cache\ApexTraderAI\ai_core\models\transformer_summarizer.py:61: UserWarning: enable_nested_tensor is True, but self.use_nested_tensor is False because encoder_layer.norm_first was True
2026-02-22T10:39:55.9234736Z   self.encoder = nn.TransformerEncoder(enc_layer, num_layers=cfg.num_layers)
2026-02-22T10:39:55.9235782Z C:\work\apex_repo_cache\ApexTraderAI\ai_core\models\transformer_summarizer.py:61: UserWarning: enable_nested_tensor is True, but self.use_nested_tensor is False because encoder_layer.norm_first was True
2026-02-22T10:39:55.9236902Z   self.encoder = nn.TransformerEncoder(enc_layer, num_layers=cfg.num_layers)
2026-02-22T10:39:55.9239260Z [headless] output_root_resolved=C:\work\apex_work\runs\20260222_193851\output cfg_output_root=C:\work\apex_work\runs\20260222_193851\output cfg_data_output_root=C:\work\apex_work\runs\20260222_193851\output
2026-02-22T10:39:55.9240663Z [headless] data ready: SOXL,SOXS
2026-02-22T10:39:55.9241862Z [headless] StepE default config injected: agents=dprime_bnf_h01,dprime_bnf_h02,dprime_bnf_h03,dprime_all_features_h01,dprime_all_features_h02,dprime_all_features_h03,dprime_mix_h01,dprime_bnf_3scale,dprime_all_features_3scale,dprime_mix_3scale seed=42+idx device=auto
2026-02-22T10:39:55.9243794Z [headless] StepF default config injected: agents=dprime_all_features_3scale,dprime_all_features_h01,dprime_all_features_h02,dprime_all_features_h03,dprime_bnf_3scale,dprime_bnf_h01,dprime_bnf_h02,dprime_bnf_h03,dprime_mix_3scale,dprime_mix_h01 seed=42 device=auto
2026-02-22T10:39:55.9244974Z [headless] repo_root=C:\work\apex_repo_cache\ApexTraderAI
2026-02-22T10:39:55.9245336Z [headless] symbol=SOXL
2026-02-22T10:39:55.9245591Z [headless] steps=A,B,C,D,DPRIME,E,F
2026-02-22T10:39:55.9245863Z [headless] skip_stepe=0
2026-02-22T10:39:55.9246239Z [headless] auto_prepare_data=0 data_start=2010-01-01 data_end=2026-02-22
2026-02-22T10:39:55.9246624Z [StepA] start
2026-02-22T10:39:55.9246930Z [StepA] data_dir=C:\work\apex_work\runs\20260222_193851\data
2026-02-22T10:39:55.9248206Z [StepA] data_dir=C:\work\apex_work\runs\20260222_193851\data src_csv=C:\work\apex_work\runs\20260222_193851\data\prices_SOXL.csv
2026-02-22T10:39:55.9248740Z [StepA] done
2026-02-22T10:39:55.9250205Z [StepB] start
2026-02-22T10:39:55.9252914Z [StepB:mamba] wrote daily manifest -> C:\work\apex_work\runs\20260222_193851\output\stepB\sim\stepB_daily_manifest_SOXL.csv rows=62
2026-02-22T10:39:55.9253500Z [StepB] agents: mamba=True
2026-02-22T10:39:55.9253739Z [StepB] done
2026-02-22T10:39:55.9253928Z [StepC] start
2026-02-22T10:39:55.9254413Z [StepC] price_path=C:\work\apex_work\runs\20260222_193851\output\stepA\sim\stepA_prices_train_SOXL.csv
2026-02-22T10:39:55.9255242Z [StepC] wrote daily snapshots: 62 -> C:\work\apex_work\runs\20260222_193851\output\stepC\sim\stepC_daily_manifest_SOXL.csv
2026-02-22T10:39:55.9256290Z [StepC] done
2026-02-22T10:39:55.9256496Z [StepDPrime] start
2026-02-22T10:39:55.9256769Z [StepDPrime] seed=42
2026-02-22T10:39:55.9257271Z [StepDPrime] device=cuda
2026-02-22T10:39:55.9257772Z [StepD'] collect: source=mamba h=1 files=62 root=C:/work/apex_work/runs/20260222_193851/output/stepB/sim
2026-02-22T10:39:55.9258480Z [StepD'] stepDprime_mamba_h01_SOXL ep=001 train_loss=0.7007 acc=0.500 val_loss=0.6942 val_acc=0.556
2026-02-22T10:39:55.9259239Z [StepD'] stepDprime_mamba_h01_SOXL ep=002 train_loss=0.6856 acc=0.596 val_loss=0.6992 val_acc=0.556
2026-02-22T10:39:55.9259952Z [StepD'] stepDprime_mamba_h01_SOXL ep=003 train_loss=0.6862 acc=0.558 val_loss=0.6972 val_acc=0.444
2026-02-22T10:39:55.9260681Z [StepD'] stepDprime_mamba_h01_SOXL ep=004 train_loss=0.6908 acc=0.635 val_loss=0.6927 val_acc=0.444
2026-02-22T10:39:55.9261536Z [StepD'] stepDprime_mamba_h01_SOXL ep=005 train_loss=0.6847 acc=0.500 val_loss=0.6901 val_acc=0.556
2026-02-22T10:39:55.9262242Z [StepD'] stepDprime_mamba_h01_SOXL ep=006 train_loss=0.6710 acc=0.692 val_loss=0.6892 val_acc=0.556
2026-02-22T10:39:55.9262929Z [StepD'] stepDprime_mamba_h01_SOXL ep=007 train_loss=0.6966 acc=0.462 val_loss=0.6894 val_acc=0.556
2026-02-22T10:39:55.9263604Z [StepD'] stepDprime_mamba_h01_SOXL ep=008 train_loss=0.6934 acc=0.558 val_loss=0.6907 val_acc=0.222
2026-02-22T10:39:55.9264514Z [StepD'] stepDprime_mamba_h01_SOXL ep=009 train_loss=0.6728 acc=0.692 val_loss=0.6921 val_acc=0.444
2026-02-22T10:39:55.9265457Z [StepD'] stepDprime_mamba_h01_SOXL ep=010 train_loss=0.6919 acc=0.558 val_loss=0.6935 val_acc=0.444
2026-02-22T10:39:55.9269651Z [StepD'] stepDprime_mamba_h01_SOXL ep=011 train_loss=0.6878 acc=0.519 val_loss=0.6951 val_acc=0.556
2026-02-22T10:39:55.9270388Z [StepD'] stepDprime_mamba_h01_SOXL early stop at ep=11
2026-02-22T10:39:55.9271016Z [StepD'] collect: source=mamba h=5 files=62 root=C:/work/apex_work/runs/20260222_193851/output/stepB/sim
2026-02-22T10:39:55.9271762Z [StepD'] stepDprime_mamba_h05_SOXL ep=001 train_loss=0.6988 acc=0.388 val_loss=0.7327 val_acc=0.375
2026-02-22T10:39:55.9272496Z [StepD'] stepDprime_mamba_h05_SOXL ep=002 train_loss=0.6769 acc=0.592 val_loss=0.7887 val_acc=0.375
2026-02-22T10:39:55.9273214Z [StepD'] stepDprime_mamba_h05_SOXL ep=003 train_loss=0.6798 acc=0.592 val_loss=0.8185 val_acc=0.375
2026-02-22T10:39:55.9273973Z [StepD'] stepDprime_mamba_h05_SOXL ep=004 train_loss=0.6832 acc=0.592 val_loss=0.8179 val_acc=0.375
2026-02-22T10:39:55.9274811Z [StepD'] stepDprime_mamba_h05_SOXL ep=005 train_loss=0.6804 acc=0.592 val_loss=0.8001 val_acc=0.375
2026-02-22T10:39:55.9275484Z [StepD'] stepDprime_mamba_h05_SOXL ep=006 train_loss=0.6836 acc=0.592 val_loss=0.7755 val_acc=0.375
2026-02-22T10:39:55.9276019Z [StepD'] stepDprime_mamba_h05_SOXL early stop at ep=6
2026-02-22T10:39:55.9276648Z [StepD'] collect: source=mamba h=10 files=62 root=C:/work/apex_work/runs/20260222_193851/output/stepB/sim
2026-02-22T10:39:55.9277357Z [StepD'] stepDprime_mamba_h10_SOXL ep=001 train_loss=0.7572 acc=0.267 val_loss=0.7013 val_acc=0.429
2026-02-22T10:39:55.9278043Z [StepD'] stepDprime_mamba_h10_SOXL ep=002 train_loss=0.6743 acc=0.733 val_loss=0.7455 val_acc=0.429
2026-02-22T10:39:55.9278798Z [StepD'] stepDprime_mamba_h10_SOXL ep=003 train_loss=0.6189 acc=0.733 val_loss=0.8135 val_acc=0.429
2026-02-22T10:39:55.9279480Z [StepD'] stepDprime_mamba_h10_SOXL ep=004 train_loss=0.5887 acc=0.733 val_loss=0.8968 val_acc=0.429
2026-02-22T10:39:55.9280151Z [StepD'] stepDprime_mamba_h10_SOXL ep=005 train_loss=0.5804 acc=0.733 val_loss=0.9767 val_acc=0.429
2026-02-22T10:39:55.9280887Z [StepD'] stepDprime_mamba_h10_SOXL ep=006 train_loss=0.5898 acc=0.733 val_loss=1.0330 val_acc=0.429
2026-02-22T10:39:55.9281458Z [StepD'] stepDprime_mamba_h10_SOXL early stop at ep=6
2026-02-22T10:39:55.9282023Z [StepD'] collect: source=mamba h=20 files=62 root=C:/work/apex_work/runs/20260222_193851/output/stepB/sim
2026-02-22T10:39:55.9282726Z [StepD'] stepDprime_mamba_h20_SOXL ep=001 train_loss=0.5967 acc=0.778 val_loss=0.6362 val_acc=0.667
2026-02-22T10:39:55.9283605Z [StepD'] stepDprime_mamba_h20_SOXL ep=002 train_loss=0.5519 acc=0.778 val_loss=0.6508 val_acc=0.667
2026-02-22T10:39:55.9284323Z [StepD'] stepDprime_mamba_h20_SOXL ep=003 train_loss=0.5327 acc=0.778 val_loss=0.6799 val_acc=0.667
2026-02-22T10:39:55.9286494Z [StepD'] stepDprime_mamba_h20_SOXL ep=004 train_loss=0.5260 acc=0.778 val_loss=0.7086 val_acc=0.667
2026-02-22T10:39:55.9287217Z [StepD'] stepDprime_mamba_h20_SOXL ep=005 train_loss=0.5336 acc=0.778 val_loss=0.7254 val_acc=0.667
2026-02-22T10:39:55.9287964Z [StepD'] stepDprime_mamba_h20_SOXL ep=006 train_loss=0.5413 acc=0.778 val_loss=0.7289 val_acc=0.667
2026-02-22T10:39:55.9288512Z [StepD'] stepDprime_mamba_h20_SOXL early stop at ep=6
2026-02-22T10:39:55.9289158Z [StepD'] wrote summary: C:/work/apex_work/runs/20260222_193851/output/stepD_prime/sim/stepDprime_summary_SOXL.json
2026-02-22T10:39:55.9289679Z [StepDPrime] done
2026-02-22T10:39:55.9289877Z [StepD] start
2026-02-22T10:39:55.9290162Z [StepD] mode=sim source=stepC rows=2076 cols=12 rbw=20
2026-02-22T10:39:55.9291014Z [StepD] wrote daily snapshots: 62 agent=mamba -> C:\work\apex_work\runs\20260222_193851\output\stepD\sim\stepD_daily_manifest_mamba_SOXL.csv
2026-02-22T10:39:55.9292050Z [StepD] ensured global daily manifest -> C:\work\apex_work\runs\20260222_193851\output\stepD\sim\stepD_daily_manifest_SOXL.csv
2026-02-22T10:39:55.9293266Z [StepD] wrote agent=mamba daily=stepD_envelope_daily_mamba_SOXL.csv used_cols=Pred_Close_scaled_MAMBA_h01,Pred_Close_scaled_MAMBA_h05,Pred_Close_scaled_MAMBA_h10,Pred_Close_scaled_MAMBA_h20 days=2076
2026-02-22T10:39:55.9294049Z [StepD] done
2026-02-22T10:39:55.9294429Z [StepE] start
2026-02-22T10:39:55.9294828Z [StepE] agent=dprime_bnf_h01 mode=sim profile=A use_stepd_prime=True seed=42 device=auto
2026-02-22T10:39:55.9295638Z [PIPELINE] status=failed steps=A,B,C,D,DPRIME,E,F output_root=C:\work\apex_work\runs\20260222_193851\output
2026-02-22T10:39:55.9296157Z Traceback (most recent call last):
2026-02-22T10:39:55.9296638Z   File "C:\work\apex_repo_cache\ApexTraderAI\tools\run_pipeline.py", line 1495, in <module>
2026-02-22T10:39:55.9297118Z     raise SystemExit(main())
2026-02-22T10:39:55.9300233Z   File "C:\work\apex_repo_cache\ApexTraderAI\tools\run_pipeline.py", line 1479, in main
2026-02-22T10:39:55.9302799Z     step_result = _run_step_generic(step, app_config, symbol, date_range, results)
2026-02-22T10:39:55.9305322Z   File "C:\work\apex_repo_cache\ApexTraderAI\tools\run_pipeline.py", line 1200, in _run_step_generic
2026-02-22T10:39:55.9307710Z     return _call_with_best_effort(fn, ctx2)
2026-02-22T10:39:55.9310137Z   File "C:\work\apex_repo_cache\ApexTraderAI\tools\run_pipeline.py", line 448, in _call_with_best_effort
2026-02-22T10:39:55.9312535Z     return fn(**kwargs)
2026-02-22T10:39:55.9314881Z   File "C:\work\apex_repo_cache\ApexTraderAI\ai_core\services\step_e_service.py", line 141, in run
2026-02-22T10:39:55.9319215Z     self._run_one(cfg, date_range=date_range, symbol=symbol, mode=mode)
2026-02-22T10:39:55.9321737Z   File "C:\work\apex_repo_cache\ApexTraderAI\ai_core\services\step_e_service.py", line 168, in _run_one
2026-02-22T10:39:55.9324307Z     df_all, used_manifest = self._merge_inputs(cfg, out_root=out_root, mode=mode, symbol=symbol)
2026-02-22T10:39:55.9328772Z   File "C:\work\apex_repo_cache\ApexTraderAI\ai_core\services\step_e_service.py", line 402, in _merge_inputs
2026-02-22T10:39:55.9331444Z     dprime_df = self._load_stepD_prime_embeddings(cfg, out_root=out_root, mode=mode, symbol=symbol)
2026-02-22T10:39:55.9336037Z   File "C:\work\apex_repo_cache\ApexTraderAI\ai_core\services\step_e_service.py", line 502, in _load_stepD_prime_embeddings
2026-02-22T10:39:55.9340683Z     raise FileNotFoundError(f"Missing StepD' embeddings: expected one of {cands[0].name} ... under {base}")
2026-02-22T10:39:55.9345566Z FileNotFoundError: Missing StepD' embeddings: expected one of stepDprime_bnf_h01_SOXL_embeddings_all.csv ... under C:\work\apex_work\runs\20260222_193851\output\stepD_prime\sim\embeddings
2026-02-22T10:39:55.9357300Z [CMD] 'C:\Users\becky\AppData\Local\Programs\Python\Python310\python.exe' 'tools\run_pipeline.py' --symbol SOXL --steps A,B,C,D,DPRIME,E,F --test-start 2022-01-03 --train-years 8 --test-months 3 --mode sim --output-root 'C:\work\apex_work\runs\20260222_193851\output' --data-dir 'C:\work\apex_work\runs\20260222_193851\data' --auto-prepare-data 0 --enable-mamba
2026-02-22T10:39:55.9364466Z [RC] 1
2026-02-22T10:39:55.9364674Z [RC] 
2026-02-22T10:39:55.9370435Z [FAILED] command="python" tools\run_with_python.py tools\run_pipeline.py --symbol SOXL --steps "A,B,C,D,DPRIME,E,F" --test-start 2022-01-03 --train-years 8 --test-months 3 --mode sim --output-root "C:\work\apex_work\runs\20260222_193851\output" --data-dir "C:\work\apex_work\runs\20260222_193851\data" --auto-prepare-data 0  --enable-mamba
2026-02-22T10:39:55.9372186Z [FAILED] exit_code=
2026-02-22T10:39:55.9372471Z [FAILED] run_id=20260222_193851
2026-02-22T10:39:55.9373007Z [FAILED] log=C:\work\apex_work\runs\20260222_193851\logs\run_20260222_193851.log

----- FILE: actions_logs/run/15_Resolve latest run artifacts.txt -----
ï»¿2026-02-22T10:39:55.9687327Z ##[group]Run $workRoot = 'C:\work\apex_work\runs'
2026-02-22T10:39:55.9687909Z [36;1m$workRoot = 'C:\work\apex_work\runs'[0m
2026-02-22T10:39:55.9688337Z [36;1m$consoleLog = Join-Path $env:RUNNER_TEMP 'run_all_local_then_copy_console.log'[0m
2026-02-22T10:39:55.9688872Z [36;1m$reportPath = Join-Path $env:GITHUB_WORKSPACE 'temp\ONE_TAP_ERROR_REPORT.txt'[0m
2026-02-22T10:39:55.9689267Z [36;1m[0m
2026-02-22T10:39:55.9689824Z [36;1mAdd-Content -Path $reportPath -Value @([0m
2026-02-22T10:39:55.9690248Z [36;1m  '[STEP] resolve_latest_run_artifacts',[0m
2026-02-22T10:39:55.9690775Z [36;1m  ('[INFO] work_root={0}' -f $workRoot)[0m
2026-02-22T10:39:55.9699667Z [36;1m)[0m
2026-02-22T10:39:55.9699942Z [36;1m[0m
2026-02-22T10:39:55.9700097Z [36;1m$runId = ''[0m
2026-02-22T10:39:55.9700308Z [36;1mif (Test-Path $consoleLog) {[0m
2026-02-22T10:39:55.9700777Z [36;1m  $runIdLine = Select-String -Path $consoleLog -Pattern '^\[OK\] run_id=' | Select-Object -Last 1[0m
2026-02-22T10:39:55.9701280Z [36;1m  if ($runIdLine) {[0m
2026-02-22T10:39:55.9701591Z [36;1m    $runId = ($runIdLine.Line -replace '^\[OK\] run_id=', '').Trim()[0m
2026-02-22T10:39:55.9701915Z [36;1m  }[0m
2026-02-22T10:39:55.9702065Z [36;1m}[0m
2026-02-22T10:39:55.9702207Z [36;1m[0m
2026-02-22T10:39:55.9702358Z [36;1m$runDir = $null[0m
2026-02-22T10:39:55.9702559Z [36;1mif ($runId) {[0m
2026-02-22T10:39:55.9702792Z [36;1m  $candidateDir = Join-Path $workRoot $runId[0m
2026-02-22T10:39:55.9703083Z [36;1m  if (Test-Path $candidateDir) {[0m
2026-02-22T10:39:55.9703362Z [36;1m    $runDir = Get-Item $candidateDir[0m
2026-02-22T10:39:55.9703593Z [36;1m  }[0m
2026-02-22T10:39:55.9703744Z [36;1m}[0m
2026-02-22T10:39:55.9703883Z [36;1m[0m
2026-02-22T10:39:55.9704092Z [36;1mif (-not $runDir -and (Test-Path $workRoot)) {[0m
2026-02-22T10:39:55.9704670Z [36;1m  $runDir = Get-ChildItem -Path $workRoot -Directory | Sort-Object LastWriteTime -Descending | Select-Object -First 1[0m
2026-02-22T10:39:55.9705230Z [36;1m  if ($runDir -and -not $runId) {[0m
2026-02-22T10:39:55.9705495Z [36;1m    $runId = $runDir.Name[0m
2026-02-22T10:39:55.9705700Z [36;1m  }[0m
2026-02-22T10:39:55.9705846Z [36;1m}[0m
2026-02-22T10:39:55.9705985Z [36;1m[0m
2026-02-22T10:39:55.9706133Z [36;1mif ($runId) {[0m
2026-02-22T10:39:55.9706465Z [36;1m  "run_id=$runId" | Out-File -FilePath $env:GITHUB_OUTPUT -Encoding utf8 -Append[0m
2026-02-22T10:39:55.9706891Z [36;1m  Write-Host "Resolved run_id=$runId"[0m
2026-02-22T10:39:55.9707137Z [36;1m} else {[0m
2026-02-22T10:39:55.9707514Z [36;1m  Add-Content -Path $reportPath -Value '[NG] resolve_latest_run_artifacts run_id unresolved'[0m
2026-02-22T10:39:55.9708123Z [36;1m  Write-Warning 'Failed to resolve run_id from console log and latest run folder.'[0m
2026-02-22T10:39:55.9708510Z [36;1m}[0m
2026-02-22T10:39:55.9708657Z [36;1m[0m
2026-02-22T10:39:55.9708807Z [36;1mif ($runDir) {[0m
2026-02-22T10:39:55.9709082Z [36;1m  $logGlob = Join-Path $runDir.FullName 'logs\run_*.log'[0m
2026-02-22T10:39:55.9709543Z [36;1m  $zipPath = Join-Path $runDir.FullName ("run_{0}.zip" -f $runDir.Name)[0m
2026-02-22T10:39:55.9710049Z [36;1m  $runLogPath = Join-Path $runDir.FullName ("logs\run_{0}.log" -f $runDir.Name)[0m
2026-02-22T10:39:55.9710614Z [36;1m  "log_glob=$logGlob" | Out-File -FilePath $env:GITHUB_OUTPUT -Encoding utf8 -Append[0m
2026-02-22T10:39:55.9711177Z [36;1m  "zip_path=$zipPath" | Out-File -FilePath $env:GITHUB_OUTPUT -Encoding utf8 -Append[0m
2026-02-22T10:39:55.9711765Z [36;1m  "run_log_path=$runLogPath" | Out-File -FilePath $env:GITHUB_OUTPUT -Encoding utf8 -Append[0m
2026-02-22T10:39:55.9712398Z [36;1m  "run_dir=$($runDir.FullName)" | Out-File -FilePath $env:GITHUB_OUTPUT -Encoding utf8 -Append[0m
2026-02-22T10:39:55.9712913Z [36;1m  Write-Host "Resolved run directory: $($runDir.FullName)"[0m
2026-02-22T10:39:55.9713227Z [36;1m}[0m
2026-02-22T10:39:55.9713374Z [36;1m[0m
2026-02-22T10:39:55.9713539Z [36;1mif ($runDir) {[0m
2026-02-22T10:39:55.9715416Z [36;1m  Add-Content -Path $reportPath -Value @([0m
2026-02-22T10:39:55.9715723Z [36;1m    '[OK] resolve_latest_run_artifacts',[0m
2026-02-22T10:39:55.9716019Z [36;1m    ('[OK] run_dir={0}' -f $runDir.FullName),[0m
2026-02-22T10:39:55.9716296Z [36;1m    ('[OK] run_id={0}' -f $runId),[0m
2026-02-22T10:39:55.9716527Z [36;1m    ''[0m
2026-02-22T10:39:55.9716679Z [36;1m  )[0m
2026-02-22T10:39:55.9716826Z [36;1m}[0m
2026-02-22T10:39:55.9716962Z [36;1m[0m
2026-02-22T10:39:55.9717164Z [36;1mif ((Get-Item $reportPath).Length -gt 60000) {[0m
2026-02-22T10:39:55.9717666Z [36;1m  $tail = Get-Content -Path $reportPath -Raw[0m
2026-02-22T10:39:55.9718026Z [36;1m  $tail = $tail.Substring([Math]::Max(0, $tail.Length - 60000))[0m
2026-02-22T10:39:55.9718443Z [36;1m  Set-Content -Path $reportPath -Value $tail -Encoding UTF8[0m
2026-02-22T10:39:55.9718755Z [36;1m}[0m
2026-02-22T10:39:55.9735529Z shell: C:\Windows\System32\WindowsPowerShell\v1.0\powershell.EXE -NoProfile -ExecutionPolicy Bypass -Command "{0}"
2026-02-22T10:39:55.9736064Z env:
2026-02-22T10:39:55.9736269Z   REPO_ROOT: C:\work\apex_repo_cache\ApexTraderAI
2026-02-22T10:39:55.9736538Z ##[endgroup]
2026-02-22T10:39:56.2266164Z Resolved run_id=20260222_193851
2026-02-22T10:39:56.2329831Z Resolved run directory: C:\work\apex_work\runs\20260222_193851

----- FILE: actions_logs/run/16_Trim ONE_TAP report size.txt -----
ï»¿2026-02-22T10:39:56.2683423Z ##[group]Run $reportPath = Join-Path $env:GITHUB_WORKSPACE 'temp\ONE_TAP_ERROR_REPORT.txt'
2026-02-22T10:39:56.2684394Z [36;1m$reportPath = Join-Path $env:GITHUB_WORKSPACE 'temp\ONE_TAP_ERROR_REPORT.txt'[0m
2026-02-22T10:39:56.2684844Z [36;1m$maxBytes = 60000[0m
2026-02-22T10:39:56.2685266Z [36;1mif ((Test-Path $reportPath) -and ((Get-Item $reportPath).Length -gt $maxBytes)) {[0m
2026-02-22T10:39:56.2685735Z [36;1m  $tail = Get-Content -Path $reportPath -Raw[0m
2026-02-22T10:39:56.2686121Z [36;1m  $tail = $tail.Substring([Math]::Max(0, $tail.Length - $maxBytes))[0m
2026-02-22T10:39:56.2686575Z [36;1m  Set-Content -Path $reportPath -Value $tail -Encoding UTF8[0m
2026-02-22T10:39:56.2686913Z [36;1m}[0m
2026-02-22T10:39:56.2703916Z shell: C:\Windows\System32\WindowsPowerShell\v1.0\powershell.EXE -NoProfile -ExecutionPolicy Bypass -Command "{0}"
2026-02-22T10:39:56.2704456Z env:
2026-02-22T10:39:56.2704698Z   REPO_ROOT: C:\work\apex_repo_cache\ApexTraderAI
2026-02-22T10:39:56.2704969Z ##[endgroup]

----- FILE: actions_logs/run/17_Stage run artifacts.txt -----
ï»¿2026-02-22T10:39:56.5529351Z ##[group]Run $artifactRoot = Join-Path $env:GITHUB_WORKSPACE 'temp\desktop_artifacts'
2026-02-22T10:39:56.5530419Z [36;1m$artifactRoot = Join-Path $env:GITHUB_WORKSPACE 'temp\desktop_artifacts'[0m
2026-02-22T10:39:56.5530954Z [36;1m$null = New-Item -Path $artifactRoot -ItemType Directory -Force[0m
2026-02-22T10:39:56.5531421Z [36;1m$workspaceLogRoot = Join-Path $env:GITHUB_WORKSPACE 'artifacts\logs'[0m
2026-02-22T10:39:56.5531903Z [36;1m$null = New-Item -Path $workspaceLogRoot -ItemType Directory -Force[0m
2026-02-22T10:39:56.5532246Z [36;1m[0m
2026-02-22T10:39:56.5532569Z [36;1m$reportSource = Join-Path $env:GITHUB_WORKSPACE 'temp\ONE_TAP_ERROR_REPORT.txt'[0m
2026-02-22T10:39:56.5533088Z [36;1m$reportDest = Join-Path $artifactRoot 'ONE_TAP_ERROR_REPORT.txt'[0m
2026-02-22T10:39:56.5533452Z [36;1mif (Test-Path $reportSource) {[0m
2026-02-22T10:39:56.5533844Z [36;1m  Copy-Item -Path $reportSource -Destination $reportDest -Force[0m
2026-02-22T10:39:56.5534186Z [36;1m} else {[0m
2026-02-22T10:39:56.5534388Z [36;1m  @([0m
2026-02-22T10:39:56.5534648Z [36;1m    '[WARN] ONE_TAP_ERROR_REPORT.txt was missing at stage time.',[0m
2026-02-22T10:39:56.5535091Z [36;1m    ('timestamp={0}' -f (Get-Date -Format 'yyyy-MM-dd HH:mm:ss zzz'))[0m
2026-02-22T10:39:56.5535518Z [36;1m  ) | Set-Content -Path $reportDest -Encoding UTF8[0m
2026-02-22T10:39:56.5535803Z [36;1m}[0m
2026-02-22T10:39:56.5535943Z [36;1m[0m
2026-02-22T10:39:56.5536299Z [36;1m$consoleLog = Join-Path $env:GITHUB_WORKSPACE 'temp\run_all_local_then_copy_console.log'[0m
2026-02-22T10:39:56.5536757Z [36;1mif (Test-Path $consoleLog) {[0m
2026-02-22T10:39:56.5537286Z [36;1m  Copy-Item -Path $consoleLog -Destination (Join-Path $artifactRoot 'run_all_local_then_copy_console.log') -Force[0m
2026-02-22T10:39:56.5537803Z [36;1m}[0m
2026-02-22T10:39:56.5537956Z [36;1m[0m
2026-02-22T10:39:56.5538238Z [36;1m$runLog = 'C:\work\apex_work\runs\20260222_193851\logs\run_20260222_193851.log'[0m
2026-02-22T10:39:56.5538687Z [36;1mif ((-not $runLog) -or (-not (Test-Path $runLog))) {[0m
2026-02-22T10:39:56.5539043Z [36;1m  $runDir = 'C:\work\apex_work\runs\20260222_193851'[0m
2026-02-22T10:39:56.5539609Z [36;1m  if ($runDir -and (Test-Path $runDir)) {[0m
2026-02-22T10:39:56.5540415Z [36;1m    $latestRunLog = Get-ChildItem -Path (Join-Path $runDir 'logs') -Filter 'run_*.log' -File -ErrorAction SilentlyContinue | Sort-Object LastWriteTime -Descending | Select-Object -First 1[0m
2026-02-22T10:39:56.5541191Z [36;1m    if ($latestRunLog) {[0m
2026-02-22T10:39:56.5541442Z [36;1m      $runLog = $latestRunLog.FullName[0m
2026-02-22T10:39:56.5541698Z [36;1m    }[0m
2026-02-22T10:39:56.5541851Z [36;1m  }[0m
2026-02-22T10:39:56.5542002Z [36;1m}[0m
2026-02-22T10:39:56.5542143Z [36;1m[0m
2026-02-22T10:39:56.5542333Z [36;1mif ($runLog -and (Test-Path $runLog)) {[0m
2026-02-22T10:39:56.5542655Z [36;1m  $runLogName = Split-Path -Path $runLog -Leaf[0m
2026-02-22T10:39:56.5543116Z [36;1m  Copy-Item -Path $runLog -Destination (Join-Path $artifactRoot $runLogName) -Force[0m
2026-02-22T10:39:56.5543784Z [36;1m  Copy-Item -Path $runLog -Destination (Join-Path $workspaceLogRoot $runLogName) -Force[0m
2026-02-22T10:39:56.5544248Z [36;1m  Write-Host "Staged run log: $runLog"[0m
2026-02-22T10:39:56.5544500Z [36;1m} else {[0m
2026-02-22T10:39:56.5544886Z [36;1m  Write-Warning 'Run log was not found for artifact staging. Uploading console log artifact only.'[0m
2026-02-22T10:39:56.5545333Z [36;1m  @([0m
2026-02-22T10:39:56.5545618Z [36;1m    '[WARN] run_*.log was not found. Artifact includes console log only.',[0m
2026-02-22T10:39:56.5546116Z [36;1m    '[WARN] Never finish a workflow run without leaving a readable log artifact.',[0m
2026-02-22T10:39:56.5546642Z [36;1m    ('[WARN] generated_at={0}' -f (Get-Date -Format 'yyyy-MM-dd HH:mm:ss zzz'))[0m
2026-02-22T10:39:56.5547223Z [36;1m  ) | Set-Content -Path (Join-Path $artifactRoot 'missing_run_log_warning.txt') -Encoding UTF8[0m
2026-02-22T10:39:56.5549051Z [36;1m}[0m
2026-02-22T10:39:56.5549200Z [36;1m[0m
2026-02-22T10:39:56.5549464Z [36;1m$zipPath = 'C:\work\apex_work\runs\20260222_193851\run_20260222_193851.zip'[0m
2026-02-22T10:39:56.5549872Z [36;1mif ($zipPath -and (Test-Path $zipPath)) {[0m
2026-02-22T10:39:56.5550398Z [36;1m  Copy-Item -Path $zipPath -Destination (Join-Path $artifactRoot (Split-Path -Path $zipPath -Leaf)) -Force[0m
2026-02-22T10:39:56.5550919Z [36;1m}[0m
2026-02-22T10:39:56.5551061Z [36;1m[0m
2026-02-22T10:39:56.5551422Z [36;1m"artifact_path=$artifactRoot" | Out-File -FilePath $env:GITHUB_OUTPUT -Encoding utf8 -Append[0m
2026-02-22T10:39:56.5551940Z [36;1mWrite-Host "Staged artifacts under: $artifactRoot"[0m
2026-02-22T10:39:56.5569903Z shell: C:\Windows\System32\WindowsPowerShell\v1.0\powershell.EXE -NoProfile -ExecutionPolicy Bypass -Command "{0}"
2026-02-22T10:39:56.5570435Z env:
2026-02-22T10:39:56.5570630Z   REPO_ROOT: C:\work\apex_repo_cache\ApexTraderAI
2026-02-22T10:39:56.5570907Z ##[endgroup]
2026-02-22T10:39:56.8304204Z Staged run log: C:\work\apex_work\runs\20260222_193851\logs\run_20260222_193851.log
2026-02-22T10:39:56.8367798Z Staged artifacts under: C:\Users\becky\OneDrive\ãƒ‡ã‚¹ã‚¯ãƒˆãƒƒãƒ—\Python\apex-trader-ai\actions-runner\_work\ApexTraderAI\ApexTraderAI\temp\desktop_artifacts

----- FILE: actions_logs/run/18_Upload run artifacts.txt -----
ï»¿2026-02-22T10:39:56.8737832Z ##[group]Run actions/upload-artifact@v4
2026-02-22T10:39:56.8738262Z with:
2026-02-22T10:39:56.8738440Z   name: desktop-run-20260222_193851
2026-02-22T10:39:56.8738673Z   if-no-files-found: warn
2026-02-22T10:39:56.8739227Z   path: C:\Users\becky\OneDrive\ãƒ‡ã‚¹ã‚¯ãƒˆãƒƒãƒ—\Python\apex-trader-ai\actions-runner\_work\ApexTraderAI\ApexTraderAI\temp\desktop_artifacts\**
2026-02-22T10:39:56.8739798Z   compression-level: 6
2026-02-22T10:39:56.8739983Z   overwrite: false
2026-02-22T10:39:56.8740172Z   include-hidden-files: false
2026-02-22T10:39:56.8740414Z env:
2026-02-22T10:39:56.8740603Z   REPO_ROOT: C:\work\apex_repo_cache\ApexTraderAI
2026-02-22T10:39:56.8740864Z ##[endgroup]
2026-02-22T10:39:57.6050297Z With the provided path, there will be 44 files uploaded
2026-02-22T10:39:57.6055795Z Artifact name is valid!
2026-02-22T10:39:57.6058381Z Root directory input is valid!
2026-02-22T10:39:58.2040989Z Beginning upload of artifact content to blob storage
2026-02-22T10:40:01.3730429Z Uploaded bytes 8388608
2026-02-22T10:40:02.6534101Z Uploaded bytes 16777216
2026-02-22T10:40:04.1460409Z Uploaded bytes 25165824
2026-02-22T10:40:05.1162681Z Uploaded bytes 33554432
2026-02-22T10:40:05.4958232Z Uploaded bytes 41943040
2026-02-22T10:40:05.8361417Z Uploaded bytes 50331648
2026-02-22T10:40:07.1553455Z Uploaded bytes 54483373
2026-02-22T10:40:07.3431531Z Finished uploading artifact content to blob storage!
2026-02-22T10:40:07.3434706Z SHA256 digest of uploaded artifact zip is 965769fd2d04a958ced1582a455fc051b856a440a0cdaed9a1da2b92200b636b
2026-02-22T10:40:07.3436640Z Finalizing artifact upload
2026-02-22T10:40:07.9183920Z Artifact desktop-run-20260222_193851.zip successfully finalized. Artifact ID 5606522752
2026-02-22T10:40:07.9185102Z Artifact desktop-run-20260222_193851 has been successfully uploaded! Final size is 54483373 bytes. Artifact ID is 5606522752
2026-02-22T10:40:07.9197896Z Artifact download URL: https://github.com/toki866/ApexTraderAI/actions/runs/22275519959/artifacts/5606522752

----- FILE: actions_logs/run/19_Evaluate outputs (StepA_StepE best-effort) and write report.txt -----
ï»¿2026-02-22T10:40:08.0195236Z ##[group]Run $ErrorActionPreference='Continue'
2026-02-22T10:40:08.0195733Z [36;1m$ErrorActionPreference='Continue'[0m
2026-02-22T10:40:08.0196010Z [36;1mSet-Location $env:REPO_ROOT[0m
2026-02-22T10:40:08.0196241Z [36;1m[0m
2026-02-22T10:40:08.0196424Z [36;1m$workRoot='C:\work\apex_work\runs'[0m
2026-02-22T10:40:08.0197102Z [36;1m$latest=Get-ChildItem $workRoot -Directory -ErrorAction SilentlyContinue | Sort-Object LastWriteTime -Desc | Select-Object -First 1[0m
2026-02-22T10:40:08.0197809Z [36;1mif (-not $latest) { Write-Host "[WARN] no run_dir"; exit 0 }[0m
2026-02-22T10:40:08.0198134Z [36;1m[0m
2026-02-22T10:40:08.0198368Z [36;1m$outputRoot=Join-Path $latest.FullName 'output'[0m
2026-02-22T10:40:08.0198814Z [36;1mif (-not (Test-Path $outputRoot)) { Write-Host "[WARN] no output_root"; exit 0 }[0m
2026-02-22T10:40:08.0199320Z [36;1m[0m
2026-02-22T10:40:08.0199557Z [36;1m$repDir=Join-Path $env:GITHUB_WORKSPACE 'temp\eval'[0m
2026-02-22T10:40:08.0199966Z [36;1mNew-Item $repDir -ItemType Directory -Force | Out-Null[0m
2026-02-22T10:40:08.0200356Z [36;1m$md=Join-Path $repDir 'EVAL_REPORT.md'[0m
2026-02-22T10:40:08.0200663Z [36;1m$js=Join-Path $repDir 'EVAL_REPORT.json'[0m
2026-02-22T10:40:08.0200984Z [36;1m$summary=Join-Path $repDir 'EVAL_SUMMARY.txt'[0m
2026-02-22T10:40:08.0201252Z [36;1m[0m
2026-02-22T10:40:08.0201473Z [36;1m$symbols = 'SOXL,SOXS'[0m
2026-02-22T10:40:08.0201707Z [36;1m$symbol = 'SOXL'[0m
2026-02-22T10:40:08.0201982Z [36;1mif (-not [string]::IsNullOrWhiteSpace($symbols)) {[0m
2026-02-22T10:40:08.0202336Z [36;1m  $symbol = ($symbols -split ',')[0].Trim()[0m
2026-02-22T10:40:08.0202739Z [36;1m  if ([string]::IsNullOrWhiteSpace($symbol)) { $symbol = 'SOXL' }[0m
2026-02-22T10:40:08.0203083Z [36;1m}[0m
2026-02-22T10:40:08.0203245Z [36;1m$mode = 'sim'[0m
2026-02-22T10:40:08.0203524Z [36;1mif ([string]::IsNullOrWhiteSpace($mode)) { $mode = 'sim' }[0m
2026-02-22T10:40:08.0203890Z [36;1m[0m
2026-02-22T10:40:08.0204496Z [36;1mpython scripts/evaluate_run_outputs.py --output-root "$outputRoot" --mode "$mode" --symbol "$symbol" --out-md "$md" --out-json "$js" --out-summary "$summary"[0m
2026-02-22T10:40:08.0205171Z [36;1mexit 0[0m
2026-02-22T10:40:08.0221933Z shell: C:\Windows\System32\WindowsPowerShell\v1.0\powershell.EXE -NoProfile -ExecutionPolicy Bypass -Command "{0}"
2026-02-22T10:40:08.0222451Z env:
2026-02-22T10:40:08.0222678Z   REPO_ROOT: C:\work\apex_repo_cache\ApexTraderAI
2026-02-22T10:40:08.0223013Z ##[endgroup]

----- FILE: actions_logs/run/1_Set up job.txt -----
ï»¿2026-02-22T10:38:42.0483015Z Current runner version: '2.331.0'
2026-02-22T10:38:42.0495748Z Runner name: 'DESKTOP-C54PIIA'
2026-02-22T10:38:42.0496543Z Runner group name: 'Default'
2026-02-22T10:38:42.0497262Z Machine name: 'DESKTOP-C54PIIA'
2026-02-22T10:38:42.0501097Z ##[group]GITHUB_TOKEN Permissions
2026-02-22T10:38:42.0503206Z Actions: read
2026-02-22T10:38:42.0503808Z Contents: write
2026-02-22T10:38:42.0504253Z Issues: write
2026-02-22T10:38:42.0504655Z Metadata: read
2026-02-22T10:38:42.0505112Z ##[endgroup]
2026-02-22T10:38:42.0508953Z Secret source: Actions
2026-02-22T10:38:42.0509598Z Prepare workflow directory
2026-02-22T10:38:42.1159541Z Prepare all required actions
2026-02-22T10:38:42.1198378Z Getting action download info
2026-02-22T10:38:43.3049991Z Download action repository 'actions/upload-artifact@v4' (SHA:ea165f8d65b6e75b540449e92b4886f43607fa02)
2026-02-22T10:38:45.0806541Z Download action repository 'actions/github-script@v7' (SHA:f28e40c7f34bde8b3046d885e986cb6290c5673b)
2026-02-22T10:38:46.0557541Z Complete job name: run

----- FILE: actions_logs/run/20_Publish ONE_TAP report to diag-logs branch.txt -----
2026-02-22T10:40:20.5241831Z Copy-Item : Could not find a part of the path 'C:\Users\becky\OneDrive\ãƒ‡ã‚¹ã‚¯ãƒˆãƒƒãƒ—\Python\apex-trader-ai\actions-runner\_wor
2026-02-22T10:40:20.5242750Z k\_temp\diag_repo\runs\20260222_194011_run22275519959_att1_0c50f4c\csv\stepB\sim\daily\stepB_daily_pred_mamba_h20_SOXL_
2026-02-22T10:40:20.5243334Z 2022_03_28.csv'.
2026-02-22T10:40:20.5243926Z At C:\Users\becky\OneDrive\ãƒ‡ã‚¹ã‚¯ãƒˆãƒƒãƒ—\Python\apex-trader-ai\actions-runner\_work\_temp\7ac891fb-f941-4edf-a339-347fc66e33ab
2026-02-22T10:40:20.5244476Z .ps1:149 char:7
2026-02-22T10:40:20.5244848Z +       Copy-Item -Path $src.FullName -Destination (Join-Path $csvOutDi ...
2026-02-22T10:40:20.5246126Z +       ~~~~~~~~~~~~~~~~~~~~~~~~~~~~~~~~~~~~~~~~~~~~~~~~~~~~~~~~~~~~~~~
2026-02-22T10:40:20.5246628Z     + CategoryInfo          : NotSpecified: (:) [Copy-Item], DirectoryNotFoundException
2026-02-22T10:40:20.5247564Z     + FullyQualifiedErrorId : System.IO.DirectoryNotFoundException,Microsoft.PowerShell.Commands.CopyItemCommand
2026-02-22T10:40:20.5248179Z  
2026-02-22T10:40:20.5314204Z Copy-Item : Could not find a part of the path 'C:\Users\becky\OneDrive\ãƒ‡ã‚¹ã‚¯ãƒˆãƒƒãƒ—\Python\apex-trader-ai\actions-runner\_wor
2026-02-22T10:40:20.5315164Z k\_temp\diag_repo\runs\20260222_194011_run22275519959_att1_0c50f4c\csv\stepB\sim\daily\stepB_daily_pred_mamba_h20_SOXL_
2026-02-22T10:40:20.5315740Z 2022_03_29.csv'.
2026-02-22T10:40:20.5316314Z At C:\Users\becky\OneDrive\ãƒ‡ã‚¹ã‚¯ãƒˆãƒƒãƒ—\Python\apex-trader-ai\actions-runner\_work\_temp\7ac891fb-f941-4edf-a339-347fc66e33ab
2026-02-22T10:40:20.5316857Z .ps1:149 char:7
2026-02-22T10:40:20.5317221Z +       Copy-Item -Path $src.FullName -Destination (Join-Path $csvOutDi ...
2026-02-22T10:40:20.5317818Z +       ~~~~~~~~~~~~~~~~~~~~~~~~~~~~~~~~~~~~~~~~~~~~~~~~~~~~~~~~~~~~~~~
2026-02-22T10:40:20.5318352Z     + CategoryInfo          : NotSpecified: (:) [Copy-Item], DirectoryNotFoundException
2026-02-22T10:40:20.5319147Z     + FullyQualifiedErrorId : System.IO.DirectoryNotFoundException,Microsoft.PowerShell.Commands.CopyItemCommand
2026-02-22T10:40:20.5319718Z  
2026-02-22T10:40:20.5442667Z Copy-Item : Could not find a part of the path 'C:\Users\becky\OneDrive\ãƒ‡ã‚¹ã‚¯ãƒˆãƒƒãƒ—\Python\apex-trader-ai\actions-runner\_wor
2026-02-22T10:40:20.5443608Z k\_temp\diag_repo\runs\20260222_194011_run22275519959_att1_0c50f4c\csv\stepB\sim\daily\stepB_daily_pred_mamba_h20_SOXL_
2026-02-22T10:40:20.5444155Z 2022_03_30.csv'.
2026-02-22T10:40:20.5444685Z At C:\Users\becky\OneDrive\ãƒ‡ã‚¹ã‚¯ãƒˆãƒƒãƒ—\Python\apex-trader-ai\actions-runner\_work\_temp\7ac891fb-f941-4edf-a339-347fc66e33ab
2026-02-22T10:40:20.5445194Z .ps1:149 char:7
2026-02-22T10:40:20.5445542Z +       Copy-Item -Path $src.FullName -Destination (Join-Path $csvOutDi ...
2026-02-22T10:40:20.5446002Z +       ~~~~~~~~~~~~~~~~~~~~~~~~~~~~~~~~~~~~~~~~~~~~~~~~~~~~~~~~~~~~~~~
2026-02-22T10:40:20.5446478Z     + CategoryInfo          : NotSpecified: (:) [Copy-Item], DirectoryNotFoundException
2026-02-22T10:40:20.5447264Z     + FullyQualifiedErrorId : System.IO.DirectoryNotFoundException,Microsoft.PowerShell.Commands.CopyItemCommand
2026-02-22T10:40:20.5447800Z  
2026-02-22T10:40:20.5506911Z Copy-Item : Could not find a part of the path 'C:\Users\becky\OneDrive\ãƒ‡ã‚¹ã‚¯ãƒˆãƒƒãƒ—\Python\apex-trader-ai\actions-runner\_wor
2026-02-22T10:40:20.5508120Z k\_temp\diag_repo\runs\20260222_194011_run22275519959_att1_0c50f4c\csv\stepB\sim\daily\stepB_daily_pred_mamba_h20_SOXL_
2026-02-22T10:40:20.5508708Z 2022_03_31.csv'.
2026-02-22T10:40:20.5509239Z At C:\Users\becky\OneDrive\ãƒ‡ã‚¹ã‚¯ãƒˆãƒƒãƒ—\Python\apex-trader-ai\actions-runner\_work\_temp\7ac891fb-f941-4edf-a339-347fc66e33ab
2026-02-22T10:40:20.5509781Z .ps1:149 char:7
2026-02-22T10:40:20.5510168Z +       Copy-Item -Path $src.FullName -Destination (Join-Path $csvOutDi ...
2026-02-22T10:40:20.5510626Z +       ~~~~~~~~~~~~~~~~~~~~~~~~~~~~~~~~~~~~~~~~~~~~~~~~~~~~~~~~~~~~~~~
2026-02-22T10:40:20.5511107Z     + CategoryInfo          : NotSpecified: (:) [Copy-Item], DirectoryNotFoundException
2026-02-22T10:40:20.5511882Z     + FullyQualifiedErrorId : System.IO.DirectoryNotFoundException,Microsoft.PowerShell.Commands.CopyItemCommand
2026-02-22T10:40:20.5512428Z  
2026-02-22T10:40:20.5650554Z Copy-Item : Could not find a part of the path 'C:\Users\becky\OneDrive\ãƒ‡ã‚¹ã‚¯ãƒˆãƒƒãƒ—\Python\apex-trader-ai\actions-runner\_wor
2026-02-22T10:40:20.5651570Z k\_temp\diag_repo\runs\20260222_194011_run22275519959_att1_0c50f4c\csv\stepB\sim\stepB_daily_manifest_SOXL.csv'.
2026-02-22T10:40:20.5652467Z At C:\Users\becky\OneDrive\ãƒ‡ã‚¹ã‚¯ãƒˆãƒƒãƒ—\Python\apex-trader-ai\actions-runner\_work\_temp\7ac891fb-f941-4edf-a339-347fc66e33ab
2026-02-22T10:40:20.5653045Z .ps1:149 char:7
2026-02-22T10:40:20.5653416Z +       Copy-Item -Path $src.FullName -Destination (Join-Path $csvOutDi ...
2026-02-22T10:40:20.5654706Z +       ~~~~~~~~~~~~~~~~~~~~~~~~~~~~~~~~~~~~~~~~~~~~~~~~~~~~~~~~~~~~~~~
2026-02-22T10:40:20.5655214Z     + CategoryInfo          : NotSpecified: (:) [Copy-Item], DirectoryNotFoundException
2026-02-22T10:40:20.5656152Z     + FullyQualifiedErrorId : System.IO.DirectoryNotFoundException,Microsoft.PowerShell.Commands.CopyItemCommand
2026-02-22T10:40:20.5656719Z  
2026-02-22T10:40:20.5885106Z Copy-Item : Could not find a part of the path 'C:\Users\becky\OneDrive\ãƒ‡ã‚¹ã‚¯ãƒˆãƒƒãƒ—\Python\apex-trader-ai\actions-runner\_wor
2026-02-22T10:40:20.5886071Z k\_temp\diag_repo\runs\20260222_194011_run22275519959_att1_0c50f4c\csv\stepB\sim\stepB_delta_mamba_SOXL.csv'.
2026-02-22T10:40:20.5886949Z At C:\Users\becky\OneDrive\ãƒ‡ã‚¹ã‚¯ãƒˆãƒƒãƒ—\Python\apex-trader-ai\actions-runner\_work\_temp\7ac891fb-f941-4edf-a339-347fc66e33ab
2026-02-22T10:40:20.5887497Z .ps1:149 char:7
2026-02-22T10:40:20.5887872Z +       Copy-Item -Path $src.FullName -Destination (Join-Path $csvOutDi ...
2026-02-22T10:40:20.5888433Z +       ~~~~~~~~~~~~~~~~~~~~~~~~~~~~~~~~~~~~~~~~~~~~~~~~~~~~~~~~~~~~~~~
2026-02-22T10:40:20.5888986Z     + CategoryInfo          : NotSpecified: (:) [Copy-Item], DirectoryNotFoundException
2026-02-22T10:40:20.5889797Z     + FullyQualifiedErrorId : System.IO.DirectoryNotFoundException,Microsoft.PowerShell.Commands.CopyItemCommand
2026-02-22T10:40:20.5890366Z  
2026-02-22T10:40:20.5932212Z Copy-Item : Could not find a part of the path 'C:\Users\becky\OneDrive\ãƒ‡ã‚¹ã‚¯ãƒˆãƒƒãƒ—\Python\apex-trader-ai\actions-runner\_wor
2026-02-22T10:40:20.5933104Z k\_temp\diag_repo\runs\20260222_194011_run22275519959_att1_0c50f4c\csv\stepB\sim\stepB_pred_close_mamba_SOXL.csv'.
2026-02-22T10:40:20.5933972Z At C:\Users\becky\OneDrive\ãƒ‡ã‚¹ã‚¯ãƒˆãƒƒãƒ—\Python\apex-trader-ai\actions-runner\_work\_temp\7ac891fb-f941-4edf-a339-347fc66e33ab
2026-02-22T10:40:20.5934511Z .ps1:149 char:7
2026-02-22T10:40:20.5934879Z +       Copy-Item -Path $src.FullName -Destination (Join-Path $csvOutDi ...
2026-02-22T10:40:20.5935362Z +       ~~~~~~~~~~~~~~~~~~~~~~~~~~~~~~~~~~~~~~~~~~~~~~~~~~~~~~~~~~~~~~~
2026-02-22T10:40:20.5935932Z     + CategoryInfo          : NotSpecified: (:) [Copy-Item], DirectoryNotFoundException
2026-02-22T10:40:20.5936722Z     + FullyQualifiedErrorId : System.IO.DirectoryNotFoundException,Microsoft.PowerShell.Commands.CopyItemCommand
2026-02-22T10:40:20.5937301Z  
2026-02-22T10:40:20.5976839Z Copy-Item : Could not find a part of the path 'C:\Users\becky\OneDrive\ãƒ‡ã‚¹ã‚¯ãƒˆãƒƒãƒ—\Python\apex-trader-ai\actions-runner\_wor
2026-02-22T10:40:20.5977723Z k\_temp\diag_repo\runs\20260222_194011_run22275519959_att1_0c50f4c\csv\stepB\sim\stepB_pred_path_mamba_SOXL.csv'.
2026-02-22T10:40:20.5978676Z At C:\Users\becky\OneDrive\ãƒ‡ã‚¹ã‚¯ãƒˆãƒƒãƒ—\Python\apex-trader-ai\actions-runner\_work\_temp\7ac891fb-f941-4edf-a339-347fc66e33ab
2026-02-22T10:40:20.5979208Z .ps1:149 char:7
2026-02-22T10:40:20.5979577Z +       Copy-Item -Path $src.FullName -Destination (Join-Path $csvOutDi ...
2026-02-22T10:40:20.5980054Z +       ~~~~~~~~~~~~~~~~~~~~~~~~~~~~~~~~~~~~~~~~~~~~~~~~~~~~~~~~~~~~~~~
2026-02-22T10:40:20.5980649Z     + CategoryInfo          : NotSpecified: (:) [Copy-Item], DirectoryNotFoundException
2026-02-22T10:40:20.5981438Z     + FullyQualifiedErrorId : System.IO.DirectoryNotFoundException,Microsoft.PowerShell.Commands.CopyItemCommand
2026-02-22T10:40:20.5982040Z  
2026-02-22T10:40:20.6026835Z Copy-Item : Could not find a part of the path 'C:\Users\becky\OneDrive\ãƒ‡ã‚¹ã‚¯ãƒˆãƒƒãƒ—\Python\apex-trader-ai\actions-runner\_wor
2026-02-22T10:40:20.6028583Z k\_temp\diag_repo\runs\20260222_194011_run22275519959_att1_0c50f4c\csv\stepB\sim\stepB_pred_time_all_SOXL.csv'.
2026-02-22T10:40:20.6029468Z At C:\Users\becky\OneDrive\ãƒ‡ã‚¹ã‚¯ãƒˆãƒƒãƒ—\Python\apex-trader-ai\actions-runner\_work\_temp\7ac891fb-f941-4edf-a339-347fc66e33ab
2026-02-22T10:40:20.6030070Z .ps1:149 char:7
2026-02-22T10:40:20.6030500Z +       Copy-Item -Path $src.FullName -Destination (Join-Path $csvOutDi ...
2026-02-22T10:40:20.6030975Z +       ~~~~~~~~~~~~~~~~~~~~~~~~~~~~~~~~~~~~~~~~~~~~~~~~~~~~~~~~~~~~~~~
2026-02-22T10:40:20.6032246Z     + CategoryInfo          : NotSpecified: (:) [Copy-Item], DirectoryNotFoundException
2026-02-22T10:40:20.6033125Z     + FullyQualifiedErrorId : System.IO.DirectoryNotFoundException,Microsoft.PowerShell.Commands.CopyItemCommand
2026-02-22T10:40:20.6033854Z  
2026-02-22T10:40:20.6199268Z Copy-Item : Could not find a part of the path 'C:\Users\becky\OneDrive\ãƒ‡ã‚¹ã‚¯ãƒˆãƒƒãƒ—\Python\apex-trader-ai\actions-runner\_wor
2026-02-22T10:40:20.6200269Z k\_temp\diag_repo\runs\20260222_194011_run22275519959_att1_0c50f4c\csv\stepD_prime\sim\embeddings\stepDprime_mamba_h01_
2026-02-22T10:40:20.6200856Z SOXL_embeddings_all.csv'.
2026-02-22T10:40:20.6201478Z At C:\Users\becky\OneDrive\ãƒ‡ã‚¹ã‚¯ãƒˆãƒƒãƒ—\Python\apex-trader-ai\actions-runner\_work\_temp\7ac891fb-f941-4edf-a339-347fc66e33ab
2026-02-22T10:40:20.6202021Z .ps1:149 char:7
2026-02-22T10:40:20.6202389Z +       Copy-Item -Path $src.FullName -Destination (Join-Path $csvOutDi ...
2026-02-22T10:40:20.6202924Z +       ~~~~~~~~~~~~~~~~~~~~~~~~~~~~~~~~~~~~~~~~~~~~~~~~~~~~~~~~~~~~~~~
2026-02-22T10:40:20.6203481Z     + CategoryInfo          : NotSpecified: (:) [Copy-Item], DirectoryNotFoundException
2026-02-22T10:40:20.6204268Z     + FullyQualifiedErrorId : System.IO.DirectoryNotFoundException,Microsoft.PowerShell.Commands.CopyItemCommand
2026-02-22T10:40:20.6204926Z  
2026-02-22T10:40:20.6732149Z Copy-Item : Could not find a part of the path 'C:\Users\becky\OneDrive\ãƒ‡ã‚¹ã‚¯ãƒˆãƒƒãƒ—\Python\apex-trader-ai\actions-runner\_wor
2026-02-22T10:40:20.6733148Z k\_temp\diag_repo\runs\20260222_194011_run22275519959_att1_0c50f4c\csv\stepD_prime\sim\embeddings\stepDprime_mamba_h05_
2026-02-22T10:40:20.6733696Z SOXL_embeddings_all.csv'.
2026-02-22T10:40:20.6734299Z At C:\Users\becky\OneDrive\ãƒ‡ã‚¹ã‚¯ãƒˆãƒƒãƒ—\Python\apex-trader-ai\actions-runner\_work\_temp\7ac891fb-f941-4edf-a339-347fc66e33ab
2026-02-22T10:40:20.6734852Z .ps1:149 char:7
2026-02-22T10:40:20.6735229Z +       Copy-Item -Path $src.FullName -Destination (Join-Path $csvOutDi ...
2026-02-22T10:40:20.6735803Z +       ~~~~~~~~~~~~~~~~~~~~~~~~~~~~~~~~~~~~~~~~~~~~~~~~~~~~~~~~~~~~~~~
2026-02-22T10:40:20.6736312Z     + CategoryInfo          : NotSpecified: (:) [Copy-Item], DirectoryNotFoundException
2026-02-22T10:40:20.6737106Z     + FullyQualifiedErrorId : System.IO.DirectoryNotFoundException,Microsoft.PowerShell.Commands.CopyItemCommand
2026-02-22T10:40:20.6737691Z  
2026-02-22T10:40:20.7224999Z Copy-Item : Could not find a part of the path 'C:\Users\becky\OneDrive\ãƒ‡ã‚¹ã‚¯ãƒˆãƒƒãƒ—\Python\apex-trader-ai\actions-runner\_wor
2026-02-22T10:40:20.7226101Z k\_temp\diag_repo\runs\20260222_194011_run22275519959_att1_0c50f4c\csv\stepD_prime\sim\embeddings\stepDprime_mamba_h10_
2026-02-22T10:40:20.7226675Z SOXL_embeddings_all.csv'.
2026-02-22T10:40:20.7227299Z At C:\Users\becky\OneDrive\ãƒ‡ã‚¹ã‚¯ãƒˆãƒƒãƒ—\Python\apex-trader-ai\actions-runner\_work\_temp\7ac891fb-f941-4edf-a339-347fc66e33ab
2026-02-22T10:40:20.7227851Z .ps1:149 char:7
2026-02-22T10:40:20.7228226Z +       Copy-Item -Path $src.FullName -Destination (Join-Path $csvOutDi ...
2026-02-22T10:40:20.7228766Z +       ~~~~~~~~~~~~~~~~~~~~~~~~~~~~~~~~~~~~~~~~~~~~~~~~~~~~~~~~~~~~~~~
2026-02-22T10:40:20.7229317Z     + CategoryInfo          : NotSpecified: (:) [Copy-Item], DirectoryNotFoundException
2026-02-22T10:40:20.7230132Z     + FullyQualifiedErrorId : System.IO.DirectoryNotFoundException,Microsoft.PowerShell.Commands.CopyItemCommand
2026-02-22T10:40:20.7230977Z  
2026-02-22T10:40:20.7388570Z Copy-Item : Could not find a part of the path 'C:\Users\becky\OneDrive\ãƒ‡ã‚¹ã‚¯ãƒˆãƒƒãƒ—\Python\apex-trader-ai\actions-runner\_wor
2026-02-22T10:40:20.7389569Z k\_temp\diag_repo\runs\20260222_194011_run22275519959_att1_0c50f4c\csv\stepD_prime\sim\embeddings\stepDprime_mamba_h20_
2026-02-22T10:40:20.7390170Z SOXL_embeddings_all.csv'.
2026-02-22T10:40:20.7390766Z At C:\Users\becky\OneDrive\ãƒ‡ã‚¹ã‚¯ãƒˆãƒƒãƒ—\Python\apex-trader-ai\actions-runner\_work\_temp\7ac891fb-f941-4edf-a339-347fc66e33ab
2026-02-22T10:40:20.7391301Z .ps1:149 char:7
2026-02-22T10:40:20.7391677Z +       Copy-Item -Path $src.FullName -Destination (Join-Path $csvOutDi ...
2026-02-22T10:40:20.7393143Z +       ~~~~~~~~~~~~~~~~~~~~~~~~~~~~~~~~~~~~~~~~~~~~~~~~~~~~~~~~~~~~~~~
2026-02-22T10:40:20.7393648Z     + CategoryInfo          : NotSpecified: (:) [Copy-Item], DirectoryNotFoundException
2026-02-22T10:40:20.7394454Z     + FullyQualifiedErrorId : System.IO.DirectoryNotFoundException,Microsoft.PowerShell.Commands.CopyItemCommand
2026-02-22T10:40:20.7395032Z  
2026-02-22T10:40:20.7553781Z Copy-Item : Could not find a part of the path 'C:\Users\becky\OneDrive\ãƒ‡ã‚¹ã‚¯ãƒˆãƒƒãƒ—\Python\apex-trader-ai\actions-runner\_wor
2026-02-22T10:40:20.7554953Z k\_temp\diag_repo\runs\20260222_194011_run22275519959_att1_0c50f4c\csv\stepD_prime\sim\stepDprime_state_all_features_SO
2026-02-22T10:40:20.7555508Z XL_test.csv'.
2026-02-22T10:40:20.7556520Z At C:\Users\becky\OneDrive\ãƒ‡ã‚¹ã‚¯ãƒˆãƒƒãƒ—\Python\apex-trader-ai\actions-runner\_work\_temp\7ac891fb-f941-4edf-a339-347fc66e33ab
2026-02-22T10:40:20.7557096Z .ps1:149 char:7
2026-02-22T10:40:20.7557484Z +       Copy-Item -Path $src.FullName -Destination (Join-Path $csvOutDi ...
2026-02-22T10:40:20.7558073Z +       ~~~~~~~~~~~~~~~~~~~~~~~~~~~~~~~~~~~~~~~~~~~~~~~~~~~~~~~~~~~~~~~
2026-02-22T10:40:20.7559010Z     + CategoryInfo          : NotSpecified: (:) [Copy-Item], DirectoryNotFoundException
2026-02-22T10:40:20.7559833Z     + FullyQualifiedErrorId : System.IO.DirectoryNotFoundException,Microsoft.PowerShell.Commands.CopyItemCommand
2026-02-22T10:40:20.7560484Z  
2026-02-22T10:40:20.7771194Z Copy-Item : Could not find a part of the path 'C:\Users\becky\OneDrive\ãƒ‡ã‚¹ã‚¯ãƒˆãƒƒãƒ—\Python\apex-trader-ai\actions-runner\_wor
2026-02-22T10:40:20.7772664Z k\_temp\diag_repo\runs\20260222_194011_run22275519959_att1_0c50f4c\csv\stepD_prime\sim\stepDprime_state_all_features_SO
2026-02-22T10:40:20.7773220Z XL_train.csv'.
2026-02-22T10:40:20.7774305Z At C:\Users\becky\OneDrive\ãƒ‡ã‚¹ã‚¯ãƒˆãƒƒãƒ—\Python\apex-trader-ai\actions-runner\_work\_temp\7ac891fb-f941-4edf-a339-347fc66e33ab
2026-02-22T10:40:20.7775269Z .ps1:149 char:7
2026-02-22T10:40:20.7775749Z +       Copy-Item -Path $src.FullName -Destination (Join-Path $csvOutDi ...
2026-02-22T10:40:20.7776261Z +       ~~~~~~~~~~~~~~~~~~~~~~~~~~~~~~~~~~~~~~~~~~~~~~~~~~~~~~~~~~~~~~~
2026-02-22T10:40:20.7778536Z     + CategoryInfo          : NotSpecified: (:) [Copy-Item], DirectoryNotFoundException
2026-02-22T10:40:20.7779651Z     + FullyQualifiedErrorId : System.IO.DirectoryNotFoundException,Microsoft.PowerShell.Commands.CopyItemCommand
2026-02-22T10:40:20.7780422Z  
2026-02-22T10:40:20.7973813Z Copy-Item : Could not find a part of the path 'C:\Users\becky\OneDrive\ãƒ‡ã‚¹ã‚¯ãƒˆãƒƒãƒ—\Python\apex-trader-ai\actions-runner\_wor
2026-02-22T10:40:20.7974826Z k\_temp\diag_repo\runs\20260222_194011_run22275519959_att1_0c50f4c\csv\stepD_prime\sim\stepDprime_state_bnf_SOXL_test.c
2026-02-22T10:40:20.7975376Z sv'.
2026-02-22T10:40:20.7975931Z At C:\Users\becky\OneDrive\ãƒ‡ã‚¹ã‚¯ãƒˆãƒƒãƒ—\Python\apex-trader-ai\actions-runner\_work\_temp\7ac891fb-f941-4edf-a339-347fc66e33ab
2026-02-22T10:40:20.7976491Z .ps1:149 char:7
2026-02-22T10:40:20.7976873Z +       Copy-Item -Path $src.FullName -Destination (Join-Path $csvOutDi ...
2026-02-22T10:40:20.7978153Z +       ~~~~~~~~~~~~~~~~~~~~~~~~~~~~~~~~~~~~~~~~~~~~~~~~~~~~~~~~~~~~~~~
2026-02-22T10:40:20.7978659Z     + CategoryInfo          : NotSpecified: (:) [Copy-Item], DirectoryNotFoundException
2026-02-22T10:40:20.7979611Z     + FullyQualifiedErrorId : System.IO.DirectoryNotFoundException,Microsoft.PowerShell.Commands.CopyItemCommand
2026-02-22T10:40:20.7980181Z  
2026-02-22T10:40:20.8166137Z Copy-Item : Could not find a part of the path 'C:\Users\becky\OneDrive\ãƒ‡ã‚¹ã‚¯ãƒˆãƒƒãƒ—\Python\apex-trader-ai\actions-runner\_wor
2026-02-22T10:40:20.8167106Z k\_temp\diag_repo\runs\20260222_194011_run22275519959_att1_0c50f4c\csv\stepD_prime\sim\stepDprime_state_bnf_SOXL_train.
2026-02-22T10:40:20.8167649Z csv'.
2026-02-22T10:40:20.8168199Z At C:\Users\becky\OneDrive\ãƒ‡ã‚¹ã‚¯ãƒˆãƒƒãƒ—\Python\apex-trader-ai\actions-runner\_work\_temp\7ac891fb-f941-4edf-a339-347fc66e33ab
2026-02-22T10:40:20.8168738Z .ps1:149 char:7
2026-02-22T10:40:20.8169147Z +       Copy-Item -Path $src.FullName -Destination (Join-Path $csvOutDi ...
2026-02-22T10:40:20.8169617Z +       ~~~~~~~~~~~~~~~~~~~~~~~~~~~~~~~~~~~~~~~~~~~~~~~~~~~~~~~~~~~~~~~
2026-02-22T10:40:20.8170122Z     + CategoryInfo          : NotSpecified: (:) [Copy-Item], DirectoryNotFoundException
2026-02-22T10:40:20.8170933Z     + FullyQualifiedErrorId : System.IO.DirectoryNotFoundException,Microsoft.PowerShell.Commands.CopyItemCommand
2026-02-22T10:40:20.8171508Z  
2026-02-22T10:40:20.8354092Z Copy-Item : Could not find a part of the path 'C:\Users\becky\OneDrive\ãƒ‡ã‚¹ã‚¯ãƒˆãƒƒãƒ—\Python\apex-trader-ai\actions-runner\_wor
2026-02-22T10:40:20.8355113Z k\_temp\diag_repo\runs\20260222_194011_run22275519959_att1_0c50f4c\csv\stepD_prime\sim\stepDprime_state_mix_SOXL_test.c
2026-02-22T10:40:20.8355666Z sv'.
2026-02-22T10:40:20.8356245Z At C:\Users\becky\OneDrive\ãƒ‡ã‚¹ã‚¯ãƒˆãƒƒãƒ—\Python\apex-trader-ai\actions-runner\_work\_temp\7ac891fb-f941-4edf-a339-347fc66e33ab
2026-02-22T10:40:20.8356792Z .ps1:149 char:7
2026-02-22T10:40:20.8357200Z +       Copy-Item -Path $src.FullName -Destination (Join-Path $csvOutDi ...
2026-02-22T10:40:20.8357678Z +       ~~~~~~~~~~~~~~~~~~~~~~~~~~~~~~~~~~~~~~~~~~~~~~~~~~~~~~~~~~~~~~~
2026-02-22T10:40:20.8358192Z     + CategoryInfo          : NotSpecified: (:) [Copy-Item], DirectoryNotFoundException
2026-02-22T10:40:20.8359014Z     + FullyQualifiedErrorId : System.IO.DirectoryNotFoundException,Microsoft.PowerShell.Commands.CopyItemCommand
2026-02-22T10:40:20.8359594Z  
2026-02-22T10:40:20.8507315Z Copy-Item : Could not find a part of the path 'C:\Users\becky\OneDrive\ãƒ‡ã‚¹ã‚¯ãƒˆãƒƒãƒ—\Python\apex-trader-ai\actions-runner\_wor
2026-02-22T10:40:20.8508305Z k\_temp\diag_repo\runs\20260222_194011_run22275519959_att1_0c50f4c\csv\stepD_prime\sim\stepDprime_state_mix_SOXL_train.
2026-02-22T10:40:20.8508859Z csv'.
2026-02-22T10:40:20.8509417Z At C:\Users\becky\OneDrive\ãƒ‡ã‚¹ã‚¯ãƒˆãƒƒãƒ—\Python\apex-trader-ai\actions-runner\_work\_temp\7ac891fb-f941-4edf-a339-347fc66e33ab
2026-02-22T10:40:20.8509965Z .ps1:149 char:7
2026-02-22T10:40:20.8510368Z +       Copy-Item -Path $src.FullName -Destination (Join-Path $csvOutDi ...
2026-02-22T10:40:20.8510849Z +       ~~~~~~~~~~~~~~~~~~~~~~~~~~~~~~~~~~~~~~~~~~~~~~~~~~~~~~~~~~~~~~~
2026-02-22T10:40:20.8511365Z     + CategoryInfo          : NotSpecified: (:) [Copy-Item], DirectoryNotFoundException
2026-02-22T10:40:20.8512203Z     + FullyQualifiedErrorId : System.IO.DirectoryNotFoundException,Microsoft.PowerShell.Commands.CopyItemCommand
2026-02-22T10:40:20.8512779Z  
2026-02-22T10:40:20.9823291Z [RETENTION] delete old run folder: C:\Users\becky\OneDrive\ãƒ‡ã‚¹ã‚¯ãƒˆãƒƒãƒ—\Python\apex-trader-ai\actions-runner\_work\_temp\diag_repo\runs\20260222_081703_run22273241605_att1_success_83c7187
2026-02-22T10:40:20.9868231Z [RETENTION] delete old run folder: C:\Users\becky\OneDrive\ãƒ‡ã‚¹ã‚¯ãƒˆãƒƒãƒ—\Python\apex-trader-ai\actions-runner\_work\_temp\diag_repo\runs\20260222_072714_run22272555605_att1_success_bc61275
2026-02-22T10:40:21.2887161Z [diag-logs c2d98f2] diag: add one_tap report 20260222_194011_run22275519959_att1_0c50f4c
2026-02-22T10:40:21.2889047Z  11 files changed, 216 insertions(+), 3364 deletions(-)
2026-02-22T10:40:21.2890105Z  delete mode 100644 runs/20260222_072714_run22272555605_att1_success_bc61275/ACTIONS_JOB_LOG_TAIL.txt
2026-02-22T10:40:21.2891743Z  delete mode 100644 runs/20260222_072714_run22272555605_att1_success_bc61275/actions_logs.zip
2026-02-22T10:40:21.2892904Z  delete mode 100644 runs/20260222_081703_run22273241605_att1_success_83c7187/ACTIONS_JOB_LOG_TAIL.txt
2026-02-22T10:40:21.2893747Z  delete mode 100644 runs/20260222_081703_run22273241605_att1_success_83c7187/actions_logs.zip
2026-02-22T10:40:21.2894383Z  create mode 100644 runs/20260222_194011_run22275519959_att1_0c50f4c/CSV_INDEX.md
2026-02-22T10:40:21.2895011Z  create mode 100644 runs/20260222_194011_run22275519959_att1_0c50f4c/ONE_TAP_ERROR_REPORT.txt
2026-02-22T10:40:21.2895674Z  create mode 100644 runs/20260222_194011_run22275519959_att1_0c50f4c/csv/EVAL_REPORT.json
2026-02-22T10:40:21.2896393Z  create mode 100644 runs/20260222_194011_run22275519959_att1_0c50f4c/csv/EVAL_REPORT.md
2026-02-22T10:40:21.2897036Z  create mode 100644 runs/20260222_194011_run22275519959_att1_0c50f4c/csv/EVAL_SUMMARY.txt
2026-02-22T10:40:22.6558497Z To https://github.com/toki866/ApexTraderAI.git
2026-02-22T10:40:22.6558974Z    5f0de5d..c2d98f2  diag-logs -> diag-logs

----- FILE: actions_logs/run/21_Publish diagnostics to Issue (always).txt -----
ï»¿2026-02-22T10:40:22.6898243Z ##[group]Run actions/github-script@v7
2026-02-22T10:40:22.6898614Z with:
2026-02-22T10:40:22.6904947Z   script: const fs = require('fs');
const path = require('path');

const owner = context.repo.owner;
const repo = context.repo.repo;

const reportPath = path.join(process.env.GITHUB_WORKSPACE, 'temp', 'ONE_TAP_ERROR_REPORT.txt');
let report = fs.existsSync(reportPath)
  ? fs.readFileSync(reportPath, 'utf8')
  : '(missing ONE_TAP_ERROR_REPORT.txt)';

const evalPath = path.join(process.env.GITHUB_WORKSPACE, 'temp', 'eval', 'EVAL_SUMMARY.txt');
let evalTxt = fs.existsSync(evalPath)
  ? fs.readFileSync(evalPath, 'utf8')
  : '(EVAL_SUMMARY.txt missing)';

if (report.length > 60000) report = report.slice(-60000);
if (evalTxt.length > 15000) evalTxt = evalTxt.slice(-15000);

const runUrl = `${context.serverUrl}/${owner}/${repo}/actions/runs/${context.runId}`;
const title = 'ApexTraderAI Diagnostics (latest)';
const attempt = process.env.GITHUB_RUN_ATTEMPT || '1';
const diagRunFolder = process.env.DIAG_RUN_FOLDER || 'LATEST_CSV.md';
const csvIndexUrl = diagRunFolder === 'LATEST_CSV.md'
  ? `${context.serverUrl}/${owner}/${repo}/blob/diag-logs/runs/LATEST_CSV.md`
  : `${context.serverUrl}/${owner}/${repo}/blob/diag-logs/runs/${diagRunFolder}/CSV_INDEX.md`;
const evalPathInBranch = diagRunFolder === 'LATEST_CSV.md'
  ? 'runs/LATEST_CSV.md'
  : `runs/${diagRunFolder}/csv/EVAL_REPORT.md`;
const evalUrl = `${context.serverUrl}/${owner}/${repo}/blob/diag-logs/${evalPathInBranch}`;
const body = `Run: ${runUrl}\nSHA: ${context.sha}\nAttempt: ${attempt}\ndiag-logs csv_index: ${csvIndexUrl}\n\n## Evaluation Summary\ndiag-logs: [${evalPathInBranch}](${evalUrl})\n\n\`\`\`text\n${evalTxt}\n\`\`\`\n\n\`\`\`text\n${report}\n\`\`\`\n`;

const { data: issues } = await github.rest.issues.listForRepo({
  owner,
  repo,
  state: 'open',
  per_page: 100
});
const existing = issues.find(i => i.title === title);

if (existing) {
  await github.rest.issues.update({ owner, repo, issue_number: existing.number, body });
} else {
  await github.rest.issues.create({ owner, repo, title, body });
}

2026-02-22T10:40:22.6911870Z   github-token: ***
2026-02-22T10:40:22.6912049Z   debug: false
2026-02-22T10:40:22.6912233Z   user-agent: actions/github-script
2026-02-22T10:40:22.6912518Z   result-encoding: json
2026-02-22T10:40:22.6912747Z   retries: 0
2026-02-22T10:40:22.6912952Z   retry-exempt-status-codes: 400,401,403,404,422
2026-02-22T10:40:22.6913216Z env:
2026-02-22T10:40:22.6913399Z   REPO_ROOT: C:\work\apex_repo_cache\ApexTraderAI
2026-02-22T10:40:22.6913728Z   DIAG_RUN_FOLDER: 20260222_194011_run22275519959_att1_0c50f4c
2026-02-22T10:40:22.6914161Z ##[endgroup]

----- FILE: actions_logs/run/22_Collect diagnostics.txt -----
ï»¿2026-02-22T10:40:24.5139992Z ##[group]Run $ErrorActionPreference = 'Stop'
2026-02-22T10:40:24.5140528Z [36;1m$ErrorActionPreference = 'Stop'[0m
2026-02-22T10:40:24.5140776Z [36;1m[0m
2026-02-22T10:40:24.5140941Z [36;1mfunction Mask-Secrets {[0m
2026-02-22T10:40:24.5141359Z [36;1m  param([string]$Text)[0m
2026-02-22T10:40:24.5141565Z [36;1m[0m
2026-02-22T10:40:24.5141784Z [36;1m  if ([string]::IsNullOrEmpty($Text)) { return $Text }[0m
2026-02-22T10:40:24.5142079Z [36;1m[0m
2026-02-22T10:40:24.5142227Z [36;1m  $masked = $Text[0m
2026-02-22T10:40:24.5142687Z [36;1m  $masked = [regex]::Replace($masked, 'github_pat_[A-Za-z0-9_]{20,}', 'github_pat_***MASKED***')[0m
2026-02-22T10:40:24.5143290Z [36;1m  $masked = [regex]::Replace($masked, 'gh[pousr]_[A-Za-z0-9_]{20,}', 'gh***_***MASKED***')[0m
2026-02-22T10:40:24.5143913Z [36;1m  $masked = [regex]::Replace($masked, '(?im)\b(token|password|secret)\b\s*[:=]\s*\S+', '$1=***MASKED***')[0m
2026-02-22T10:40:24.5144358Z [36;1m  return $masked[0m
2026-02-22T10:40:24.5144578Z [36;1m}[0m
2026-02-22T10:40:24.5144726Z [36;1m[0m
2026-02-22T10:40:24.5144950Z [36;1mfunction Get-MaskedTail {[0m
2026-02-22T10:40:24.5145195Z [36;1m  param([0m
2026-02-22T10:40:24.5145377Z [36;1m    [string]$Path,[0m
2026-02-22T10:40:24.5145619Z [36;1m    [int]$Tail = 200[0m
2026-02-22T10:40:24.5145820Z [36;1m  )[0m
2026-02-22T10:40:24.5145965Z [36;1m[0m
2026-02-22T10:40:24.5146205Z [36;1m  if (-not (Test-Path $Path)) { return "(not found) $Path" }[0m
2026-02-22T10:40:24.5146711Z [36;1m  $raw = (Get-Content -Path $Path -Tail $Tail -ErrorAction SilentlyContinue) -join "`r`n"[0m
2026-02-22T10:40:24.5147156Z [36;1m  return (Mask-Secrets -Text $raw)[0m
2026-02-22T10:40:24.5147431Z [36;1m}[0m
2026-02-22T10:40:24.5147601Z [36;1m[0m
2026-02-22T10:40:24.5147932Z [36;1m$diagOut = Join-Path $env:RUNNER_TEMP 'diag_out'[0m
2026-02-22T10:40:24.5148292Z [36;1m$null = New-Item -Path $diagOut -ItemType Directory -Force[0m
2026-02-22T10:40:24.5148590Z [36;1m[0m
2026-02-22T10:40:24.5148751Z [36;1m$ws = $env:GITHUB_WORKSPACE[0m
2026-02-22T10:40:24.5149058Z [36;1m$runnerRoot = (Resolve-Path (Join-Path $ws '..\..\..')).Path[0m
2026-02-22T10:40:24.5149417Z [36;1m$runnerDiag = Join-Path $runnerRoot '_diag'[0m
2026-02-22T10:40:24.5149706Z [36;1m$runId = '22275519959'[0m
2026-02-22T10:40:24.5149961Z [36;1m$runAttempt = '1'[0m
2026-02-22T10:40:24.5150219Z [36;1m$sha = '0c50f4cc7099b35f0bf9ac1985ede53ad101d7fd'[0m
2026-02-22T10:40:24.5150492Z [36;1m$branch = 'main'[0m
2026-02-22T10:40:24.5150694Z [36;1m$repo = 'toki866/ApexTraderAI'[0m
2026-02-22T10:40:24.5150983Z [36;1m$artifactName = "diag_full_${runId}_${runAttempt}"[0m
2026-02-22T10:40:24.5151250Z [36;1m[0m
2026-02-22T10:40:24.5151409Z [36;1m$latestRunnerLog = $null[0m
2026-02-22T10:40:24.5151624Z [36;1m$latestWorkerLog = $null[0m
2026-02-22T10:40:24.5151848Z [36;1mif (Test-Path $runnerDiag) {[0m
2026-02-22T10:40:24.5152595Z [36;1m  $latestRunnerLog = Get-ChildItem -Path $runnerDiag -Filter 'Runner_*.log' -File -ErrorAction SilentlyContinue | Sort-Object LastWriteTime -Descending | Select-Object -First 1[0m
2026-02-22T10:40:24.5153784Z [36;1m  $latestWorkerLog = Get-ChildItem -Path $runnerDiag -Filter 'Worker_*.log' -File -ErrorAction SilentlyContinue | Sort-Object LastWriteTime -Descending | Select-Object -First 1[0m
2026-02-22T10:40:24.5154534Z [36;1m}[0m
2026-02-22T10:40:24.5154705Z [36;1m[0m
2026-02-22T10:40:24.5155001Z [36;1m$workflowLog = Join-Path $env:RUNNER_TEMP 'run_all_local_then_copy_console.log'[0m
2026-02-22T10:40:24.5155523Z [36;1m$runLogPath = 'C:\work\apex_work\runs\20260222_193851\logs\run_20260222_193851.log'[0m
2026-02-22T10:40:24.5156006Z [36;1m$stepSummaryGlob = Join-Path $env:RUNNER_TEMP 'step_summary_*'[0m
2026-02-22T10:40:24.5156548Z [36;1m$oneTapReportWorkspace = Join-Path $env:GITHUB_WORKSPACE 'temp\ONE_TAP_ERROR_REPORT.txt'[0m
2026-02-22T10:40:24.5157008Z [36;1m[0m
2026-02-22T10:40:24.5157501Z [36;1mif ($latestRunnerLog) { Copy-Item -Path $latestRunnerLog.FullName -Destination (Join-Path $diagOut $latestRunnerLog.Name) -Force }[0m
2026-02-22T10:40:24.5159437Z [36;1mif ($latestWorkerLog) { Copy-Item -Path $latestWorkerLog.FullName -Destination (Join-Path $diagOut $latestWorkerLog.Name) -Force }[0m
2026-02-22T10:40:24.5160410Z [36;1mif (Test-Path $workflowLog) { Copy-Item -Path $workflowLog -Destination (Join-Path $diagOut 'workflow_console.log') -Force }[0m
2026-02-22T10:40:24.5161306Z [36;1mif ($runLogPath -and (Test-Path $runLogPath)) { Copy-Item -Path $runLogPath -Destination (Join-Path $diagOut (Split-Path $runLogPath -Leaf)) -Force }[0m
2026-02-22T10:40:24.5162308Z [36;1mif (Test-Path $oneTapReportWorkspace) { Copy-Item -Path $oneTapReportWorkspace -Destination (Join-Path $diagOut 'ONE_TAP_ERROR_REPORT.txt') -Force }[0m
2026-02-22T10:40:24.5163130Z [36;1mGet-ChildItem -Path $stepSummaryGlob -File -ErrorAction SilentlyContinue | ForEach-Object {[0m
2026-02-22T10:40:24.5163713Z [36;1m  Copy-Item -Path $_.FullName -Destination (Join-Path $diagOut $_.Name) -Force[0m
2026-02-22T10:40:24.5164130Z [36;1m}[0m
2026-02-22T10:40:24.5164278Z [36;1m[0m
2026-02-22T10:40:24.5164461Z [36;1mforeach ($subDir in @('pages', 'blocks')) {[0m
2026-02-22T10:40:24.5164753Z [36;1m  $src = Join-Path $runnerDiag $subDir[0m
2026-02-22T10:40:24.5165021Z [36;1m  if (Test-Path $src) {[0m
2026-02-22T10:40:24.5165389Z [36;1m    Copy-Item -Path $src -Destination (Join-Path $diagOut $subDir) -Recurse -Force[0m
2026-02-22T10:40:24.5165794Z [36;1m  }[0m
2026-02-22T10:40:24.5165938Z [36;1m}[0m
2026-02-22T10:40:24.5166078Z [36;1m[0m
2026-02-22T10:40:24.5166615Z [36;1m$runnerTailText = if ($latestRunnerLog) { Get-MaskedTail -Path $latestRunnerLog.FullName -Tail 200 } else { '(runner diag not found)' }[0m
2026-02-22T10:40:24.5167509Z [36;1m$workflowTailText = if (Test-Path $workflowLog) { Get-MaskedTail -Path $workflowLog -Tail 200 } else { '(workflow log not found)' }[0m
2026-02-22T10:40:24.5168045Z [36;1m[0m
2026-02-22T10:40:24.5168257Z [36;1m$summaryPath = Join-Path $diagOut 'summary.md'[0m
2026-02-22T10:40:24.5168554Z [36;1m$summary = @([0m
2026-02-22T10:40:24.5168795Z [36;1m  '# Diagnostics Summary',[0m
2026-02-22T10:40:24.5169020Z [36;1m  '',[0m
2026-02-22T10:40:24.5169179Z [36;1m  "- repo: $repo",[0m
2026-02-22T10:40:24.5169379Z [36;1m  "- branch: $branch",[0m
2026-02-22T10:40:24.5169583Z [36;1m  "- sha: $sha",[0m
2026-02-22T10:40:24.5169764Z [36;1m  "- run_id: $runId",[0m
2026-02-22T10:40:24.5169972Z [36;1m  "- attempt: $runAttempt",[0m
2026-02-22T10:40:24.5170220Z [36;1m  "- failing_step: $env:FAILING_STEP",[0m
2026-02-22T10:40:24.5170484Z [36;1m  "- artifact_name: $artifactName",[0m
2026-02-22T10:40:24.5170780Z [36;1m  '- one_tap_report: See ONE_TAP_ERROR_REPORT.txt',[0m
2026-02-22T10:40:24.5171095Z [36;1m  '',[0m
2026-02-22T10:40:24.5171328Z [36;1m  '## runner_diag_tail (last 200 lines)',[0m
2026-02-22T10:40:24.5171573Z [36;1m  '```text',[0m
2026-02-22T10:40:24.5171752Z [36;1m  $runnerTailText,[0m
2026-02-22T10:40:24.5171949Z [36;1m  '```',[0m
2026-02-22T10:40:24.5172096Z [36;1m  '',[0m
2026-02-22T10:40:24.5172275Z [36;1m  '## workflow_tail (last 200 lines)',[0m
2026-02-22T10:40:24.5172508Z [36;1m  '```text',[0m
2026-02-22T10:40:24.5172690Z [36;1m  $workflowTailText,[0m
2026-02-22T10:40:24.5172884Z [36;1m  '```'[0m
2026-02-22T10:40:24.5173046Z [36;1m) -join "`r`n"[0m
2026-02-22T10:40:24.5173266Z [36;1m$summary = Mask-Secrets -Text $summary[0m
2026-02-22T10:40:24.5173671Z [36;1mSet-Content -Path $summaryPath -Value $summary -Encoding UTF8[0m
2026-02-22T10:40:24.5173992Z [36;1m[0m
2026-02-22T10:40:24.5174239Z [36;1m$runnerTailPath = Join-Path $diagOut 'runner_diag_tail.txt'[0m
2026-02-22T10:40:24.5174688Z [36;1mSet-Content -Path $runnerTailPath -Value $runnerTailText -Encoding UTF8[0m
2026-02-22T10:40:24.5175148Z [36;1m$workflowTailPath = Join-Path $diagOut 'workflow_tail.txt'[0m
2026-02-22T10:40:24.5175683Z [36;1mSet-Content -Path $workflowTailPath -Value $workflowTailText -Encoding UTF8[0m
2026-02-22T10:40:24.5176616Z [36;1m[0m
2026-02-22T10:40:24.5182490Z [36;1m$fullZip = Join-Path $env:RUNNER_TEMP ("{0}.zip" -f $artifactName)[0m
2026-02-22T10:40:24.5183034Z [36;1mif (Test-Path $fullZip) { Remove-Item $fullZip -Force }[0m
2026-02-22T10:40:24.5183645Z [36;1mCompress-Archive -Path (Join-Path $diagOut '*') -DestinationPath $fullZip -Force[0m
2026-02-22T10:40:24.5184036Z [36;1m[0m
2026-02-22T10:40:24.5184342Z [36;1m"diag_out=$diagOut" | Out-File -FilePath $env:GITHUB_OUTPUT -Encoding utf8 -Append[0m
2026-02-22T10:40:24.5184908Z [36;1m"diag_summary=$summaryPath" | Out-File -FilePath $env:GITHUB_OUTPUT -Encoding utf8 -Append[0m
2026-02-22T10:40:24.5185584Z [36;1m"diag_runner_tail=$runnerTailPath" | Out-File -FilePath $env:GITHUB_OUTPUT -Encoding utf8 -Append[0m
2026-02-22T10:40:24.5186241Z [36;1m"diag_workflow_tail=$workflowTailPath" | Out-File -FilePath $env:GITHUB_OUTPUT -Encoding utf8 -Append[0m
2026-02-22T10:40:24.5186848Z [36;1m"diag_zip=$fullZip" | Out-File -FilePath $env:GITHUB_OUTPUT -Encoding utf8 -Append[0m
2026-02-22T10:40:24.5187428Z [36;1m"diag_artifact_name=$artifactName" | Out-File -FilePath $env:GITHUB_OUTPUT -Encoding utf8 -Append[0m
2026-02-22T10:40:24.5203153Z shell: C:\Windows\System32\WindowsPowerShell\v1.0\powershell.EXE -NoProfile -ExecutionPolicy Bypass -Command "{0}"
2026-02-22T10:40:24.5203635Z env:
2026-02-22T10:40:24.5203911Z   REPO_ROOT: C:\work\apex_repo_cache\ApexTraderAI
2026-02-22T10:40:24.5204193Z   FAILING_STEP: Run desktop BAT
2026-02-22T10:40:24.5204392Z ##[endgroup]

----- FILE: actions_logs/run/23_Upload full diagnostics artifact.txt -----
ï»¿2026-02-22T10:40:25.8629111Z ##[group]Run actions/upload-artifact@v4
2026-02-22T10:40:25.8629455Z with:
2026-02-22T10:40:25.8629619Z   name: diag_full_22275519959_1
2026-02-22T10:40:25.8629844Z   if-no-files-found: warn
2026-02-22T10:40:25.8630047Z   retention-days: 7
2026-02-22T10:40:25.8630497Z   path: C:\Users\becky\OneDrive\ãƒ‡ã‚¹ã‚¯ãƒˆãƒƒãƒ—\Python\apex-trader-ai\actions-runner\_work\_temp\diag_full_22275519959_1.zip
2026-02-22T10:40:25.8631024Z   compression-level: 6
2026-02-22T10:40:25.8631234Z   overwrite: false
2026-02-22T10:40:25.8631423Z   include-hidden-files: false
2026-02-22T10:40:25.8631635Z env:
2026-02-22T10:40:25.8631827Z   REPO_ROOT: C:\work\apex_repo_cache\ApexTraderAI
2026-02-22T10:40:25.8632115Z ##[endgroup]
2026-02-22T10:40:26.1413462Z With the provided path, there will be 1 file uploaded
2026-02-22T10:40:26.1419792Z Artifact name is valid!
2026-02-22T10:40:26.1423123Z Root directory input is valid!
2026-02-22T10:40:26.7158835Z Beginning upload of artifact content to blob storage
2026-02-22T10:40:27.9767103Z Uploaded bytes 211482
2026-02-22T10:40:28.1585450Z Finished uploading artifact content to blob storage!
2026-02-22T10:40:28.1589969Z SHA256 digest of uploaded artifact zip is e9eba1beef6b60fb49b965adc8efd9968df25273e9c33c366e962c2ea56d4b6e
2026-02-22T10:40:28.1592409Z Finalizing artifact upload
2026-02-22T10:40:28.3928104Z Artifact diag_full_22275519959_1.zip successfully finalized. Artifact ID 5606523992
2026-02-22T10:40:28.3929110Z Artifact diag_full_22275519959_1 has been successfully uploaded! Final size is 211482 bytes. Artifact ID is 5606523992
2026-02-22T10:40:28.3954317Z Artifact download URL: https://github.com/toki866/ApexTraderAI/actions/runs/22275519959/artifacts/5606523992

----- FILE: actions_logs/run/24_Upload diagnostics artifact.txt -----
ï»¿2026-02-22T10:40:28.4484288Z ##[group]Run actions/upload-artifact@v4
2026-02-22T10:40:28.4486628Z with:
2026-02-22T10:40:28.4486802Z   name: diagnostics
2026-02-22T10:40:28.4488854Z   if-no-files-found: warn
2026-02-22T10:40:28.4489108Z   path: _diagnostics/**/*
2026-02-22T10:40:28.4491189Z   compression-level: 6
2026-02-22T10:40:28.4491385Z   overwrite: false
2026-02-22T10:40:28.4491577Z   include-hidden-files: false
2026-02-22T10:40:28.4493773Z env:
2026-02-22T10:40:28.4493958Z   REPO_ROOT: C:\work\apex_repo_cache\ApexTraderAI
2026-02-22T10:40:28.4496077Z ##[endgroup]
2026-02-22T10:40:28.7262323Z ##[warning]No files were found with the provided path: _diagnostics/**/*. No artifacts will be uploaded.

----- FILE: actions_logs/run/25_Complete job.txt -----
ï»¿2026-02-22T10:40:28.7614244Z Cleaning up orphan processes

----- FILE: actions_logs/run/2_Prepare repo in C_work (no OneDrive cleanup).txt -----
ï»¿2026-02-22T10:38:46.1964876Z ##[group]Run $ErrorActionPreference = 'Stop'
2026-02-22T10:38:46.1965624Z [36;1m$ErrorActionPreference = 'Stop'[0m
2026-02-22T10:38:46.1965984Z [36;1mgit config --global core.longpaths true[0m
2026-02-22T10:38:46.1966304Z [36;1m[0m
2026-02-22T10:38:46.1967203Z [36;1m$repoUrl = "***github.com/toki866/ApexTraderAI.git"[0m
2026-02-22T10:38:46.1967599Z [36;1m$cacheRoot = "C:\work\apex_repo_cache"[0m
2026-02-22T10:38:46.1968068Z [36;1m$repoDir = Join-Path $cacheRoot "ApexTraderAI"[0m
2026-02-22T10:38:46.1968394Z [36;1m[0m
2026-02-22T10:38:46.1968719Z [36;1mNew-Item -Path $cacheRoot -ItemType Directory -Force | Out-Null[0m
2026-02-22T10:38:46.1969099Z [36;1m[0m
2026-02-22T10:38:46.1969366Z [36;1mif (!(Test-Path (Join-Path $repoDir ".git"))) {[0m
2026-02-22T10:38:46.1969740Z [36;1m  Write-Host "[repo] cloning to $repoDir"[0m
2026-02-22T10:38:46.1970362Z [36;1m  if (Test-Path $repoDir) { Remove-Item -Path $repoDir -Recurse -Force -ErrorAction SilentlyContinue }[0m
2026-02-22T10:38:46.1971026Z [36;1m  git clone $repoUrl $repoDir[0m
2026-02-22T10:38:46.1971444Z [36;1m  if ($LASTEXITCODE -ne 0) { throw "git clone failed (exit=$LASTEXITCODE)" }[0m
2026-02-22T10:38:46.1971852Z [36;1m} else {[0m
2026-02-22T10:38:46.1972126Z [36;1m  Write-Host "[repo] fetch/reset in $repoDir"[0m
2026-02-22T10:38:46.1972603Z [36;1m  git -C $repoDir remote set-url origin $repoUrl | Out-Null[0m
2026-02-22T10:38:46.1973028Z [36;1m  git -C $repoDir fetch --force --prune origin[0m
2026-02-22T10:38:46.1973480Z [36;1m  if ($LASTEXITCODE -ne 0) { throw "git fetch failed (exit=$LASTEXITCODE)" }[0m
2026-02-22T10:38:46.1973874Z [36;1m}[0m
2026-02-22T10:38:46.1974065Z [36;1m[0m
2026-02-22T10:38:46.1974308Z [36;1mgit -C $repoDir checkout -f $env:GITHUB_SHA[0m
2026-02-22T10:38:46.1974837Z [36;1mif ($LASTEXITCODE -ne 0) { throw "git checkout SHA failed (exit=$LASTEXITCODE)" }[0m
2026-02-22T10:38:46.1975493Z [36;1mgit -C $repoDir reset --hard $env:GITHUB_SHA[0m
2026-02-22T10:38:46.1975941Z [36;1mif ($LASTEXITCODE -ne 0) { throw "git reset SHA failed (exit=$LASTEXITCODE)" }[0m
2026-02-22T10:38:46.1976366Z [36;1mgit -C $repoDir clean -ffdx[0m
2026-02-22T10:38:46.1976755Z [36;1mif ($LASTEXITCODE -ne 0) { throw "git clean failed (exit=$LASTEXITCODE)" }[0m
2026-02-22T10:38:46.1977161Z [36;1m[0m
2026-02-22T10:38:46.1977560Z [36;1mgit config --global --add safe.directory $repoDir[0m
2026-02-22T10:38:46.1977874Z [36;1m[0m
2026-02-22T10:38:46.1978169Z [36;1mAdd-Content -Path $env:GITHUB_ENV -Value "REPO_ROOT=$repoDir"[0m
2026-02-22T10:38:46.1978550Z [36;1mWrite-Host "REPO_ROOT=$repoDir"[0m
2026-02-22T10:38:46.1978978Z [36;1m$headShort = git -C $repoDir rev-parse --short HEAD[0m
2026-02-22T10:38:46.1979322Z [36;1mWrite-Host "HEAD=$headShort"[0m
2026-02-22T10:38:46.2002883Z shell: C:\Windows\System32\WindowsPowerShell\v1.0\powershell.EXE -NoProfile -ExecutionPolicy Bypass -Command "{0}"
2026-02-22T10:38:46.2003803Z env:
2026-02-22T10:38:46.2005132Z   GIT_TERMINAL_PROMPT: 0
2026-02-22T10:38:46.2005415Z ##[endgroup]
2026-02-22T10:38:46.6479936Z [repo] fetch/reset in C:\work\apex_repo_cache\ApexTraderAI
2026-02-22T10:38:48.2503965Z From https://github.com/toki866/ApexTraderAI
2026-02-22T10:38:48.2504920Z  * [new branch]      codex/implement-stepd-prime-data-generation -> origin/codex/implement-stepd-prime-data-generation
2026-02-22T10:38:48.2505668Z    3a08915..5f0de5d  diag-logs  -> origin/diag-logs
2026-02-22T10:38:48.2506168Z    83c7187..0c50f4c  main       -> origin/main
2026-02-22T10:38:48.3314017Z Previous HEAD position was 83c7187 Merge pull request #85 from toki866/codex/remove-xsr/fedformer-files-and-references
2026-02-22T10:38:48.3314999Z HEAD is now at 0c50f4c Merge pull request #91 from toki866/codex/fix-csv-publish-stability-and-exceptions
2026-02-22T10:38:48.3695709Z HEAD is now at 0c50f4c Merge pull request #91 from toki866/codex/fix-csv-publish-stability-and-exceptions
2026-02-22T10:38:48.4119744Z Removing ai_core/__pycache__/
2026-02-22T10:38:48.4121816Z Removing ai_core/config/__pycache__/
2026-02-22T10:38:48.4122175Z Removing ai_core/models/__pycache__/
2026-02-22T10:38:48.4122537Z Removing ai_core/services/__pycache__/
2026-02-22T10:38:48.4122929Z Removing ai_core/types/__pycache__/
2026-02-22T10:38:48.4123274Z Removing ai_core/utils/__pycache__/
2026-02-22T10:38:48.4123762Z Removing output/
2026-02-22T10:38:48.4124096Z Removing temp/
2026-02-22T10:38:48.4539476Z REPO_ROOT=C:\work\apex_repo_cache\ApexTraderAI
2026-02-22T10:38:48.4929107Z HEAD=0c50f4c

----- FILE: actions_logs/run/3_Initialize ONE_TAP error report.txt -----
ï»¿2026-02-22T10:38:48.5365138Z ##[group]Run $ErrorActionPreference = 'Stop'
2026-02-22T10:38:48.5365671Z [36;1m$ErrorActionPreference = 'Stop'[0m
2026-02-22T10:38:48.5366031Z [36;1m$reportDir = Join-Path $env:GITHUB_WORKSPACE 'temp'[0m
2026-02-22T10:38:48.5366474Z [36;1m$null = New-Item -Path $reportDir -ItemType Directory -Force[0m
2026-02-22T10:38:48.5366945Z [36;1m$reportPath = Join-Path $reportDir 'ONE_TAP_ERROR_REPORT.txt'[0m
2026-02-22T10:38:48.5367370Z [36;1m[0m
2026-02-22T10:38:48.5367572Z [36;1m@([0m
2026-02-22T10:38:48.5367781Z [36;1m  '=== ONE TAP ERROR REPORT ===',[0m
2026-02-22T10:38:48.5368169Z [36;1m  ('timestamp={0}' -f (Get-Date -Format 'yyyy-MM-dd HH:mm:ss zzz')),[0m
2026-02-22T10:38:48.5368601Z [36;1m  ('repo=toki866/ApexTraderAI'),[0m
2026-02-22T10:38:48.5368898Z [36;1m  ('ref=refs/heads/main'),[0m
2026-02-22T10:38:48.5369244Z [36;1m  ('sha=0c50f4cc7099b35f0bf9ac1985ede53ad101d7fd'),[0m
2026-02-22T10:38:48.5369620Z [36;1m  ('run_id=22275519959'),[0m
2026-02-22T10:38:48.5369916Z [36;1m  ('run_attempt=1'),[0m
2026-02-22T10:38:48.5370204Z [36;1m  ''[0m
2026-02-22T10:38:48.5370474Z [36;1m) | Set-Content -Path $reportPath -Encoding UTF8[0m
2026-02-22T10:38:48.5370799Z [36;1m[0m
2026-02-22T10:38:48.5371062Z [36;1mAdd-Content -Path $reportPath -Value @([0m
2026-02-22T10:38:48.5371446Z [36;1m  '[STEP] initialize_one_tap_report',[0m
2026-02-22T10:38:48.5371749Z [36;1m  '[OK] report initialized',[0m
2026-02-22T10:38:48.5372050Z [36;1m  ('[PATH] {0}' -f $reportPath),[0m
2026-02-22T10:38:48.5372368Z [36;1m  ('[INFO] REPO_ROOT={0}' -f $env:REPO_ROOT),[0m
2026-02-22T10:38:48.5372785Z [36;1m  ('[INFO] HEAD={0}' -f (git -C $env:REPO_ROOT rev-parse --short HEAD)),[0m
2026-02-22T10:38:48.5373156Z [36;1m  ''[0m
2026-02-22T10:38:48.5373353Z [36;1m)[0m
2026-02-22T10:38:48.5390569Z shell: C:\Windows\System32\WindowsPowerShell\v1.0\powershell.EXE -NoProfile -ExecutionPolicy Bypass -Command "{0}"
2026-02-22T10:38:48.5391202Z env:
2026-02-22T10:38:48.5391446Z   REPO_ROOT: C:\work\apex_repo_cache\ApexTraderAI
2026-02-22T10:38:48.5391770Z ##[endgroup]

----- FILE: actions_logs/run/4_Verify scripts directory (post-prepare).txt -----
ï»¿2026-02-22T10:38:48.9346930Z ##[group]Run $ErrorActionPreference='Stop'
2026-02-22T10:38:48.9347370Z [36;1m$ErrorActionPreference='Stop'[0m
2026-02-22T10:38:48.9347640Z [36;1m$repoRoot = $env:REPO_ROOT[0m
2026-02-22T10:38:48.9347886Z [36;1mSet-Location $repoRoot[0m
2026-02-22T10:38:48.9348268Z [36;1mWrite-Host "***"[0m
2026-02-22T10:38:48.9349207Z [36;1mWrite-Host "HEAD=$(git rev-parse --short HEAD)"[0m
2026-02-22T10:38:48.9349545Z [36;1mWrite-Host "=== workspace listing ==="[0m
2026-02-22T10:38:48.9350002Z [36;1mGet-ChildItem -Path $repoRoot | Select-Object Name, FullName | Format-Table -AutoSize[0m
2026-02-22T10:38:48.9350486Z [36;1m$scriptsDir = Join-Path $repoRoot 'scripts'[0m
2026-02-22T10:38:48.9350801Z [36;1mWrite-Host "scripts_dir=$scriptsDir"[0m
2026-02-22T10:38:48.9351220Z [36;1mif (!(Test-Path $scriptsDir)) { throw "scripts directory not found: $scriptsDir" }[0m
2026-02-22T10:38:48.9351867Z [36;1mGet-ChildItem -Path $scriptsDir | Select-Object Name, Length, LastWriteTime | Format-Table -AutoSize[0m
2026-02-22T10:38:48.9368400Z shell: C:\Windows\System32\WindowsPowerShell\v1.0\powershell.EXE -NoProfile -ExecutionPolicy Bypass -Command "{0}"
2026-02-22T10:38:48.9369478Z env:
2026-02-22T10:38:48.9369794Z   REPO_ROOT: C:\work\apex_repo_cache\ApexTraderAI
2026-02-22T10:38:48.9370069Z ##[endgroup]
2026-02-22T10:38:49.1465290Z ***
2026-02-22T10:38:49.1808667Z HEAD=0c50f4c
2026-02-22T10:38:49.1829351Z === workspace listing ===
2026-02-22T10:38:49.1892667Z 
2026-02-22T10:38:49.1932502Z Name                                               FullName                                                            
2026-02-22T10:38:49.1933248Z ----                                               --------                                                            
2026-02-22T10:38:49.1933936Z .github                                            C:\work\apex_repo_cache\ApexTraderAI\.github                        
2026-02-22T10:38:49.1934652Z ai_core                                            C:\work\apex_repo_cache\ApexTraderAI\ai_core                        
2026-02-22T10:38:49.1935387Z archive                                            C:\work\apex_repo_cache\ApexTraderAI\archive                        
2026-02-22T10:38:49.1936098Z config                                             C:\work\apex_repo_cache\ApexTraderAI\config                         
2026-02-22T10:38:49.1936849Z data                                               C:\work\apex_repo_cache\ApexTraderAI\data                           
2026-02-22T10:38:49.1937529Z docs                                               C:\work\apex_repo_cache\ApexTraderAI\docs                           
2026-02-22T10:38:49.1938239Z engine                                             C:\work\apex_repo_cache\ApexTraderAI\engine                         
2026-02-22T10:38:49.1938981Z scripts                                            C:\work\apex_repo_cache\ApexTraderAI\scripts                        
2026-02-22T10:38:49.1939744Z specs                                              C:\work\apex_repo_cache\ApexTraderAI\specs                          
2026-02-22T10:38:49.1940477Z tools                                              C:\work\apex_repo_cache\ApexTraderAI\tools                          
2026-02-22T10:38:49.1941255Z .gitignore                                         C:\work\apex_repo_cache\ApexTraderAI\.gitignore                     
2026-02-22T10:38:49.1941976Z AGENTS.md                                          C:\work\apex_repo_cache\ApexTraderAI\AGENTS.md                      
2026-02-22T10:38:49.1942742Z auto_trader.py                                     C:\work\apex_repo_cache\ApexTraderAI\auto_trader.py                 
2026-02-22T10:38:49.1943514Z main_v0_6.py                                       C:\work\apex_repo_cache\ApexTraderAI\main_v0_6.py                   
2026-02-22T10:38:49.1944234Z README.md                                          C:\work\apex_repo_cache\ApexTraderAI\README.md                      
2026-02-22T10:38:49.1944959Z requirements.txt                                   C:\work\apex_repo_cache\ApexTraderAI\requirements.txt               
2026-02-22T10:38:49.1947367Z run_stepd_prime.py                                 C:\work\apex_repo_cache\ApexTraderAI\run_stepd_prime.py             
2026-02-22T10:38:49.1948101Z run_steps_a_f_headless.py                          C:\work\apex_repo_cache\ApexTraderAI\run_steps_a_f_headless.py      
2026-02-22T10:38:49.1950778Z run_steps_a_f_headless_safe3_lazy_import.py        C:\work\apex_repo_cache\ApexTraderAI\run_steps_a_f_headless_safe3...
2026-02-22T10:38:49.1957070Z run_steps_a_f_headless_safe4_force_stepb_agents.py C:\work\apex_repo_cache\ApexTraderAI\run_steps_a_f_headless_safe4...
2026-02-22T10:38:49.1957631Z 
2026-02-22T10:38:49.1957639Z 
2026-02-22T10:38:49.1974468Z scripts_dir=C:\work\apex_repo_cache\ApexTraderAI\scripts
2026-02-22T10:38:49.2030095Z 
2026-02-22T10:38:49.2045663Z Name                                Length LastWriteTime      
2026-02-22T10:38:49.2046595Z ----                                ------ -------------      
2026-02-22T10:38:49.2047269Z bat_config.bat                        1397 2026/02/22 12:43:15
2026-02-22T10:38:49.2048208Z copy_run_to_onedrive.bat              1072 2026/02/21 10:12:46
2026-02-22T10:38:49.2049019Z doctor.bat                            1973 2026/02/21 10:12:46
2026-02-22T10:38:49.2049743Z evaluate_run_outputs.py              28919 2026/02/22 19:38:48
2026-02-22T10:38:49.2050595Z package_diagnostics.ps1                801 2026/02/21 10:12:46
2026-02-22T10:38:49.2051387Z package_diagnostics_to_onedrive.ps1   6702 2026/02/22 19:38:48
2026-02-22T10:38:49.2052033Z run_all_local_then_copy.bat           9023 2026/02/22 12:43:15
2026-02-22T10:38:49.2052280Z 
2026-02-22T10:38:49.2052370Z 

----- FILE: actions_logs/run/5_Debug shells.txt -----
ï»¿2026-02-22T10:38:49.2325975Z ##[group]Run echo RUNNER_OS=%RUNNER_OS%
2026-02-22T10:38:49.2326358Z [36;1mecho RUNNER_OS=%RUNNER_OS%[0m
2026-02-22T10:38:49.2326599Z [36;1mecho === powershell path ===[0m
2026-02-22T10:38:49.2326845Z [36;1mwhere powershell >nul 2>&1[0m
2026-02-22T10:38:49.2327077Z [36;1mif %ERRORLEVEL% EQU 0 ([0m
2026-02-22T10:38:49.2327293Z [36;1m  where powershell[0m
2026-02-22T10:38:49.2327502Z [36;1m) else ([0m
2026-02-22T10:38:49.2327706Z [36;1m  echo powershell_not_found[0m
2026-02-22T10:38:49.2327932Z [36;1m)[0m
2026-02-22T10:38:49.2328134Z [36;1mecho === pwsh path (optional) ===[0m
2026-02-22T10:38:49.2328386Z [36;1mwhere pwsh >nul 2>&1[0m
2026-02-22T10:38:49.2328621Z [36;1mif %ERRORLEVEL% EQU 0 ([0m
2026-02-22T10:38:49.2328839Z [36;1m  pwsh -v[0m
2026-02-22T10:38:49.2329005Z [36;1m) else ([0m
2026-02-22T10:38:49.2329188Z [36;1m  echo pwsh_not_found (OK)[0m
2026-02-22T10:38:49.2329405Z [36;1m)[0m
2026-02-22T10:38:49.2329552Z [36;1mexit /b 0[0m
2026-02-22T10:38:49.2335038Z shell: C:\Windows\system32\cmd.EXE /D /E:ON /V:OFF /S /C "CALL "{0}""
2026-02-22T10:38:49.2335384Z env:
2026-02-22T10:38:49.2335581Z   REPO_ROOT: C:\work\apex_repo_cache\ApexTraderAI
2026-02-22T10:38:49.2335842Z ##[endgroup]
2026-02-22T10:38:49.2486678Z RUNNER_OS=Windows
2026-02-22T10:38:49.2488036Z === powershell path ===
2026-02-22T10:38:49.5030715Z C:\Windows\System32\WindowsPowerShell\v1.0\powershell.exe
2026-02-22T10:38:49.5096428Z === pwsh path (optional) ===
2026-02-22T10:38:49.6210421Z pwsh_not_found (OK

----- FILE: actions_logs/run/6_Debug python environment.txt -----
ï»¿2026-02-22T10:38:49.6338199Z ##[group]Run where python
2026-02-22T10:38:49.6338509Z [36;1mwhere python[0m
2026-02-22T10:38:49.6338699Z [36;1mpython --version[0m
2026-02-22T10:38:49.6338926Z [36;1mecho RUNNER_TEMP=%RUNNER_TEMP%[0m
2026-02-22T10:38:49.6339207Z [36;1mecho GITHUB_WORKSPACE=%GITHUB_WORKSPACE%[0m
2026-02-22T10:38:49.6343273Z shell: C:\Windows\system32\cmd.EXE /D /E:ON /V:OFF /S /C "CALL "{0}""
2026-02-22T10:38:49.6343607Z env:
2026-02-22T10:38:49.6343802Z   REPO_ROOT: C:\work\apex_repo_cache\ApexTraderAI
2026-02-22T10:38:49.6344054Z ##[endgroup]
2026-02-22T10:38:49.7643622Z C:\Users\becky\AppData\Local\Programs\Python\Python310\python.exe
2026-02-22T10:38:49.7789298Z Python 3.10.6
2026-02-22T10:38:49.7801187Z RUNNER_TEMP=C:\Users\becky\OneDrive\ãƒ‡ã‚¹ã‚¯ãƒˆãƒƒãƒ—\Python\apex-trader-ai\actions-runner\_work\_temp
2026-02-22T10:38:49.7806158Z GITHUB_WORKSPACE=C:\Users\becky\OneDrive\ãƒ‡ã‚¹ã‚¯ãƒˆãƒƒãƒ—\Python\apex-trader-ai\actions-runner\_work\ApexTraderAI\ApexTraderAI

----- FILE: actions_logs/run/7_Verify required scripts.txt -----
ï»¿2026-02-22T10:38:49.8132065Z ##[group]Run $ErrorActionPreference = 'Stop'
2026-02-22T10:38:49.8134671Z [36;1m$ErrorActionPreference = 'Stop'[0m
2026-02-22T10:38:49.8136806Z [36;1mSet-Location $env:REPO_ROOT[0m
2026-02-22T10:38:49.8137027Z [36;1m[0m
2026-02-22T10:38:49.8139087Z [36;1m$reportDir = Join-Path $env:REPO_ROOT 'temp'[0m
2026-02-22T10:38:49.8139475Z [36;1m$null = New-Item -Path $reportDir -ItemType Directory -Force[0m
2026-02-22T10:38:49.8141774Z [36;1m$reportPath = Join-Path $reportDir 'ONE_TAP_ERROR_REPORT.txt'[0m
2026-02-22T10:38:49.8143974Z [36;1m[0m
2026-02-22T10:38:49.8144171Z [36;1mAdd-Content -Path $reportPath -Value @([0m
2026-02-22T10:38:49.8146335Z [36;1m  '[STEP] verify_required_scripts',[0m
2026-02-22T10:38:49.8148478Z [36;1m  ('[INFO] REPO_ROOT={0}' -f $env:REPO_ROOT),[0m
2026-02-22T10:38:49.8148823Z [36;1m  ('[INFO] GITHUB_WORKSPACE={0}' -f $env:GITHUB_WORKSPACE),[0m
2026-02-22T10:38:49.8151141Z [36;1m  ('[INFO] ***' -f $PWD),[0m
2026-02-22T10:38:49.8153231Z [36;1m  ''[0m
2026-02-22T10:38:49.8153427Z [36;1m)[0m
2026-02-22T10:38:49.8153582Z [36;1m[0m
2026-02-22T10:38:49.8155647Z [36;1mWrite-Host '=== Verify scripts directory ==='[0m
2026-02-22T10:38:49.8155965Z [36;1mWrite-Host "REPO_ROOT=$env:REPO_ROOT"[0m
2026-02-22T10:38:49.8158119Z [36;1m$headShort = git rev-parse --short HEAD 2>$null[0m
2026-02-22T10:38:49.8160300Z [36;1mif ($LASTEXITCODE -eq 0 -and $headShort) {[0m
2026-02-22T10:38:49.8160621Z [36;1m  Write-Host ("HEAD={0}" -f $headShort.Trim())[0m
2026-02-22T10:38:49.8162791Z [36;1m} else {[0m
2026-02-22T10:38:49.8163091Z [36;1m  Write-Warning 'Unable to resolve HEAD via git rev-parse --short HEAD'[0m
2026-02-22T10:38:49.8165309Z [36;1m}[0m
2026-02-22T10:38:49.8167386Z [36;1mWrite-Host 'git ls-files scripts (best effort):'[0m
2026-02-22T10:38:49.8167684Z [36;1mgit ls-files scripts 2>$null[0m
2026-02-22T10:38:49.8169830Z [36;1m$scriptsDir = Join-Path $env:REPO_ROOT 'scripts'[0m
2026-02-22T10:38:49.8170145Z [36;1mWrite-Host "scripts_dir=$scriptsDir"[0m
2026-02-22T10:38:49.8172297Z [36;1mif (Test-Path $scriptsDir) {[0m
2026-02-22T10:38:49.8174656Z [36;1m  Get-ChildItem -Path $scriptsDir | Select-Object Name, Length, LastWriteTime | Format-Table -AutoSize[0m
2026-02-22T10:38:49.8176986Z [36;1m} else {[0m
2026-02-22T10:38:49.8177247Z [36;1m  Write-Warning "scripts directory not found: $scriptsDir"[0m
2026-02-22T10:38:49.8179419Z [36;1m}[0m
2026-02-22T10:38:49.8179563Z [36;1m[0m
2026-02-22T10:38:49.8181563Z [36;1m$expected = @([0m
2026-02-22T10:38:49.8181869Z [36;1m  (Join-Path $env:REPO_ROOT 'scripts\run_all_local_then_copy.bat'),[0m
2026-02-22T10:38:49.8184192Z [36;1m  (Join-Path $env:REPO_ROOT 'scripts\package_diagnostics.ps1'),[0m
2026-02-22T10:38:49.8186524Z [36;1m  (Join-Path $env:REPO_ROOT 'scripts\package_diagnostics_to_onedrive.ps1')[0m
2026-02-22T10:38:49.8188749Z [36;1m)[0m
2026-02-22T10:38:49.8188887Z [36;1m[0m
2026-02-22T10:38:49.8189035Z [36;1m$missing = @()[0m
2026-02-22T10:38:49.8191101Z [36;1mforeach ($path in $expected) {[0m
2026-02-22T10:38:49.8191354Z [36;1m  if (Test-Path $path) {[0m
2026-02-22T10:38:49.8193470Z [36;1m    Write-Host "[FOUND] $path"[0m
2026-02-22T10:38:49.8193697Z [36;1m  } else {[0m
2026-02-22T10:38:49.8195762Z [36;1m    Write-Warning "[MISSING] $path"[0m
2026-02-22T10:38:49.8196012Z [36;1m    $missing += $path[0m
2026-02-22T10:38:49.8198083Z [36;1m  }[0m
2026-02-22T10:38:49.8198232Z [36;1m}[0m
2026-02-22T10:38:49.8198376Z [36;1m[0m
2026-02-22T10:38:49.8200396Z [36;1m$searchResults = [ordered]@{}[0m
2026-02-22T10:38:49.8202821Z [36;1mforeach ($fileName in @('run_all_local_then_copy.bat', 'package_diagnostics.ps1', 'package_diagnostics_to_onedrive.ps1')) {[0m
2026-02-22T10:38:49.8205473Z [36;1m  $hits = Get-ChildItem -Path $env:REPO_ROOT -Recurse -Filter $fileName -File -ErrorAction SilentlyContinue |[0m
2026-02-22T10:38:49.8207906Z [36;1m    Select-Object -First 5 -ExpandProperty FullName[0m
2026-02-22T10:38:49.8210206Z [36;1m  $searchResults[$fileName] = if ($hits) { $hits } else { @('(no matches)') }[0m
2026-02-22T10:38:49.8221887Z [36;1m}[0m
2026-02-22T10:38:49.8222036Z [36;1m[0m
2026-02-22T10:38:49.8224119Z [36;1mAdd-Content -Path $reportPath -Value @([0m
2026-02-22T10:38:49.8224407Z [36;1m  '## REQUIRED_SCRIPT_CHECK',[0m
2026-02-22T10:38:49.8226530Z [36;1m  ('repo_root={0}' -f $env:REPO_ROOT),[0m
2026-02-22T10:38:49.8228715Z [36;1m  ('scripts_dir_exists={0}' -f (Test-Path $scriptsDir)),[0m
2026-02-22T10:38:49.8229130Z [36;1m  ('scripts_dir={0}' -f $scriptsDir),[0m
2026-02-22T10:38:49.8231249Z [36;1m  '',[0m
2026-02-22T10:38:49.8231417Z [36;1m  '### scripts_dir_listing',[0m
2026-02-22T10:38:49.8233516Z [36;1m  $([0m
2026-02-22T10:38:49.8233690Z [36;1m    if (Test-Path $scriptsDir) {[0m
2026-02-22T10:38:49.8235959Z [36;1m      $listing = Get-ChildItem -Path $scriptsDir | Sort-Object Name | ForEach-Object {[0m
2026-02-22T10:38:49.8238322Z [36;1m        '- {0} | len={1} | mtime={2}' -f $_.Name, $_.Length, $_.LastWriteTime[0m
2026-02-22T10:38:49.8240526Z [36;1m      }[0m
2026-02-22T10:38:49.8240758Z [36;1m      if ($listing) { $listing } else { '- (empty)' }[0m
2026-02-22T10:38:49.8242962Z [36;1m    } else {[0m
2026-02-22T10:38:49.8243174Z [36;1m      '- (scripts directory missing)'[0m
2026-02-22T10:38:49.8245268Z [36;1m    }[0m
2026-02-22T10:38:49.8245426Z [36;1m  ),[0m
2026-02-22T10:38:49.8245570Z [36;1m  '',[0m
2026-02-22T10:38:49.8245724Z [36;1m  '### FOUND',[0m
2026-02-22T10:38:49.8247908Z [36;1m  ($expected | Where-Object { Test-Path $_ } | ForEach-Object { "- $_" }),[0m
2026-02-22T10:38:49.8250116Z [36;1m  '',[0m
2026-02-22T10:38:49.8250271Z [36;1m  '### MISSING',[0m
2026-02-22T10:38:49.8252532Z [36;1m  ($(if ($missing.Count -gt 0) { $missing | ForEach-Object { "- $_" } } else { '- (none)' })),[0m
2026-02-22T10:38:49.8254791Z [36;1m  '',[0m
2026-02-22T10:38:49.8290302Z [36;1m  '### recursive_search_run_all_local_then_copy.bat',[0m
2026-02-22T10:38:49.8292693Z [36;1m  ($searchResults['run_all_local_then_copy.bat'] | ForEach-Object { "- $_" }),[0m
2026-02-22T10:38:49.8293082Z [36;1m  '',[0m
2026-02-22T10:38:49.8295196Z [36;1m  '### recursive_search_package_diagnostics.ps1',[0m
2026-02-22T10:38:49.8297476Z [36;1m  ($searchResults['package_diagnostics.ps1'] | ForEach-Object { "- $_" }),[0m
2026-02-22T10:38:49.8297844Z [36;1m  '',[0m
2026-02-22T10:38:49.8299953Z [36;1m  '### recursive_search_package_diagnostics_to_onedrive.ps1',[0m
2026-02-22T10:38:49.8302347Z [36;1m  ($searchResults['package_diagnostics_to_onedrive.ps1'] | ForEach-Object { "- $_" }),[0m
2026-02-22T10:38:49.8304618Z [36;1m  '',[0m
2026-02-22T10:38:49.8304779Z [36;1m  '## NEXT_ACTION',[0m
2026-02-22T10:38:49.8306948Z [36;1m  '- Open Artifact desktop-run-* and copy ONE_TAP_ERROR_REPORT.txt'[0m
2026-02-22T10:38:49.8307280Z [36;1m)[0m
2026-02-22T10:38:49.8309289Z [36;1m[0m
2026-02-22T10:38:49.8309454Z [36;1mif ($missing.Count -gt 0) {[0m
2026-02-22T10:38:49.8311598Z [36;1m  Add-Content -Path $reportPath -Value @([0m
2026-02-22T10:38:49.8311897Z [36;1m    '[NG] verify_required_scripts',[0m
2026-02-22T10:38:49.8314081Z [36;1m    ('[NG] missing_count={0}' -f $missing.Count),[0m
2026-02-22T10:38:49.8314353Z [36;1m    ''[0m
2026-02-22T10:38:49.8316366Z [36;1m  )[0m
2026-02-22T10:38:49.8316515Z [36;1m} else {[0m
2026-02-22T10:38:49.8316724Z [36;1m  Add-Content -Path $reportPath -Value @([0m
2026-02-22T10:38:49.8318883Z [36;1m    '[OK] verify_required_scripts',[0m
2026-02-22T10:38:49.8320966Z [36;1m    ''[0m
2026-02-22T10:38:49.8321127Z [36;1m  )[0m
2026-02-22T10:38:49.8321264Z [36;1m}[0m
2026-02-22T10:38:49.8321400Z [36;1m[0m
2026-02-22T10:38:49.8323441Z [36;1mif ($missing.Count -gt 0) {[0m
2026-02-22T10:38:49.8323738Z [36;1m  Write-Host '=== Required scripts debug summary ==='[0m
2026-02-22T10:38:49.8325929Z [36;1m  Write-Host "REPO_ROOT=$env:REPO_ROOT"[0m
2026-02-22T10:38:49.8328066Z [36;1m  Write-Host "scriptsDir=$scriptsDir"[0m
2026-02-22T10:38:49.8330909Z [36;1m  if (Test-Path $scriptsDir) {[0m
2026-02-22T10:38:49.8333066Z [36;1m    Write-Host 'scriptsDir listing:'[0m
2026-02-22T10:38:49.8335426Z [36;1m    Get-ChildItem -Path $scriptsDir | Select-Object Name, Length, LastWriteTime | Format-Table -AutoSize[0m
2026-02-22T10:38:49.8337757Z [36;1m  }[0m
2026-02-22T10:38:49.8337967Z [36;1m  foreach ($fileName in $searchResults.Keys) {[0m
2026-02-22T10:38:49.8340130Z [36;1m    Write-Host "search($fileName):"[0m
2026-02-22T10:38:49.8342363Z [36;1m    $searchResults[$fileName] | ForEach-Object { Write-Host "  $_" }[0m
2026-02-22T10:38:49.8342705Z [36;1m  }[0m
2026-02-22T10:38:49.8344829Z [36;1m  $missingNames = $missing | ForEach-Object { Split-Path $_ -Leaf }[0m
2026-02-22T10:38:49.8347221Z [36;1m  throw ("Required scripts missing: {0}" -f (($missingNames | Sort-Object -Unique) -join ', '))[0m
2026-02-22T10:38:49.8349491Z [36;1m}[0m
2026-02-22T10:38:49.8427782Z shell: C:\Windows\System32\WindowsPowerShell\v1.0\powershell.EXE -NoProfile -ExecutionPolicy Bypass -Command "{0}"
2026-02-22T10:38:49.8430185Z env:
2026-02-22T10:38:49.8434716Z   REPO_ROOT: C:\work\apex_repo_cache\ApexTraderAI
2026-02-22T10:38:49.8435001Z ##[endgroup]
2026-02-22T10:38:50.1044005Z === Verify scripts directory ===
2026-02-22T10:38:50.1062961Z REPO_ROOT=C:\work\apex_repo_cache\ApexTraderAI
2026-02-22T10:38:50.1431689Z HEAD=0c50f4c
2026-02-22T10:38:50.1434864Z git ls-files scripts (best effort):
2026-02-22T10:38:50.1650323Z scripts/bat_config.bat
2026-02-22T10:38:50.1650664Z scripts/copy_run_to_onedrive.bat
2026-02-22T10:38:50.1650910Z scripts/doctor.bat
2026-02-22T10:38:50.1651139Z scripts/evaluate_run_outputs.py
2026-02-22T10:38:50.1651400Z scripts/package_diagnostics.ps1
2026-02-22T10:38:50.1651685Z scripts/package_diagnostics_to_onedrive.ps1
2026-02-22T10:38:50.1652075Z scripts/run_all_local_then_copy.bat
2026-02-22T10:38:50.1698588Z scripts_dir=C:\work\apex_repo_cache\ApexTraderAI\scripts
2026-02-22T10:38:50.1782552Z 
2026-02-22T10:38:50.1801937Z Name                                Length LastWriteTime      
2026-02-22T10:38:50.1802358Z ----                                ------ -------------      
2026-02-22T10:38:50.1802943Z bat_config.bat                        1397 2026/02/22 12:43:15
2026-02-22T10:38:50.1803574Z copy_run_to_onedrive.bat              1072 2026/02/21 10:12:46
2026-02-22T10:38:50.1808581Z doctor.bat                            1973 2026/02/21 10:12:46
2026-02-22T10:38:50.1810934Z evaluate_run_outputs.py              28919 2026/02/22 19:38:48
2026-02-22T10:38:50.1813268Z package_diagnostics.ps1                801 2026/02/21 10:12:46
2026-02-22T10:38:50.1815605Z package_diagnostics_to_onedrive.ps1   6702 2026/02/22 19:38:48
2026-02-22T10:38:50.1816060Z run_all_local_then_copy.bat           9023 2026/02/22 12:43:15
2026-02-22T10:38:50.1818186Z 
2026-02-22T10:38:50.1818195Z 
2026-02-22T10:38:50.1823196Z [FOUND] C:\work\apex_repo_cache\ApexTraderAI\scripts\run_all_local_then_copy.bat
2026-02-22T10:38:50.1827814Z [FOUND] C:\work\apex_repo_cache\ApexTraderAI\scripts\package_diagnostics.ps1
2026-02-22T10:38:50.1834952Z [FOUND] C:\work\apex_repo_cache\ApexTraderAI\scripts\package_diagnostics_to_onedrive.ps1

----- FILE: actions_logs/run/8_Runner connectivity and host status.txt -----
ï»¿2026-02-22T10:38:50.2868104Z ##[group]Run Write-Host '=== Runner connectivity / host status ==='
2026-02-22T10:38:50.2868613Z [36;1mWrite-Host '=== Runner connectivity / host status ==='[0m
2026-02-22T10:38:50.2868919Z [36;1mwhoami[0m
2026-02-22T10:38:50.2869079Z [36;1mhostname[0m
2026-02-22T10:38:50.2869311Z [36;1mGet-Date -Format 'yyyy-MM-dd HH:mm:ss zzz'[0m
2026-02-22T10:38:50.2869619Z [36;1mWrite-Host "RUNNER_NAME=$env:RUNNER_NAME"[0m
2026-02-22T10:38:50.2869948Z [36;1mWrite-Host "RUNNER_OS=$env:RUNNER_OS"[0m
2026-02-22T10:38:50.2870248Z [36;1mWrite-Host "RUNNER_ARCH=$env:RUNNER_ARCH"[0m
2026-02-22T10:38:50.2870578Z [36;1mWrite-Host "GITHUB_WORKFLOW=$env:GITHUB_WORKFLOW"[0m
2026-02-22T10:38:50.2870914Z [36;1mWrite-Host "GITHUB_RUN_ID=$env:GITHUB_RUN_ID"[0m
2026-02-22T10:38:50.2871459Z [36;1mGet-Process | Where-Object { $_.Name -like '*Runner*' } |[0m
2026-02-22T10:38:50.2871817Z [36;1m  Select-Object Name, Id, StartTime |[0m
2026-02-22T10:38:50.2872079Z [36;1m  Format-Table -AutoSize[0m
2026-02-22T10:38:50.2887864Z shell: C:\Windows\System32\WindowsPowerShell\v1.0\powershell.EXE -NoProfile -ExecutionPolicy Bypass -Command "{0}"
2026-02-22T10:38:50.2888380Z env:
2026-02-22T10:38:50.2888572Z   REPO_ROOT: C:\work\apex_repo_cache\ApexTraderAI
2026-02-22T10:38:50.2888826Z ##[endgroup]
2026-02-22T10:38:50.5072110Z === Runner connectivity / host status ===
2026-02-22T10:38:50.5201747Z desktop-c54piia\becky
2026-02-22T10:38:50.5331261Z DESKTOP-C54PIIA
2026-02-22T10:38:50.5362814Z 2026-02-22 19:38:50 +09:00
2026-02-22T10:38:50.5376803Z RUNNER_NAME=DESKTOP-C54PIIA
2026-02-22T10:38:50.5383709Z RUNNER_OS=Windows
2026-02-22T10:38:50.5386073Z RUNNER_ARCH=X64
2026-02-22T10:38:50.5393178Z GITHUB_WORKFLOW=Run Desktop Pipeline
2026-02-22T10:38:50.5395541Z GITHUB_RUN_ID=22275519959
2026-02-22T10:38:50.6428521Z 
2026-02-22T10:38:50.6556090Z Name               Id StartTime          
2026-02-22T10:38:50.6558209Z ----               -- ---------          
2026-02-22T10:38:50.6562610Z Runner.Listener  6168 2026/02/22 9:38:51 
2026-02-22T10:38:50.6562955Z Runner.Worker   14600 2026/02/22 19:38:41
2026-02-22T10:38:50.6563254Z RunnerService   14772 2026/02/22 9:38:51 
2026-02-22T10:38:50.6563419Z 
2026-02-22T10:38:50.6564872Z 

----- FILE: actions_logs/run/9_Run desktop BAT.txt -----
2026-02-22T10:38:50.6876373Z   INPUT_STEPS: A,B,C,D,DPRIME,E,F
2026-02-22T10:38:50.6876612Z   INPUT_SKIP_STEPE: false
2026-02-22T10:38:50.6876810Z   RUN_MODE: sim
2026-02-22T10:38:50.6876978Z   SYMBOLS: SOXL,SOXS
2026-02-22T10:38:50.6877159Z   SYMBOL: SOXL
2026-02-22T10:38:50.6877320Z   STEPS: A,B,C,D,DPRIME,E,F
2026-02-22T10:38:50.6877512Z   SKIP_STEPE: 0
2026-02-22T10:38:50.6877670Z   DATA_START: 2014-01-01
2026-02-22T10:38:50.6877853Z   DATA_END: 2022-03-31
2026-02-22T10:38:50.6878024Z   TEST_START: 2022-01-03
2026-02-22T10:38:50.6878234Z   TRAIN_YEARS: 8
2026-02-22T10:38:50.6878435Z   TEST_MONTHS: 3
2026-02-22T10:38:50.6885908Z   WORK_ROOT: C:\work\apex_work\runs
2026-02-22T10:38:50.6886841Z   COPY_TO_ONEDRIVE: 1
2026-02-22T10:38:50.6887038Z   PYTHON_EXE: python
2026-02-22T10:38:50.6887211Z ##[endgroup]
2026-02-22T10:38:51.0515971Z === Run desktop BAT preflight ===
2026-02-22T10:38:51.0533900Z ***
2026-02-22T10:38:51.0544059Z REPO_ROOT=C:\work\apex_repo_cache\ApexTraderAI
2026-02-22T10:38:51.0548091Z GITHUB_WORKSPACE=C:\Users\becky\OneDrive\ãƒ‡ã‚¹ã‚¯ãƒˆãƒƒãƒ—\Python\apex-trader-ai\actions-runner\_work\ApexTraderAI\ApexTraderAI
2026-02-22T10:38:51.0551709Z RUNNER_TEMP=C:\Users\becky\OneDrive\ãƒ‡ã‚¹ã‚¯ãƒˆãƒƒãƒ—\Python\apex-trader-ai\actions-runner\_work\_temp
2026-02-22T10:38:51.0589810Z 
2026-02-22T10:38:51.1830243Z C:\Users\becky\AppData\Local\Programs\Python\Python310\python.exe
2026-02-22T10:38:51.1857273Z BAT candidate paths: C:\work\apex_repo_cache\ApexTraderAI\scripts\run_all_local_then_copy.bat
2026-02-22T10:38:51.1908619Z Executing BAT full path: C:\work\apex_repo_cache\ApexTraderAI\scripts\run_all_local_then_copy.bat
2026-02-22T10:38:51.1940192Z === Python diagnostics (before BAT) ===
2026-02-22T10:38:51.3385217Z === PATH (before BAT) ===
2026-02-22T10:38:51.3388694Z C:\Program Files\Oculus\Support\oculus-runtime;C:\Windows\system32;C:\Windows;C:\Windows\System32\Wbem;C:\Windows\System32\WindowsPowerShell\v1.0\;C:\Windows\System32\OpenSSH\;C:\Program Files (x86)\Intel\Intel(R) Management Engine Components\DAL;C:\Program Files\Intel\Intel(R) Management Engine Components\DAL;C:\Program Files (x86)\NVIDIA Corporation\PhysX\Common;C:\Program Files\NVIDIA Corporation\NVIDIA NvDLISR;C:\Program Files (x86)\QuickTime\QTSystem\;C:\Program Files\Git\cmd;C:\WINDOWS\system32;C:\WINDOWS;C:\WINDOWS\System32\Wbem;C:\WINDOWS\System32\WindowsPowerShell\v1.0\;C:\WINDOWS\System32\OpenSSH\;C:\Users\becky\AppData\Local\Programs\Python\Python310\;C:\ffmpeg\bin\;
2026-02-22T10:38:51.6809646Z Name                               
2026-02-22T10:38:51.6810094Z ----                               
2026-02-22T10:38:51.6810448Z bat_config.bat                     
2026-02-22T10:38:51.6810777Z copy_run_to_onedrive.bat           
2026-02-22T10:38:51.6811096Z doctor.bat                         
2026-02-22T10:38:51.6811484Z evaluate_run_outputs.py            
2026-02-22T10:38:51.6811915Z package_diagnostics.ps1            
2026-02-22T10:38:51.6812296Z package_diagnostics_to_onedrive.ps1
2026-02-22T10:38:51.6812696Z run_all_local_then_copy.bat        
2026-02-22T10:38:51.6813202Z C:\Users\becky\AppData\Local\Programs\Python\Python310\python.exe
2026-02-22T10:38:51.6813609Z Python 3.10.6
2026-02-22T10:38:51.6814687Z [RC] 
2026-02-22T10:38:51.7317698Z [RC] 
2026-02-22T10:38:51.8835963Z [RC] 
2026-02-22T10:38:51.9630563Z [RC] 
2026-02-22T10:38:52.0514544Z [RC] 
2026-02-22T10:38:54.3808573Z [RC] 
2026-02-22T10:39:52.6724638Z [FAILED] command="python" tools\run_with_python.py tools\run_pipeline.py --symbol SOXL --steps "A,B,C,D,DPRIME,E,F" --test-start 2022-01-03 --train-years 8 --test-months 3 --mode sim --output-root "C:\work\apex_work\runs\20260222_193851\output" --data-dir "C:\work\apex_work\runs\20260222_193851\data" --auto-prepare-data 0  --enable-mamba
2026-02-22T10:39:52.6726364Z [FAILED] exit_code=1
2026-02-22T10:39:52.6726813Z [FAILED] run_id=20260222_193851
2026-02-22T10:39:52.6727270Z [FAILED] log=C:\work\apex_work\runs\20260222_193851\logs\run_20260222_193851.log
2026-02-22T10:39:52.6727877Z [NG] failed. log=C:\work\apex_work\runs\20260222_193851\logs\run_20260222_193851.log
2026-02-22T10:39:52.6779905Z [RC]=1
2026-02-22T10:39:52.6863805Z WARNING: Run desktop BAT failed with rc=1
2026-02-22T10:39:52.7096621Z Latest run_dir=C:\work\apex_work\runs\20260222_193851
2026-02-22T10:39:52.7099725Z Expected run_log=C:\work\apex_work\runs\20260222_193851\logs\run_20260222_193851.log
2026-02-22T10:39:52.7105304Z === tail run_*.log (260 lines) ===
2026-02-22T10:39:52.7126209Z ==================================================
2026-02-22T10:39:52.7126648Z [RUN] ApexTraderAI local run started
2026-02-22T10:39:52.7127262Z [RUN] requirement=Never finish a workflow run without leaving a readable log artifact
2026-02-22T10:39:52.7128022Z [RUN] run_id=20260222_193851
2026-02-22T10:39:52.7128326Z [RUN] repo=C:\work\apex_repo_cache\ApexTraderAI
2026-02-22T10:39:52.7128659Z [RUN] work_root=C:\work\apex_work\runs
2026-02-22T10:39:52.7128997Z [RUN] run_dir=C:\work\apex_work\runs\20260222_193851
2026-02-22T10:39:52.7129453Z [RUN] log=C:\work\apex_work\runs\20260222_193851\logs\run_20260222_193851.log
2026-02-22T10:39:52.7129852Z [RUN] timestamp=2026/02/22 19:38:51.57
2026-02-22T10:39:52.7130486Z ==================================================
2026-02-22T10:39:52.7131111Z [RUN] commit=0c50f4c
2026-02-22T10:39:52.7131674Z [RUN] data_dir=C:\work\apex_work\runs\20260222_193851\data
2026-02-22T10:39:52.7132118Z [RUN] output_dir=C:\work\apex_work\runs\20260222_193851\output
2026-02-22T10:39:52.7132405Z 
2026-02-22T10:39:52.7133201Z [CMD] git rev-parse --short HEAD
2026-02-22T10:39:52.7133588Z 0c50f4c
2026-02-22T10:39:52.7133895Z 
2026-02-22T10:39:52.7134558Z [CMD] git rev-parse --is-inside-work-tree
2026-02-22T10:39:52.7134859Z true
2026-02-22T10:39:52.7135215Z 
2026-02-22T10:39:52.7135844Z [CMD] where python
2026-02-22T10:39:52.7136385Z C:\Users\becky\AppData\Local\Programs\Python\Python310\python.exe
2026-02-22T10:39:52.7136647Z 
2026-02-22T10:39:52.7137126Z [CMD] python --version
2026-02-22T10:39:52.7137658Z Python 3.10.6
2026-02-22T10:39:52.7137893Z 
2026-02-22T10:39:52.7138567Z [CMD] "python" --version
2026-02-22T10:39:52.7138913Z Python 3.10.6
2026-02-22T10:39:52.7139167Z 
2026-02-22T10:39:52.7140359Z [CMD] "python" tools\run_with_python.py tools\prepare_data.py --symbols SOXL,SOXS --start 2014-01-01 --end 2022-03-31 --force --data-dir "C:\work\apex_work\runs\20260222_193851\data"
2026-02-22T10:39:52.7141328Z [prepare_data] wrote C:\work\apex_work\runs\20260222_193851\data\prices_SOXL.csv (2077 rows)
2026-02-22T10:39:52.7141969Z [prepare_data] wrote C:\work\apex_work\runs\20260222_193851\data\prices_SOXS.csv (2077 rows)
2026-02-22T10:39:52.7143127Z [CMD] 'C:\Users\becky\AppData\Local\Programs\Python\Python310\python.exe' 'tools\prepare_data.py' --symbols SOXL,SOXS --start 2014-01-01 --end 2022-03-31 --force --data-dir 'C:\work\apex_work\runs\20260222_193851\data'
2026-02-22T10:39:52.7143970Z [RC] 0
2026-02-22T10:39:52.7144057Z 
2026-02-22T10:39:52.7145297Z [CMD] "python" tools\run_with_python.py tools\run_pipeline.py --symbol SOXL --steps "A,B,C,D,DPRIME,E,F" --test-start 2022-01-03 --train-years 8 --test-months 3 --mode sim --output-root "C:\work\apex_work\runs\20260222_193851\output" --data-dir "C:\work\apex_work\runs\20260222_193851\data" --auto-prepare-data 0  --enable-mamba
2026-02-22T10:39:52.7147157Z [StepB] WARN: failed to ensure stepB_pred_time_all: _load_prices_dates() missing 3 required positional arguments: 'output_root', 'data_root', and 'mode'
2026-02-22T10:39:52.7148492Z C:\work\apex_repo_cache\ApexTraderAI\ai_core\models\transformer_summarizer.py:61: UserWarning: enable_nested_tensor is True, but self.use_nested_tensor is False because encoder_layer.norm_first was True
2026-02-22T10:39:52.7149483Z   self.encoder = nn.TransformerEncoder(enc_layer, num_layers=cfg.num_layers)
2026-02-22T10:39:52.7150554Z C:\work\apex_repo_cache\ApexTraderAI\ai_core\models\transformer_summarizer.py:61: UserWarning: enable_nested_tensor is True, but self.use_nested_tensor is False because encoder_layer.norm_first was True
2026-02-22T10:39:52.7151530Z   self.encoder = nn.TransformerEncoder(enc_layer, num_layers=cfg.num_layers)
2026-02-22T10:39:52.7152580Z C:\work\apex_repo_cache\ApexTraderAI\ai_core\models\transformer_summarizer.py:61: UserWarning: enable_nested_tensor is True, but self.use_nested_tensor is False because encoder_layer.norm_first was True
2026-02-22T10:39:52.7153559Z   self.encoder = nn.TransformerEncoder(enc_layer, num_layers=cfg.num_layers)
2026-02-22T10:39:52.7154605Z C:\work\apex_repo_cache\ApexTraderAI\ai_core\models\transformer_summarizer.py:61: UserWarning: enable_nested_tensor is True, but self.use_nested_tensor is False because encoder_layer.norm_first was True
2026-02-22T10:39:52.7155699Z   self.encoder = nn.TransformerEncoder(enc_layer, num_layers=cfg.num_layers)
2026-02-22T10:39:52.7156757Z [headless] output_root_resolved=C:\work\apex_work\runs\20260222_193851\output cfg_output_root=C:\work\apex_work\runs\20260222_193851\output cfg_data_output_root=C:\work\apex_work\runs\20260222_193851\output
2026-02-22T10:39:52.7157611Z [headless] data ready: SOXL,SOXS
2026-02-22T10:39:52.7158792Z [headless] StepE default config injected: agents=dprime_bnf_h01,dprime_bnf_h02,dprime_bnf_h03,dprime_all_features_h01,dprime_all_features_h02,dprime_all_features_h03,dprime_mix_h01,dprime_bnf_3scale,dprime_all_features_3scale,dprime_mix_3scale seed=42+idx device=auto
2026-02-22T10:39:52.7161132Z [headless] StepF default config injected: agents=dprime_all_features_3scale,dprime_all_features_h01,dprime_all_features_h02,dprime_all_features_h03,dprime_bnf_3scale,dprime_bnf_h01,dprime_bnf_h02,dprime_bnf_h03,dprime_mix_3scale,dprime_mix_h01 seed=42 device=auto
2026-02-22T10:39:52.7162275Z [headless] repo_root=C:\work\apex_repo_cache\ApexTraderAI
2026-02-22T10:39:52.7162622Z [headless] symbol=SOXL
2026-02-22T10:39:52.7162881Z [headless] steps=A,B,C,D,DPRIME,E,F
2026-02-22T10:39:52.7163157Z [headless] skip_stepe=0
2026-02-22T10:39:52.7163547Z [headless] auto_prepare_data=0 data_start=2010-01-01 data_end=2026-02-22
2026-02-22T10:39:52.7163923Z [StepA] start
2026-02-22T10:39:52.7170753Z [StepA] data_dir=C:\work\apex_work\runs\20260222_193851\data
2026-02-22T10:39:52.7171469Z [StepA] data_dir=C:\work\apex_work\runs\20260222_193851\data src_csv=C:\work\apex_work\runs\20260222_193851\data\prices_SOXL.csv
2026-02-22T10:39:52.7172021Z [StepA] done
2026-02-22T10:39:52.7172212Z [StepB] start
2026-02-22T10:39:52.7172792Z [StepB:mamba] wrote daily manifest -> C:\work\apex_work\runs\20260222_193851\output\stepB\sim\stepB_daily_manifest_SOXL.csv rows=62
2026-02-22T10:39:52.7173367Z [StepB] agents: mamba=True
2026-02-22T10:39:52.7173598Z [StepB] done
2026-02-22T10:39:52.7173789Z [StepC] start
2026-02-22T10:39:52.7174246Z [StepC] price_path=C:\work\apex_work\runs\20260222_193851\output\stepA\sim\stepA_prices_train_SOXL.csv
2026-02-22T10:39:52.7175039Z [StepC] wrote daily snapshots: 62 -> C:\work\apex_work\runs\20260222_193851\output\stepC\sim\stepC_daily_manifest_SOXL.csv
2026-02-22T10:39:52.7175561Z [StepC] done
2026-02-22T10:39:52.7175755Z [StepDPrime] start
2026-02-22T10:39:52.7175987Z [StepDPrime] seed=42
2026-02-22T10:39:52.7176223Z [StepDPrime] device=cuda
2026-02-22T10:39:52.7176886Z [StepD'] collect: source=mamba h=1 files=62 root=C:/work/apex_work/runs/20260222_193851/output/stepB/sim
2026-02-22T10:39:52.7177621Z [StepD'] stepDprime_mamba_h01_SOXL ep=001 train_loss=0.7007 acc=0.500 val_loss=0.6942 val_acc=0.556
2026-02-22T10:39:52.7178312Z [StepD'] stepDprime_mamba_h01_SOXL ep=002 train_loss=0.6856 acc=0.596 val_loss=0.6992 val_acc=0.556
2026-02-22T10:39:52.7179574Z [StepD'] stepDprime_mamba_h01_SOXL ep=003 train_loss=0.6862 acc=0.558 val_loss=0.6972 val_acc=0.444
2026-02-22T10:39:52.7180310Z [StepD'] stepDprime_mamba_h01_SOXL ep=004 train_loss=0.6908 acc=0.635 val_loss=0.6927 val_acc=0.444
2026-02-22T10:39:52.7181006Z [StepD'] stepDprime_mamba_h01_SOXL ep=005 train_loss=0.6847 acc=0.500 val_loss=0.6901 val_acc=0.556
2026-02-22T10:39:52.7181689Z [StepD'] stepDprime_mamba_h01_SOXL ep=006 train_loss=0.6710 acc=0.692 val_loss=0.6892 val_acc=0.556
2026-02-22T10:39:52.7182373Z [StepD'] stepDprime_mamba_h01_SOXL ep=007 train_loss=0.6966 acc=0.462 val_loss=0.6894 val_acc=0.556
2026-02-22T10:39:52.7183058Z [StepD'] stepDprime_mamba_h01_SOXL ep=008 train_loss=0.6934 acc=0.558 val_loss=0.6907 val_acc=0.222
2026-02-22T10:39:52.7183744Z [StepD'] stepDprime_mamba_h01_SOXL ep=009 train_loss=0.6728 acc=0.692 val_loss=0.6921 val_acc=0.444
2026-02-22T10:39:52.7184426Z [StepD'] stepDprime_mamba_h01_SOXL ep=010 train_loss=0.6919 acc=0.558 val_loss=0.6935 val_acc=0.444
2026-02-22T10:39:52.7185107Z [StepD'] stepDprime_mamba_h01_SOXL ep=011 train_loss=0.6878 acc=0.519 val_loss=0.6951 val_acc=0.556
2026-02-22T10:39:52.7186419Z [StepD'] stepDprime_mamba_h01_SOXL early stop at ep=11
2026-02-22T10:39:52.7186988Z [StepD'] collect: source=mamba h=5 files=62 root=C:/work/apex_work/runs/20260222_193851/output/stepB/sim
2026-02-22T10:39:52.7187719Z [StepD'] stepDprime_mamba_h05_SOXL ep=001 train_loss=0.6988 acc=0.388 val_loss=0.7327 val_acc=0.375
2026-02-22T10:39:52.7188443Z [StepD'] stepDprime_mamba_h05_SOXL ep=002 train_loss=0.6769 acc=0.592 val_loss=0.7887 val_acc=0.375
2026-02-22T10:39:52.7189135Z [StepD'] stepDprime_mamba_h05_SOXL ep=003 train_loss=0.6798 acc=0.592 val_loss=0.8185 val_acc=0.375
2026-02-22T10:39:52.7189835Z [StepD'] stepDprime_mamba_h05_SOXL ep=004 train_loss=0.6832 acc=0.592 val_loss=0.8179 val_acc=0.375
2026-02-22T10:39:52.7190519Z [StepD'] stepDprime_mamba_h05_SOXL ep=005 train_loss=0.6804 acc=0.592 val_loss=0.8001 val_acc=0.375
2026-02-22T10:39:52.7191199Z [StepD'] stepDprime_mamba_h05_SOXL ep=006 train_loss=0.6836 acc=0.592 val_loss=0.7755 val_acc=0.375
2026-02-22T10:39:52.7191732Z [StepD'] stepDprime_mamba_h05_SOXL early stop at ep=6
2026-02-22T10:39:52.7192316Z [StepD'] collect: source=mamba h=10 files=62 root=C:/work/apex_work/runs/20260222_193851/output/stepB/sim
2026-02-22T10:39:52.7193019Z [StepD'] stepDprime_mamba_h10_SOXL ep=001 train_loss=0.7572 acc=0.267 val_loss=0.7013 val_acc=0.429
2026-02-22T10:39:52.7193702Z [StepD'] stepDprime_mamba_h10_SOXL ep=002 train_loss=0.6743 acc=0.733 val_loss=0.7455 val_acc=0.429
2026-02-22T10:39:52.7194462Z [StepD'] stepDprime_mamba_h10_SOXL ep=003 train_loss=0.6189 acc=0.733 val_loss=0.8135 val_acc=0.429
2026-02-22T10:39:52.7195172Z [StepD'] stepDprime_mamba_h10_SOXL ep=004 train_loss=0.5887 acc=0.733 val_loss=0.8968 val_acc=0.429
2026-02-22T10:39:52.7195855Z [StepD'] stepDprime_mamba_h10_SOXL ep=005 train_loss=0.5804 acc=0.733 val_loss=0.9767 val_acc=0.429
2026-02-22T10:39:52.7196540Z [StepD'] stepDprime_mamba_h10_SOXL ep=006 train_loss=0.5898 acc=0.733 val_loss=1.0330 val_acc=0.429
2026-02-22T10:39:52.7197076Z [StepD'] stepDprime_mamba_h10_SOXL early stop at ep=6
2026-02-22T10:39:52.7197668Z [StepD'] collect: source=mamba h=20 files=62 root=C:/work/apex_work/runs/20260222_193851/output/stepB/sim
2026-02-22T10:39:52.7198374Z [StepD'] stepDprime_mamba_h20_SOXL ep=001 train_loss=0.5967 acc=0.778 val_loss=0.6362 val_acc=0.667
2026-02-22T10:39:52.7199057Z [StepD'] stepDprime_mamba_h20_SOXL ep=002 train_loss=0.5519 acc=0.778 val_loss=0.6508 val_acc=0.667
2026-02-22T10:39:52.7199747Z [StepD'] stepDprime_mamba_h20_SOXL ep=003 train_loss=0.5327 acc=0.778 val_loss=0.6799 val_acc=0.667
2026-02-22T10:39:52.7200600Z [StepD'] stepDprime_mamba_h20_SOXL ep=004 train_loss=0.5260 acc=0.778 val_loss=0.7086 val_acc=0.667
2026-02-22T10:39:52.7201287Z [StepD'] stepDprime_mamba_h20_SOXL ep=005 train_loss=0.5336 acc=0.778 val_loss=0.7254 val_acc=0.667
2026-02-22T10:39:52.7201973Z [StepD'] stepDprime_mamba_h20_SOXL ep=006 train_loss=0.5413 acc=0.778 val_loss=0.7289 val_acc=0.667
2026-02-22T10:39:52.7202506Z [StepD'] stepDprime_mamba_h20_SOXL early stop at ep=6
2026-02-22T10:39:52.7203224Z [StepD'] wrote summary: C:/work/apex_work/runs/20260222_193851/output/stepD_prime/sim/stepDprime_summary_SOXL.json
2026-02-22T10:39:52.7203792Z [StepDPrime] done
2026-02-22T10:39:52.7204004Z [StepD] start
2026-02-22T10:39:52.7204338Z [StepD] mode=sim source=stepC rows=2076 cols=12 rbw=20
2026-02-22T10:39:52.7205071Z [StepD] wrote daily snapshots: 62 agent=mamba -> C:\work\apex_work\runs\20260222_193851\output\stepD\sim\stepD_daily_manifest_mamba_SOXL.csv
2026-02-22T10:39:52.7206036Z [StepD] ensured global daily manifest -> C:\work\apex_work\runs\20260222_193851\output\stepD\sim\stepD_daily_manifest_SOXL.csv
2026-02-22T10:39:52.7207224Z [StepD] wrote agent=mamba daily=stepD_envelope_daily_mamba_SOXL.csv used_cols=Pred_Close_scaled_MAMBA_h01,Pred_Close_scaled_MAMBA_h05,Pred_Close_scaled_MAMBA_h10,Pred_Close_scaled_MAMBA_h20 days=2076
2026-02-22T10:39:52.7208054Z [StepD] done
2026-02-22T10:39:52.7208255Z [StepE] start
2026-02-22T10:39:52.7209349Z [StepE] agent=dprime_bnf_h01 mode=sim profile=A use_stepd_prime=True seed=42 device=auto
2026-02-22T10:39:52.7210067Z [PIPELINE] status=failed steps=A,B,C,D,DPRIME,E,F output_root=C:\work\apex_work\runs\20260222_193851\output
2026-02-22T10:39:52.7210582Z Traceback (most recent call last):
2026-02-22T10:39:52.7211077Z   File "C:\work\apex_repo_cache\ApexTraderAI\tools\run_pipeline.py", line 1495, in <module>
2026-02-22T10:39:52.7211537Z     raise SystemExit(main())
2026-02-22T10:39:52.7211978Z   File "C:\work\apex_repo_cache\ApexTraderAI\tools\run_pipeline.py", line 1479, in main
2026-02-22T10:39:52.7212579Z     step_result = _run_step_generic(step, app_config, symbol, date_range, results)
2026-02-22T10:39:52.7213230Z   File "C:\work\apex_repo_cache\ApexTraderAI\tools\run_pipeline.py", line 1200, in _run_step_generic
2026-02-22T10:39:52.7213747Z     return _call_with_best_effort(fn, ctx2)
2026-02-22T10:39:52.7214290Z   File "C:\work\apex_repo_cache\ApexTraderAI\tools\run_pipeline.py", line 448, in _call_with_best_effort
2026-02-22T10:39:52.7214785Z     return fn(**kwargs)
2026-02-22T10:39:52.7215246Z   File "C:\work\apex_repo_cache\ApexTraderAI\ai_core\services\step_e_service.py", line 141, in run
2026-02-22T10:39:52.7215842Z     self._run_one(cfg, date_range=date_range, symbol=symbol, mode=mode)
2026-02-22T10:39:52.7216587Z   File "C:\work\apex_repo_cache\ApexTraderAI\ai_core\services\step_e_service.py", line 168, in _run_one
2026-02-22T10:39:52.7217253Z     df_all, used_manifest = self._merge_inputs(cfg, out_root=out_root, mode=mode, symbol=symbol)
2026-02-22T10:39:52.7217982Z   File "C:\work\apex_repo_cache\ApexTraderAI\ai_core\services\step_e_service.py", line 402, in _merge_inputs
2026-02-22T10:39:52.7218673Z     dprime_df = self._load_stepD_prime_embeddings(cfg, out_root=out_root, mode=mode, symbol=symbol)
2026-02-22T10:39:52.7219446Z   File "C:\work\apex_repo_cache\ApexTraderAI\ai_core\services\step_e_service.py", line 502, in _load_stepD_prime_embeddings
2026-02-22T10:39:52.7220244Z     raise FileNotFoundError(f"Missing StepD' embeddings: expected one of {cands[0].name} ... under {base}")
2026-02-22T10:39:52.7221300Z FileNotFoundError: Missing StepD' embeddings: expected one of stepDprime_bnf_h01_SOXL_embeddings_all.csv ... under C:\work\apex_work\runs\20260222_193851\output\stepD_prime\sim\embeddings
2026-02-22T10:39:52.7223249Z [CMD] 'C:\Users\becky\AppData\Local\Programs\Python\Python310\python.exe' 'tools\run_pipeline.py' --symbol SOXL --steps A,B,C,D,DPRIME,E,F --test-start 2022-01-03 --train-years 8 --test-months 3 --mode sim --output-root 'C:\work\apex_work\runs\20260222_193851\output' --data-dir 'C:\work\apex_work\runs\20260222_193851\data' --auto-prepare-data 0 --enable-mamba
2026-02-22T10:39:52.7224659Z [RC] 1
2026-02-22T10:39:52.7224828Z [RC] 
2026-02-22T10:39:52.7226121Z [FAILED] command="python" tools\run_with_python.py tools\run_pipeline.py --symbol SOXL --steps "A,B,C,D,DPRIME,E,F" --test-start 2022-01-03 --train-years 8 --test-months 3 --mode sim --output-root "C:\work\apex_work\runs\20260222_193851\output" --data-dir "C:\work\apex_work\runs\20260222_193851\data" --auto-prepare-data 0  --enable-mamba
2026-02-22T10:39:52.7227310Z [FAILED] exit_code=
2026-02-22T10:39:52.7227736Z [FAILED] run_id=20260222_193851
2026-02-22T10:39:52.7228211Z [FAILED] log=C:\work\apex_work\runs\20260222_193851\logs\run_20260222_193851.log
2026-02-22T10:39:52.7228508Z 
2026-02-22T10:39:52.7228515Z 
2026-02-22T10:39:52.7344109Z ##[error]Process completed with exit code 1.

----- FILE: actions_logs/run/system.txt -----
2026-02-22T10:38:37.7800000Z Requested labels: self-hosted, windows
2026-02-22T10:38:37.7800000Z Job defined at: toki866/ApexTraderAI/.github/workflows/run_desktop_pipeline.yml@refs/heads/main
2026-02-22T10:38:37.7800000Z Waiting for a runner to pick up this job...
2026-02-22T10:38:37.7800000Z Evaluating run.if
2026-02-22T10:38:37.7800000Z Evaluating: success()
2026-02-22T10:38:37.7800000Z Result: true
2026-02-22T10:38:38.2800000Z Job is about to start running on the runner: DESKTOP-C54PIIA
